[INFO] [launch]: All log files can be found below /root/.ros/log/2026-10-07-12-15-17-270900-DW-13206
[INFO] [launch]: Default logging verbosity is set to INFO
[INFO] [gazebo-1]: process started with pid [13222]
[INFO] [parameter_bridge-2]: process started with pid [13223]
[INFO] [robot_state_publisher-3]: process started with pid [13224]
[INFO] [spawner-4]: process started with pid [13226]
[INFO] [spawner-5]: process started with pid [13227]
[INFO] [parameter_bridge-6]: process started with pid [13228]
[INFO] [parameter_bridge-7]: process started with pid [13229]
[INFO] [parameter_bridge-8]: process started with pid [13230]
[INFO] [greenhouse_cmd_sink-9]: process started with pid [13231]
[INFO] [create-10]: process started with pid [13232]
[INFO] [parameter_bridge-11]: process started with pid [13233]
[INFO] [simulation_lidar_filter.py-12]: process started with pid [13234]
[INFO] [simulation_ground_startup.py-13]: process started with pid [13235]
[robot_state_publisher-3] [INFO] [1791375319.266719537] [robot_state_publisher]: Robot initialized
[parameter_bridge-2] [INFO] [1791375320.554906277] [simulation_clock_bridge]: Creating GZ->ROS Bridge: [/clock (gz.msgs.Clock) -> /clock (rosgraph_msgs/msg/Clock)] (Lazy 0)
[create-10] [INFO] [1791375320.558931979] [create_jackal_j100]: Entity creation successful.
[spawner-5] [INFO] [1791375320.632599540] [spawner_platform_velocity_controller]: waiting for service /controller_manager/list_controllers to become available...
[INFO] [create-10]: process has finished cleanly [pid 13232]
[gazebo-1] [1;33mWarning [Utils.cc:132][0m [/sdf/model[@name="j100-0000"]/link[@name="base_link"]/sensor[@name="camera_0"]/camera/gz_frame_id:///evidence/candidate-matrix/pipeline_jackal_j100_r3/robot-instrumented.sdf:L163]: XML Element[gz_frame_id], child of element[camera], not defined in SDF. Copying[gz_frame_id] as children of [camera].
[gazebo-1] [1;33mWarning [Utils.cc:132][0m [/sdf/model[@name="j100-0000"]/link[@name="base_link"]/sensor[@name="camera_0"]/gz_frame_id:///evidence/candidate-matrix/pipeline_jackal_j100_r3/robot-instrumented.sdf:L170]: XML Element[gz_frame_id], child of element[sensor], not defined in SDF. Copying[gz_frame_id] as children of [sensor].
[gazebo-1] [1;33mWarning [Utils.cc:132][0m [/sdf/model[@name="j100-0000"]/link[@name="base_link"]/sensor[@name="lidar3d_0"]/gz_frame_id:///evidence/candidate-matrix/pipeline_jackal_j100_r3/robot-instrumented.sdf:L199]: XML Element[gz_frame_id], child of element[sensor], not defined in SDF. Copying[gz_frame_id] as children of [sensor].
[gazebo-1] [1;33mWarning [Utils.cc:132][0m [/sdf/model[@name="j100-0000"]/link[@name="base_link"]/sensor[@name="imu_0"]/gz_frame_id:///evidence/candidate-matrix/pipeline_jackal_j100_r3/robot-instrumented.sdf:L207]: XML Element[gz_frame_id], child of element[sensor], not defined in SDF. Copying[gz_frame_id] as children of [sensor].
[gazebo-1] [1;33mWarning [Utils.cc:132][0m [/sdf/model[@name="j100-0000"]/link[@name="base_link"]/sensor[@name="gps_0"]/gz_frame_id:///evidence/candidate-matrix/pipeline_jackal_j100_r3/robot-instrumented.sdf:L215]: XML Element[gz_frame_id], child of element[sensor], not defined in SDF. Copying[gz_frame_id] as children of [sensor].
[gazebo-1] [INFO] [1791375321.409602266] [gz_ros_control]: Loading controller_manager
[gazebo-1] [INFO] [1791375321.428670698] [controller_manager]: Using ROS clock for triggering controller manager cycles.
[gazebo-1] [WARN] [1791375321.428728798] [controller_manager]: The resource manager is not yet initialized, will wait for the robot description to initialize it..
[gazebo-1] [INFO] [1791375321.437850608] [controller_manager]: Subscribing to '/robot_description' topic for robot description.
[gazebo-1] [WARN] [1791375321.437950696] [gz_ros_control]: Waiting RM to load and initialize hardware...
[gazebo-1] [INFO] [1791375321.570820452] [controller_manager]: Received robot description from topic.
[gazebo-1] [INFO] [1791375321.570897035] [controller_manager]: Enforcing command limits is disabled. Command limits from URDF will be ignored.
[gazebo-1] [INFO] [1791375321.574172647] [gz_ros_control]: The position_proportional_gain has been set to: 0.1
[gazebo-1] [INFO] [1791375321.574257635] [gz_ros_control]: Loading joint: front_left_wheel_joint
[gazebo-1] [INFO] [1791375321.574267540] [gz_ros_control]: 	State:
[gazebo-1] [INFO] [1791375321.574271691] [gz_ros_control]: 		 position
[gazebo-1] [INFO] [1791375321.574274348] [gz_ros_control]: 		 velocity
[gazebo-1] [INFO] [1791375321.574279365] [gz_ros_control]: 	Command:
[gazebo-1] [INFO] [1791375321.574281206] [gz_ros_control]: 		 velocity
[gazebo-1] [INFO] [1791375321.574290146] [gz_ros_control]: Loading joint: front_right_wheel_joint
[gazebo-1] [INFO] [1791375321.574292232] [gz_ros_control]: 	State:
[gazebo-1] [INFO] [1791375321.574294205] [gz_ros_control]: 		 position
[gazebo-1] [INFO] [1791375321.574296562] [gz_ros_control]: 		 velocity
[gazebo-1] [INFO] [1791375321.574298425] [gz_ros_control]: 	Command:
[gazebo-1] [INFO] [1791375321.574300066] [gz_ros_control]: 		 velocity
[gazebo-1] [INFO] [1791375321.574309292] [gz_ros_control]: Loading joint: rear_left_wheel_joint
[gazebo-1] [INFO] [1791375321.574318334] [gz_ros_control]: 	State:
[gazebo-1] [INFO] [1791375321.574326373] [gz_ros_control]: 		 position
[gazebo-1] [INFO] [1791375321.574333596] [gz_ros_control]: 		 velocity
[gazebo-1] [INFO] [1791375321.574341636] [gz_ros_control]: 	Command:
[gazebo-1] [INFO] [1791375321.574344134] [gz_ros_control]: 		 velocity
[gazebo-1] [INFO] [1791375321.574350875] [gz_ros_control]: Loading joint: rear_right_wheel_joint
[gazebo-1] [INFO] [1791375321.574355080] [gz_ros_control]: 	State:
[gazebo-1] [INFO] [1791375321.574356817] [gz_ros_control]: 		 position
[gazebo-1] [INFO] [1791375321.574358647] [gz_ros_control]: 		 velocity
[gazebo-1] [INFO] [1791375321.574360641] [gz_ros_control]: 	Command:
[gazebo-1] [INFO] [1791375321.574362290] [gz_ros_control]: 		 velocity
[gazebo-1] [INFO] [1791375321.574395694] [gz_ros_control]: Loading sensor: imu_0
[gazebo-1] [INFO] [1791375321.574400135] [gz_ros_control]: 	State:
[gazebo-1] [WARN] [1791375321.574402738] [gz_ros_control]: IMU sensor 'imu_0' not found in hardware_info, skipping.
[gazebo-1] [INFO] [1791375321.574464696] [controller_manager]: Initialize hardware 'j100_hardware' 
[gazebo-1] [WARN] [1791375321.574512652] [controller_manager.hardware_component.system.j100_hardware]: Executor is not available during hardware component initialization for 'j100_hardware'. Skipping node creation!
[gazebo-1] [INFO] [1791375321.574586926] [controller_manager]: Successful initialization of hardware 'j100_hardware'
[gazebo-1] [INFO] [1791375321.574683326] [controller_manager]: Activating component 'j100_hardware'.
[gazebo-1] [INFO] [1791375321.574691427] [resource_manager]: 'configure' hardware 'j100_hardware' 
[gazebo-1] [INFO] [1791375321.574695333] [gz_ros_control]: System Successfully configured!
[gazebo-1] [INFO] [1791375321.574698433] [resource_manager]: Successful 'configure' of hardware 'j100_hardware'
[gazebo-1] [INFO] [1791375321.574703649] [resource_manager]: 'activate' hardware 'j100_hardware' 
[gazebo-1] [INFO] [1791375321.574713862] [resource_manager]: Successful 'activate' of hardware 'j100_hardware'
[gazebo-1] [WARN] [1791375321.574764296] [controller_manager]: Component 'j100_hardware' does not have read or write statistics initialized, skipping registration.
[gazebo-1] [INFO] [1791375321.574768433] [controller_manager]: Resource Manager has been successfully initialized. Starting Controller Manager services...
[gazebo-1] [INFO] [1791375321.717252117] [controller_manager]: Loading controller : 'platform_velocity_controller' of type 'diff_drive_controller/DiffDriveController'
[gazebo-1] [INFO] [1791375321.717310127] [controller_manager]: Loading controller 'platform_velocity_controller'
[parameter_bridge-7] [INFO] [1791375321.719693177] [simulation_lidar_bridge]: Creating GZ->ROS Bridge: [/sensors/lidar3d_0/scan/points (gz.msgs.PointCloudPacked) -> /simulation/lidar/unfiltered (sensor_msgs/msg/PointCloud2)] (Lazy 0)
[gazebo-1] [WARN] [1791375321.721314931] [controller_manager]: The use of remapping arguments to the controller_manager node is deprecated. Please use the '--controller-ros-args' argument of the spawner to pass remapping arguments to the controller node.
[gazebo-1] [INFO] [1791375321.721352578] [controller_manager]: Controller 'platform_velocity_controller' node arguments: --ros-args --params-file /opt/greenhouse_sim/robot/jackal_j100/platform/config/control.yaml --ros-args --remap ~/odom:=platform/odom --remap ~/cmd_vel:=platform/cmd_vel --remap /tf:=tf --remap /tf_static:=tf_static --remap /diagnostics:=diagnostics --remap /dynamic_joint_states:=platform/dynamic_joint_states --remap joint_states:=platform/joint_states --remap ~/reference:=platform/cmd_vel --remap ~/odometry:=platform/odom -p use_sim_time:=true --param use_sim_time:=true 
[spawner-5] [INFO] [1791375321.741164993] [spawner_platform_velocity_controller]: Loaded platform_velocity_controller
[gazebo-1] [INFO] [1791375321.742703341] [controller_manager]: Configuring controller: 'platform_velocity_controller'
[gazebo-1] [INFO] [1791375321.754210627] [controller_manager]: Activating controllers: [ platform_velocity_controller ]
[parameter_bridge-11] [INFO] [1791375321.829609540] [simulation_contact_bridge]: Creating GZ->ROS Bridge: [/world/pipeline/model/robot/link/base_link/sensor/simulation_contact_0/contact (gz.msgs.Contacts) -> /simulation/contacts (ros_gz_interfaces/msg/Contacts)] (Lazy 0)
[parameter_bridge-11] [INFO] [1791375321.832620938] [simulation_contact_bridge]: Creating GZ->ROS Bridge: [/world/pipeline/model/robot/link/base_link/sensor/simulation_contact_1/contact (gz.msgs.Contacts) -> /simulation/contacts (ros_gz_interfaces/msg/Contacts)] (Lazy 0)
[parameter_bridge-11] [INFO] [1791375321.833235238] [simulation_contact_bridge]: Creating GZ->ROS Bridge: [/world/pipeline/model/robot/link/base_link/sensor/simulation_contact_2/contact (gz.msgs.Contacts) -> /simulation/contacts (ros_gz_interfaces/msg/Contacts)] (Lazy 0)
[parameter_bridge-11] [INFO] [1791375321.833720451] [simulation_contact_bridge]: Creating GZ->ROS Bridge: [/world/pipeline/model/robot/link/front_left_wheel_link/sensor/simulation_contact_3/contact (gz.msgs.Contacts) -> /simulation/contacts (ros_gz_interfaces/msg/Contacts)] (Lazy 0)
[parameter_bridge-11] [INFO] [1791375321.834172695] [simulation_contact_bridge]: Creating GZ->ROS Bridge: [/world/pipeline/model/robot/link/front_right_wheel_link/sensor/simulation_contact_4/contact (gz.msgs.Contacts) -> /simulation/contacts (ros_gz_interfaces/msg/Contacts)] (Lazy 0)
[parameter_bridge-11] [INFO] [1791375321.834674416] [simulation_contact_bridge]: Creating GZ->ROS Bridge: [/world/pipeline/model/robot/link/rear_left_wheel_link/sensor/simulation_contact_5/contact (gz.msgs.Contacts) -> /simulation/contacts (ros_gz_interfaces/msg/Contacts)] (Lazy 0)
[parameter_bridge-11] [INFO] [1791375321.835494725] [simulation_contact_bridge]: Creating GZ->ROS Bridge: [/world/pipeline/model/robot/link/rear_right_wheel_link/sensor/simulation_contact_6/contact (gz.msgs.Contacts) -> /simulation/contacts (ros_gz_interfaces/msg/Contacts)] (Lazy 0)
[parameter_bridge-6] [INFO] [1791375321.903111707] [simulation_sensor_bridge]: Creating GZ->ROS Bridge: [/sensors/imu_0/data_raw (gz.msgs.IMU) -> /sensors/imu/data (sensor_msgs/msg/Imu)] (Lazy 0)
[parameter_bridge-8] [INFO] [1791375321.932173601] [simulation_camera_bridge]: Creating GZ->ROS Bridge: [/sensors/camera_0/image (gz.msgs.Image) -> /sensors/camera/color/image (sensor_msgs/msg/Image)] (Lazy 1)
[parameter_bridge-8] [INFO] [1791375321.934840181] [simulation_camera_bridge]: Creating GZ->ROS Bridge: [/sensors/camera_0/points (gz.msgs.PointCloudPacked) -> /sensors/camera/points (sensor_msgs/msg/PointCloud2)] (Lazy 1)
[gazebo-1] [WARN] [1791375323.483162343] [gz_ros_control]:  Desired controller update period (0.02 s) is slower than the gazebo simulation period (0.003 s).
[gazebo-1] [INFO] [1791375325.700039922] [controller_manager]: Successfully switched controllers!
[spawner-5] [INFO] [1791375325.722359449] [spawner_platform_velocity_controller]: Configured and activated platform_velocity_controller
[INFO] [spawner-5]: process has finished cleanly [pid 13227]
[spawner-4] [INFO] [1791375326.052303839] [spawner_joint_state_broadcaster]: waiting for service /controller_manager/list_controllers to become available...
[gazebo-1] [INFO] [1791375326.305004389] [controller_manager]: Loading controller : 'joint_state_broadcaster' of type 'joint_state_broadcaster/JointStateBroadcaster'
[gazebo-1] [INFO] [1791375326.305054532] [controller_manager]: Loading controller 'joint_state_broadcaster'
[gazebo-1] [WARN] [1791375326.309197956] [controller_manager]: The use of remapping arguments to the controller_manager node is deprecated. Please use the '--controller-ros-args' argument of the spawner to pass remapping arguments to the controller node.
[gazebo-1] [INFO] [1791375326.309262456] [controller_manager]: Controller 'joint_state_broadcaster' node arguments: --ros-args --params-file /opt/greenhouse_sim/robot/jackal_j100/platform/config/control.yaml --ros-args --remap ~/odom:=platform/odom --remap ~/cmd_vel:=platform/cmd_vel --remap /tf:=tf --remap /tf_static:=tf_static --remap /diagnostics:=diagnostics --remap /dynamic_joint_states:=platform/dynamic_joint_states --remap joint_states:=platform/joint_states --remap ~/reference:=platform/cmd_vel --remap ~/odometry:=platform/odom -p use_sim_time:=true --param use_sim_time:=true 
[spawner-4] [INFO] [1791375326.340404294] [spawner_joint_state_broadcaster]: Loaded joint_state_broadcaster
[gazebo-1] [INFO] [1791375326.341665838] [controller_manager]: Configuring controller: 'joint_state_broadcaster'
[gazebo-1] [INFO] [1791375326.341763094] [joint_state_broadcaster]: 'joints' or 'interfaces' parameter is empty. All available state interfaces will be published
[gazebo-1] [INFO] [1791375326.361823666] [controller_manager]: Activating controllers: [ joint_state_broadcaster ]
[gazebo-1] [INFO] [1791375326.381253298] [controller_manager]: Successfully switched controllers!
[spawner-4] [INFO] [1791375326.403491709] [spawner_joint_state_broadcaster]: Configured and activated joint_state_broadcaster
[INFO] [spawner-4]: process has finished cleanly [pid 13226]
[gazebo-1] [WARN] [1791375326.696274497] [platform_velocity_controller]: Velocity command timed out. Braking.
[simulation_ground_startup.py-13] {"result": "settled", "sim_time_s": 1.782, "stable_sim_s": 1.002, "acceleration_norm_mps2": 9.799966103773995, "angular_speed_radps": 4.2704111487686436e-05, "clock_publishers": 1}
[INFO] [simulation_ground_startup.py-13]: process has finished cleanly [pid 13235]
[INFO] [launch.user]: closed-loop runtime_ready=true hardware_qualified=false mode=simulation
[gazebo-1] [WARN] [1791375327.704301131] [platform_velocity_controller]: Velocity command timed out. Braking.
[INFO] [fastlio_mapping-14]: process started with pid [13534]
[INFO] [greenhouse_cloud_normalizer-15]: process started with pid [13535]
[INFO] [greenhouse_cmd_gate-16]: process started with pid [13536]
[INFO] [fast_lio_super_backend-17]: process started with pid [13537]
[INFO] [static_transform_publisher-18]: process started with pid [13549]
[INFO] [terrainAnalysis-19]: process started with pid [13550]
[INFO] [terrainAnalysisExt-20]: process started with pid [13551]
[INFO] [far_planner-21]: process started with pid [13552]
[INFO] [graph_decoder-22]: process started with pid [13553]
[INFO] [controller_server-23]: process started with pid [13554]
[INFO] [lifecycle_manager-24]: process started with pid [13555]
[INFO] [terrain_grid-25]: process started with pid [13556]
[INFO] [command_adapter-26]: process started with pid [13557]
[INFO] [mission-27]: process started with pid [13558]
[gazebo-1] [WARN] [1791375328.721348940] [platform_velocity_controller]: Velocity command timed out. Braking.
[gazebo-1] [WARN] [1791375329.729131008] [platform_velocity_controller]: Velocity command timed out. Braking.
[greenhouse_cloud_normalizer-15] [INFO] [1791375330.507282493] [slam_cloud_to_map]: Transforming /localization/registered_cloud_odom into frame map on /localization/registered_cloud
[gazebo-1] [WARN] [1791375330.741585532] [platform_velocity_controller]: Velocity command timed out. Braking.
[greenhouse_cmd_gate-16] [INFO] [1791375331.713902285] [greenhouse_cmd_gate]: gate source=/cmd_vel/nav output=/cmd_vel scope=simulation_fixture auto_recover_after_watchdog=true
[gazebo-1] [WARN] [1791375331.752883403] [platform_velocity_controller]: Velocity command timed out. Braking.
[fast_lio_super_backend-17] [INFO] [1791375332.276583105] [fast_lio_super_backend]: SLAM frames: map -> odom -> base_link
[graph_decoder-22] [INFO] [1791375332.643487997] [graph_decoder]: Graph Decoder Node Initialized
[static_transform_publisher-18] [INFO] [1791375332.869085298] [static_sensor_tf]: Spinning until stopped - publishing transform
[static_transform_publisher-18] translation: ('0.000000', '0.000000', '0.321700')
[static_transform_publisher-18] rotation: ('0.000000', '0.000000', '0.000000', '1.000000')
[static_transform_publisher-18] from 'base_link' to 'livox_frame'
[terrainAnalysis-19] [INFO] [1791375333.270822588] [terrainAnalysis]: terrain analysis: odometry=/localization/global_odometry cloud=/localization/registered_cloud output=/perception/terrain_map frame=map
[fastlio_mapping-14] [INFO] [1791375333.441623650] [laser_mapping]: p_pre->lidar_type 5
[fastlio_mapping-14] ~~~~/build/robot/external/fast_lio/ doesn't exist
[fastlio_mapping-14] [INFO] [1791375333.459336170] [laser_mapping]: Node init finished.
[fastlio_mapping-14] [WARN] [1791375333.505817239] [laser_mapping]: No point, skip this scan!
[fastlio_mapping-14] 
[fastlio_mapping-14] [WARN] [1791375333.545528252] [laser_mapping]: No point, skip this scan!
[fastlio_mapping-14] 
[fastlio_mapping-14] [WARN] [1791375333.616998892] [laser_mapping]: No point, skip this scan!
[fastlio_mapping-14] 
[fastlio_mapping-14] [WARN] [1791375333.647776684] [laser_mapping]: No point, skip this scan!
[fastlio_mapping-14] 
[fastlio_mapping-14] IMU Initial Done
[fastlio_mapping-14] [WARN] [1791375333.695911630] [laser_mapping]: No point, skip this scan!
[fastlio_mapping-14] 
[lifecycle_manager-24] [INFO] [1791375333.721508046] [mppi_lifecycle_manager]: Creating
[lifecycle_manager-24] [INFO] [1791375333.729817773] [mppi_lifecycle_manager]: [34m[1mCreating and initializing lifecycle service clients[0m[0m
[fastlio_mapping-14] [INFO] [1791375333.756586856] [laser_mapping]: Initialize the map kdtree
[lifecycle_manager-24] [INFO] [1791375333.833213483] [mppi_lifecycle_manager]: [34m[1mStarting managed nodes bringup...[0m[0m
[lifecycle_manager-24] [INFO] [1791375333.833268518] [mppi_lifecycle_manager]: [34m[1mConfiguring controller_server[0m[0m
[controller_server-23] [INFO] [1791375333.835952229] [controller_server]: 
[controller_server-23] 	controller_server lifecycle node launched. 
[controller_server-23] 	Waiting on external lifecycle transitions to activate
[controller_server-23] 	See https://design.ros2.org/articles/node_lifecycle.html for more information.
[controller_server-23] [INFO] [1791375333.837203297] [controller_server]: Creating controller server
[controller_server-23] [INFO] [1791375333.899548110] [local_costmap.local_costmap]: 
[controller_server-23] 	local_costmap lifecycle node launched. 
[controller_server-23] 	Waiting on external lifecycle transitions to activate
[controller_server-23] 	See https://design.ros2.org/articles/node_lifecycle.html for more information.
[controller_server-23] [INFO] [1791375333.901573361] [local_costmap.local_costmap]: Creating Costmap
[controller_server-23] [INFO] [1791375333.906068609] [controller_server]: Configuring controller interface
[controller_server-23] [INFO] [1791375333.906101614] [controller_server]: getting progress checker plugins..
[controller_server-23] [INFO] [1791375333.906286799] [controller_server]: getting goal checker plugins..
[controller_server-23] [INFO] [1791375333.906515234] [controller_server]: Controller frequency set to 20.0000Hz
[controller_server-23] [INFO] [1791375333.906578093] [local_costmap.local_costmap]: Configuring
[controller_server-23] [INFO] [1791375333.986051348] [local_costmap.local_costmap]: Using plugin "terrain"
[far_planner-21] [INFO] [1791375333.989982178] [far_planner]: FAR Planner Node Initiated
[controller_server-23] [INFO] [1791375333.993931878] [local_costmap.local_costmap]: Initialized plugin "terrain"
[controller_server-23] [INFO] [1791375333.994012780] [local_costmap.local_costmap]: Using plugin "inflation"
[controller_server-23] [INFO] [1791375334.003532970] [local_costmap.local_costmap]: Initialized plugin "inflation"
[far_planner-21] [INFO] [1791375334.091898672] [far_planner]: voxel_dim: 0.100000
[controller_server-23] [INFO] [1791375334.101048352] [controller_server]: Created progress_checker : progress_checker of type nav2_controller::SimpleProgressChecker
[far_planner-21] [INFO] [1791375334.101934436] [far_planner]: FAR Planner ROS Params Initiated
[far_planner-21] [INFO] [1791375334.102184973] [far_planner]: FAR Planner Callback Initiated
[controller_server-23] [INFO] [1791375334.104169531] [controller_server]: Controller Server has progress_checker  progress checkers available.
[controller_server-23] [INFO] [1791375334.104765000] [controller_server]: Created goal checker : goal_checker of type nav2_controller::SimpleGoalChecker
[controller_server-23] [INFO] [1791375334.106659659] [controller_server]: Controller Server has goal_checker  goal checkers available.
[controller_server-23] [INFO] [1791375334.108970175] [controller_server]: Created controller : FollowPath of type nav2_mppi_controller::MPPIController
[controller_server-23] [INFO] [1791375334.113657755] [controller_server]: Controller period is equal to model dt. Control sequence shifting is ON
[controller_server-23] [INFO] [1791375334.115754760] [controller_server]: ConstraintCritic instantiated with 1 power and 4.000000 weight.
[controller_server-23] [INFO] [1791375334.115790889] [controller_server]: Critic loaded : mppi::critics::ConstraintCritic
[controller_server-23] [INFO] [1791375334.173839454] [controller_server]: InflationCostCritic instantiated with 1 power and 300.000000 / 0.015000 weights. Critic will collision check based on footprint cost.
[controller_server-23] [INFO] [1791375334.173874886] [controller_server]: Critic loaded : mppi::critics::CostCritic
[controller_server-23] [INFO] [1791375334.174246653] [controller_server]: GoalCritic instantiated with 1 power and 5.000000 weight.
[controller_server-23] [INFO] [1791375334.174261587] [controller_server]: Critic loaded : mppi::critics::GoalCritic
[controller_server-23] [INFO] [1791375334.175805137] [controller_server]: GoalAngleCritic instantiated with 1 power, 3.000000 weight, 0.500000 angular threshold and symmetric_yaw_tolerance disabled
[controller_server-23] [INFO] [1791375334.175930922] [controller_server]: Critic loaded : mppi::critics::GoalAngleCritic
[controller_server-23] [INFO] [1791375334.177096391] [controller_server]: ReferenceTrajectoryCritic instantiated with 1 power and 14.000000 weight
[controller_server-23] [INFO] [1791375334.177124058] [controller_server]: Critic loaded : mppi::critics::PathAlignCritic
[controller_server-23] [INFO] [1791375334.177698803] [controller_server]: Critic loaded : mppi::critics::PathFollowCritic
[controller_server-23] [INFO] [1791375334.179658994] [controller_server]: PathAngleCritic instantiated with 1 power and 2.000000 weight. Mode set to: Forward Preference
[controller_server-23] [INFO] [1791375334.179694540] [controller_server]: Critic loaded : mppi::critics::PathAngleCritic
[controller_server-23] [INFO] [1791375334.180545692] [controller_server]: PreferForwardCritic instantiated with 1 power and 5.000000 weight.
[controller_server-23] [INFO] [1791375334.180576494] [controller_server]: Critic loaded : mppi::critics::PreferForwardCritic
[controller_server-23] [INFO] [1791375334.185373780] [controller_server]: Optimizer reset
[controller_server-23] [INFO] [1791375334.193041925] [MPPIController]: Configured MPPI Controller: FollowPath
[controller_server-23] [INFO] [1791375334.193243209] [controller_server]: Controller Server has FollowPath  controllers available.
[far_planner-21] [INFO] [1791375334.213367140] [far_planner]: FAR Planner Processing Objects Initiated
[lifecycle_manager-24] [INFO] [1791375334.276473424] [mppi_lifecycle_manager]: [34m[1mActivating controller_server[0m[0m
[controller_server-23] [INFO] [1791375334.277181184] [controller_server]: Activating
[controller_server-23] [INFO] [1791375334.277212285] [local_costmap.local_costmap]: Activating
[controller_server-23] [INFO] [1791375334.277333877] [local_costmap.local_costmap]: Checking transform
[controller_server-23] [INFO] [1791375334.277462180] [local_costmap.local_costmap]: start
[controller_server-23] [WARN] [1791375334.327667399] [controller_server]: Parameter controller_server.verbose not found
[controller_server-23] [INFO] [1791375334.329485679] [controller_server]: Optimizer reset
[controller_server-23] [INFO] [1791375334.330183756] [MPPIController]: Activated MPPI Controller: FollowPath
[controller_server-23] [INFO] [1791375334.330236513] [controller_server]: Creating bond (controller_server) to lifecycle manager.
[lifecycle_manager-24] [INFO] [1791375334.440057544] [mppi_lifecycle_manager]: Server controller_server connected with bond.
[lifecycle_manager-24] [INFO] [1791375334.440114083] [mppi_lifecycle_manager]: [34m[1mManaged nodes are active[0m[0m
[lifecycle_manager-24] [INFO] [1791375334.440122571] [mppi_lifecycle_manager]: [34m[1mCreating bond timer...[0m[0m
[WARNING] [launch]: user interrupted with ctrl-c (SIGINT)
[terrain_grid-25] [INFO] [1791375334.492590307] [rclcpp]: signal_handler(SIGINT/SIGTERM)
[controller_server-23] [INFO] [1791375334.492613475] [rclcpp]: signal_handler(SIGINT/SIGTERM)
[controller_server-23] [INFO] [1791375334.492694580] [controller_server]: Running Nav2 LifecycleNode rcl preshutdown (controller_server)
[controller_server-23] [INFO] [1791375334.492747961] [controller_server]: Deactivating
[controller_server-23] [INFO] [1791375334.492771867] [MPPIController]: Deactivated MPPI Controller: FollowPath
[controller_server-23] [INFO] [1791375334.492783620] [local_costmap.local_costmap]: Deactivating
[graph_decoder-22] [INFO] [1791375334.492624149] [rclcpp]: signal_handler(SIGINT/SIGTERM)
[far_planner-21] [INFO] [1791375334.492644711] [rclcpp]: signal_handler(SIGINT/SIGTERM)
[static_transform_publisher-18] [INFO] [1791375334.492677116] [rclcpp]: signal_handler(SIGINT/SIGTERM)
[fastlio_mapping-14] catch sig %d2
[fast_lio_super_backend-17] [INFO] [1791375334.492691135] [rclcpp]: signal_handler(SIGINT/SIGTERM)
[terrainAnalysisExt-20] [INFO] [1791375334.492640798] [rclcpp]: signal_handler(SIGINT/SIGTERM)
[lifecycle_manager-24] [INFO] [1791375334.492723043] [rclcpp]: signal_handler(SIGINT/SIGTERM)
[lifecycle_manager-24] [INFO] [1791375334.492811478] [mppi_lifecycle_manager]: Running Nav2 LifecycleManager rcl preshutdown (mppi_lifecycle_manager)
[lifecycle_manager-24] [INFO] [1791375334.492877567] [mppi_lifecycle_manager]: [34m[1mTerminating bond timer...[0m[0m
[greenhouse_cloud_normalizer-15] [INFO] [1791375334.492743655] [rclcpp]: signal_handler(SIGINT/SIGTERM)
[parameter_bridge-11] [INFO] [1791375334.492834983] [rclcpp]: signal_handler(SIGINT/SIGTERM)
[parameter_bridge-8] [INFO] [1791375334.492838233] [rclcpp]: signal_handler(SIGINT/SIGTERM)
[parameter_bridge-2] [INFO] [1791375334.492841109] [rclcpp]: signal_handler(SIGINT/SIGTERM)
[greenhouse_cmd_sink-9] [INFO] [1791375334.492882345] [rclcpp]: signal_handler(SIGINT/SIGTERM)
[robot_state_publisher-3] [INFO] [1791375334.492913888] [rclcpp]: signal_handler(SIGINT/SIGTERM)
[parameter_bridge-7] [INFO] [1791375334.493033656] [rclcpp]: signal_handler(SIGINT/SIGTERM)
[INFO] [mission-27]: sending signal 'SIGINT' to process[mission-27]
[INFO] [command_adapter-26]: sending signal 'SIGINT' to process[command_adapter-26]
[INFO] [terrain_grid-25]: sending signal 'SIGINT' to process[terrain_grid-25]
[INFO] [parameter_bridge-7]: process has finished cleanly [pid 13229]
[INFO] [parameter_bridge-8]: process has finished cleanly [pid 13230]
[ERROR] [mission-27]: process has died [pid 13558, exit code -2, cmd '/opt/greenhouse/lib/greenhouse_mppi_navigation/mission --ros-args -r __node:=tracked_mission --params-file /tmp/launch_params_b1ty47i2'].
[INFO] [parameter_bridge-2]: process has finished cleanly [pid 13223]
[INFO] [lifecycle_manager-24]: sending signal 'SIGINT' to process[lifecycle_manager-24]
[ERROR] [command_adapter-26]: process has died [pid 13557, exit code -2, cmd '/opt/greenhouse/lib/greenhouse_mppi_navigation/command_adapter --ros-args -r __node:=mppi_command_adapter --params-file /tmp/launch_params_ezyithao'].
[ERROR] [terrain_grid-25]: process has died [pid 13556, exit code -2, cmd '/opt/greenhouse/lib/greenhouse_mppi_navigation/terrain_grid --ros-args -r __node:=terrain_grid --params-file /tmp/launch_params_rjefqikb'].
[INFO] [controller_server-23]: sending signal 'SIGINT' to process[controller_server-23]
[INFO] [parameter_bridge-11]: process has finished cleanly [pid 13233]
[INFO] [parameter_bridge-6]: process has finished cleanly [pid 13228]
[ERROR] [lifecycle_manager-24]: process has died [pid 13555, exit code -2, cmd '/opt/ros/jazzy/lib/nav2_lifecycle_manager/lifecycle_manager --ros-args -r __node:=mppi_lifecycle_manager --params-file /tmp/launch_params_yvkkghvk'].
[INFO] [graph_decoder-22]: sending signal 'SIGINT' to process[graph_decoder-22]
[ERROR] [controller_server-23]: process has died [pid 13554, exit code -2, cmd '/opt/ros/jazzy/lib/nav2_controller/controller_server --ros-args -r __node:=controller_server --params-file /tmp/tmprndpy66p --params-file /tmp/launch_params_n89_j7oh -r cmd_vel:=/navigation/mppi_cmd'].
[INFO] [far_planner-21]: sending signal 'SIGINT' to process[far_planner-21]
[ERROR] [graph_decoder-22]: process has died [pid 13553, exit code -2, cmd '/opt/greenhouse_far/lib/graph_decoder/graph_decoder --ros-args -r __node:=graph_decoder --params-file /tmp/launch_params_0rxq7er1'].
[INFO] [terrainAnalysisExt-20]: sending signal 'SIGINT' to process[terrainAnalysisExt-20]
[INFO] [terrainAnalysis-19]: sending signal 'SIGINT' to process[terrainAnalysis-19]
[INFO] [static_transform_publisher-18]: sending signal 'SIGINT' to process[static_transform_publisher-18]
[ERROR] [terrainAnalysisExt-20]: process has died [pid 13551, exit code -2, cmd '/opt/greenhouse_far/lib/terrain_analysis_ext/terrainAnalysisExt --ros-args -r __node:=terrain_analysis_ext --params-file /tmp/launch_params_zb5gjp3d -r /state_estimation:=/localization/global_odometry -r /registered_scan:=/localization/registered_cloud -r /terrain_map:=/perception/terrain_map -r /terrain_map_ext:=/perception/terrain_map_ext'].
[INFO] [robot_state_publisher-3]: process has finished cleanly [pid 13224]
[INFO] [fast_lio_super_backend-17]: process has finished cleanly [pid 13537]
[ERROR] [static_transform_publisher-18]: process has died [pid 13549, exit code -2, cmd '/opt/ros/jazzy/lib/tf2_ros/static_transform_publisher --frame-id base_link --child-frame-id livox_frame --x 0.0 --y 0.0 --z 0.3217 --roll 0.0 --pitch 0.0 --yaw 0.0 --ros-args -r __node:=static_sensor_tf --params-file /tmp/launch_params_irs_nfbb'].
[INFO] [greenhouse_cmd_gate-16]: sending signal 'SIGINT' to process[greenhouse_cmd_gate-16]
[INFO] [greenhouse_cloud_normalizer-15]: sending signal 'SIGINT' to process[greenhouse_cloud_normalizer-15]
[INFO] [fastlio_mapping-14]: sending signal 'SIGINT' to process[fastlio_mapping-14]
[INFO] [simulation_lidar_filter.py-12]: sending signal 'SIGINT' to process[simulation_lidar_filter.py-12]
[ERROR] [greenhouse_cloud_normalizer-15]: process has died [pid 13535, exit code -2, cmd '/opt/greenhouse/lib/greenhouse_cloud_normalizer/greenhouse_cloud_normalizer --ros-args -r __node:=slam_cloud_to_map --params-file /tmp/launch_params_s0ihd6vy'].
[ERROR] [fastlio_mapping-14]: process has died [pid 13534, exit code -2, cmd '/opt/greenhouse/lib/fast_lio/fastlio_mapping --ros-args -r __node:=laser_mapping --params-file /opt/greenhouse/share/greenhouse_mppi_navigation/config/fastlio.yaml --params-file /tmp/launch_params_n7nvh926'].
[INFO] [greenhouse_cmd_sink-9]: sending signal 'SIGINT' to process[greenhouse_cmd_sink-9]
[ERROR] [simulation_lidar_filter.py-12]: process has died [pid 13234, exit code -2, cmd '/opt/greenhouse/lib/greenhouse_nav2_bringup/simulation_lidar_filter.py --ros-args --params-file /tmp/launch_params_qmt08s3t'].
[ERROR] [greenhouse_cmd_sink-9]: process has died [pid 13231, exit code -2, cmd '/opt/greenhouse/lib/greenhouse_cmd_gate/greenhouse_cmd_sink --ros-args -r __node:=greenhouse_sim_cmd_sink --params-file /opt/greenhouse/share/greenhouse_nav2_bringup/config/simulation/command-gate.yaml --params-file /tmp/launch_params_yvep77no'].
[INFO] [gazebo-1]: sending signal 'SIGINT' to process[gazebo-1]
[parameter_bridge-6] [INFO] [1791375334.497288382] [rclcpp]: signal_handler(SIGINT/SIGTERM)
[controller_server-23] [INFO] [1791375334.579487756] [controller_server]: Destroying bond (controller_server) to lifecycle manager.
[lifecycle_manager-24] [INFO] [1791375334.586079854] [mppi_lifecycle_manager]: Destroying mppi_lifecycle_manager
[controller_server-23] [INFO] [1791375334.589726609] [controller_server]: Cleaning up
[controller_server-23] [INFO] [1791375334.589888375] [MPPIController]: Cleaned up MPPI Controller: FollowPath
[controller_server-23] [INFO] [1791375334.590557533] [local_costmap.local_costmap]: Cleaning up
[controller_server-23] [INFO] [1791375334.687296607] [controller_server]: Destroying bond (controller_server) to lifecycle manager.
[controller_server-23] [INFO] [1791375334.689473169] [local_costmap.local_costmap]: Destroying
[controller_server-23] [INFO] [1791375334.694734632] [controller_server]: Destroying
[far_planner-21] [INFO] [1791375334.707681582] [rclcpp]: signal_handler(SIGINT/SIGTERM)
[INFO] [terrainAnalysis-19]: process has finished cleanly [pid 13550]
[INFO] [greenhouse_cmd_gate-16]: process has finished cleanly [pid 13536]
[far_planner-21] [2J[0;0H
[far_planner-21] [1;33m **************** DYNAMIC ENV PLANNING **************** [0m
[far_planner-21] 
[far_planner-21] 
[far_planner-21] 
[far_planner-21] [INFO] [1791375335.213733178] [far_planner]: FAR Planner Initiated Complete
[far_planner-21] terminate called after throwing an instance of 'rclcpp::exceptions::RCLError'
[far_planner-21]   what():  failed to create guard condition: the given context is not valid, either rcl_init() was not called or rcl_shutdown() was called., at ./src/rcl/guard_condition.c:67
[ERROR] [far_planner-21]: process[far_planner-21] failed to terminate '5' seconds after receiving 'SIGINT', escalating to 'SIGTERM'
[ERROR] [gazebo-1]: process[gazebo-1] failed to terminate '5' seconds after receiving 'SIGINT', escalating to 'SIGTERM'
[INFO] [far_planner-21]: sending signal 'SIGTERM' to process[far_planner-21]
[INFO] [gazebo-1]: sending signal 'SIGTERM' to process[gazebo-1]
[ERROR] [gazebo-1]: process has died [pid 13222, exit code -15, cmd 'ruby /opt/ros/jazzy/opt/gz_tools_vendor/bin/gz sim -r -s --headless-rendering /evidence/candidate-matrix/pipeline_jackal_j100_r3/pipeline-runtime.sdf --force-version 8'].
[ERROR] [far_planner-21]: process[far_planner-21] failed to terminate '10.0' seconds after receiving 'SIGTERM', escalating to 'SIGKILL'
[INFO] [far_planner-21]: sending signal 'SIGKILL' to process[far_planner-21]
[ERROR] [far_planner-21]: process has died [pid 13552, exit code -9, cmd '/opt/greenhouse_far/lib/far_planner/far_planner --ros-args -r __node:=far_planner --params-file /opt/greenhouse_far/share/far_planner/config/default.yaml --params-file /tmp/launch_params_wz79z6av -r /odom_world:=/localization/global_odometry -r /terrain_cloud:=/perception/terrain_map_ext -r /scan_cloud:=/localization/registered_cloud -r /goal_point:=/planning/global_goal -r /terrain_local_cloud:=/perception/terrain_map -r /way_point:=/planning/way_point'].
