[  8%] Building CXX object CMakeFiles/far_planner.dir/src/far_planner.cpp.o
In file included from /opt/sim-far-source/src/far_planner.cpp:9:
/opt/sim-far-source/include/far_planner/far_planner.h: In member function ‘void FARMaster::ResetGraphCallBack(std_msgs::msg::Empty_<std::allocator<void> >::SharedPtr)’:
/opt/sim-far-source/include/far_planner/far_planner.h:165:74: warning: unused parameter ‘msg’ [-Wunused-parameter]
  165 |     inline void ResetGraphCallBack(const std_msgs::msg::Empty::SharedPtr msg) {
      |                                    ~~~~~~~~~~~~~~~~~~~~~~~~~~~~~~~~~~~~~~^~~
/opt/sim-far-source/include/far_planner/far_planner.h: In member function ‘void FARMaster::ReadFileCommand(std_msgs::msg::String_<std::allocator<void> >::SharedPtr)’:
/opt/sim-far-source/include/far_planner/far_planner.h:204:72: warning: unused parameter ‘msg’ [-Wunused-parameter]
  204 |     inline void ReadFileCommand(const std_msgs::msg::String::SharedPtr msg) {
      |                                 ~~~~~~~~~~~~~~~~~~~~~~~~~~~~~~~~~~~~~~~^~~
/opt/sim-far-source/include/far_planner/far_planner.h: In member function ‘void FARMaster::SaveFileCommand(std_msgs::msg::String_<std::allocator<void> >::SharedPtr)’:
/opt/sim-far-source/include/far_planner/far_planner.h:211:72: warning: unused parameter ‘msg’ [-Wunused-parameter]
  211 |     inline void SaveFileCommand(const std_msgs::msg::String::SharedPtr msg) {
      |                                 ~~~~~~~~~~~~~~~~~~~~~~~~~~~~~~~~~~~~~~~^~~
[ 16%] Linking CXX executable far_planner
[100%] Built target far_planner
-- Install configuration: "Release"
-- Installing: /opt/sim-far-install/far_planner/lib/far_planner/far_planner
-- Set non-toolchain portion of runtime path of "/opt/sim-far-install/far_planner/lib/far_planner/far_planner" to ""
-- Up-to-date: /opt/sim-far-install/far_planner/share/far_planner/launch
-- Up-to-date: /opt/sim-far-install/far_planner/share/far_planner/launch/far_planner.launch
-- Up-to-date: /opt/sim-far-install/far_planner/share/far_planner/rviz
-- Up-to-date: /opt/sim-far-install/far_planner/share/far_planner/rviz/matterport.rviz
-- Up-to-date: /opt/sim-far-install/far_planner/share/far_planner/rviz/default.rviz
-- Up-to-date: /opt/sim-far-install/far_planner/share/far_planner/config
-- Up-to-date: /opt/sim-far-install/far_planner/share/far_planner/config/default.yaml
-- Up-to-date: /opt/sim-far-install/far_planner/share/far_planner/config/matterport.yaml
-- Up-to-date: /opt/sim-far-install/far_planner/share/far_planner/data
-- Up-to-date: /opt/sim-far-install/far_planner/share/far_planner/data/trajectory.txt
-- Up-to-date: /opt/sim-far-install/far_planner/share/far_planner/data/indoor.vgh
-- Up-to-date: /opt/sim-far-install/far_planner/share/far_planner/data/boundary.ply
-- Up-to-date: /opt/sim-far-install/far_planner/share/far_planner/data/boundary_graph.vgh
-- Up-to-date: /opt/sim-far-install/far_planner/share/ament_index/resource_index/package_run_dependencies/far_planner
-- Up-to-date: /opt/sim-far-install/far_planner/share/ament_index/resource_index/parent_prefix_path/far_planner
-- Up-to-date: /opt/sim-far-install/far_planner/share/far_planner/environment/ament_prefix_path.sh
-- Up-to-date: /opt/sim-far-install/far_planner/share/far_planner/environment/ament_prefix_path.dsv
-- Up-to-date: /opt/sim-far-install/far_planner/share/far_planner/environment/path.sh
-- Up-to-date: /opt/sim-far-install/far_planner/share/far_planner/environment/path.dsv
-- Up-to-date: /opt/sim-far-install/far_planner/share/far_planner/local_setup.bash
-- Up-to-date: /opt/sim-far-install/far_planner/share/far_planner/local_setup.sh
-- Up-to-date: /opt/sim-far-install/far_planner/share/far_planner/local_setup.zsh
-- Up-to-date: /opt/sim-far-install/far_planner/share/far_planner/local_setup.dsv
-- Installing: /opt/sim-far-install/far_planner/share/far_planner/package.dsv
-- Up-to-date: /opt/sim-far-install/far_planner/share/ament_index/resource_index/packages/far_planner
-- Up-to-date: /opt/sim-far-install/far_planner/share/far_planner/cmake/far_plannerConfig.cmake
-- Up-to-date: /opt/sim-far-install/far_planner/share/far_planner/cmake/far_plannerConfig-version.cmake
-- Up-to-date: /opt/sim-far-install/far_planner/share/far_planner/package.xml
