[INFO] [launch]: All log files can be found below /root/.ros/log/2026-10-07-11-59-12-137592-DW-3967
[INFO] [launch]: Default logging verbosity is set to INFO
[INFO] [gazebo-1]: process started with pid [3983]
[INFO] [parameter_bridge-2]: process started with pid [3984]
[INFO] [robot_state_publisher-3]: process started with pid [3986]
[INFO] [spawner-4]: process started with pid [3987]
[INFO] [spawner-5]: process started with pid [3988]
[INFO] [parameter_bridge-6]: process started with pid [3989]
[INFO] [parameter_bridge-7]: process started with pid [3990]
[INFO] [parameter_bridge-8]: process started with pid [3991]
[INFO] [greenhouse_cmd_sink-9]: process started with pid [3992]
[INFO] [create-10]: process started with pid [3993]
[INFO] [parameter_bridge-11]: process started with pid [3994]
[INFO] [simulation_lidar_filter.py-12]: process started with pid [3995]
[INFO] [simulation_ground_startup.py-13]: process started with pid [3996]
[robot_state_publisher-3] [INFO] [1791374354.186160893] [robot_state_publisher]: Robot initialized
[parameter_bridge-2] [INFO] [1791374355.453993083] [simulation_clock_bridge]: Creating GZ->ROS Bridge: [/clock (gz.msgs.Clock) -> /clock (rosgraph_msgs/msg/Clock)] (Lazy 0)
[spawner-5] [INFO] [1791374355.959758898] [spawner_platform_velocity_controller]: waiting for service /controller_manager/list_controllers to become available...
[parameter_bridge-7] [INFO] [1791374356.624253487] [simulation_lidar_bridge]: Creating GZ->ROS Bridge: [/sensors/lidar3d_0/scan/points (gz.msgs.PointCloudPacked) -> /simulation/lidar/unfiltered (sensor_msgs/msg/PointCloud2)] (Lazy 0)
[parameter_bridge-8] [INFO] [1791374356.764170144] [simulation_camera_bridge]: Creating GZ->ROS Bridge: [/sensors/camera_0/image (gz.msgs.Image) -> /sensors/camera/color/image (sensor_msgs/msg/Image)] (Lazy 1)
[parameter_bridge-8] [INFO] [1791374356.767182390] [simulation_camera_bridge]: Creating GZ->ROS Bridge: [/sensors/camera_0/points (gz.msgs.PointCloudPacked) -> /sensors/camera/points (sensor_msgs/msg/PointCloud2)] (Lazy 1)
[parameter_bridge-6] [INFO] [1791374356.870883127] [simulation_sensor_bridge]: Creating GZ->ROS Bridge: [/sensors/imu_0/data (gz.msgs.IMU) -> /sensors/imu/data (sensor_msgs/msg/Imu)] (Lazy 0)
[parameter_bridge-11] [INFO] [1791374356.923590992] [simulation_contact_bridge]: Creating GZ->ROS Bridge: [/world/virtual_maize_field/model/robot/link/base_link/sensor/simulation_contact_0/contact (gz.msgs.Contacts) -> /simulation/contacts (ros_gz_interfaces/msg/Contacts)] (Lazy 0)
[parameter_bridge-11] [INFO] [1791374356.927132590] [simulation_contact_bridge]: Creating GZ->ROS Bridge: [/world/virtual_maize_field/model/robot/link/base_link/sensor/simulation_contact_1/contact (gz.msgs.Contacts) -> /simulation/contacts (ros_gz_interfaces/msg/Contacts)] (Lazy 0)
[parameter_bridge-11] [INFO] [1791374356.927820056] [simulation_contact_bridge]: Creating GZ->ROS Bridge: [/world/virtual_maize_field/model/robot/link/base_link/sensor/simulation_contact_2/contact (gz.msgs.Contacts) -> /simulation/contacts (ros_gz_interfaces/msg/Contacts)] (Lazy 0)
[parameter_bridge-11] [INFO] [1791374356.928402167] [simulation_contact_bridge]: Creating GZ->ROS Bridge: [/world/virtual_maize_field/model/robot/link/base_link/sensor/simulation_contact_3/contact (gz.msgs.Contacts) -> /simulation/contacts (ros_gz_interfaces/msg/Contacts)] (Lazy 0)
[parameter_bridge-11] [INFO] [1791374356.928988170] [simulation_contact_bridge]: Creating GZ->ROS Bridge: [/world/virtual_maize_field/model/robot/link/base_link/sensor/simulation_contact_4/contact (gz.msgs.Contacts) -> /simulation/contacts (ros_gz_interfaces/msg/Contacts)] (Lazy 0)
[parameter_bridge-11] [INFO] [1791374356.929667558] [simulation_contact_bridge]: Creating GZ->ROS Bridge: [/world/virtual_maize_field/model/robot/link/front_left_wheel_link/sensor/simulation_contact_5/contact (gz.msgs.Contacts) -> /simulation/contacts (ros_gz_interfaces/msg/Contacts)] (Lazy 0)
[parameter_bridge-11] [INFO] [1791374356.930270332] [simulation_contact_bridge]: Creating GZ->ROS Bridge: [/world/virtual_maize_field/model/robot/link/front_right_wheel_link/sensor/simulation_contact_6/contact (gz.msgs.Contacts) -> /simulation/contacts (ros_gz_interfaces/msg/Contacts)] (Lazy 0)
[parameter_bridge-11] [INFO] [1791374356.930858427] [simulation_contact_bridge]: Creating GZ->ROS Bridge: [/world/virtual_maize_field/model/robot/link/rear_left_wheel_link/sensor/simulation_contact_7/contact (gz.msgs.Contacts) -> /simulation/contacts (ros_gz_interfaces/msg/Contacts)] (Lazy 0)
[parameter_bridge-11] [INFO] [1791374356.931493740] [simulation_contact_bridge]: Creating GZ->ROS Bridge: [/world/virtual_maize_field/model/robot/link/rear_right_wheel_link/sensor/simulation_contact_8/contact (gz.msgs.Contacts) -> /simulation/contacts (ros_gz_interfaces/msg/Contacts)] (Lazy 0)
[create-10] [WARN] [1791374360.259099604] [create_husky_a200]: Waiting for service [/world/virtual_maize_field/create] to become available ...
[create-10] [WARN] [1791374365.259458271] [create_husky_a200]: Waiting for service [/world/virtual_maize_field/create] to become available ...
[create-10] [WARN] [1791374372.097530798] [create_husky_a200]: Waiting for service [/world/virtual_maize_field/create] to become available ...
[spawner-4] [WARN] [1791374374.865919441] [ros2_control_controller_spawner_joint_state_broadcaster]: Failed to acquire lock in 20 seconds. Attempt 1 of 5 failed. Retrying in 3 seconds...
[create-10] [INFO] [1791374375.166071633] [create_husky_a200]: Entity creation successful.
[gazebo-1] [1;33mWarning [Utils.cc:132][0m [/sdf/model[@name="a200-0000"]/link[@name="base_link"]/sensor[@name="camera_0"]/camera/gz_frame_id:///evidence/candidate-matrix/maize_field_husky_a200_r3/robot-instrumented.sdf:L181]: XML Element[gz_frame_id], child of element[camera], not defined in SDF. Copying[gz_frame_id] as children of [camera].
[gazebo-1] [1;33mWarning [Utils.cc:132][0m [/sdf/model[@name="a200-0000"]/link[@name="base_link"]/sensor[@name="camera_0"]/gz_frame_id:///evidence/candidate-matrix/maize_field_husky_a200_r3/robot-instrumented.sdf:L188]: XML Element[gz_frame_id], child of element[sensor], not defined in SDF. Copying[gz_frame_id] as children of [sensor].
[gazebo-1] [1;33mWarning [Utils.cc:132][0m [/sdf/model[@name="a200-0000"]/link[@name="base_link"]/sensor[@name="imu_0"]/gz_frame_id:///evidence/candidate-matrix/maize_field_husky_a200_r3/robot-instrumented.sdf:L196]: XML Element[gz_frame_id], child of element[sensor], not defined in SDF. Copying[gz_frame_id] as children of [sensor].
[gazebo-1] [1;33mWarning [Utils.cc:132][0m [/sdf/model[@name="a200-0000"]/link[@name="base_link"]/sensor[@name="lidar3d_0"]/gz_frame_id:///evidence/candidate-matrix/maize_field_husky_a200_r3/robot-instrumented.sdf:L226]: XML Element[gz_frame_id], child of element[sensor], not defined in SDF. Copying[gz_frame_id] as children of [sensor].
[INFO] [create-10]: process has finished cleanly [pid 3993]
[gazebo-1] [INFO] [1791374375.522176484] [gz_ros_control]: Loading controller_manager
[gazebo-1] [INFO] [1791374375.535269543] [controller_manager]: Using ROS clock for triggering controller manager cycles.
[gazebo-1] [WARN] [1791374375.535325686] [controller_manager]: The resource manager is not yet initialized, will wait for the robot description to initialize it..
[gazebo-1] [INFO] [1791374375.543629379] [controller_manager]: Subscribing to '/robot_description' topic for robot description.
[gazebo-1] [WARN] [1791374375.543716249] [gz_ros_control]: Waiting RM to load and initialize hardware...
[gazebo-1] [INFO] [1791374375.772761564] [controller_manager]: Received robot description from topic.
[gazebo-1] [INFO] [1791374375.772840113] [controller_manager]: Enforcing command limits is disabled. Command limits from URDF will be ignored.
[gazebo-1] [INFO] [1791374375.776483098] [gz_ros_control]: The position_proportional_gain has been set to: 0.1
[gazebo-1] [INFO] [1791374375.776582830] [gz_ros_control]: Loading joint: front_left_wheel_joint
[gazebo-1] [INFO] [1791374375.776589574] [gz_ros_control]: 	State:
[gazebo-1] [INFO] [1791374375.776594245] [gz_ros_control]: 		 position
[gazebo-1] [INFO] [1791374375.776597373] [gz_ros_control]: 		 velocity
[gazebo-1] [INFO] [1791374375.776602935] [gz_ros_control]: 	Command:
[gazebo-1] [INFO] [1791374375.776605155] [gz_ros_control]: 		 velocity
[gazebo-1] [INFO] [1791374375.776615386] [gz_ros_control]: Loading joint: rear_left_wheel_joint
[gazebo-1] [INFO] [1791374375.776619977] [gz_ros_control]: 	State:
[gazebo-1] [INFO] [1791374375.776622152] [gz_ros_control]: 		 position
[gazebo-1] [INFO] [1791374375.776624889] [gz_ros_control]: 		 velocity
[gazebo-1] [INFO] [1791374375.776627050] [gz_ros_control]: 	Command:
[gazebo-1] [INFO] [1791374375.776628986] [gz_ros_control]: 		 velocity
[gazebo-1] [INFO] [1791374375.776636004] [gz_ros_control]: Loading joint: front_right_wheel_joint
[gazebo-1] [INFO] [1791374375.776638172] [gz_ros_control]: 	State:
[gazebo-1] [INFO] [1791374375.776640320] [gz_ros_control]: 		 position
[gazebo-1] [INFO] [1791374375.776643043] [gz_ros_control]: 		 velocity
[gazebo-1] [INFO] [1791374375.776645041] [gz_ros_control]: 	Command:
[gazebo-1] [INFO] [1791374375.776646942] [gz_ros_control]: 		 velocity
[gazebo-1] [INFO] [1791374375.776653153] [gz_ros_control]: Loading joint: rear_right_wheel_joint
[gazebo-1] [INFO] [1791374375.776655306] [gz_ros_control]: 	State:
[gazebo-1] [INFO] [1791374375.776657340] [gz_ros_control]: 		 position
[gazebo-1] [INFO] [1791374375.776659562] [gz_ros_control]: 		 velocity
[gazebo-1] [INFO] [1791374375.776661511] [gz_ros_control]: 	Command:
[gazebo-1] [INFO] [1791374375.776663533] [gz_ros_control]: 		 velocity
[gazebo-1] [INFO] [1791374375.777308087] [gz_ros_control]: Loading sensor: imu_0
[gazebo-1] [INFO] [1791374375.777329725] [gz_ros_control]: 	State:
[gazebo-1] [WARN] [1791374375.777333013] [gz_ros_control]: IMU sensor 'imu_0' not found in hardware_info, skipping.
[gazebo-1] [INFO] [1791374375.777966124] [controller_manager]: Initialize hardware 'a200_hardware' 
[gazebo-1] [WARN] [1791374375.777990755] [controller_manager.hardware_component.system.a200_hardware]: Executor is not available during hardware component initialization for 'a200_hardware'. Skipping node creation!
[gazebo-1] [INFO] [1791374375.778075987] [controller_manager]: Successful initialization of hardware 'a200_hardware'
[gazebo-1] [INFO] [1791374375.778174665] [controller_manager]: Activating component 'a200_hardware'.
[gazebo-1] [INFO] [1791374375.778183908] [resource_manager]: 'configure' hardware 'a200_hardware' 
[gazebo-1] [INFO] [1791374375.778187982] [gz_ros_control]: System Successfully configured!
[gazebo-1] [INFO] [1791374375.778192028] [resource_manager]: Successful 'configure' of hardware 'a200_hardware'
[gazebo-1] [INFO] [1791374375.778197705] [resource_manager]: 'activate' hardware 'a200_hardware' 
[gazebo-1] [INFO] [1791374375.778208989] [resource_manager]: Successful 'activate' of hardware 'a200_hardware'
[gazebo-1] [WARN] [1791374375.778260752] [controller_manager]: Component 'a200_hardware' does not have read or write statistics initialized, skipping registration.
[gazebo-1] [INFO] [1791374375.778265260] [controller_manager]: Resource Manager has been successfully initialized. Starting Controller Manager services...
[gazebo-1] [INFO] [1791374375.811956924] [controller_manager]: Loading controller : 'platform_velocity_controller' of type 'diff_drive_controller/DiffDriveController'
[gazebo-1] [INFO] [1791374375.812010636] [controller_manager]: Loading controller 'platform_velocity_controller'
[gazebo-1] [WARN] [1791374375.816205712] [controller_manager]: The use of remapping arguments to the controller_manager node is deprecated. Please use the '--controller-ros-args' argument of the spawner to pass remapping arguments to the controller node.
[gazebo-1] [INFO] [1791374375.816272974] [controller_manager]: Controller 'platform_velocity_controller' node arguments: --ros-args --params-file /opt/greenhouse_sim/robot/husky_a200/platform/config/control.yaml --ros-args --remap ~/odom:=platform/odom --remap ~/cmd_vel:=platform/cmd_vel --remap /tf:=tf --remap /tf_static:=tf_static --remap /diagnostics:=diagnostics --remap /dynamic_joint_states:=platform/dynamic_joint_states --remap joint_states:=platform/joint_states --remap ~/reference:=platform/cmd_vel --remap ~/odometry:=platform/odom -p use_sim_time:=true --param use_sim_time:=true 
[spawner-5] [INFO] [1791374375.833635496] [spawner_platform_velocity_controller]: Loaded platform_velocity_controller
[gazebo-1] [INFO] [1791374375.916490670] [controller_manager]: Configuring controller: 'platform_velocity_controller'
[gazebo-1] [INFO] [1791374375.925816425] [controller_manager]: Activating controllers: [ platform_velocity_controller ]
[gazebo-1] [1;33mWarning [Utils.cc:132][0m [/sdf/model[@name="a200-0000"]/link[@name="base_link"]/sensor[@name="camera_0"]/camera/gz_frame_id:///evidence/candidate-matrix/maize_field_husky_a200_r3/robot-instrumented.sdf:L181]: XML Element[gz_frame_id], child of element[camera], not defined in SDF. Copying[gz_frame_id] as children of [camera].
[gazebo-1] [1;33mWarning [Utils.cc:132][0m [/sdf/model[@name="a200-0000"]/link[@name="base_link"]/sensor[@name="camera_0"]/gz_frame_id:///evidence/candidate-matrix/maize_field_husky_a200_r3/robot-instrumented.sdf:L188]: XML Element[gz_frame_id], child of element[sensor], not defined in SDF. Copying[gz_frame_id] as children of [sensor].
[gazebo-1] [1;33mWarning [Utils.cc:132][0m [/sdf/model[@name="a200-0000"]/link[@name="base_link"]/sensor[@name="imu_0"]/gz_frame_id:///evidence/candidate-matrix/maize_field_husky_a200_r3/robot-instrumented.sdf:L196]: XML Element[gz_frame_id], child of element[sensor], not defined in SDF. Copying[gz_frame_id] as children of [sensor].
[gazebo-1] [1;33mWarning [Utils.cc:132][0m [/sdf/model[@name="a200-0000"]/link[@name="base_link"]/sensor[@name="lidar3d_0"]/gz_frame_id:///evidence/candidate-matrix/maize_field_husky_a200_r3/robot-instrumented.sdf:L226]: XML Element[gz_frame_id], child of element[sensor], not defined in SDF. Copying[gz_frame_id] as children of [sensor].
[gazebo-1] [1;33mWarning [Utils.cc:132][0m [/sdf/model[@name="a200-0000"]/link[@name="base_link"]/sensor[@name="camera_0"]/camera/gz_frame_id:///evidence/candidate-matrix/maize_field_husky_a200_r3/robot-instrumented.sdf:L181]: XML Element[gz_frame_id], child of element[camera], not defined in SDF. Copying[gz_frame_id] as children of [camera].
[gazebo-1] [1;33mWarning [Utils.cc:132][0m [/sdf/model[@name="a200-0000"]/link[@name="base_link"]/sensor[@name="camera_0"]/gz_frame_id:///evidence/candidate-matrix/maize_field_husky_a200_r3/robot-instrumented.sdf:L188]: XML Element[gz_frame_id], child of element[sensor], not defined in SDF. Copying[gz_frame_id] as children of [sensor].
[gazebo-1] [1;33mWarning [Utils.cc:132][0m [/sdf/model[@name="a200-0000"]/link[@name="base_link"]/sensor[@name="imu_0"]/gz_frame_id:///evidence/candidate-matrix/maize_field_husky_a200_r3/robot-instrumented.sdf:L196]: XML Element[gz_frame_id], child of element[sensor], not defined in SDF. Copying[gz_frame_id] as children of [sensor].
[gazebo-1] [1;33mWarning [Utils.cc:132][0m [/sdf/model[@name="a200-0000"]/link[@name="base_link"]/sensor[@name="lidar3d_0"]/gz_frame_id:///evidence/candidate-matrix/maize_field_husky_a200_r3/robot-instrumented.sdf:L226]: XML Element[gz_frame_id], child of element[sensor], not defined in SDF. Copying[gz_frame_id] as children of [sensor].
[gazebo-1] [1;33mWarning [Utils.cc:132][0m [/sdf/model[@name="a200-0000"]/link[@name="base_link"]/sensor[@name="camera_0"]/camera/gz_frame_id:///evidence/candidate-matrix/maize_field_husky_a200_r3/robot-instrumented.sdf:L181]: XML Element[gz_frame_id], child of element[camera], not defined in SDF. Copying[gz_frame_id] as children of [camera].
[gazebo-1] [1;33mWarning [Utils.cc:132][0m [/sdf/model[@name="a200-0000"]/link[@name="base_link"]/sensor[@name="camera_0"]/gz_frame_id:///evidence/candidate-matrix/maize_field_husky_a200_r3/robot-instrumented.sdf:L188]: XML Element[gz_frame_id], child of element[sensor], not defined in SDF. Copying[gz_frame_id] as children of [sensor].
[gazebo-1] [1;33mWarning [Utils.cc:132][0m [/sdf/model[@name="a200-0000"]/link[@name="base_link"]/sensor[@name="imu_0"]/gz_frame_id:///evidence/candidate-matrix/maize_field_husky_a200_r3/robot-instrumented.sdf:L196]: XML Element[gz_frame_id], child of element[sensor], not defined in SDF. Copying[gz_frame_id] as children of [sensor].
[gazebo-1] [1;33mWarning [Utils.cc:132][0m [/sdf/model[@name="a200-0000"]/link[@name="base_link"]/sensor[@name="lidar3d_0"]/gz_frame_id:///evidence/candidate-matrix/maize_field_husky_a200_r3/robot-instrumented.sdf:L226]: XML Element[gz_frame_id], child of element[sensor], not defined in SDF. Copying[gz_frame_id] as children of [sensor].
[gazebo-1] [1;36mDbg[0m ODE Heightfield AABB: min = {-10.1601, -10.1601, -0.0466942} max = {10.1601, 10.1601, 0.4}
[gazebo-1] [WARN] [1791374378.043782565] [gz_ros_control]:  Desired controller update period (0.05 s) is slower than the gazebo simulation period (0.01 s).
[gazebo-1] [INFO] [1791374380.508173690] [controller_manager]: Successfully switched controllers!
[spawner-5] [INFO] [1791374380.688546748] [spawner_platform_velocity_controller]: Configured and activated platform_velocity_controller
[INFO] [spawner-5]: process has finished cleanly [pid 3988]
[spawner-4] [INFO] [1791374381.085966729] [spawner_joint_state_broadcaster]: Spawner lock acquired!
[gazebo-1] [INFO] [1791374381.092623963] [controller_manager]: Loading controller : 'joint_state_broadcaster' of type 'joint_state_broadcaster/JointStateBroadcaster'
[gazebo-1] [INFO] [1791374381.092675260] [controller_manager]: Loading controller 'joint_state_broadcaster'
[gazebo-1] [WARN] [1791374381.096673602] [controller_manager]: The use of remapping arguments to the controller_manager node is deprecated. Please use the '--controller-ros-args' argument of the spawner to pass remapping arguments to the controller node.
[gazebo-1] [INFO] [1791374381.096748766] [controller_manager]: Controller 'joint_state_broadcaster' node arguments: --ros-args --params-file /opt/greenhouse_sim/robot/husky_a200/platform/config/control.yaml --ros-args --remap ~/odom:=platform/odom --remap ~/cmd_vel:=platform/cmd_vel --remap /tf:=tf --remap /tf_static:=tf_static --remap /diagnostics:=diagnostics --remap /dynamic_joint_states:=platform/dynamic_joint_states --remap joint_states:=platform/joint_states --remap ~/reference:=platform/cmd_vel --remap ~/odometry:=platform/odom -p use_sim_time:=true --param use_sim_time:=true 
[spawner-4] [INFO] [1791374381.248757987] [spawner_joint_state_broadcaster]: Loaded joint_state_broadcaster
[gazebo-1] [INFO] [1791374381.249962467] [controller_manager]: Configuring controller: 'joint_state_broadcaster'
[gazebo-1] [INFO] [1791374381.250057579] [joint_state_broadcaster]: 'joints' or 'interfaces' parameter is empty. All available state interfaces will be published
[gazebo-1] [INFO] [1791374381.432967592] [controller_manager]: Activating controllers: [ joint_state_broadcaster ]
[gazebo-1] [INFO] [1791374381.631612308] [controller_manager]: Successfully switched controllers!
[spawner-4] [INFO] [1791374381.844517396] [spawner_joint_state_broadcaster]: Configured and activated joint_state_broadcaster
[INFO] [spawner-4]: process has finished cleanly [pid 3987]
[gazebo-1] [WARN] [1791374384.169156646] [platform_velocity_controller]: Velocity command timed out. Braking.
[simulation_ground_startup.py-13] {"result": "settled", "sim_time_s": 1.3, "stable_sim_s": 1.0, "acceleration_norm_mps2": 9.79999999996032, "angular_speed_radps": 1.0342514140665531e-05, "clock_publishers": 1}
[INFO] [simulation_ground_startup.py-13]: process has finished cleanly [pid 3996]
[INFO] [launch.user]: closed-loop runtime_ready=true hardware_qualified=false mode=simulation
[INFO] [fastlio_mapping-14]: process started with pid [4295]
[INFO] [greenhouse_cloud_normalizer-15]: process started with pid [4296]
[INFO] [greenhouse_cmd_gate-16]: process started with pid [4297]
[INFO] [fast_lio_super_backend-17]: process started with pid [4298]
[INFO] [static_transform_publisher-18]: process started with pid [4312]
[INFO] [terrainAnalysis-19]: process started with pid [4313]
[INFO] [terrainAnalysisExt-20]: process started with pid [4314]
[INFO] [far_planner-21]: process started with pid [4315]
[INFO] [graph_decoder-22]: process started with pid [4316]
[INFO] [controller_server-23]: process started with pid [4317]
[INFO] [lifecycle_manager-24]: process started with pid [4318]
[INFO] [terrain_grid-25]: process started with pid [4319]
[INFO] [command_adapter-26]: process started with pid [4320]
[INFO] [mission-27]: process started with pid [4321]
[gazebo-1] [WARN] [1791374387.873695252] [platform_velocity_controller]: Velocity command timed out. Braking.
[greenhouse_cmd_gate-16] [INFO] [1791374389.286609381] [greenhouse_cmd_gate]: gate source=/cmd_vel/nav output=/cmd_vel scope=simulation_fixture auto_recover_after_watchdog=true
[greenhouse_cloud_normalizer-15] [INFO] [1791374389.622714343] [slam_cloud_to_map]: Transforming /localization/registered_cloud_odom into frame map on /localization/registered_cloud
[fast_lio_super_backend-17] [INFO] [1791374390.126161211] [fast_lio_super_backend]: SLAM frames: map -> odom -> base_link
[fastlio_mapping-14] [INFO] [1791374390.497086372] [laser_mapping]: p_pre->lidar_type 5
[fastlio_mapping-14] ~~~~/build/robot/external/fast_lio/ doesn't exist
[fastlio_mapping-14] [INFO] [1791374390.515076089] [laser_mapping]: Node init finished.
[static_transform_publisher-18] [INFO] [1791374390.712109537] [static_sensor_tf]: Spinning until stopped - publishing transform
[static_transform_publisher-18] translation: ('0.000000', '0.000000', '0.382700')
[static_transform_publisher-18] rotation: ('0.000000', '0.000000', '0.000000', '1.000000')
[static_transform_publisher-18] from 'base_link' to 'livox_frame'
[fastlio_mapping-14] [WARN] [1791374390.885153948] [laser_mapping]: No point, skip this scan!
[fastlio_mapping-14] 
[graph_decoder-22] [INFO] [1791374390.928222332] [graph_decoder]: Graph Decoder Node Initialized
[fastlio_mapping-14] [WARN] [1791374390.981174672] [laser_mapping]: No point, skip this scan!
[fastlio_mapping-14] 
[fastlio_mapping-14] [WARN] [1791374391.239482035] [laser_mapping]: No point, skip this scan!
[fastlio_mapping-14] 
[terrainAnalysis-19] [INFO] [1791374391.309475150] [terrainAnalysis]: terrain analysis: odometry=/localization/global_odometry cloud=/localization/registered_cloud output=/perception/terrain_map frame=map
[lifecycle_manager-24] [INFO] [1791374391.456252689] [mppi_lifecycle_manager]: Creating
[lifecycle_manager-24] [INFO] [1791374391.463051511] [mppi_lifecycle_manager]: [34m[1mCreating and initializing lifecycle service clients[0m[0m
[fastlio_mapping-14] [WARN] [1791374391.638589097] [laser_mapping]: No point, skip this scan!
[fastlio_mapping-14] 
[lifecycle_manager-24] [INFO] [1791374391.677527802] [mppi_lifecycle_manager]: [34m[1mStarting managed nodes bringup...[0m[0m
[lifecycle_manager-24] [INFO] [1791374391.677579422] [mppi_lifecycle_manager]: [34m[1mConfiguring controller_server[0m[0m
[controller_server-23] [INFO] [1791374391.681869836] [controller_server]: 
[controller_server-23] 	controller_server lifecycle node launched. 
[controller_server-23] 	Waiting on external lifecycle transitions to activate
[controller_server-23] 	See https://design.ros2.org/articles/node_lifecycle.html for more information.
[controller_server-23] [INFO] [1791374391.683736211] [controller_server]: Creating controller server
[controller_server-23] [INFO] [1791374391.709816407] [local_costmap.local_costmap]: 
[controller_server-23] 	local_costmap lifecycle node launched. 
[controller_server-23] 	Waiting on external lifecycle transitions to activate
[controller_server-23] 	See https://design.ros2.org/articles/node_lifecycle.html for more information.
[controller_server-23] [INFO] [1791374391.710616030] [local_costmap.local_costmap]: Creating Costmap
[controller_server-23] [INFO] [1791374391.714542811] [controller_server]: Configuring controller interface
[controller_server-23] [INFO] [1791374391.714605713] [controller_server]: getting progress checker plugins..
[controller_server-23] [INFO] [1791374391.715012918] [controller_server]: getting goal checker plugins..
[controller_server-23] [INFO] [1791374391.715291055] [controller_server]: Controller frequency set to 20.0000Hz
[controller_server-23] [INFO] [1791374391.715344625] [local_costmap.local_costmap]: Configuring
[controller_server-23] [INFO] [1791374391.729464874] [local_costmap.local_costmap]: Using plugin "terrain"
[controller_server-23] [INFO] [1791374391.735684571] [local_costmap.local_costmap]: Initialized plugin "terrain"
[controller_server-23] [INFO] [1791374391.735771986] [local_costmap.local_costmap]: Using plugin "inflation"
[controller_server-23] [INFO] [1791374391.740197709] [local_costmap.local_costmap]: Initialized plugin "inflation"
[controller_server-23] [INFO] [1791374391.762907595] [controller_server]: Created progress_checker : progress_checker of type nav2_controller::SimpleProgressChecker
[controller_server-23] [INFO] [1791374391.763220653] [controller_server]: Controller Server has progress_checker  progress checkers available.
[controller_server-23] [INFO] [1791374391.763774860] [controller_server]: Created goal checker : goal_checker of type nav2_controller::SimpleGoalChecker
[controller_server-23] [INFO] [1791374391.764489686] [controller_server]: Controller Server has goal_checker  goal checkers available.
[controller_server-23] [INFO] [1791374391.766243036] [controller_server]: Created controller : FollowPath of type nav2_mppi_controller::MPPIController
[controller_server-23] [INFO] [1791374391.771656026] [controller_server]: Controller period is equal to model dt. Control sequence shifting is ON
[controller_server-23] [INFO] [1791374391.776203149] [controller_server]: ConstraintCritic instantiated with 1 power and 4.000000 weight.
[controller_server-23] [INFO] [1791374391.785404019] [controller_server]: Critic loaded : mppi::critics::ConstraintCritic
[controller_server-23] [INFO] [1791374391.787237129] [controller_server]: InflationCostCritic instantiated with 1 power and 300.000000 / 0.015000 weights. Critic will collision check based on footprint cost.
[controller_server-23] [INFO] [1791374391.787316094] [controller_server]: Critic loaded : mppi::critics::CostCritic
[controller_server-23] [INFO] [1791374391.787947774] [controller_server]: GoalCritic instantiated with 1 power and 5.000000 weight.
[controller_server-23] [INFO] [1791374391.787974841] [controller_server]: Critic loaded : mppi::critics::GoalCritic
[controller_server-23] [INFO] [1791374391.789793260] [controller_server]: GoalAngleCritic instantiated with 1 power, 3.000000 weight, 0.500000 angular threshold and symmetric_yaw_tolerance disabled
[controller_server-23] [INFO] [1791374391.789964084] [controller_server]: Critic loaded : mppi::critics::GoalAngleCritic
[controller_server-23] [INFO] [1791374391.791406158] [controller_server]: ReferenceTrajectoryCritic instantiated with 1 power and 14.000000 weight
[controller_server-23] [INFO] [1791374391.791442086] [controller_server]: Critic loaded : mppi::critics::PathAlignCritic
[controller_server-23] [INFO] [1791374391.793160344] [controller_server]: Critic loaded : mppi::critics::PathFollowCritic
[fastlio_mapping-14] [WARN] [1791374391.794373689] [laser_mapping]: No point, skip this scan!
[fastlio_mapping-14] 
[controller_server-23] [INFO] [1791374391.795366474] [controller_server]: PathAngleCritic instantiated with 1 power and 2.000000 weight. Mode set to: Forward Preference
[controller_server-23] [INFO] [1791374391.795466287] [controller_server]: Critic loaded : mppi::critics::PathAngleCritic
[controller_server-23] [INFO] [1791374391.797711312] [controller_server]: PreferForwardCritic instantiated with 1 power and 5.000000 weight.
[controller_server-23] [INFO] [1791374391.797825063] [controller_server]: Critic loaded : mppi::critics::PreferForwardCritic
[controller_server-23] [INFO] [1791374391.801112955] [controller_server]: Optimizer reset
[controller_server-23] [INFO] [1791374391.808856245] [MPPIController]: Configured MPPI Controller: FollowPath
[controller_server-23] [INFO] [1791374391.808934274] [controller_server]: Controller Server has FollowPath  controllers available.
[far_planner-21] [INFO] [1791374391.808863519] [far_planner]: FAR Planner Node Initiated
[lifecycle_manager-24] [INFO] [1791374391.836007464] [mppi_lifecycle_manager]: [34m[1mActivating controller_server[0m[0m
[controller_server-23] [INFO] [1791374391.885786836] [controller_server]: Activating
[controller_server-23] [INFO] [1791374391.885841030] [local_costmap.local_costmap]: Activating
[controller_server-23] [INFO] [1791374391.885853099] [local_costmap.local_costmap]: Checking transform
[controller_server-23] [INFO] [1791374391.885901994] [local_costmap.local_costmap]: Timed out waiting for transform from base_link to odom to become available, tf error: Invalid frame ID "odom" passed to canTransform argument target_frame - frame does not exist
[far_planner-21] [INFO] [1791374391.896974033] [far_planner]: voxel_dim: 0.100000
[far_planner-21] [INFO] [1791374391.900805611] [far_planner]: FAR Planner ROS Params Initiated
[far_planner-21] [INFO] [1791374391.900875631] [far_planner]: FAR Planner Callback Initiated
[far_planner-21] [INFO] [1791374391.938082378] [far_planner]: FAR Planner Processing Objects Initiated
[fastlio_mapping-14] [WARN] [1791374392.325032581] [laser_mapping]: No point, skip this scan!
[fastlio_mapping-14] 
[controller_server-23] [INFO] [1791374392.386037602] [local_costmap.local_costmap]: Timed out waiting for transform from base_link to odom to become available, tf error: Invalid frame ID "odom" passed to canTransform argument target_frame - frame does not exist
[fastlio_mapping-14] [WARN] [1791374392.411899622] [laser_mapping]: No point, skip this scan!
[fastlio_mapping-14] 
[fastlio_mapping-14] [WARN] [1791374392.613229267] [laser_mapping]: No point, skip this scan!
[fastlio_mapping-14] 
[controller_server-23] [INFO] [1791374392.885931400] [local_costmap.local_costmap]: Timed out waiting for transform from base_link to odom to become available, tf error: Invalid frame ID "odom" passed to canTransform argument target_frame - frame does not exist
[fastlio_mapping-14] [WARN] [1791374392.928309053] [laser_mapping]: No point, skip this scan!
[fastlio_mapping-14] 
[far_planner-21] [2J[0;0H
[far_planner-21] [1;33m **************** DYNAMIC ENV PLANNING **************** [0m
[far_planner-21] 
[far_planner-21] 
[far_planner-21] 
[far_planner-21] [INFO] [1791374392.938273050] [far_planner]: FAR Planner Initiated Complete
[fastlio_mapping-14] [WARN] [1791374393.005393829] [laser_mapping]: No point, skip this scan!
[fastlio_mapping-14] 
[fastlio_mapping-14] IMU Initial Done
[fastlio_mapping-14] [WARN] [1791374393.310949429] [laser_mapping]: No point, skip this scan!
[fastlio_mapping-14] 
[controller_server-23] [INFO] [1791374393.385996884] [local_costmap.local_costmap]: Timed out waiting for transform from base_link to odom to become available, tf error: Invalid frame ID "odom" passed to canTransform argument target_frame - frame does not exist
[fastlio_mapping-14] [WARN] [1791374393.388289766] [laser_mapping]: No point, skip this scan!
[fastlio_mapping-14] 
[fastlio_mapping-14] [INFO] [1791374393.577423707] [laser_mapping]: Initialize the map kdtree
[controller_server-23] [INFO] [1791374393.886070134] [local_costmap.local_costmap]: Timed out waiting for transform from base_link to odom to become available, tf error: Invalid frame ID "odom" passed to canTransform argument target_frame - frame does not exist
[far_planner-21] [pcl::fromPCLPointCloud2] No data to copy.
[far_planner-21] [A[A[2K[1;32m V-Graph Initialized [0m
[far_planner-21] 
[controller_server-23] [INFO] [1791374394.386173835] [local_costmap.local_costmap]: start
[controller_server-23] [WARN] [1791374394.536445322] [controller_server]: Parameter controller_server.verbose not found
[controller_server-23] [INFO] [1791374394.537987685] [controller_server]: Optimizer reset
[controller_server-23] [INFO] [1791374394.538286608] [MPPIController]: Activated MPPI Controller: FollowPath
[controller_server-23] [INFO] [1791374394.538314063] [controller_server]: Creating bond (controller_server) to lifecycle manager.
[lifecycle_manager-24] [INFO] [1791374394.646399647] [mppi_lifecycle_manager]: Server controller_server connected with bond.
[lifecycle_manager-24] [INFO] [1791374394.646466523] [mppi_lifecycle_manager]: [34m[1mManaged nodes are active[0m[0m
[lifecycle_manager-24] [INFO] [1791374394.646472522] [mppi_lifecycle_manager]: [34m[1mCreating bond timer...[0m[0m
[far_planner-21] [2K    Adding Goal to V-Graph Time: 0ms
[far_planner-21] [2K    Path Search Time: 0ms
[far_planner-21] [2K    Local V-Graph Updated. Number of local vertices: 0
[far_planner-21] [2K    Number of new vertices adding to global V-Graph: 0
[far_planner-21]     Total V-Graph Update Time: 0.755ms
[far_planner-21] [2K    Global V-Graph Updated. Number of global vertices: 1
[far_planner-21] [A[A[A[A[A[A[2K    Adding Goal to V-Graph Time: 0.012ms
[far_planner-21] [2K    Path Search Time: 0.446ms
[far_planner-21] [2K    Local V-Graph Updated. Number of local vertices: 0
[far_planner-21] [2K    Number of new vertices adding to global V-Graph: 0
[far_planner-21]     Total V-Graph Update Time: 0.682ms
[far_planner-21] [2K    Global V-Graph Updated. Number of global vertices: 2
[controller_server-23] [INFO] [1791374395.674363313] [controller_server]: Received a goal, begin computing control effort.
[controller_server-23] [INFO] [1791374395.677018872] [controller_server]: Optimizer reset
[controller_server-23] [INFO] [1791374395.679153059] [controller_server]: Optimizer reset
[controller_server-23] [ERROR] [1791374395.679289465] [controller_server]: Optimizer fail to compute path
[controller_server-23] [INFO] [1791374395.680354420] [controller_server]: Optimizer reset
[controller_server-23] [WARN] [1791374395.680390830] [controller_server]: [follow_path] [ActionServer] Aborting handle.
[far_planner-21] [A[A[A[A[A[A[2K    Adding Goal to V-Graph Time: 0.011ms
[far_planner-21] [2K    Path Search Time: 0.1ms
[far_planner-21] [2K    Local V-Graph Updated. Number of local vertices: 0
[far_planner-21] [2K    Number of new vertices adding to global V-Graph: 0
[far_planner-21]     Total V-Graph Update Time: 0.613ms
[far_planner-21] [2K    Global V-Graph Updated. Number of global vertices: 2
[controller_server-23] [INFO] [1791374396.478706545] [controller_server]: Received a goal, begin computing control effort.
[controller_server-23] [INFO] [1791374396.480279613] [controller_server]: Optimizer reset
[controller_server-23] [INFO] [1791374396.481773255] [controller_server]: Optimizer reset
[controller_server-23] [ERROR] [1791374396.481841104] [controller_server]: Optimizer fail to compute path
[controller_server-23] [INFO] [1791374396.482730091] [controller_server]: Optimizer reset
[controller_server-23] [WARN] [1791374396.482758758] [controller_server]: [follow_path] [ActionServer] Aborting handle.
[far_planner-21] [A[A[A[A[A[A[2K    Adding Goal to V-Graph Time: 0.012ms
[far_planner-21] [2K    Path Search Time: 0.117ms
[far_planner-21] [2K    Local V-Graph Updated. Number of local vertices: 0
[far_planner-21] [2K    Number of new vertices adding to global V-Graph: 0
[far_planner-21]     Total V-Graph Update Time: 0.69ms
[far_planner-21] [2K    Global V-Graph Updated. Number of global vertices: 2
[controller_server-23] [INFO] [1791374397.216830686] [controller_server]: Received a goal, begin computing control effort.
[controller_server-23] [INFO] [1791374397.218596034] [controller_server]: Optimizer reset
[controller_server-23] [INFO] [1791374397.220042648] [controller_server]: Optimizer reset
[controller_server-23] [ERROR] [1791374397.220115347] [controller_server]: Optimizer fail to compute path
[controller_server-23] [INFO] [1791374397.220817457] [controller_server]: Optimizer reset
[controller_server-23] [WARN] [1791374397.220845928] [controller_server]: [follow_path] [ActionServer] Aborting handle.
[terrain_grid-25] [INFO] [1791374397.297143684] [rclcpp]: signal_handler(SIGINT/SIGTERM)
[WARNING] [launch]: user interrupted with ctrl-c (SIGINT)
[graph_decoder-22] [INFO] [1791374397.297162638] [rclcpp]: signal_handler(SIGINT/SIGTERM)
[far_planner-21] [INFO] [1791374397.297235568] [rclcpp]: signal_handler(SIGINT/SIGTERM)
[fastlio_mapping-14] catch sig %d2
[lifecycle_manager-24] [INFO] [1791374397.297133540] [rclcpp]: signal_handler(SIGINT/SIGTERM)
[lifecycle_manager-24] [INFO] [1791374397.297367262] [mppi_lifecycle_manager]: Running Nav2 LifecycleManager rcl preshutdown (mppi_lifecycle_manager)
[lifecycle_manager-24] [INFO] [1791374397.297411906] [mppi_lifecycle_manager]: [34m[1mTerminating bond timer...[0m[0m
[terrainAnalysisExt-20] [INFO] [1791374397.297259448] [rclcpp]: signal_handler(SIGINT/SIGTERM)
[fast_lio_super_backend-17] [INFO] [1791374397.297290158] [rclcpp]: signal_handler(SIGINT/SIGTERM)
[greenhouse_cloud_normalizer-15] [INFO] [1791374397.297294714] [rclcpp]: signal_handler(SIGINT/SIGTERM)
[controller_server-23] [INFO] [1791374397.297324848] [controller_server]: Deactivating
[controller_server-23] [INFO] [1791374397.297364254] [MPPIController]: Deactivated MPPI Controller: FollowPath
[controller_server-23] [INFO] [1791374397.297385282] [local_costmap.local_costmap]: Deactivating
[static_transform_publisher-18] [INFO] [1791374397.297327379] [rclcpp]: signal_handler(SIGINT/SIGTERM)
[greenhouse_cmd_sink-9] [INFO] [1791374397.297457003] [rclcpp]: signal_handler(SIGINT/SIGTERM)
[robot_state_publisher-3] [INFO] [1791374397.297541597] [rclcpp]: signal_handler(SIGINT/SIGTERM)
[parameter_bridge-6] [INFO] [1791374397.297817130] [rclcpp]: signal_handler(SIGINT/SIGTERM)
[parameter_bridge-2] [INFO] [1791374397.298748183] [rclcpp]: signal_handler(SIGINT/SIGTERM)
[parameter_bridge-7] [INFO] [1791374397.298904946] [rclcpp]: signal_handler(SIGINT/SIGTERM)
[parameter_bridge-7] terminate called after throwing an instance of 'std::system_error'
[parameter_bridge-7]   what():  Invalid argument
[parameter_bridge-8] [INFO] [1791374397.298491609] [rclcpp]: signal_handler(SIGINT/SIGTERM)
[parameter_bridge-11] [INFO] [1791374397.301025094] [rclcpp]: signal_handler(SIGINT/SIGTERM)
[INFO] [mission-27]: sending signal 'SIGINT' to process[mission-27]
[INFO] [command_adapter-26]: sending signal 'SIGINT' to process[command_adapter-26]
[INFO] [parameter_bridge-6]: process has finished cleanly [pid 3989]
[INFO] [terrain_grid-25]: sending signal 'SIGINT' to process[terrain_grid-25]
[ERROR] [mission-27]: process has died [pid 4321, exit code -2, cmd '/opt/greenhouse/lib/greenhouse_mppi_navigation/mission --ros-args -r __node:=tracked_mission --params-file /tmp/launch_params_lljek8zp'].
[INFO] [lifecycle_manager-24]: sending signal 'SIGINT' to process[lifecycle_manager-24]
[ERROR] [command_adapter-26]: process has died [pid 4320, exit code -2, cmd '/opt/greenhouse/lib/greenhouse_mppi_navigation/command_adapter --ros-args -r __node:=mppi_command_adapter --params-file /tmp/launch_params_vo07rg2b'].
[ERROR] [terrain_grid-25]: process has died [pid 4319, exit code -2, cmd '/opt/greenhouse/lib/greenhouse_mppi_navigation/terrain_grid --ros-args -r __node:=terrain_grid --params-file /tmp/launch_params_2i41ply3'].
[INFO] [parameter_bridge-2]: process has finished cleanly [pid 3984]
[INFO] [controller_server-23]: sending signal 'SIGINT' to process[controller_server-23]
[INFO] [parameter_bridge-11]: process has finished cleanly [pid 3994]
[ERROR] [lifecycle_manager-24]: process has died [pid 4318, exit code -2, cmd '/opt/ros/jazzy/lib/nav2_lifecycle_manager/lifecycle_manager --ros-args -r __node:=mppi_lifecycle_manager --params-file /tmp/launch_params_7jr_d1xm'].
[INFO] [greenhouse_cmd_sink-9]: process has finished cleanly [pid 3992]
[INFO] [graph_decoder-22]: process has finished cleanly [pid 4316]
[INFO] [static_transform_publisher-18]: process has finished cleanly [pid 4312]
[ERROR] [controller_server-23]: process has died [pid 4317, exit code -2, cmd '/opt/ros/jazzy/lib/nav2_controller/controller_server --ros-args -r __node:=controller_server --params-file /tmp/tmpadmgefz6 --params-file /tmp/launch_params_f238qx55 -r cmd_vel:=/navigation/mppi_cmd'].
[INFO] [far_planner-21]: sending signal 'SIGINT' to process[far_planner-21]
[INFO] [fast_lio_super_backend-17]: process has finished cleanly [pid 4298]
[INFO] [terrainAnalysisExt-20]: process has finished cleanly [pid 4314]
[INFO] [parameter_bridge-8]: process has finished cleanly [pid 3991]
[INFO] [fastlio_mapping-14]: process has finished cleanly [pid 4295]
[INFO] [terrainAnalysis-19]: sending signal 'SIGINT' to process[terrainAnalysis-19]
[INFO] [greenhouse_cloud_normalizer-15]: process has finished cleanly [pid 4296]
[ERROR] [far_planner-21]: process has died [pid 4315, exit code -2, cmd '/opt/greenhouse_far/lib/far_planner/far_planner --ros-args -r __node:=far_planner --params-file /opt/greenhouse_far/share/far_planner/config/default.yaml --params-file /tmp/launch_params_qo171lew -r /odom_world:=/localization/global_odometry -r /terrain_cloud:=/perception/terrain_map_ext -r /scan_cloud:=/localization/registered_cloud -r /goal_point:=/planning/global_goal -r /terrain_local_cloud:=/perception/terrain_map -r /way_point:=/planning/way_point'].
[INFO] [greenhouse_cmd_gate-16]: process has finished cleanly [pid 4297]
[INFO] [simulation_lidar_filter.py-12]: sending signal 'SIGINT' to process[simulation_lidar_filter.py-12]
[ERROR] [simulation_lidar_filter.py-12]: process has died [pid 3995, exit code -2, cmd '/opt/greenhouse/lib/greenhouse_nav2_bringup/simulation_lidar_filter.py --ros-args --params-file /tmp/launch_params_tn9tdt_s'].
[INFO] [parameter_bridge-7]: sending signal 'SIGINT' to process[parameter_bridge-7]
[INFO] [robot_state_publisher-3]: sending signal 'SIGINT' to process[robot_state_publisher-3]
[INFO] [gazebo-1]: sending signal 'SIGINT' to process[gazebo-1]
[ERROR] [robot_state_publisher-3]: process has died [pid 3986, exit code -2, cmd '/opt/ros/jazzy/lib/robot_state_publisher/robot_state_publisher --ros-args --params-file /tmp/launch_params_lzmmc1ek -r /tf:=tf -r /tf_static:=tf_static -r joint_states:=platform/joint_states'].
[controller_server-23] [INFO] [1791374397.387211347] [controller_server]: Destroying bond (controller_server) to lifecycle manager.
[controller_server-23] [INFO] [1791374397.398258658] [controller_server]: Cleaning up
[controller_server-23] [INFO] [1791374397.398349733] [MPPIController]: Cleaned up MPPI Controller: FollowPath
[controller_server-23] [INFO] [1791374397.398582111] [local_costmap.local_costmap]: Cleaning up
[lifecycle_manager-24] [INFO] [1791374397.387870155] [mppi_lifecycle_manager]: Destroying mppi_lifecycle_manager
[controller_server-23] [INFO] [1791374397.493499405] [controller_server]: Destroying bond (controller_server) to lifecycle manager.
[controller_server-23] [INFO] [1791374397.499908956] [local_costmap.local_costmap]: Destroying
[controller_server-23] [INFO] [1791374397.506531822] [controller_server]: Destroying
[INFO] [terrainAnalysis-19]: process has finished cleanly [pid 4313]
[ERROR] [parameter_bridge-7]: process has died [pid 3990, exit code -6, cmd '/opt/ros/jazzy/lib/ros_gz_bridge/parameter_bridge --ros-args -r __node:=simulation_lidar_bridge --params-file /tmp/launch_params_9ogbjl4e'].
[ERROR] [gazebo-1]: process[gazebo-1] failed to terminate '5' seconds after receiving 'SIGINT', escalating to 'SIGTERM'
[INFO] [gazebo-1]: sending signal 'SIGTERM' to process[gazebo-1]
[ERROR] [gazebo-1]: process has died [pid 3983, exit code -15, cmd 'ruby /opt/ros/jazzy/opt/gz_tools_vendor/bin/gz sim -r -s --headless-rendering /evidence/candidate-matrix/maize_field_husky_a200_r3/maize_field-runtime.sdf --force-version 8'].
