Traceback (most recent call last):
  File "/opt/greenhouse/lib/greenhouse_nav2_bringup/capture_simulation_rviz.py", line 111, in <module>
    if __name__=='__main__': raise SystemExit(main())
                                              ^^^^^^
  File "/opt/greenhouse/lib/greenhouse_nav2_bringup/capture_simulation_rviz.py", line 73, in main
    rclpy.spin_once(node,timeout_sec=.1)
  File "/opt/ros/jazzy/lib/python3.12/site-packages/rclpy/__init__.py", line 226, in spin_once
    executor.spin_once(timeout_sec=timeout_sec)
  File "/opt/ros/jazzy/lib/python3.12/site-packages/rclpy/executors.py", line 926, in spin_once
    self._spin_once_impl(timeout_sec)
  File "/opt/ros/jazzy/lib/python3.12/site-packages/rclpy/executors.py", line 907, in _spin_once_impl
    handler, entity, node = self.wait_for_ready_callbacks(
                            ^^^^^^^^^^^^^^^^^^^^^^^^^^^^^^
  File "/opt/ros/jazzy/lib/python3.12/site-packages/rclpy/executors.py", line 877, in wait_for_ready_callbacks
    return next(self._cb_iter)
           ^^^^^^^^^^^^^^^^^^^
  File "/opt/ros/jazzy/lib/python3.12/site-packages/rclpy/executors.py", line 781, in _wait_for_ready_callbacks
    wait_set.wait(timeout_nsec)
  File "/opt/greenhouse/lib/greenhouse_nav2_bringup/capture_simulation_rviz.py", line 47, in terminate
    def terminate(signum,frame): raise KeyboardInterrupt()
                                 ^^^^^^^^^^^^^^^^^^^^^^^^^
KeyboardInterrupt
