[INFO] [launch]: All log files can be found below /root/.ros/log/2026-10-07-11-56-16-422582-DW-2201
[INFO] [launch]: Default logging verbosity is set to INFO
[INFO] [gazebo-1]: process started with pid [2217]
[INFO] [parameter_bridge-2]: process started with pid [2218]
[INFO] [robot_state_publisher-3]: process started with pid [2220]
[INFO] [spawner-4]: process started with pid [2221]
[INFO] [spawner-5]: process started with pid [2222]
[INFO] [parameter_bridge-6]: process started with pid [2223]
[INFO] [parameter_bridge-7]: process started with pid [2224]
[INFO] [parameter_bridge-8]: process started with pid [2225]
[INFO] [greenhouse_cmd_sink-9]: process started with pid [2226]
[INFO] [create-10]: process started with pid [2227]
[INFO] [parameter_bridge-11]: process started with pid [2228]
[INFO] [simulation_lidar_filter.py-12]: process started with pid [2229]
[INFO] [simulation_ground_startup.py-13]: process started with pid [2230]
[robot_state_publisher-3] [INFO] [1791374178.076501872] [robot_state_publisher]: Robot initialized
[parameter_bridge-2] [INFO] [1791374179.694106027] [simulation_clock_bridge]: Creating GZ->ROS Bridge: [/clock (gz.msgs.Clock) -> /clock (rosgraph_msgs/msg/Clock)] (Lazy 0)
[spawner-4] [INFO] [1791374180.210848522] [spawner_joint_state_broadcaster]: waiting for service /controller_manager/list_controllers to become available...
[parameter_bridge-7] [INFO] [1791374180.877930578] [simulation_lidar_bridge]: Creating GZ->ROS Bridge: [/sensors/lidar3d_0/scan/points (gz.msgs.PointCloudPacked) -> /simulation/lidar/unfiltered (sensor_msgs/msg/PointCloud2)] (Lazy 0)
[parameter_bridge-6] [INFO] [1791374181.016302327] [simulation_sensor_bridge]: Creating GZ->ROS Bridge: [/sensors/imu_0/data_raw (gz.msgs.IMU) -> /sensors/imu/data (sensor_msgs/msg/Imu)] (Lazy 0)
[parameter_bridge-11] [INFO] [1791374181.123116025] [simulation_contact_bridge]: Creating GZ->ROS Bridge: [/world/virtual_maize_field/model/robot/link/base_link/sensor/simulation_contact_0/contact (gz.msgs.Contacts) -> /simulation/contacts (ros_gz_interfaces/msg/Contacts)] (Lazy 0)
[parameter_bridge-11] [INFO] [1791374181.126876767] [simulation_contact_bridge]: Creating GZ->ROS Bridge: [/world/virtual_maize_field/model/robot/link/base_link/sensor/simulation_contact_1/contact (gz.msgs.Contacts) -> /simulation/contacts (ros_gz_interfaces/msg/Contacts)] (Lazy 0)
[parameter_bridge-11] [INFO] [1791374181.127533680] [simulation_contact_bridge]: Creating GZ->ROS Bridge: [/world/virtual_maize_field/model/robot/link/base_link/sensor/simulation_contact_2/contact (gz.msgs.Contacts) -> /simulation/contacts (ros_gz_interfaces/msg/Contacts)] (Lazy 0)
[parameter_bridge-11] [INFO] [1791374181.128222830] [simulation_contact_bridge]: Creating GZ->ROS Bridge: [/world/virtual_maize_field/model/robot/link/front_left_wheel_link/sensor/simulation_contact_3/contact (gz.msgs.Contacts) -> /simulation/contacts (ros_gz_interfaces/msg/Contacts)] (Lazy 0)
[parameter_bridge-11] [INFO] [1791374181.128758311] [simulation_contact_bridge]: Creating GZ->ROS Bridge: [/world/virtual_maize_field/model/robot/link/front_right_wheel_link/sensor/simulation_contact_4/contact (gz.msgs.Contacts) -> /simulation/contacts (ros_gz_interfaces/msg/Contacts)] (Lazy 0)
[parameter_bridge-11] [INFO] [1791374181.129325134] [simulation_contact_bridge]: Creating GZ->ROS Bridge: [/world/virtual_maize_field/model/robot/link/rear_left_wheel_link/sensor/simulation_contact_5/contact (gz.msgs.Contacts) -> /simulation/contacts (ros_gz_interfaces/msg/Contacts)] (Lazy 0)
[parameter_bridge-11] [INFO] [1791374181.129882216] [simulation_contact_bridge]: Creating GZ->ROS Bridge: [/world/virtual_maize_field/model/robot/link/rear_right_wheel_link/sensor/simulation_contact_6/contact (gz.msgs.Contacts) -> /simulation/contacts (ros_gz_interfaces/msg/Contacts)] (Lazy 0)
[parameter_bridge-8] [INFO] [1791374181.176515518] [simulation_camera_bridge]: Creating GZ->ROS Bridge: [/sensors/camera_0/image (gz.msgs.Image) -> /sensors/camera/color/image (sensor_msgs/msg/Image)] (Lazy 1)
[parameter_bridge-8] [INFO] [1791374181.179407417] [simulation_camera_bridge]: Creating GZ->ROS Bridge: [/sensors/camera_0/points (gz.msgs.PointCloudPacked) -> /sensors/camera/points (sensor_msgs/msg/PointCloud2)] (Lazy 1)
[create-10] [WARN] [1791374184.511189581] [create_jackal_j100]: Waiting for service [/world/virtual_maize_field/create] to become available ...
[create-10] [WARN] [1791374189.511594813] [create_jackal_j100]: Waiting for service [/world/virtual_maize_field/create] to become available ...
[create-10] [WARN] [1791374194.511945319] [create_jackal_j100]: Waiting for service [/world/virtual_maize_field/create] to become available ...
[create-10] [INFO] [1791374198.577762949] [create_jackal_j100]: Entity creation successful.
[gazebo-1] [1;33mWarning [Utils.cc:132][0m [/sdf/model[@name="j100-0000"]/link[@name="base_link"]/sensor[@name="camera_0"]/camera/gz_frame_id:///evidence/candidate-matrix/maize_field_jackal_j100_r3/robot-instrumented.sdf:L163]: XML Element[gz_frame_id], child of element[camera], not defined in SDF. Copying[gz_frame_id] as children of [camera].
[gazebo-1] [1;33mWarning [Utils.cc:132][0m [/sdf/model[@name="j100-0000"]/link[@name="base_link"]/sensor[@name="camera_0"]/gz_frame_id:///evidence/candidate-matrix/maize_field_jackal_j100_r3/robot-instrumented.sdf:L170]: XML Element[gz_frame_id], child of element[sensor], not defined in SDF. Copying[gz_frame_id] as children of [sensor].
[gazebo-1] [1;33mWarning [Utils.cc:132][0m [/sdf/model[@name="j100-0000"]/link[@name="base_link"]/sensor[@name="lidar3d_0"]/gz_frame_id:///evidence/candidate-matrix/maize_field_jackal_j100_r3/robot-instrumented.sdf:L199]: XML Element[gz_frame_id], child of element[sensor], not defined in SDF. Copying[gz_frame_id] as children of [sensor].
[gazebo-1] [1;33mWarning [Utils.cc:132][0m [/sdf/model[@name="j100-0000"]/link[@name="base_link"]/sensor[@name="imu_0"]/gz_frame_id:///evidence/candidate-matrix/maize_field_jackal_j100_r3/robot-instrumented.sdf:L207]: XML Element[gz_frame_id], child of element[sensor], not defined in SDF. Copying[gz_frame_id] as children of [sensor].
[gazebo-1] [1;33mWarning [Utils.cc:132][0m [/sdf/model[@name="j100-0000"]/link[@name="base_link"]/sensor[@name="gps_0"]/gz_frame_id:///evidence/candidate-matrix/maize_field_jackal_j100_r3/robot-instrumented.sdf:L215]: XML Element[gz_frame_id], child of element[sensor], not defined in SDF. Copying[gz_frame_id] as children of [sensor].
[INFO] [create-10]: process has finished cleanly [pid 2227]
[gazebo-1] [INFO] [1791374198.935049170] [gz_ros_control]: Loading controller_manager
[gazebo-1] [INFO] [1791374198.948240672] [controller_manager]: Using ROS clock for triggering controller manager cycles.
[gazebo-1] [WARN] [1791374198.948302977] [controller_manager]: The resource manager is not yet initialized, will wait for the robot description to initialize it..
[gazebo-1] [INFO] [1791374198.955199302] [controller_manager]: Subscribing to '/robot_description' topic for robot description.
[gazebo-1] [WARN] [1791374198.955280765] [gz_ros_control]: Waiting RM to load and initialize hardware...
[spawner-5] [WARN] [1791374199.075780082] [ros2_control_controller_spawner_platform_velocity_controller]: Failed to acquire lock in 20 seconds. Attempt 1 of 5 failed. Retrying in 3 seconds...
[gazebo-1] [INFO] [1791374199.077390390] [controller_manager]: Received robot description from topic.
[gazebo-1] [INFO] [1791374199.077472163] [controller_manager]: Enforcing command limits is disabled. Command limits from URDF will be ignored.
[gazebo-1] [INFO] [1791374199.082735381] [gz_ros_control]: The position_proportional_gain has been set to: 0.1
[gazebo-1] [INFO] [1791374199.082845547] [gz_ros_control]: Loading joint: front_left_wheel_joint
[gazebo-1] [INFO] [1791374199.082852747] [gz_ros_control]: 	State:
[gazebo-1] [INFO] [1791374199.083066245] [gz_ros_control]: 		 position
[gazebo-1] [INFO] [1791374199.083098238] [gz_ros_control]: 		 velocity
[gazebo-1] [INFO] [1791374199.083113508] [gz_ros_control]: 	Command:
[gazebo-1] [INFO] [1791374199.083116260] [gz_ros_control]: 		 velocity
[gazebo-1] [INFO] [1791374199.083144182] [gz_ros_control]: Loading joint: front_right_wheel_joint
[gazebo-1] [INFO] [1791374199.083148327] [gz_ros_control]: 	State:
[gazebo-1] [INFO] [1791374199.083151067] [gz_ros_control]: 		 position
[gazebo-1] [INFO] [1791374199.083154042] [gz_ros_control]: 		 velocity
[gazebo-1] [INFO] [1791374199.083156357] [gz_ros_control]: 	Command:
[gazebo-1] [INFO] [1791374199.083158418] [gz_ros_control]: 		 velocity
[gazebo-1] [INFO] [1791374199.083171449] [gz_ros_control]: Loading joint: rear_left_wheel_joint
[gazebo-1] [INFO] [1791374199.083197060] [gz_ros_control]: 	State:
[gazebo-1] [INFO] [1791374199.083204836] [gz_ros_control]: 		 position
[gazebo-1] [INFO] [1791374199.083209881] [gz_ros_control]: 		 velocity
[gazebo-1] [INFO] [1791374199.083213238] [gz_ros_control]: 	Command:
[gazebo-1] [INFO] [1791374199.083215733] [gz_ros_control]: 		 velocity
[gazebo-1] [INFO] [1791374199.083226165] [gz_ros_control]: Loading joint: rear_right_wheel_joint
[gazebo-1] [INFO] [1791374199.083229815] [gz_ros_control]: 	State:
[gazebo-1] [INFO] [1791374199.083232397] [gz_ros_control]: 		 position
[gazebo-1] [INFO] [1791374199.083234821] [gz_ros_control]: 		 velocity
[gazebo-1] [INFO] [1791374199.083237024] [gz_ros_control]: 	Command:
[gazebo-1] [INFO] [1791374199.083239092] [gz_ros_control]: 		 velocity
[gazebo-1] [INFO] [1791374199.084102399] [gz_ros_control]: Loading sensor: imu_0
[gazebo-1] [INFO] [1791374199.084133107] [gz_ros_control]: 	State:
[gazebo-1] [WARN] [1791374199.084138135] [gz_ros_control]: IMU sensor 'imu_0' not found in hardware_info, skipping.
[gazebo-1] [INFO] [1791374199.085132654] [controller_manager]: Initialize hardware 'j100_hardware' 
[gazebo-1] [WARN] [1791374199.085172834] [controller_manager.hardware_component.system.j100_hardware]: Executor is not available during hardware component initialization for 'j100_hardware'. Skipping node creation!
[gazebo-1] [INFO] [1791374199.085284102] [controller_manager]: Successful initialization of hardware 'j100_hardware'
[gazebo-1] [INFO] [1791374199.085423902] [controller_manager]: Activating component 'j100_hardware'.
[gazebo-1] [INFO] [1791374199.085435050] [resource_manager]: 'configure' hardware 'j100_hardware' 
[gazebo-1] [INFO] [1791374199.085440216] [gz_ros_control]: System Successfully configured!
[gazebo-1] [INFO] [1791374199.085444704] [resource_manager]: Successful 'configure' of hardware 'j100_hardware'
[gazebo-1] [INFO] [1791374199.085450976] [resource_manager]: 'activate' hardware 'j100_hardware' 
[gazebo-1] [INFO] [1791374199.085470708] [resource_manager]: Successful 'activate' of hardware 'j100_hardware'
[gazebo-1] [WARN] [1791374199.085544719] [controller_manager]: Component 'j100_hardware' does not have read or write statistics initialized, skipping registration.
[gazebo-1] [INFO] [1791374199.085550121] [controller_manager]: Resource Manager has been successfully initialized. Starting Controller Manager services...
[gazebo-1] [WARN] [1791374199.345160757] [controller_manager.rclcpp]: failed to send response to /controller_manager/list_controllers (timeout): client will not receive response, at ./src/rmw_response.cpp:153, at ./src/rcl/service.c:400
[gazebo-1] [1;33mWarning [Utils.cc:132][0m [/sdf/model[@name="j100-0000"]/link[@name="base_link"]/sensor[@name="camera_0"]/camera/gz_frame_id:///evidence/candidate-matrix/maize_field_jackal_j100_r3/robot-instrumented.sdf:L163]: XML Element[gz_frame_id], child of element[camera], not defined in SDF. Copying[gz_frame_id] as children of [camera].
[gazebo-1] [1;33mWarning [Utils.cc:132][0m [/sdf/model[@name="j100-0000"]/link[@name="base_link"]/sensor[@name="camera_0"]/gz_frame_id:///evidence/candidate-matrix/maize_field_jackal_j100_r3/robot-instrumented.sdf:L170]: XML Element[gz_frame_id], child of element[sensor], not defined in SDF. Copying[gz_frame_id] as children of [sensor].
[gazebo-1] [1;33mWarning [Utils.cc:132][0m [/sdf/model[@name="j100-0000"]/link[@name="base_link"]/sensor[@name="lidar3d_0"]/gz_frame_id:///evidence/candidate-matrix/maize_field_jackal_j100_r3/robot-instrumented.sdf:L199]: XML Element[gz_frame_id], child of element[sensor], not defined in SDF. Copying[gz_frame_id] as children of [sensor].
[gazebo-1] [1;33mWarning [Utils.cc:132][0m [/sdf/model[@name="j100-0000"]/link[@name="base_link"]/sensor[@name="imu_0"]/gz_frame_id:///evidence/candidate-matrix/maize_field_jackal_j100_r3/robot-instrumented.sdf:L207]: XML Element[gz_frame_id], child of element[sensor], not defined in SDF. Copying[gz_frame_id] as children of [sensor].
[gazebo-1] [1;33mWarning [Utils.cc:132][0m [/sdf/model[@name="j100-0000"]/link[@name="base_link"]/sensor[@name="gps_0"]/gz_frame_id:///evidence/candidate-matrix/maize_field_jackal_j100_r3/robot-instrumented.sdf:L215]: XML Element[gz_frame_id], child of element[sensor], not defined in SDF. Copying[gz_frame_id] as children of [sensor].
[gazebo-1] [1;33mWarning [Utils.cc:132][0m [/sdf/model[@name="j100-0000"]/link[@name="base_link"]/sensor[@name="camera_0"]/camera/gz_frame_id:///evidence/candidate-matrix/maize_field_jackal_j100_r3/robot-instrumented.sdf:L163]: XML Element[gz_frame_id], child of element[camera], not defined in SDF. Copying[gz_frame_id] as children of [camera].
[gazebo-1] [1;33mWarning [Utils.cc:132][0m [/sdf/model[@name="j100-0000"]/link[@name="base_link"]/sensor[@name="camera_0"]/gz_frame_id:///evidence/candidate-matrix/maize_field_jackal_j100_r3/robot-instrumented.sdf:L170]: XML Element[gz_frame_id], child of element[sensor], not defined in SDF. Copying[gz_frame_id] as children of [sensor].
[gazebo-1] [1;33mWarning [Utils.cc:132][0m [/sdf/model[@name="j100-0000"]/link[@name="base_link"]/sensor[@name="lidar3d_0"]/gz_frame_id:///evidence/candidate-matrix/maize_field_jackal_j100_r3/robot-instrumented.sdf:L199]: XML Element[gz_frame_id], child of element[sensor], not defined in SDF. Copying[gz_frame_id] as children of [sensor].
[gazebo-1] [1;33mWarning [Utils.cc:132][0m [/sdf/model[@name="j100-0000"]/link[@name="base_link"]/sensor[@name="imu_0"]/gz_frame_id:///evidence/candidate-matrix/maize_field_jackal_j100_r3/robot-instrumented.sdf:L207]: XML Element[gz_frame_id], child of element[sensor], not defined in SDF. Copying[gz_frame_id] as children of [sensor].
[gazebo-1] [1;33mWarning [Utils.cc:132][0m [/sdf/model[@name="j100-0000"]/link[@name="base_link"]/sensor[@name="gps_0"]/gz_frame_id:///evidence/candidate-matrix/maize_field_jackal_j100_r3/robot-instrumented.sdf:L215]: XML Element[gz_frame_id], child of element[sensor], not defined in SDF. Copying[gz_frame_id] as children of [sensor].
[gazebo-1] [1;33mWarning [Utils.cc:132][0m [/sdf/model[@name="j100-0000"]/link[@name="base_link"]/sensor[@name="camera_0"]/camera/gz_frame_id:///evidence/candidate-matrix/maize_field_jackal_j100_r3/robot-instrumented.sdf:L163]: XML Element[gz_frame_id], child of element[camera], not defined in SDF. Copying[gz_frame_id] as children of [camera].
[gazebo-1] [1;33mWarning [Utils.cc:132][0m [/sdf/model[@name="j100-0000"]/link[@name="base_link"]/sensor[@name="camera_0"]/gz_frame_id:///evidence/candidate-matrix/maize_field_jackal_j100_r3/robot-instrumented.sdf:L170]: XML Element[gz_frame_id], child of element[sensor], not defined in SDF. Copying[gz_frame_id] as children of [sensor].
[gazebo-1] [1;33mWarning [Utils.cc:132][0m [/sdf/model[@name="j100-0000"]/link[@name="base_link"]/sensor[@name="lidar3d_0"]/gz_frame_id:///evidence/candidate-matrix/maize_field_jackal_j100_r3/robot-instrumented.sdf:L199]: XML Element[gz_frame_id], child of element[sensor], not defined in SDF. Copying[gz_frame_id] as children of [sensor].
[gazebo-1] [1;33mWarning [Utils.cc:132][0m [/sdf/model[@name="j100-0000"]/link[@name="base_link"]/sensor[@name="imu_0"]/gz_frame_id:///evidence/candidate-matrix/maize_field_jackal_j100_r3/robot-instrumented.sdf:L207]: XML Element[gz_frame_id], child of element[sensor], not defined in SDF. Copying[gz_frame_id] as children of [sensor].
[gazebo-1] [1;33mWarning [Utils.cc:132][0m [/sdf/model[@name="j100-0000"]/link[@name="base_link"]/sensor[@name="gps_0"]/gz_frame_id:///evidence/candidate-matrix/maize_field_jackal_j100_r3/robot-instrumented.sdf:L215]: XML Element[gz_frame_id], child of element[sensor], not defined in SDF. Copying[gz_frame_id] as children of [sensor].
[gazebo-1] [1;36mDbg[0m ODE Heightfield AABB: min = {-10.1601, -10.1601, -0.0466942} max = {10.1601, 10.1601, 0.4}
[gazebo-1] [WARN] [1791374201.470840539] [gz_ros_control]:  Desired controller update period (0.02 s) is slower than the gazebo simulation period (0.01 s).
[simulation_ground_startup.py-13] {"result": "settled", "sim_time_s": 1.3, "stable_sim_s": 1.0, "acceleration_norm_mps2": 9.799999999999683, "angular_speed_radps": 3.965739384773834e-06, "clock_publishers": 1}
[INFO] [simulation_ground_startup.py-13]: process has finished cleanly [pid 2230]
[INFO] [launch.user]: closed-loop runtime_ready=true hardware_qualified=false mode=simulation
[INFO] [fastlio_mapping-14]: process started with pid [2514]
[INFO] [greenhouse_cloud_normalizer-15]: process started with pid [2515]
[INFO] [greenhouse_cmd_gate-16]: process started with pid [2520]
[INFO] [fast_lio_super_backend-17]: process started with pid [2521]
[INFO] [static_transform_publisher-18]: process started with pid [2522]
[INFO] [terrainAnalysis-19]: process started with pid [2523]
[INFO] [terrainAnalysisExt-20]: process started with pid [2524]
[INFO] [far_planner-21]: process started with pid [2525]
[INFO] [graph_decoder-22]: process started with pid [2526]
[INFO] [controller_server-23]: process started with pid [2527]
[INFO] [lifecycle_manager-24]: process started with pid [2528]
[INFO] [terrain_grid-25]: process started with pid [2529]
[INFO] [command_adapter-26]: process started with pid [2530]
[INFO] [mission-27]: process started with pid [2531]
[greenhouse_cloud_normalizer-15] [INFO] [1791374212.487128578] [slam_cloud_to_map]: Transforming /localization/registered_cloud_odom into frame map on /localization/registered_cloud
[greenhouse_cmd_gate-16] [INFO] [1791374213.601508272] [greenhouse_cmd_gate]: gate source=/cmd_vel/nav output=/cmd_vel scope=simulation_fixture auto_recover_after_watchdog=true
[graph_decoder-22] [INFO] [1791374213.920087186] [graph_decoder]: Graph Decoder Node Initialized
[static_transform_publisher-18] [INFO] [1791374214.155684491] [static_sensor_tf]: Spinning until stopped - publishing transform
[static_transform_publisher-18] translation: ('0.000000', '0.000000', '0.321700')
[static_transform_publisher-18] rotation: ('0.000000', '0.000000', '0.000000', '1.000000')
[static_transform_publisher-18] from 'base_link' to 'livox_frame'
[lifecycle_manager-24] [INFO] [1791374214.599200249] [mppi_lifecycle_manager]: Creating
[lifecycle_manager-24] [INFO] [1791374214.604316907] [mppi_lifecycle_manager]: [34m[1mCreating and initializing lifecycle service clients[0m[0m
[terrainAnalysis-19] [INFO] [1791374214.795618431] [terrainAnalysis]: terrain analysis: odometry=/localization/global_odometry cloud=/localization/registered_cloud output=/perception/terrain_map frame=map
[fastlio_mapping-14] [INFO] [1791374215.122907056] [laser_mapping]: p_pre->lidar_type 5
[fastlio_mapping-14] ~~~~/build/robot/external/fast_lio/ doesn't exist
[fastlio_mapping-14] [INFO] [1791374215.136309617] [laser_mapping]: Node init finished.
[lifecycle_manager-24] [INFO] [1791374215.244036109] [mppi_lifecycle_manager]: [34m[1mStarting managed nodes bringup...[0m[0m
[lifecycle_manager-24] [INFO] [1791374215.244086411] [mppi_lifecycle_manager]: [34m[1mConfiguring controller_server[0m[0m
[controller_server-23] [INFO] [1791374215.246482007] [controller_server]: 
[controller_server-23] 	controller_server lifecycle node launched. 
[controller_server-23] 	Waiting on external lifecycle transitions to activate
[controller_server-23] 	See https://design.ros2.org/articles/node_lifecycle.html for more information.
[controller_server-23] [INFO] [1791374215.247490203] [controller_server]: Creating controller server
[controller_server-23] [INFO] [1791374215.272557788] [local_costmap.local_costmap]: 
[controller_server-23] 	local_costmap lifecycle node launched. 
[controller_server-23] 	Waiting on external lifecycle transitions to activate
[controller_server-23] 	See https://design.ros2.org/articles/node_lifecycle.html for more information.
[controller_server-23] [INFO] [1791374215.273300781] [local_costmap.local_costmap]: Creating Costmap
[controller_server-23] [INFO] [1791374215.275705847] [controller_server]: Configuring controller interface
[controller_server-23] [INFO] [1791374215.275749555] [controller_server]: getting progress checker plugins..
[controller_server-23] [INFO] [1791374215.275916525] [controller_server]: getting goal checker plugins..
[controller_server-23] [INFO] [1791374215.276134690] [controller_server]: Controller frequency set to 20.0000Hz
[controller_server-23] [INFO] [1791374215.276171900] [local_costmap.local_costmap]: Configuring
[controller_server-23] [INFO] [1791374215.288165707] [local_costmap.local_costmap]: Using plugin "terrain"
[controller_server-23] [INFO] [1791374215.291666027] [local_costmap.local_costmap]: Initialized plugin "terrain"
[controller_server-23] [INFO] [1791374215.291707102] [local_costmap.local_costmap]: Using plugin "inflation"
[controller_server-23] [INFO] [1791374215.294528499] [local_costmap.local_costmap]: Initialized plugin "inflation"
[controller_server-23] [INFO] [1791374215.334590708] [controller_server]: Created progress_checker : progress_checker of type nav2_controller::SimpleProgressChecker
[controller_server-23] [INFO] [1791374215.334967249] [controller_server]: Controller Server has progress_checker  progress checkers available.
[controller_server-23] [INFO] [1791374215.335340547] [controller_server]: Created goal checker : goal_checker of type nav2_controller::SimpleGoalChecker
[controller_server-23] [INFO] [1791374215.335764418] [controller_server]: Controller Server has goal_checker  goal checkers available.
[controller_server-23] [INFO] [1791374215.336993576] [controller_server]: Created controller : FollowPath of type nav2_mppi_controller::MPPIController
[controller_server-23] [INFO] [1791374215.339300593] [controller_server]: Controller period is equal to model dt. Control sequence shifting is ON
[controller_server-23] [INFO] [1791374215.341781767] [controller_server]: ConstraintCritic instantiated with 1 power and 4.000000 weight.
[controller_server-23] [INFO] [1791374215.341855309] [controller_server]: Critic loaded : mppi::critics::ConstraintCritic
[controller_server-23] [INFO] [1791374215.344210141] [controller_server]: InflationCostCritic instantiated with 1 power and 300.000000 / 0.015000 weights. Critic will collision check based on footprint cost.
[controller_server-23] [INFO] [1791374215.344264627] [controller_server]: Critic loaded : mppi::critics::CostCritic
[controller_server-23] [INFO] [1791374215.344878900] [controller_server]: GoalCritic instantiated with 1 power and 5.000000 weight.
[controller_server-23] [INFO] [1791374215.344903300] [controller_server]: Critic loaded : mppi::critics::GoalCritic
[controller_server-23] [INFO] [1791374215.345407945] [controller_server]: GoalAngleCritic instantiated with 1 power, 3.000000 weight, 0.500000 angular threshold and symmetric_yaw_tolerance disabled
[controller_server-23] [INFO] [1791374215.345429156] [controller_server]: Critic loaded : mppi::critics::GoalAngleCritic
[controller_server-23] [INFO] [1791374215.346334930] [controller_server]: ReferenceTrajectoryCritic instantiated with 1 power and 14.000000 weight
[controller_server-23] [INFO] [1791374215.346359627] [controller_server]: Critic loaded : mppi::critics::PathAlignCritic
[controller_server-23] [INFO] [1791374215.347548370] [controller_server]: Critic loaded : mppi::critics::PathFollowCritic
[controller_server-23] [INFO] [1791374215.349082696] [controller_server]: PathAngleCritic instantiated with 1 power and 2.000000 weight. Mode set to: Forward Preference
[controller_server-23] [INFO] [1791374215.349119139] [controller_server]: Critic loaded : mppi::critics::PathAngleCritic
[controller_server-23] [INFO] [1791374215.349735721] [controller_server]: PreferForwardCritic instantiated with 1 power and 5.000000 weight.
[controller_server-23] [INFO] [1791374215.349781672] [controller_server]: Critic loaded : mppi::critics::PreferForwardCritic
[controller_server-23] [INFO] [1791374215.353770191] [controller_server]: Optimizer reset
[controller_server-23] [INFO] [1791374215.361289177] [MPPIController]: Configured MPPI Controller: FollowPath
[controller_server-23] [INFO] [1791374215.361334883] [controller_server]: Controller Server has FollowPath  controllers available.
[lifecycle_manager-24] [INFO] [1791374215.380701996] [mppi_lifecycle_manager]: [34m[1mActivating controller_server[0m[0m
[controller_server-23] [INFO] [1791374215.381018742] [controller_server]: Activating
[controller_server-23] [INFO] [1791374215.381047094] [local_costmap.local_costmap]: Activating
[controller_server-23] [INFO] [1791374215.381053104] [local_costmap.local_costmap]: Checking transform
[controller_server-23] [INFO] [1791374215.381081578] [local_costmap.local_costmap]: Timed out waiting for transform from base_link to odom to become available, tf error: Invalid frame ID "odom" passed to canTransform argument target_frame - frame does not exist
[fast_lio_super_backend-17] [INFO] [1791374215.386370662] [fast_lio_super_backend]: SLAM frames: map -> odom -> base_link
[far_planner-21] [INFO] [1791374215.467484176] [far_planner]: FAR Planner Node Initiated
[far_planner-21] [INFO] [1791374215.500587223] [far_planner]: voxel_dim: 0.100000
[far_planner-21] [INFO] [1791374215.533853124] [far_planner]: FAR Planner ROS Params Initiated
[far_planner-21] [INFO] [1791374215.534006379] [far_planner]: FAR Planner Callback Initiated
[far_planner-21] [INFO] [1791374215.563044576] [far_planner]: FAR Planner Processing Objects Initiated
[fastlio_mapping-14] [WARN] [1791374215.716910274] [laser_mapping]: No point, skip this scan!
[fastlio_mapping-14] 
[controller_server-23] [INFO] [1791374215.881180114] [local_costmap.local_costmap]: Timed out waiting for transform from base_link to odom to become available, tf error: Invalid frame ID "odom" passed to canTransform argument target_frame - frame does not exist
[fastlio_mapping-14] [WARN] [1791374215.894095705] [laser_mapping]: No point, skip this scan!
[fastlio_mapping-14] 
[fastlio_mapping-14] [WARN] [1791374216.067437089] [laser_mapping]: No point, skip this scan!
[fastlio_mapping-14] 
[fastlio_mapping-14] IMU Initial Done
[fastlio_mapping-14] [WARN] [1791374216.250325642] [laser_mapping]: No point, skip this scan!
[fastlio_mapping-14] 
[controller_server-23] [INFO] [1791374216.381100201] [local_costmap.local_costmap]: Timed out waiting for transform from base_link to odom to become available, tf error: Invalid frame ID "odom" passed to canTransform argument target_frame - frame does not exist
[fastlio_mapping-14] [INFO] [1791374216.434889194] [laser_mapping]: Initialize the map kdtree
[far_planner-21] [2J[0;0H
[far_planner-21] [1;33m **************** DYNAMIC ENV PLANNING **************** [0m
[far_planner-21] 
[far_planner-21] 
[far_planner-21] 
[far_planner-21] [INFO] [1791374216.563290143] [far_planner]: FAR Planner Initiated Complete
[far_planner-21] [pcl::fromPCLPointCloud2] No data to copy.
[controller_server-23] [INFO] [1791374216.881260543] [local_costmap.local_costmap]: start
[controller_server-23] [WARN] [1791374217.031494579] [controller_server]: Parameter controller_server.verbose not found
[controller_server-23] [INFO] [1791374217.032811815] [controller_server]: Optimizer reset
[controller_server-23] [INFO] [1791374217.033152526] [MPPIController]: Activated MPPI Controller: FollowPath
[controller_server-23] [INFO] [1791374217.033178246] [controller_server]: Creating bond (controller_server) to lifecycle manager.
[lifecycle_manager-24] [INFO] [1791374217.141908517] [mppi_lifecycle_manager]: Server controller_server connected with bond.
[lifecycle_manager-24] [INFO] [1791374217.142000153] [mppi_lifecycle_manager]: [34m[1mManaged nodes are active[0m[0m
[lifecycle_manager-24] [INFO] [1791374217.142014212] [mppi_lifecycle_manager]: [34m[1mCreating bond timer...[0m[0m
[far_planner-21] [A[A[2K[1;32m V-Graph Initialized [0m
[far_planner-21] 
[far_planner-21] [2K    Adding Goal to V-Graph Time: 0.07ms
[far_planner-21] [2K    Path Search Time: 0.322ms
[far_planner-21] [2K    Local V-Graph Updated. Number of local vertices: 0
[far_planner-21] [2K    Number of new vertices adding to global V-Graph: 0
[far_planner-21]     Total V-Graph Update Time: 1.128ms
[far_planner-21] [2K    Global V-Graph Updated. Number of global vertices: 2
[controller_server-23] [INFO] [1791374218.292914736] [controller_server]: Received a goal, begin computing control effort.
[controller_server-23] [INFO] [1791374218.295522415] [controller_server]: Optimizer reset
[controller_server-23] [INFO] [1791374218.297399175] [controller_server]: Optimizer reset
[controller_server-23] [ERROR] [1791374218.297538804] [controller_server]: Optimizer fail to compute path
[controller_server-23] [INFO] [1791374218.298681533] [controller_server]: Optimizer reset
[controller_server-23] [WARN] [1791374218.298710816] [controller_server]: [follow_path] [ActionServer] Aborting handle.
[far_planner-21] [A[A[A[A[A[A[2K    Adding Goal to V-Graph Time: 0.01ms
[far_planner-21] [2K    Path Search Time: 0.094ms
[far_planner-21] [2K    Local V-Graph Updated. Number of local vertices: 0
[far_planner-21] [2K    Number of new vertices adding to global V-Graph: 0
[far_planner-21]     Total V-Graph Update Time: 0.967ms
[far_planner-21] [2K    Global V-Graph Updated. Number of global vertices: 2
[controller_server-23] [INFO] [1791374219.067196435] [controller_server]: Received a goal, begin computing control effort.
[controller_server-23] [INFO] [1791374219.068944980] [controller_server]: Optimizer reset
[controller_server-23] [INFO] [1791374219.070418183] [controller_server]: Optimizer reset
[controller_server-23] [ERROR] [1791374219.070506407] [controller_server]: Optimizer fail to compute path
[controller_server-23] [INFO] [1791374219.071293918] [controller_server]: Optimizer reset
[controller_server-23] [WARN] [1791374219.071323770] [controller_server]: [follow_path] [ActionServer] Aborting handle.
[far_planner-21] [A[A[A[A[A[A[2K    Adding Goal to V-Graph Time: 0.009ms
[far_planner-21] [2K    Path Search Time: 0.099ms
[far_planner-21] [2K    Local V-Graph Updated. Number of local vertices: 0
[far_planner-21] [2K    Number of new vertices adding to global V-Graph: 0
[far_planner-21]     Total V-Graph Update Time: 0.734ms
[far_planner-21] [2K    Global V-Graph Updated. Number of global vertices: 2
[controller_server-23] [INFO] [1791374219.787726249] [controller_server]: Received a goal, begin computing control effort.
[controller_server-23] [INFO] [1791374219.789661444] [controller_server]: Optimizer reset
[controller_server-23] [INFO] [1791374219.791214675] [controller_server]: Optimizer reset
[controller_server-23] [ERROR] [1791374219.791290964] [controller_server]: Optimizer fail to compute path
[controller_server-23] [INFO] [1791374219.792009340] [controller_server]: Optimizer reset
[controller_server-23] [WARN] [1791374219.792028925] [controller_server]: [follow_path] [ActionServer] Aborting handle.
[graph_decoder-22] [INFO] [1791374219.864156745] [rclcpp]: signal_handler(SIGINT/SIGTERM)
[WARNING] [launch]: user interrupted with ctrl-c (SIGINT)
[far_planner-21] [INFO] [1791374219.864149486] [rclcpp]: signal_handler(SIGINT/SIGTERM)
[fast_lio_super_backend-17] [INFO] [1791374219.864171499] [rclcpp]: signal_handler(SIGINT/SIGTERM)
[controller_server-23] [INFO] [1791374219.864178796] [rclcpp]: signal_handler(SIGINT/SIGTERM)
[lifecycle_manager-24] [INFO] [1791374219.864185828] [rclcpp]: signal_handler(SIGINT/SIGTERM)
[lifecycle_manager-24] [INFO] [1791374219.864277311] [mppi_lifecycle_manager]: Running Nav2 LifecycleManager rcl preshutdown (mppi_lifecycle_manager)
[terrainAnalysisExt-20] [INFO] [1791374219.864178392] [rclcpp]: signal_handler(SIGINT/SIGTERM)
[fastlio_mapping-14] catch sig %d2
[greenhouse_cloud_normalizer-15] [INFO] [1791374219.864235906] [rclcpp]: signal_handler(SIGINT/SIGTERM)
[lifecycle_manager-24] [INFO] [1791374219.864320803] [mppi_lifecycle_manager]: [34m[1mTerminating bond timer...[0m[0m
[static_transform_publisher-18] [INFO] [1791374219.864409856] [rclcpp]: signal_handler(SIGINT/SIGTERM)
[controller_server-23] [INFO] [1791374219.864643799] [controller_server]: Running Nav2 LifecycleNode rcl preshutdown (controller_server)
[controller_server-23] [INFO] [1791374219.864712975] [controller_server]: Deactivating
[controller_server-23] [INFO] [1791374219.864738166] [MPPIController]: Deactivated MPPI Controller: FollowPath
[controller_server-23] [INFO] [1791374219.864782914] [local_costmap.local_costmap]: Deactivating
[parameter_bridge-11] [INFO] [1791374219.865702626] [rclcpp]: signal_handler(SIGINT/SIGTERM)
[parameter_bridge-6] [INFO] [1791374219.866086078] [rclcpp]: signal_handler(SIGINT/SIGTERM)
[parameter_bridge-2] [INFO] [1791374219.866378373] [rclcpp]: signal_handler(SIGINT/SIGTERM)
[greenhouse_cmd_sink-9] [INFO] [1791374219.868649252] [rclcpp]: signal_handler(SIGINT/SIGTERM)
[parameter_bridge-7] [INFO] [1791374219.868901087] [rclcpp]: signal_handler(SIGINT/SIGTERM)
[parameter_bridge-8] [INFO] [1791374219.869044278] [rclcpp]: signal_handler(SIGINT/SIGTERM)
[robot_state_publisher-3] [INFO] [1791374219.874186333] [rclcpp]: signal_handler(SIGINT/SIGTERM)
[INFO] [mission-27]: sending signal 'SIGINT' to process[mission-27]
[INFO] [command_adapter-26]: sending signal 'SIGINT' to process[command_adapter-26]
[INFO] [terrain_grid-25]: sending signal 'SIGINT' to process[terrain_grid-25]
[INFO] [parameter_bridge-2]: process has finished cleanly [pid 2218]
[ERROR] [mission-27]: process has died [pid 2531, exit code -2, cmd '/opt/greenhouse/lib/greenhouse_mppi_navigation/mission --ros-args -r __node:=tracked_mission --params-file /tmp/launch_params_w1g1hacs'].
[INFO] [lifecycle_manager-24]: sending signal 'SIGINT' to process[lifecycle_manager-24]
[INFO] [parameter_bridge-7]: process has finished cleanly [pid 2224]
[INFO] [parameter_bridge-6]: process has finished cleanly [pid 2223]
[ERROR] [terrain_grid-25]: process has died [pid 2529, exit code -2, cmd '/opt/greenhouse/lib/greenhouse_mppi_navigation/terrain_grid --ros-args -r __node:=terrain_grid --params-file /tmp/launch_params_5du268bx'].
[INFO] [parameter_bridge-11]: process has finished cleanly [pid 2228]
[INFO] [controller_server-23]: sending signal 'SIGINT' to process[controller_server-23]
[INFO] [greenhouse_cloud_normalizer-15]: process has finished cleanly [pid 2515]
[ERROR] [lifecycle_manager-24]: process has died [pid 2528, exit code -2, cmd '/opt/ros/jazzy/lib/nav2_lifecycle_manager/lifecycle_manager --ros-args -r __node:=mppi_lifecycle_manager --params-file /tmp/launch_params_kxflig4m'].
[INFO] [graph_decoder-22]: sending signal 'SIGINT' to process[graph_decoder-22]
[INFO] [spawner-5]: process has finished cleanly [pid 2222]
[ERROR] [controller_server-23]: process has died [pid 2527, exit code -2, cmd '/opt/ros/jazzy/lib/nav2_controller/controller_server --ros-args -r __node:=controller_server --params-file /tmp/tmpeh33y93y --params-file /tmp/launch_params_fbbh1j69 -r cmd_vel:=/navigation/mppi_cmd'].
[INFO] [far_planner-21]: sending signal 'SIGINT' to process[far_planner-21]
[INFO] [parameter_bridge-8]: process has finished cleanly [pid 2225]
[ERROR] [graph_decoder-22]: process has died [pid 2526, exit code -2, cmd '/opt/greenhouse_far/lib/graph_decoder/graph_decoder --ros-args -r __node:=graph_decoder --params-file /tmp/launch_params_n25nz1wc'].
[INFO] [terrainAnalysisExt-20]: sending signal 'SIGINT' to process[terrainAnalysisExt-20]
[INFO] [terrainAnalysis-19]: sending signal 'SIGINT' to process[terrainAnalysis-19]
[ERROR] [far_planner-21]: process has died [pid 2525, exit code -2, cmd '/opt/greenhouse_far/lib/far_planner/far_planner --ros-args -r __node:=far_planner --params-file /opt/greenhouse_far/share/far_planner/config/default.yaml --params-file /tmp/launch_params_zu514ron -r /odom_world:=/localization/global_odometry -r /terrain_cloud:=/perception/terrain_map_ext -r /scan_cloud:=/localization/registered_cloud -r /goal_point:=/planning/global_goal -r /terrain_local_cloud:=/perception/terrain_map -r /way_point:=/planning/way_point'].
[INFO] [static_transform_publisher-18]: sending signal 'SIGINT' to process[static_transform_publisher-18]
[ERROR] [terrainAnalysisExt-20]: process has died [pid 2524, exit code -2, cmd '/opt/greenhouse_far/lib/terrain_analysis_ext/terrainAnalysisExt --ros-args -r __node:=terrain_analysis_ext --params-file /tmp/launch_params_l8jlr9yg -r /state_estimation:=/localization/global_odometry -r /registered_scan:=/localization/registered_cloud -r /terrain_map:=/perception/terrain_map -r /terrain_map_ext:=/perception/terrain_map_ext'].
[INFO] [fast_lio_super_backend-17]: sending signal 'SIGINT' to process[fast_lio_super_backend-17]
[ERROR] [static_transform_publisher-18]: process has died [pid 2522, exit code -2, cmd '/opt/ros/jazzy/lib/tf2_ros/static_transform_publisher --frame-id base_link --child-frame-id livox_frame --x 0.0 --y 0.0 --z 0.3217 --roll 0.0 --pitch 0.0 --yaw 0.0 --ros-args -r __node:=static_sensor_tf --params-file /tmp/launch_params_wxryi9j2'].
[INFO] [greenhouse_cmd_gate-16]: sending signal 'SIGINT' to process[greenhouse_cmd_gate-16]
[ERROR] [command_adapter-26]: process has died [pid 2530, exit code -2, cmd '/opt/greenhouse/lib/greenhouse_mppi_navigation/command_adapter --ros-args -r __node:=mppi_command_adapter --params-file /tmp/launch_params_jpkgxw76'].
[ERROR] [fast_lio_super_backend-17]: process has died [pid 2521, exit code -2, cmd '/opt/greenhouse/lib/fast_lio_super_ros2/fast_lio_super_backend --ros-args -r __node:=fast_lio_super_backend --params-file /opt/greenhouse/share/fast_lio_super_ros2/config/backend.yaml --params-file /tmp/launch_params_l117l9s7 -r odometry:=/localization/odometry -r registered_cloud:=/localization/registered_cloud_odom -r global_odometry:=/localization/global_odometry -r global_pose:=/localization/global_pose -r corrected_path:=/localization/corrected_path -r corrected_map:=/localization/corrected_map -r diagnostics:=/diagnostics'].
[INFO] [fastlio_mapping-14]: sending signal 'SIGINT' to process[fastlio_mapping-14]
[INFO] [simulation_lidar_filter.py-12]: sending signal 'SIGINT' to process[simulation_lidar_filter.py-12]
[INFO] [greenhouse_cmd_sink-9]: sending signal 'SIGINT' to process[greenhouse_cmd_sink-9]
[ERROR] [fastlio_mapping-14]: process has died [pid 2514, exit code -2, cmd '/opt/greenhouse/lib/fast_lio/fastlio_mapping --ros-args -r __node:=laser_mapping --params-file /opt/greenhouse/share/greenhouse_mppi_navigation/config/fastlio.yaml --params-file /tmp/launch_params_6yhwe333'].
[ERROR] [simulation_lidar_filter.py-12]: process has died [pid 2229, exit code -2, cmd '/opt/greenhouse/lib/greenhouse_nav2_bringup/simulation_lidar_filter.py --ros-args --params-file /tmp/launch_params_a8jfitox'].
[ERROR] [greenhouse_cmd_sink-9]: process has died [pid 2226, exit code -2, cmd '/opt/greenhouse/lib/greenhouse_cmd_gate/greenhouse_cmd_sink --ros-args -r __node:=greenhouse_sim_cmd_sink --params-file /opt/greenhouse/share/greenhouse_nav2_bringup/config/simulation/command-gate.yaml --params-file /tmp/launch_params_n64virem'].
[INFO] [spawner-4]: sending signal 'SIGINT' to process[spawner-4]
[INFO] [robot_state_publisher-3]: sending signal 'SIGINT' to process[robot_state_publisher-3]
[INFO] [gazebo-1]: sending signal 'SIGINT' to process[gazebo-1]
[spawner-5] [INFO] [1791374219.876201759] [ros2_control_controller_spawner_platform_velocity_controller]: KeyboardInterrupt received! Exiting....
[ERROR] [robot_state_publisher-3]: process has died [pid 2220, exit code -2, cmd '/opt/ros/jazzy/lib/robot_state_publisher/robot_state_publisher --ros-args --params-file /tmp/launch_params_sls388zu -r /tf:=tf -r /tf_static:=tf_static -r joint_states:=platform/joint_states'].
[controller_server-23] [INFO] [1791374219.882335360] [controller_server]: Destroying bond (controller_server) to lifecycle manager.
[controller_server-23] [INFO] [1791374219.937653693] [controller_server]: Cleaning up
[controller_server-23] [INFO] [1791374219.937807899] [MPPIController]: Cleaned up MPPI Controller: FollowPath
[controller_server-23] [INFO] [1791374219.938233892] [local_costmap.local_costmap]: Cleaning up
[lifecycle_manager-24] [INFO] [1791374219.933195761] [mppi_lifecycle_manager]: Destroying mppi_lifecycle_manager
[command_adapter-26] Traceback (most recent call last):
[command_adapter-26]   File "/opt/greenhouse/lib/greenhouse_mppi_navigation/command_adapter", line 3, in <module>
[command_adapter-26]     main()
[command_adapter-26]   File "/opt/greenhouse/lib/python3.12/site-packages/greenhouse_mppi_navigation/command_adapter.py", line 124, in main
[command_adapter-26]     node.destroy_node()
[command_adapter-26]   File "/opt/ros/jazzy/lib/python3.12/site-packages/rclpy/node.py", line 1968, in destroy_node
[command_adapter-26]     self.__node.destroy_when_not_in_use()
[command_adapter-26] KeyboardInterrupt
[controller_server-23] [INFO] [1791374220.050804504] [controller_server]: Destroying bond (controller_server) to lifecycle manager.
[controller_server-23] [INFO] [1791374220.056579871] [local_costmap.local_costmap]: Destroying
[controller_server-23] [INFO] [1791374220.062953493] [controller_server]: Destroying
[INFO] [greenhouse_cmd_gate-16]: process has finished cleanly [pid 2520]
[INFO] [terrainAnalysis-19]: process has finished cleanly [pid 2523]
[ERROR] [spawner-4]: process[spawner-4] failed to terminate '5' seconds after receiving 'SIGINT', escalating to 'SIGTERM'
[ERROR] [gazebo-1]: process[gazebo-1] failed to terminate '5' seconds after receiving 'SIGINT', escalating to 'SIGTERM'
[INFO] [spawner-4]: sending signal 'SIGTERM' to process[spawner-4]
[INFO] [gazebo-1]: sending signal 'SIGTERM' to process[gazebo-1]
[ERROR] [gazebo-1]: process has died [pid 2217, exit code -15, cmd 'ruby /opt/ros/jazzy/opt/gz_tools_vendor/bin/gz sim -r -s --headless-rendering /evidence/candidate-matrix/maize_field_jackal_j100_r3/maize_field-runtime.sdf --force-version 8'].
[ERROR] [spawner-4]: process[spawner-4] failed to terminate '10.0' seconds after receiving 'SIGTERM', escalating to 'SIGKILL'
[INFO] [spawner-4]: sending signal 'SIGKILL' to process[spawner-4]
[ERROR] [spawner-4]: process has died [pid 2221, exit code -9, cmd '/opt/ros/jazzy/lib/controller_manager/spawner --controller-manager-timeout 120 --switch-timeout 120 --service-call-timeout 120 joint_state_broadcaster --ros-args -r __node:=spawner_joint_state_broadcaster'].
