[INFO] [launch]: All log files can be found below /root/.ros/log/2026-10-07-12-16-29-411077-DW-14375
[INFO] [launch]: Default logging verbosity is set to INFO
[INFO] [gazebo-1]: process started with pid [14391]
[INFO] [parameter_bridge-2]: process started with pid [14392]
[INFO] [robot_state_publisher-3]: process started with pid [14393]
[INFO] [spawner-4]: process started with pid [14395]
[INFO] [spawner-5]: process started with pid [14396]
[INFO] [parameter_bridge-6]: process started with pid [14397]
[INFO] [parameter_bridge-7]: process started with pid [14398]
[INFO] [parameter_bridge-8]: process started with pid [14399]
[INFO] [greenhouse_cmd_sink-9]: process started with pid [14400]
[INFO] [create-10]: process started with pid [14401]
[INFO] [parameter_bridge-11]: process started with pid [14402]
[INFO] [simulation_lidar_filter.py-12]: process started with pid [14403]
[INFO] [simulation_ground_startup.py-13]: process started with pid [14404]
[robot_state_publisher-3] [INFO] [1791375391.425181872] [robot_state_publisher]: Robot initialized
[parameter_bridge-2] [INFO] [1791375392.697951992] [simulation_clock_bridge]: Creating GZ->ROS Bridge: [/clock (gz.msgs.Clock) -> /clock (rosgraph_msgs/msg/Clock)] (Lazy 0)
[create-10] [INFO] [1791375392.714586429] [create_husky_a200]: Entity creation successful.
[spawner-4] [INFO] [1791375392.788412712] [spawner_joint_state_broadcaster]: waiting for service /controller_manager/list_controllers to become available...
[INFO] [create-10]: process has finished cleanly [pid 14401]
[gazebo-1] [1;33mWarning [Utils.cc:132][0m [/sdf/model[@name="a200-0000"]/link[@name="base_link"]/sensor[@name="camera_0"]/camera/gz_frame_id:///evidence/candidate-matrix/pipeline_husky_a200_r2/robot-instrumented.sdf:L181]: XML Element[gz_frame_id], child of element[camera], not defined in SDF. Copying[gz_frame_id] as children of [camera].
[gazebo-1] [1;33mWarning [Utils.cc:132][0m [/sdf/model[@name="a200-0000"]/link[@name="base_link"]/sensor[@name="camera_0"]/gz_frame_id:///evidence/candidate-matrix/pipeline_husky_a200_r2/robot-instrumented.sdf:L188]: XML Element[gz_frame_id], child of element[sensor], not defined in SDF. Copying[gz_frame_id] as children of [sensor].
[gazebo-1] [1;33mWarning [Utils.cc:132][0m [/sdf/model[@name="a200-0000"]/link[@name="base_link"]/sensor[@name="imu_0"]/gz_frame_id:///evidence/candidate-matrix/pipeline_husky_a200_r2/robot-instrumented.sdf:L196]: XML Element[gz_frame_id], child of element[sensor], not defined in SDF. Copying[gz_frame_id] as children of [sensor].
[gazebo-1] [1;33mWarning [Utils.cc:132][0m [/sdf/model[@name="a200-0000"]/link[@name="base_link"]/sensor[@name="lidar3d_0"]/gz_frame_id:///evidence/candidate-matrix/pipeline_husky_a200_r2/robot-instrumented.sdf:L226]: XML Element[gz_frame_id], child of element[sensor], not defined in SDF. Copying[gz_frame_id] as children of [sensor].
[gazebo-1] [INFO] [1791375393.581610084] [gz_ros_control]: Loading controller_manager
[gazebo-1] [INFO] [1791375393.598667931] [controller_manager]: Using ROS clock for triggering controller manager cycles.
[gazebo-1] [WARN] [1791375393.598718765] [controller_manager]: The resource manager is not yet initialized, will wait for the robot description to initialize it..
[gazebo-1] [INFO] [1791375393.606909317] [controller_manager]: Subscribing to '/robot_description' topic for robot description.
[gazebo-1] [WARN] [1791375393.606989452] [gz_ros_control]: Waiting RM to load and initialize hardware...
[gazebo-1] [INFO] [1791375393.741520279] [controller_manager]: Received robot description from topic.
[gazebo-1] [INFO] [1791375393.741604313] [controller_manager]: Enforcing command limits is disabled. Command limits from URDF will be ignored.
[gazebo-1] [INFO] [1791375393.745213977] [gz_ros_control]: The position_proportional_gain has been set to: 0.1
[gazebo-1] [INFO] [1791375393.745304758] [gz_ros_control]: Loading joint: front_left_wheel_joint
[gazebo-1] [INFO] [1791375393.745311061] [gz_ros_control]: 	State:
[gazebo-1] [INFO] [1791375393.745315989] [gz_ros_control]: 		 position
[gazebo-1] [INFO] [1791375393.745319115] [gz_ros_control]: 		 velocity
[gazebo-1] [INFO] [1791375393.745324857] [gz_ros_control]: 	Command:
[gazebo-1] [INFO] [1791375393.745327181] [gz_ros_control]: 		 velocity
[gazebo-1] [INFO] [1791375393.745336705] [gz_ros_control]: Loading joint: rear_left_wheel_joint
[gazebo-1] [INFO] [1791375393.745339255] [gz_ros_control]: 	State:
[gazebo-1] [INFO] [1791375393.745341489] [gz_ros_control]: 		 position
[gazebo-1] [INFO] [1791375393.745343947] [gz_ros_control]: 		 velocity
[gazebo-1] [INFO] [1791375393.745346079] [gz_ros_control]: 	Command:
[gazebo-1] [INFO] [1791375393.745347997] [gz_ros_control]: 		 velocity
[gazebo-1] [INFO] [1791375393.745355401] [gz_ros_control]: Loading joint: front_right_wheel_joint
[gazebo-1] [INFO] [1791375393.745357525] [gz_ros_control]: 	State:
[gazebo-1] [INFO] [1791375393.745361763] [gz_ros_control]: 		 position
[gazebo-1] [INFO] [1791375393.745364474] [gz_ros_control]: 		 velocity
[gazebo-1] [INFO] [1791375393.745366470] [gz_ros_control]: 	Command:
[gazebo-1] [INFO] [1791375393.745368311] [gz_ros_control]: 		 velocity
[gazebo-1] [INFO] [1791375393.745374801] [gz_ros_control]: Loading joint: rear_right_wheel_joint
[gazebo-1] [INFO] [1791375393.745377119] [gz_ros_control]: 	State:
[gazebo-1] [INFO] [1791375393.745379095] [gz_ros_control]: 		 position
[gazebo-1] [INFO] [1791375393.745381150] [gz_ros_control]: 		 velocity
[gazebo-1] [INFO] [1791375393.745383155] [gz_ros_control]: 	Command:
[gazebo-1] [INFO] [1791375393.745385133] [gz_ros_control]: 		 velocity
[gazebo-1] [INFO] [1791375393.745418842] [gz_ros_control]: Loading sensor: imu_0
[gazebo-1] [INFO] [1791375393.745422840] [gz_ros_control]: 	State:
[gazebo-1] [WARN] [1791375393.745425410] [gz_ros_control]: IMU sensor 'imu_0' not found in hardware_info, skipping.
[gazebo-1] [INFO] [1791375393.745488897] [controller_manager]: Initialize hardware 'a200_hardware' 
[gazebo-1] [WARN] [1791375393.745499561] [controller_manager.hardware_component.system.a200_hardware]: Executor is not available during hardware component initialization for 'a200_hardware'. Skipping node creation!
[gazebo-1] [INFO] [1791375393.745543659] [controller_manager]: Successful initialization of hardware 'a200_hardware'
[gazebo-1] [INFO] [1791375393.745630824] [controller_manager]: Activating component 'a200_hardware'.
[gazebo-1] [INFO] [1791375393.745637986] [resource_manager]: 'configure' hardware 'a200_hardware' 
[gazebo-1] [INFO] [1791375393.745641441] [gz_ros_control]: System Successfully configured!
[gazebo-1] [INFO] [1791375393.745644303] [resource_manager]: Successful 'configure' of hardware 'a200_hardware'
[gazebo-1] [INFO] [1791375393.745649285] [resource_manager]: 'activate' hardware 'a200_hardware' 
[gazebo-1] [INFO] [1791375393.745659118] [resource_manager]: Successful 'activate' of hardware 'a200_hardware'
[gazebo-1] [WARN] [1791375393.745709745] [controller_manager]: Component 'a200_hardware' does not have read or write statistics initialized, skipping registration.
[gazebo-1] [INFO] [1791375393.745714169] [controller_manager]: Resource Manager has been successfully initialized. Starting Controller Manager services...
[gazebo-1] [INFO] [1791375393.791624973] [controller_manager]: Loading controller : 'joint_state_broadcaster' of type 'joint_state_broadcaster/JointStateBroadcaster'
[gazebo-1] [INFO] [1791375393.791678212] [controller_manager]: Loading controller 'joint_state_broadcaster'
[gazebo-1] [WARN] [1791375393.795560275] [controller_manager]: The use of remapping arguments to the controller_manager node is deprecated. Please use the '--controller-ros-args' argument of the spawner to pass remapping arguments to the controller node.
[gazebo-1] [INFO] [1791375393.795604030] [controller_manager]: Controller 'joint_state_broadcaster' node arguments: --ros-args --params-file /opt/greenhouse_sim/robot/husky_a200/platform/config/control.yaml --ros-args --remap ~/odom:=platform/odom --remap ~/cmd_vel:=platform/cmd_vel --remap /tf:=tf --remap /tf_static:=tf_static --remap /diagnostics:=diagnostics --remap /dynamic_joint_states:=platform/dynamic_joint_states --remap joint_states:=platform/joint_states --remap ~/reference:=platform/cmd_vel --remap ~/odometry:=platform/odom -p use_sim_time:=true --param use_sim_time:=true 
[spawner-4] [INFO] [1791375393.811126002] [spawner_joint_state_broadcaster]: Loaded joint_state_broadcaster
[gazebo-1] [INFO] [1791375393.812305678] [controller_manager]: Configuring controller: 'joint_state_broadcaster'
[gazebo-1] [INFO] [1791375393.812474777] [joint_state_broadcaster]: 'joints' or 'interfaces' parameter is empty. All available state interfaces will be published
[gazebo-1] [INFO] [1791375393.823840795] [controller_manager]: Activating controllers: [ joint_state_broadcaster ]
[parameter_bridge-7] [INFO] [1791375393.867028668] [simulation_lidar_bridge]: Creating GZ->ROS Bridge: [/sensors/lidar3d_0/scan/points (gz.msgs.PointCloudPacked) -> /simulation/lidar/unfiltered (sensor_msgs/msg/PointCloud2)] (Lazy 0)
[parameter_bridge-6] [INFO] [1791375393.989505074] [simulation_sensor_bridge]: Creating GZ->ROS Bridge: [/sensors/imu_0/data (gz.msgs.IMU) -> /sensors/imu/data (sensor_msgs/msg/Imu)] (Lazy 0)
[parameter_bridge-11] [INFO] [1791375394.058108798] [simulation_contact_bridge]: Creating GZ->ROS Bridge: [/world/pipeline/model/robot/link/base_link/sensor/simulation_contact_0/contact (gz.msgs.Contacts) -> /simulation/contacts (ros_gz_interfaces/msg/Contacts)] (Lazy 0)
[parameter_bridge-11] [INFO] [1791375394.061038552] [simulation_contact_bridge]: Creating GZ->ROS Bridge: [/world/pipeline/model/robot/link/base_link/sensor/simulation_contact_1/contact (gz.msgs.Contacts) -> /simulation/contacts (ros_gz_interfaces/msg/Contacts)] (Lazy 0)
[parameter_bridge-11] [INFO] [1791375394.061562313] [simulation_contact_bridge]: Creating GZ->ROS Bridge: [/world/pipeline/model/robot/link/base_link/sensor/simulation_contact_2/contact (gz.msgs.Contacts) -> /simulation/contacts (ros_gz_interfaces/msg/Contacts)] (Lazy 0)
[parameter_bridge-11] [INFO] [1791375394.061913962] [simulation_contact_bridge]: Creating GZ->ROS Bridge: [/world/pipeline/model/robot/link/base_link/sensor/simulation_contact_3/contact (gz.msgs.Contacts) -> /simulation/contacts (ros_gz_interfaces/msg/Contacts)] (Lazy 0)
[parameter_bridge-11] [INFO] [1791375394.062382125] [simulation_contact_bridge]: Creating GZ->ROS Bridge: [/world/pipeline/model/robot/link/base_link/sensor/simulation_contact_4/contact (gz.msgs.Contacts) -> /simulation/contacts (ros_gz_interfaces/msg/Contacts)] (Lazy 0)
[parameter_bridge-11] [INFO] [1791375394.062902219] [simulation_contact_bridge]: Creating GZ->ROS Bridge: [/world/pipeline/model/robot/link/front_left_wheel_link/sensor/simulation_contact_5/contact (gz.msgs.Contacts) -> /simulation/contacts (ros_gz_interfaces/msg/Contacts)] (Lazy 0)
[parameter_bridge-11] [INFO] [1791375394.063382045] [simulation_contact_bridge]: Creating GZ->ROS Bridge: [/world/pipeline/model/robot/link/front_right_wheel_link/sensor/simulation_contact_6/contact (gz.msgs.Contacts) -> /simulation/contacts (ros_gz_interfaces/msg/Contacts)] (Lazy 0)
[parameter_bridge-11] [INFO] [1791375394.063868200] [simulation_contact_bridge]: Creating GZ->ROS Bridge: [/world/pipeline/model/robot/link/rear_left_wheel_link/sensor/simulation_contact_7/contact (gz.msgs.Contacts) -> /simulation/contacts (ros_gz_interfaces/msg/Contacts)] (Lazy 0)
[parameter_bridge-11] [INFO] [1791375394.064358495] [simulation_contact_bridge]: Creating GZ->ROS Bridge: [/world/pipeline/model/robot/link/rear_right_wheel_link/sensor/simulation_contact_8/contact (gz.msgs.Contacts) -> /simulation/contacts (ros_gz_interfaces/msg/Contacts)] (Lazy 0)
[parameter_bridge-8] [INFO] [1791375394.088172908] [simulation_camera_bridge]: Creating GZ->ROS Bridge: [/sensors/camera_0/image (gz.msgs.Image) -> /sensors/camera/color/image (sensor_msgs/msg/Image)] (Lazy 1)
[parameter_bridge-8] [INFO] [1791375394.090526373] [simulation_camera_bridge]: Creating GZ->ROS Bridge: [/sensors/camera_0/points (gz.msgs.PointCloudPacked) -> /sensors/camera/points (sensor_msgs/msg/PointCloud2)] (Lazy 1)
[gazebo-1] [WARN] [1791375395.649905566] [gz_ros_control]:  Desired controller update period (0.05 s) is slower than the gazebo simulation period (0.003 s).
[gazebo-1] [INFO] [1791375398.010453085] [controller_manager]: Successfully switched controllers!
[spawner-4] [INFO] [1791375398.062448615] [spawner_joint_state_broadcaster]: Configured and activated joint_state_broadcaster
[INFO] [spawner-4]: process has finished cleanly [pid 14395]
[spawner-5] [INFO] [1791375398.377338836] [spawner_platform_velocity_controller]: waiting for service /controller_manager/list_controllers to become available...
[gazebo-1] [INFO] [1791375400.288883375] [controller_manager]: Loading controller : 'platform_velocity_controller' of type 'diff_drive_controller/DiffDriveController'
[gazebo-1] [INFO] [1791375400.288937491] [controller_manager]: Loading controller 'platform_velocity_controller'
[gazebo-1] [WARN] [1791375400.292756479] [controller_manager]: The use of remapping arguments to the controller_manager node is deprecated. Please use the '--controller-ros-args' argument of the spawner to pass remapping arguments to the controller node.
[gazebo-1] [INFO] [1791375400.292801585] [controller_manager]: Controller 'platform_velocity_controller' node arguments: --ros-args --params-file /opt/greenhouse_sim/robot/husky_a200/platform/config/control.yaml --ros-args --remap ~/odom:=platform/odom --remap ~/cmd_vel:=platform/cmd_vel --remap /tf:=tf --remap /tf_static:=tf_static --remap /diagnostics:=diagnostics --remap /dynamic_joint_states:=platform/dynamic_joint_states --remap joint_states:=platform/joint_states --remap ~/reference:=platform/cmd_vel --remap ~/odometry:=platform/odom -p use_sim_time:=true --param use_sim_time:=true 
[spawner-5] [INFO] [1791375400.345294913] [spawner_platform_velocity_controller]: Loaded platform_velocity_controller
[gazebo-1] [INFO] [1791375400.348857340] [controller_manager]: Configuring controller: 'platform_velocity_controller'
[gazebo-1] [INFO] [1791375400.397194113] [controller_manager]: Activating controllers: [ platform_velocity_controller ]
[gazebo-1] [INFO] [1791375400.446038409] [controller_manager]: Successfully switched controllers!
[spawner-5] [INFO] [1791375400.498036105] [spawner_platform_velocity_controller]: Configured and activated platform_velocity_controller
[INFO] [spawner-5]: process has finished cleanly [pid 14396]
[gazebo-1] [WARN] [1791375400.853662056] [platform_velocity_controller]: Velocity command timed out. Braking.
[simulation_ground_startup.py-13] {"result": "settled", "sim_time_s": 1.452, "stable_sim_s": 1.002, "acceleration_norm_mps2": 9.799952899338335, "angular_speed_radps": 0.0018948345328438825, "clock_publishers": 1}
[INFO] [simulation_ground_startup.py-13]: process has finished cleanly [pid 14404]
[INFO] [launch.user]: closed-loop runtime_ready=true hardware_qualified=false mode=simulation
[INFO] [fastlio_mapping-14]: process started with pid [14703]
[INFO] [greenhouse_cloud_normalizer-15]: process started with pid [14704]
[INFO] [greenhouse_cmd_gate-16]: process started with pid [14705]
[INFO] [fast_lio_super_backend-17]: process started with pid [14706]
[INFO] [static_transform_publisher-18]: process started with pid [14718]
[INFO] [terrainAnalysis-19]: process started with pid [14719]
[INFO] [terrainAnalysisExt-20]: process started with pid [14720]
[INFO] [far_planner-21]: process started with pid [14721]
[INFO] [graph_decoder-22]: process started with pid [14722]
[INFO] [controller_server-23]: process started with pid [14723]
[INFO] [lifecycle_manager-24]: process started with pid [14724]
[INFO] [terrain_grid-25]: process started with pid [14725]
[INFO] [command_adapter-26]: process started with pid [14726]
[INFO] [mission-27]: process started with pid [14727]
[gazebo-1] [WARN] [1791375401.873754183] [platform_velocity_controller]: Velocity command timed out. Braking.
[gazebo-1] [WARN] [1791375402.893762201] [platform_velocity_controller]: Velocity command timed out. Braking.
[gazebo-1] [WARN] [1791375403.913947918] [platform_velocity_controller]: Velocity command timed out. Braking.
[greenhouse_cmd_gate-16] [INFO] [1791375404.061485843] [greenhouse_cmd_gate]: gate source=/cmd_vel/nav output=/cmd_vel scope=simulation_fixture auto_recover_after_watchdog=true
[greenhouse_cloud_normalizer-15] [INFO] [1791375405.454055399] [slam_cloud_to_map]: Transforming /localization/registered_cloud_odom into frame map on /localization/registered_cloud
[fast_lio_super_backend-17] [INFO] [1791375405.989170693] [fast_lio_super_backend]: SLAM frames: map -> odom -> base_link
[static_transform_publisher-18] [INFO] [1791375406.350802056] [static_sensor_tf]: Spinning until stopped - publishing transform
[static_transform_publisher-18] translation: ('0.000000', '0.000000', '0.382700')
[static_transform_publisher-18] rotation: ('0.000000', '0.000000', '0.000000', '1.000000')
[static_transform_publisher-18] from 'base_link' to 'livox_frame'
[graph_decoder-22] [INFO] [1791375406.577714072] [graph_decoder]: Graph Decoder Node Initialized
[terrainAnalysis-19] [INFO] [1791375406.991086633] [terrainAnalysis]: terrain analysis: odometry=/localization/global_odometry cloud=/localization/registered_cloud output=/perception/terrain_map frame=map
[lifecycle_manager-24] [INFO] [1791375407.316325731] [mppi_lifecycle_manager]: Creating
[lifecycle_manager-24] [INFO] [1791375407.323384214] [mppi_lifecycle_manager]: [34m[1mCreating and initializing lifecycle service clients[0m[0m
[fastlio_mapping-14] [INFO] [1791375407.444532125] [laser_mapping]: p_pre->lidar_type 5
[fastlio_mapping-14] ~~~~/build/robot/external/fast_lio/ doesn't exist
[fastlio_mapping-14] [INFO] [1791375407.461849006] [laser_mapping]: Node init finished.
[controller_server-23] [INFO] [1791375407.547192743] [controller_server]: 
[controller_server-23] 	controller_server lifecycle node launched. 
[controller_server-23] 	Waiting on external lifecycle transitions to activate
[controller_server-23] 	See https://design.ros2.org/articles/node_lifecycle.html for more information.
[controller_server-23] [INFO] [1791375407.548382396] [controller_server]: Creating controller server
[lifecycle_manager-24] [INFO] [1791375407.549700026] [mppi_lifecycle_manager]: [34m[1mStarting managed nodes bringup...[0m[0m
[lifecycle_manager-24] [INFO] [1791375407.549744153] [mppi_lifecycle_manager]: [34m[1mConfiguring controller_server[0m[0m
[fastlio_mapping-14] [WARN] [1791375407.569937743] [laser_mapping]: No point, skip this scan!
[fastlio_mapping-14] 
[controller_server-23] [INFO] [1791375407.581095652] [local_costmap.local_costmap]: 
[controller_server-23] 	local_costmap lifecycle node launched. 
[controller_server-23] 	Waiting on external lifecycle transitions to activate
[controller_server-23] 	See https://design.ros2.org/articles/node_lifecycle.html for more information.
[controller_server-23] [INFO] [1791375407.582230946] [local_costmap.local_costmap]: Creating Costmap
[controller_server-23] [INFO] [1791375407.585115858] [controller_server]: Configuring controller interface
[controller_server-23] [INFO] [1791375407.585150231] [controller_server]: getting progress checker plugins..
[controller_server-23] [INFO] [1791375407.585457191] [controller_server]: getting goal checker plugins..
[controller_server-23] [INFO] [1791375407.585910141] [controller_server]: Controller frequency set to 20.0000Hz
[controller_server-23] [INFO] [1791375407.586064162] [local_costmap.local_costmap]: Configuring
[controller_server-23] [INFO] [1791375407.601714614] [local_costmap.local_costmap]: Using plugin "terrain"
[controller_server-23] [INFO] [1791375407.607851089] [local_costmap.local_costmap]: Initialized plugin "terrain"
[controller_server-23] [INFO] [1791375407.607921203] [local_costmap.local_costmap]: Using plugin "inflation"
[controller_server-23] [INFO] [1791375407.613479925] [local_costmap.local_costmap]: Initialized plugin "inflation"
[fastlio_mapping-14] [WARN] [1791375407.653661993] [laser_mapping]: No point, skip this scan!
[fastlio_mapping-14] 
[controller_server-23] [INFO] [1791375407.676333660] [controller_server]: Created progress_checker : progress_checker of type nav2_controller::SimpleProgressChecker
[controller_server-23] [INFO] [1791375407.678684452] [controller_server]: Controller Server has progress_checker  progress checkers available.
[controller_server-23] [INFO] [1791375407.679833463] [controller_server]: Created goal checker : goal_checker of type nav2_controller::SimpleGoalChecker
[controller_server-23] [INFO] [1791375407.680821882] [controller_server]: Controller Server has goal_checker  goal checkers available.
[controller_server-23] [INFO] [1791375407.682998646] [controller_server]: Created controller : FollowPath of type nav2_mppi_controller::MPPIController
[far_planner-21] [INFO] [1791375407.689341480] [far_planner]: FAR Planner Node Initiated
[controller_server-23] [INFO] [1791375407.689527029] [controller_server]: Controller period is equal to model dt. Control sequence shifting is ON
[controller_server-23] [INFO] [1791375407.693396370] [controller_server]: ConstraintCritic instantiated with 1 power and 4.000000 weight.
[controller_server-23] [INFO] [1791375407.693446715] [controller_server]: Critic loaded : mppi::critics::ConstraintCritic
[controller_server-23] [INFO] [1791375407.695196566] [controller_server]: InflationCostCritic instantiated with 1 power and 300.000000 / 0.015000 weights. Critic will collision check based on footprint cost.
[controller_server-23] [INFO] [1791375407.695233443] [controller_server]: Critic loaded : mppi::critics::CostCritic
[controller_server-23] [INFO] [1791375407.697763991] [controller_server]: GoalCritic instantiated with 1 power and 5.000000 weight.
[controller_server-23] [INFO] [1791375407.697816578] [controller_server]: Critic loaded : mppi::critics::GoalCritic
[controller_server-23] [INFO] [1791375407.698169036] [controller_server]: GoalAngleCritic instantiated with 1 power, 3.000000 weight, 0.500000 angular threshold and symmetric_yaw_tolerance disabled
[controller_server-23] [INFO] [1791375407.698178109] [controller_server]: Critic loaded : mppi::critics::GoalAngleCritic
[controller_server-23] [INFO] [1791375407.698657042] [controller_server]: ReferenceTrajectoryCritic instantiated with 1 power and 14.000000 weight
[controller_server-23] [INFO] [1791375407.698665770] [controller_server]: Critic loaded : mppi::critics::PathAlignCritic
[controller_server-23] [INFO] [1791375407.699033976] [controller_server]: Critic loaded : mppi::critics::PathFollowCritic
[controller_server-23] [INFO] [1791375407.752915444] [controller_server]: PathAngleCritic instantiated with 1 power and 2.000000 weight. Mode set to: Forward Preference
[controller_server-23] [INFO] [1791375407.752948936] [controller_server]: Critic loaded : mppi::critics::PathAngleCritic
[controller_server-23] [INFO] [1791375407.753324314] [controller_server]: PreferForwardCritic instantiated with 1 power and 5.000000 weight.
[controller_server-23] [INFO] [1791375407.753345190] [controller_server]: Critic loaded : mppi::critics::PreferForwardCritic
[controller_server-23] [INFO] [1791375407.757329616] [controller_server]: Optimizer reset
[controller_server-23] [INFO] [1791375407.768391612] [MPPIController]: Configured MPPI Controller: FollowPath
[controller_server-23] [INFO] [1791375407.768808733] [controller_server]: Controller Server has FollowPath  controllers available.
[far_planner-21] [INFO] [1791375407.782412646] [far_planner]: voxel_dim: 0.100000
[far_planner-21] [INFO] [1791375407.788169829] [far_planner]: FAR Planner ROS Params Initiated
[far_planner-21] [INFO] [1791375407.788258609] [far_planner]: FAR Planner Callback Initiated
[lifecycle_manager-24] [INFO] [1791375407.868007520] [mppi_lifecycle_manager]: [34m[1mActivating controller_server[0m[0m
[controller_server-23] [INFO] [1791375407.869984969] [controller_server]: Activating
[controller_server-23] [INFO] [1791375407.870434930] [local_costmap.local_costmap]: Activating
[controller_server-23] [INFO] [1791375407.870634467] [local_costmap.local_costmap]: Checking transform
[controller_server-23] [INFO] [1791375407.870724128] [local_costmap.local_costmap]: Timed out waiting for transform from base_link to odom to become available, tf error: Invalid frame ID "odom" passed to canTransform argument target_frame - frame does not exist
[far_planner-21] [INFO] [1791375407.892689575] [far_planner]: FAR Planner Processing Objects Initiated
[fastlio_mapping-14] [WARN] [1791375407.990656528] [laser_mapping]: No point, skip this scan!
[fastlio_mapping-14] 
[fastlio_mapping-14] [WARN] [1791375408.027984978] [laser_mapping]: No point, skip this scan!
[fastlio_mapping-14] 
[fastlio_mapping-14] [WARN] [1791375408.079355934] [laser_mapping]: No point, skip this scan!
[fastlio_mapping-14] 
[fastlio_mapping-14] [WARN] [1791375408.127739642] [laser_mapping]: No point, skip this scan!
[fastlio_mapping-14] 
[fastlio_mapping-14] [WARN] [1791375408.157124982] [laser_mapping]: No point, skip this scan!
[fastlio_mapping-14] 
[fastlio_mapping-14] IMU Initial Done
[fastlio_mapping-14] [WARN] [1791375408.208198478] [laser_mapping]: No point, skip this scan!
[fastlio_mapping-14] 
[fastlio_mapping-14] [WARN] [1791375408.259231610] [laser_mapping]: No point, skip this scan!
[fastlio_mapping-14] 
[fastlio_mapping-14] [INFO] [1791375408.308098242] [laser_mapping]: Initialize the map kdtree
[controller_server-23] [INFO] [1791375408.370872703] [local_costmap.local_costmap]: start
[controller_server-23] [WARN] [1791375408.421058865] [controller_server]: Parameter controller_server.verbose not found
[controller_server-23] [INFO] [1791375408.422420888] [controller_server]: Optimizer reset
[controller_server-23] [INFO] [1791375408.422722384] [MPPIController]: Activated MPPI Controller: FollowPath
[controller_server-23] [INFO] [1791375408.422747336] [controller_server]: Creating bond (controller_server) to lifecycle manager.
[lifecycle_manager-24] [INFO] [1791375408.533545843] [mppi_lifecycle_manager]: Server controller_server connected with bond.
[lifecycle_manager-24] [INFO] [1791375408.533648778] [mppi_lifecycle_manager]: [34m[1mManaged nodes are active[0m[0m
[lifecycle_manager-24] [INFO] [1791375408.533661910] [mppi_lifecycle_manager]: [34m[1mCreating bond timer...[0m[0m
[far_planner-21] [2J[0;0H
[far_planner-21] [1;33m **************** DYNAMIC ENV PLANNING **************** [0m
[far_planner-21] 
[far_planner-21] 
[far_planner-21] 
[far_planner-21] [INFO] [1791375408.892996621] [far_planner]: FAR Planner Initiated Complete
[far_planner-21] [A[A[2K[1;32m V-Graph Initialized [0m
[far_planner-21] 
[far_planner-21] [2K    Adding Goal to V-Graph Time: 0ms
[far_planner-21] [2K    Path Search Time: 0ms
[far_planner-21] [2K    Local V-Graph Updated. Number of local vertices: 0
[far_planner-21] [2K    Number of new vertices adding to global V-Graph: 0
[far_planner-21]     Total V-Graph Update Time: 0.874ms
[far_planner-21] [2K    Global V-Graph Updated. Number of global vertices: 1
[far_planner-21] [A[A[A[A[A[A[2K    Adding Goal to V-Graph Time: 0.01ms
[far_planner-21] [2K    Path Search Time: 0.254ms
[far_planner-21] [2K    Local V-Graph Updated. Number of local vertices: 0
[far_planner-21] [2K    Number of new vertices adding to global V-Graph: 0
[far_planner-21]     Total V-Graph Update Time: 0.701ms
[far_planner-21] [2K    Global V-Graph Updated. Number of global vertices: 2
[controller_server-23] [INFO] [1791375409.432164771] [controller_server]: Received a goal, begin computing control effort.
[controller_server-23] [INFO] [1791375409.437466495] [controller_server]: Optimizer reset
[controller_server-23] [INFO] [1791375409.439180799] [controller_server]: Optimizer reset
[controller_server-23] [ERROR] [1791375409.439358625] [controller_server]: Optimizer fail to compute path
[controller_server-23] [INFO] [1791375409.440614281] [controller_server]: Optimizer reset
[controller_server-23] [WARN] [1791375409.440644893] [controller_server]: [follow_path] [ActionServer] Aborting handle.
[far_planner-21] [A[A[A[A[A[A[2K    Adding Goal to V-Graph Time: 0.014ms
[far_planner-21] [2K    Path Search Time: 0.235ms
[far_planner-21] [2K    Local V-Graph Updated. Number of local vertices: 0
[far_planner-21] [2K    Number of new vertices adding to global V-Graph: 0
[far_planner-21]     Total V-Graph Update Time: 0.729ms
[far_planner-21] [2K    Global V-Graph Updated. Number of global vertices: 2
[controller_server-23] [INFO] [1791375409.654459879] [controller_server]: Received a goal, begin computing control effort.
[controller_server-23] [INFO] [1791375409.656314971] [controller_server]: Optimizer reset
[controller_server-23] [INFO] [1791375409.658404202] [controller_server]: Optimizer reset
[controller_server-23] [ERROR] [1791375409.658472374] [controller_server]: Optimizer fail to compute path
[controller_server-23] [INFO] [1791375409.659436086] [controller_server]: Optimizer reset
[controller_server-23] [WARN] [1791375409.659583911] [controller_server]: [follow_path] [ActionServer] Aborting handle.
[far_planner-21] [A[A[A[A[A[A[2K    Adding Goal to V-Graph Time: 0.012ms
[far_planner-21] [2K    Path Search Time: 0.142ms
[far_planner-21] [2K    Local V-Graph Updated. Number of local vertices: 0
[far_planner-21] [2K    Number of new vertices adding to global V-Graph: 0
[far_planner-21]     Total V-Graph Update Time: 0.589ms
[far_planner-21] [2K    Global V-Graph Updated. Number of global vertices: 2
[controller_server-23] [INFO] [1791375409.886368556] [controller_server]: Received a goal, begin computing control effort.
[controller_server-23] [INFO] [1791375409.889264045] [controller_server]: Optimizer reset
[controller_server-23] [INFO] [1791375409.890827350] [controller_server]: Optimizer reset
[controller_server-23] [ERROR] [1791375409.890884661] [controller_server]: Optimizer fail to compute path
[controller_server-23] [INFO] [1791375409.891800450] [controller_server]: Optimizer reset
[controller_server-23] [WARN] [1791375409.891831206] [controller_server]: [follow_path] [ActionServer] Aborting handle.
[WARNING] [launch]: user interrupted with ctrl-c (SIGINT)
[controller_server-23] [INFO] [1791375409.987241317] [rclcpp]: signal_handler(SIGINT/SIGTERM)
[controller_server-23] [INFO] [1791375409.987315170] [controller_server]: Running Nav2 LifecycleNode rcl preshutdown (controller_server)
[terrainAnalysisExt-20] [INFO] [1791375409.987231789] [rclcpp]: signal_handler(SIGINT/SIGTERM)
[terrain_grid-25] [INFO] [1791375409.987225699] [rclcpp]: signal_handler(SIGINT/SIGTERM)
[mission-27] Traceback (most recent call last):
[mission-27]   File "/opt/greenhouse/lib/greenhouse_mppi_navigation/mission", line 3, in <module>
[mission-27]     main()
[mission-27]   File "/opt/greenhouse/lib/python3.12/site-packages/greenhouse_mppi_navigation/mission.py", line 315, in main
[fastlio_mapping-14] catch sig %d2
[graph_decoder-22] [INFO] [1791375409.987281267] [rclcpp]: signal_handler(SIGINT/SIGTERM)
[lifecycle_manager-24] [INFO] [1791375409.987291893] [rclcpp]: signal_handler(SIGINT/SIGTERM)
[lifecycle_manager-24] [INFO] [1791375409.987369709] [mppi_lifecycle_manager]: Running Nav2 LifecycleManager rcl preshutdown (mppi_lifecycle_manager)
[lifecycle_manager-24] [INFO] [1791375409.987399273] [mppi_lifecycle_manager]: [34m[1mTerminating bond timer...[0m[0m
[greenhouse_cloud_normalizer-15] [INFO] [1791375409.987342218] [rclcpp]: signal_handler(SIGINT/SIGTERM)
[far_planner-21] [INFO] [1791375409.987298653] [rclcpp]: signal_handler(SIGINT/SIGTERM)
[static_transform_publisher-18] [INFO] [1791375409.987295099] [rclcpp]: signal_handler(SIGINT/SIGTERM)
[fast_lio_super_backend-17] [INFO] [1791375409.987348702] [rclcpp]: signal_handler(SIGINT/SIGTERM)
[controller_server-23] [INFO] [1791375409.987366289] [controller_server]: Deactivating
[controller_server-23] [INFO] [1791375409.987393488] [MPPIController]: Deactivated MPPI Controller: FollowPath
[controller_server-23] [INFO] [1791375409.987405973] [local_costmap.local_costmap]: Deactivating
[greenhouse_cmd_sink-9] [INFO] [1791375409.987390365] [rclcpp]: signal_handler(SIGINT/SIGTERM)
[parameter_bridge-8] [INFO] [1791375409.987396822] [rclcpp]: signal_handler(SIGINT/SIGTERM)
[parameter_bridge-11] [INFO] [1791375409.987404303] [rclcpp]: signal_handler(SIGINT/SIGTERM)
[mission-27]     if rclpy.ok(): node.cancel_control()
[mission-27]                    ^^^^^^^^^^^^^^^^^^^^^
[mission-27]   File "/opt/greenhouse/lib/python3.12/site-packages/greenhouse_mppi_navigation/mission.py", line 153, in cancel_control
[mission-27]     self.enabled.publish(Bool(data=False)); self.control_feedback=False
[mission-27]     ^^^^^^^^^^^^^^^^^^^^^^^^^^^^^^^^^^^^^^
[mission-27]   File "/opt/ros/jazzy/lib/python3.12/site-packages/rclpy/publisher.py", line 70, in publish
[mission-27]     self.__publisher.publish(msg)
[mission-27] rclpy._rclpy_pybind11.RCLError: Failed to publish: publisher's context is invalid, at ./src/rcl/publisher.c:423
[robot_state_publisher-3] [INFO] [1791375409.987439869] [rclcpp]: signal_handler(SIGINT/SIGTERM)
[INFO] [parameter_bridge-8]: process has finished cleanly [pid 14399]
[parameter_bridge-7] [INFO] [1791375409.988787458] [rclcpp]: signal_handler(SIGINT/SIGTERM)
[parameter_bridge-2] [INFO] [1791375409.988966735] [rclcpp]: signal_handler(SIGINT/SIGTERM)
[parameter_bridge-6] [INFO] [1791375409.990710816] [rclcpp]: signal_handler(SIGINT/SIGTERM)
[INFO] [mission-27]: sending signal 'SIGINT' to process[mission-27]
[INFO] [parameter_bridge-11]: process has finished cleanly [pid 14402]
[INFO] [command_adapter-26]: sending signal 'SIGINT' to process[command_adapter-26]
[INFO] [parameter_bridge-7]: process has finished cleanly [pid 14398]
[INFO] [terrain_grid-25]: sending signal 'SIGINT' to process[terrain_grid-25]
[ERROR] [mission-27]: process has died [pid 14727, exit code -2, cmd '/opt/greenhouse/lib/greenhouse_mppi_navigation/mission --ros-args -r __node:=tracked_mission --params-file /tmp/launch_params_mo6zebqy'].
[INFO] [parameter_bridge-2]: process has finished cleanly [pid 14392]
[INFO] [lifecycle_manager-24]: sending signal 'SIGINT' to process[lifecycle_manager-24]
[ERROR] [command_adapter-26]: process has died [pid 14726, exit code -2, cmd '/opt/greenhouse/lib/greenhouse_mppi_navigation/command_adapter --ros-args -r __node:=mppi_command_adapter --params-file /tmp/launch_params_cvcoyut1'].
[INFO] [parameter_bridge-6]: process has finished cleanly [pid 14397]
[ERROR] [terrain_grid-25]: process has died [pid 14725, exit code -2, cmd '/opt/greenhouse/lib/greenhouse_mppi_navigation/terrain_grid --ros-args -r __node:=terrain_grid --params-file /tmp/launch_params_8u7la1kw'].
[INFO] [controller_server-23]: sending signal 'SIGINT' to process[controller_server-23]
[ERROR] [lifecycle_manager-24]: process has died [pid 14724, exit code -2, cmd '/opt/ros/jazzy/lib/nav2_lifecycle_manager/lifecycle_manager --ros-args -r __node:=mppi_lifecycle_manager --params-file /tmp/launch_params_91tljdm7'].
[INFO] [graph_decoder-22]: sending signal 'SIGINT' to process[graph_decoder-22]
[INFO] [far_planner-21]: sending signal 'SIGINT' to process[far_planner-21]
[ERROR] [controller_server-23]: process has died [pid 14723, exit code -2, cmd '/opt/ros/jazzy/lib/nav2_controller/controller_server --ros-args -r __node:=controller_server --params-file /tmp/tmp8i9ftwii --params-file /tmp/launch_params_lgkpnxyc -r cmd_vel:=/navigation/mppi_cmd'].
[INFO] [terrainAnalysisExt-20]: sending signal 'SIGINT' to process[terrainAnalysisExt-20]
[ERROR] [graph_decoder-22]: process has died [pid 14722, exit code -2, cmd '/opt/greenhouse_far/lib/graph_decoder/graph_decoder --ros-args -r __node:=graph_decoder --params-file /tmp/launch_params_s28jq18l'].
[INFO] [terrainAnalysis-19]: sending signal 'SIGINT' to process[terrainAnalysis-19]
[ERROR] [far_planner-21]: process has died [pid 14721, exit code -2, cmd '/opt/greenhouse_far/lib/far_planner/far_planner --ros-args -r __node:=far_planner --params-file /opt/greenhouse_far/share/far_planner/config/default.yaml --params-file /tmp/launch_params_mp4in87a -r /odom_world:=/localization/global_odometry -r /terrain_cloud:=/perception/terrain_map_ext -r /scan_cloud:=/localization/registered_cloud -r /goal_point:=/planning/global_goal -r /terrain_local_cloud:=/perception/terrain_map -r /way_point:=/planning/way_point'].
[ERROR] [terrainAnalysisExt-20]: process has died [pid 14720, exit code -2, cmd '/opt/greenhouse_far/lib/terrain_analysis_ext/terrainAnalysisExt --ros-args -r __node:=terrain_analysis_ext --params-file /tmp/launch_params_8mdoys6a -r /state_estimation:=/localization/global_odometry -r /registered_scan:=/localization/registered_cloud -r /terrain_map:=/perception/terrain_map -r /terrain_map_ext:=/perception/terrain_map_ext'].
[INFO] [static_transform_publisher-18]: sending signal 'SIGINT' to process[static_transform_publisher-18]
[INFO] [fast_lio_super_backend-17]: sending signal 'SIGINT' to process[fast_lio_super_backend-17]
[INFO] [greenhouse_cmd_gate-16]: sending signal 'SIGINT' to process[greenhouse_cmd_gate-16]
[ERROR] [static_transform_publisher-18]: process has died [pid 14718, exit code -2, cmd '/opt/ros/jazzy/lib/tf2_ros/static_transform_publisher --frame-id base_link --child-frame-id livox_frame --x 0.0 --y 0.0 --z 0.3827 --roll 0.0 --pitch 0.0 --yaw 0.0 --ros-args -r __node:=static_sensor_tf --params-file /tmp/launch_params_d4k3ueva'].
[INFO] [greenhouse_cloud_normalizer-15]: sending signal 'SIGINT' to process[greenhouse_cloud_normalizer-15]
[ERROR] [fast_lio_super_backend-17]: process has died [pid 14706, exit code -2, cmd '/opt/greenhouse/lib/fast_lio_super_ros2/fast_lio_super_backend --ros-args -r __node:=fast_lio_super_backend --params-file /opt/greenhouse/share/fast_lio_super_ros2/config/backend.yaml --params-file /tmp/launch_params_5sqvg1l6 -r odometry:=/localization/odometry -r registered_cloud:=/localization/registered_cloud_odom -r global_odometry:=/localization/global_odometry -r global_pose:=/localization/global_pose -r corrected_path:=/localization/corrected_path -r corrected_map:=/localization/corrected_map -r diagnostics:=/diagnostics'].
[INFO] [fastlio_mapping-14]: sending signal 'SIGINT' to process[fastlio_mapping-14]
[ERROR] [greenhouse_cloud_normalizer-15]: process has died [pid 14704, exit code -2, cmd '/opt/greenhouse/lib/greenhouse_cloud_normalizer/greenhouse_cloud_normalizer --ros-args -r __node:=slam_cloud_to_map --params-file /tmp/launch_params_c5mbbqbd'].
[INFO] [simulation_lidar_filter.py-12]: sending signal 'SIGINT' to process[simulation_lidar_filter.py-12]
[INFO] [greenhouse_cmd_sink-9]: sending signal 'SIGINT' to process[greenhouse_cmd_sink-9]
[ERROR] [fastlio_mapping-14]: process has died [pid 14703, exit code -2, cmd '/opt/greenhouse/lib/fast_lio/fastlio_mapping --ros-args -r __node:=laser_mapping --params-file /opt/greenhouse/share/greenhouse_mppi_navigation/config/fastlio.yaml --params-file /tmp/launch_params_3lv7wvng'].
[ERROR] [simulation_lidar_filter.py-12]: process has died [pid 14403, exit code -2, cmd '/opt/greenhouse/lib/greenhouse_nav2_bringup/simulation_lidar_filter.py --ros-args --params-file /tmp/launch_params_8k55x8k7'].
[ERROR] [greenhouse_cmd_sink-9]: process has died [pid 14400, exit code -2, cmd '/opt/greenhouse/lib/greenhouse_cmd_gate/greenhouse_cmd_sink --ros-args -r __node:=greenhouse_sim_cmd_sink --params-file /opt/greenhouse/share/greenhouse_nav2_bringup/config/simulation/command-gate.yaml --params-file /tmp/launch_params_0iquk2m7'].
[INFO] [robot_state_publisher-3]: sending signal 'SIGINT' to process[robot_state_publisher-3]
[INFO] [gazebo-1]: sending signal 'SIGINT' to process[gazebo-1]
[ERROR] [robot_state_publisher-3]: process has died [pid 14393, exit code -2, cmd '/opt/ros/jazzy/lib/robot_state_publisher/robot_state_publisher --ros-args --params-file /tmp/launch_params_vpldq86i -r /tf:=tf -r /tf_static:=tf_static -r joint_states:=platform/joint_states'].
[lifecycle_manager-24] [INFO] [1791375410.056205951] [mppi_lifecycle_manager]: Destroying mppi_lifecycle_manager
[controller_server-23] [INFO] [1791375410.072738824] [controller_server]: Destroying bond (controller_server) to lifecycle manager.
[controller_server-23] [INFO] [1791375410.083005087] [controller_server]: Cleaning up
[controller_server-23] [INFO] [1791375410.083122651] [MPPIController]: Cleaned up MPPI Controller: FollowPath
[controller_server-23] [INFO] [1791375410.083551393] [local_costmap.local_costmap]: Cleaning up
[controller_server-23] [INFO] [1791375410.175170927] [controller_server]: Destroying bond (controller_server) to lifecycle manager.
[controller_server-23] [INFO] [1791375410.180795167] [local_costmap.local_costmap]: Destroying
[controller_server-23] [INFO] [1791375410.188240314] [controller_server]: Destroying
[INFO] [terrainAnalysis-19]: process has finished cleanly [pid 14719]
[INFO] [greenhouse_cmd_gate-16]: process has finished cleanly [pid 14705]
[gazebo-1] Stack trace (most recent call last) in thread 14498:
[gazebo-1] #0    Object "[0x7bb5d433db10]", at 0x7bb5d433db10, in 
[gazebo-1] Segmentation fault (Invalid permissions for mapped object [0x7bb5d433db10])
[ERROR] [gazebo-1]: process[gazebo-1] failed to terminate '5' seconds after receiving 'SIGINT', escalating to 'SIGTERM'
[INFO] [gazebo-1]: sending signal 'SIGTERM' to process[gazebo-1]
[ERROR] [gazebo-1]: process has died [pid 14391, exit code -15, cmd 'ruby /opt/ros/jazzy/opt/gz_tools_vendor/bin/gz sim -r -s --headless-rendering /evidence/candidate-matrix/pipeline_husky_a200_r2/pipeline-runtime.sdf --force-version 8'].
