[INFO] [launch]: All log files can be found below /root/.ros/log/2026-10-07-12-22-14-314766-DW-17279
[INFO] [launch]: Default logging verbosity is set to INFO
[INFO] [gazebo-1]: process started with pid [17379]
[INFO] [parameter_bridge-2]: process started with pid [17380]
[INFO] [robot_state_publisher-3]: process started with pid [17382]
[INFO] [spawner-4]: process started with pid [17383]
[INFO] [spawner-5]: process started with pid [17384]
[INFO] [parameter_bridge-6]: process started with pid [17385]
[INFO] [parameter_bridge-7]: process started with pid [17386]
[INFO] [parameter_bridge-8]: process started with pid [17387]
[INFO] [greenhouse_cmd_sink-9]: process started with pid [17388]
[INFO] [create-10]: process started with pid [17389]
[INFO] [parameter_bridge-11]: process started with pid [17390]
[INFO] [simulation_lidar_filter.py-12]: process started with pid [17391]
[INFO] [simulation_ground_startup.py-13]: process started with pid [17392]
[robot_state_publisher-3] [INFO] [1791375736.474794771] [robot_state_publisher]: Robot initialized
[parameter_bridge-2] [INFO] [1791375738.075325800] [simulation_clock_bridge]: Creating GZ->ROS Bridge: [/clock (gz.msgs.Clock) -> /clock (rosgraph_msgs/msg/Clock)] (Lazy 0)
[create-10] [INFO] [1791375738.093662578] [create_jackal_j100]: Entity creation successful.
[gazebo-1] [1;33mWarning [Utils.cc:132][0m [/sdf/model[@name="j100-0000"]/link[@name="base_link"]/sensor[@name="camera_0"]/camera/gz_frame_id:///evidence/capture-supplement/pipeline_jackal_j100_rviz_retry/robot-instrumented.sdf:L163]: XML Element[gz_frame_id], child of element[camera], not defined in SDF. Copying[gz_frame_id] as children of [camera].
[gazebo-1] [1;33mWarning [Utils.cc:132][0m [/sdf/model[@name="j100-0000"]/link[@name="base_link"]/sensor[@name="camera_0"]/gz_frame_id:///evidence/capture-supplement/pipeline_jackal_j100_rviz_retry/robot-instrumented.sdf:L170]: XML Element[gz_frame_id], child of element[sensor], not defined in SDF. Copying[gz_frame_id] as children of [sensor].
[gazebo-1] [1;33mWarning [Utils.cc:132][0m [/sdf/model[@name="j100-0000"]/link[@name="base_link"]/sensor[@name="lidar3d_0"]/gz_frame_id:///evidence/capture-supplement/pipeline_jackal_j100_rviz_retry/robot-instrumented.sdf:L199]: XML Element[gz_frame_id], child of element[sensor], not defined in SDF. Copying[gz_frame_id] as children of [sensor].
[gazebo-1] [1;33mWarning [Utils.cc:132][0m [/sdf/model[@name="j100-0000"]/link[@name="base_link"]/sensor[@name="imu_0"]/gz_frame_id:///evidence/capture-supplement/pipeline_jackal_j100_rviz_retry/robot-instrumented.sdf:L207]: XML Element[gz_frame_id], child of element[sensor], not defined in SDF. Copying[gz_frame_id] as children of [sensor].
[gazebo-1] [1;33mWarning [Utils.cc:132][0m [/sdf/model[@name="j100-0000"]/link[@name="base_link"]/sensor[@name="gps_0"]/gz_frame_id:///evidence/capture-supplement/pipeline_jackal_j100_rviz_retry/robot-instrumented.sdf:L215]: XML Element[gz_frame_id], child of element[sensor], not defined in SDF. Copying[gz_frame_id] as children of [sensor].
[spawner-5] [INFO] [1791375738.179960272] [spawner_platform_velocity_controller]: waiting for service /controller_manager/list_controllers to become available...
[INFO] [create-10]: process has finished cleanly [pid 17389]
[gazebo-1] [INFO] [1791375738.778086947] [gz_ros_control]: Loading controller_manager
[gazebo-1] [INFO] [1791375738.796692620] [controller_manager]: Using ROS clock for triggering controller manager cycles.
[gazebo-1] [WARN] [1791375738.796746402] [controller_manager]: The resource manager is not yet initialized, will wait for the robot description to initialize it..
[gazebo-1] [INFO] [1791375738.804353449] [controller_manager]: Subscribing to '/robot_description' topic for robot description.
[gazebo-1] [WARN] [1791375738.804428220] [gz_ros_control]: Waiting RM to load and initialize hardware...
[gazebo-1] [INFO] [1791375738.815901270] [controller_manager]: Received robot description from topic.
[gazebo-1] [INFO] [1791375738.816021667] [controller_manager]: Enforcing command limits is disabled. Command limits from URDF will be ignored.
[gazebo-1] [INFO] [1791375738.819246547] [gz_ros_control]: The position_proportional_gain has been set to: 0.1
[gazebo-1] [INFO] [1791375738.819339616] [gz_ros_control]: Loading joint: front_left_wheel_joint
[gazebo-1] [INFO] [1791375738.819345588] [gz_ros_control]: 	State:
[gazebo-1] [INFO] [1791375738.819349726] [gz_ros_control]: 		 position
[gazebo-1] [INFO] [1791375738.819352303] [gz_ros_control]: 		 velocity
[gazebo-1] [INFO] [1791375738.819357503] [gz_ros_control]: 	Command:
[gazebo-1] [INFO] [1791375738.819359392] [gz_ros_control]: 		 velocity
[gazebo-1] [INFO] [1791375738.819368302] [gz_ros_control]: Loading joint: front_right_wheel_joint
[gazebo-1] [INFO] [1791375738.819370495] [gz_ros_control]: 	State:
[gazebo-1] [INFO] [1791375738.819372372] [gz_ros_control]: 		 position
[gazebo-1] [INFO] [1791375738.819376379] [gz_ros_control]: 		 velocity
[gazebo-1] [INFO] [1791375738.819378261] [gz_ros_control]: 	Command:
[gazebo-1] [INFO] [1791375738.819379881] [gz_ros_control]: 		 velocity
[gazebo-1] [INFO] [1791375738.819397920] [gz_ros_control]: Loading joint: rear_left_wheel_joint
[gazebo-1] [INFO] [1791375738.819401235] [gz_ros_control]: 	State:
[gazebo-1] [INFO] [1791375738.819403614] [gz_ros_control]: 		 position
[gazebo-1] [INFO] [1791375738.819405924] [gz_ros_control]: 		 velocity
[gazebo-1] [INFO] [1791375738.819407735] [gz_ros_control]: 	Command:
[gazebo-1] [INFO] [1791375738.819409403] [gz_ros_control]: 		 velocity
[gazebo-1] [INFO] [1791375738.819414730] [gz_ros_control]: Loading joint: rear_right_wheel_joint
[gazebo-1] [INFO] [1791375738.819416719] [gz_ros_control]: 	State:
[gazebo-1] [INFO] [1791375738.819418481] [gz_ros_control]: 		 position
[gazebo-1] [INFO] [1791375738.819420371] [gz_ros_control]: 		 velocity
[gazebo-1] [INFO] [1791375738.819422086] [gz_ros_control]: 	Command:
[gazebo-1] [INFO] [1791375738.819423872] [gz_ros_control]: 		 velocity
[gazebo-1] [INFO] [1791375738.819454356] [gz_ros_control]: Loading sensor: imu_0
[gazebo-1] [INFO] [1791375738.819458522] [gz_ros_control]: 	State:
[gazebo-1] [WARN] [1791375738.819460941] [gz_ros_control]: IMU sensor 'imu_0' not found in hardware_info, skipping.
[gazebo-1] [INFO] [1791375738.819522390] [controller_manager]: Initialize hardware 'j100_hardware' 
[gazebo-1] [WARN] [1791375738.819533637] [controller_manager.hardware_component.system.j100_hardware]: Executor is not available during hardware component initialization for 'j100_hardware'. Skipping node creation!
[gazebo-1] [INFO] [1791375738.819573745] [controller_manager]: Successful initialization of hardware 'j100_hardware'
[gazebo-1] [INFO] [1791375738.819663270] [controller_manager]: Activating component 'j100_hardware'.
[gazebo-1] [INFO] [1791375738.819670451] [resource_manager]: 'configure' hardware 'j100_hardware' 
[gazebo-1] [INFO] [1791375738.819673498] [gz_ros_control]: System Successfully configured!
[gazebo-1] [INFO] [1791375738.819676241] [resource_manager]: Successful 'configure' of hardware 'j100_hardware'
[gazebo-1] [INFO] [1791375738.819681218] [resource_manager]: 'activate' hardware 'j100_hardware' 
[gazebo-1] [INFO] [1791375738.819690628] [resource_manager]: Successful 'activate' of hardware 'j100_hardware'
[gazebo-1] [WARN] [1791375738.819739621] [controller_manager]: Component 'j100_hardware' does not have read or write statistics initialized, skipping registration.
[gazebo-1] [INFO] [1791375738.819743954] [controller_manager]: Resource Manager has been successfully initialized. Starting Controller Manager services...
[gazebo-1] [INFO] [1791375738.933044140] [controller_manager]: Loading controller : 'platform_velocity_controller' of type 'diff_drive_controller/DiffDriveController'
[gazebo-1] [INFO] [1791375738.933098343] [controller_manager]: Loading controller 'platform_velocity_controller'
[gazebo-1] [WARN] [1791375738.936962397] [controller_manager]: The use of remapping arguments to the controller_manager node is deprecated. Please use the '--controller-ros-args' argument of the spawner to pass remapping arguments to the controller node.
[gazebo-1] [INFO] [1791375738.937002940] [controller_manager]: Controller 'platform_velocity_controller' node arguments: --ros-args --params-file /opt/greenhouse_sim/robot/jackal_j100/platform/config/control.yaml --ros-args --remap ~/odom:=platform/odom --remap ~/cmd_vel:=platform/cmd_vel --remap /tf:=tf --remap /tf_static:=tf_static --remap /diagnostics:=diagnostics --remap /dynamic_joint_states:=platform/dynamic_joint_states --remap joint_states:=platform/joint_states --remap ~/reference:=platform/cmd_vel --remap ~/odometry:=platform/odom -p use_sim_time:=true --param use_sim_time:=true 
[spawner-5] [INFO] [1791375738.957130695] [spawner_platform_velocity_controller]: Loaded platform_velocity_controller
[gazebo-1] [INFO] [1791375738.958406745] [controller_manager]: Configuring controller: 'platform_velocity_controller'
[gazebo-1] [INFO] [1791375738.969610763] [controller_manager]: Activating controllers: [ platform_velocity_controller ]
[parameter_bridge-11] [INFO] [1791375740.443603114] [simulation_contact_bridge]: Creating GZ->ROS Bridge: [/world/pipeline/model/robot/link/base_link/sensor/simulation_contact_0/contact (gz.msgs.Contacts) -> /simulation/contacts (ros_gz_interfaces/msg/Contacts)] (Lazy 0)
[parameter_bridge-11] [INFO] [1791375740.446970521] [simulation_contact_bridge]: Creating GZ->ROS Bridge: [/world/pipeline/model/robot/link/base_link/sensor/simulation_contact_1/contact (gz.msgs.Contacts) -> /simulation/contacts (ros_gz_interfaces/msg/Contacts)] (Lazy 0)
[parameter_bridge-11] [INFO] [1791375740.447589135] [simulation_contact_bridge]: Creating GZ->ROS Bridge: [/world/pipeline/model/robot/link/base_link/sensor/simulation_contact_2/contact (gz.msgs.Contacts) -> /simulation/contacts (ros_gz_interfaces/msg/Contacts)] (Lazy 0)
[parameter_bridge-11] [INFO] [1791375740.448075314] [simulation_contact_bridge]: Creating GZ->ROS Bridge: [/world/pipeline/model/robot/link/front_left_wheel_link/sensor/simulation_contact_3/contact (gz.msgs.Contacts) -> /simulation/contacts (ros_gz_interfaces/msg/Contacts)] (Lazy 0)
[parameter_bridge-11] [INFO] [1791375740.448746009] [simulation_contact_bridge]: Creating GZ->ROS Bridge: [/world/pipeline/model/robot/link/front_right_wheel_link/sensor/simulation_contact_4/contact (gz.msgs.Contacts) -> /simulation/contacts (ros_gz_interfaces/msg/Contacts)] (Lazy 0)
[parameter_bridge-11] [INFO] [1791375740.449207589] [simulation_contact_bridge]: Creating GZ->ROS Bridge: [/world/pipeline/model/robot/link/rear_left_wheel_link/sensor/simulation_contact_5/contact (gz.msgs.Contacts) -> /simulation/contacts (ros_gz_interfaces/msg/Contacts)] (Lazy 0)
[parameter_bridge-11] [INFO] [1791375740.449769746] [simulation_contact_bridge]: Creating GZ->ROS Bridge: [/world/pipeline/model/robot/link/rear_right_wheel_link/sensor/simulation_contact_6/contact (gz.msgs.Contacts) -> /simulation/contacts (ros_gz_interfaces/msg/Contacts)] (Lazy 0)
[parameter_bridge-6] [INFO] [1791375740.590236448] [simulation_sensor_bridge]: Creating GZ->ROS Bridge: [/sensors/imu_0/data_raw (gz.msgs.IMU) -> /sensors/imu/data (sensor_msgs/msg/Imu)] (Lazy 0)
[parameter_bridge-7] [INFO] [1791375740.685462109] [simulation_lidar_bridge]: Creating GZ->ROS Bridge: [/sensors/lidar3d_0/scan/points (gz.msgs.PointCloudPacked) -> /simulation/lidar/unfiltered (sensor_msgs/msg/PointCloud2)] (Lazy 0)
[parameter_bridge-8] [INFO] [1791375740.738144257] [simulation_camera_bridge]: Creating GZ->ROS Bridge: [/sensors/camera_0/image (gz.msgs.Image) -> /sensors/camera/color/image (sensor_msgs/msg/Image)] (Lazy 1)
[parameter_bridge-8] [INFO] [1791375740.740988237] [simulation_camera_bridge]: Creating GZ->ROS Bridge: [/sensors/camera_0/points (gz.msgs.PointCloudPacked) -> /sensors/camera/points (sensor_msgs/msg/PointCloud2)] (Lazy 1)
[gazebo-1] [WARN] [1791375742.047581741] [gz_ros_control]:  Desired controller update period (0.02 s) is slower than the gazebo simulation period (0.003 s).
[gazebo-1] [INFO] [1791375744.320442773] [controller_manager]: Successfully switched controllers!
[spawner-5] [INFO] [1791375744.342386524] [spawner_platform_velocity_controller]: Configured and activated platform_velocity_controller
[INFO] [spawner-5]: process has finished cleanly [pid 17384]
[spawner-4] [INFO] [1791375744.741906252] [spawner_joint_state_broadcaster]: waiting for service /controller_manager/list_controllers to become available...
[gazebo-1] [INFO] [1791375744.995311493] [controller_manager]: Loading controller : 'joint_state_broadcaster' of type 'joint_state_broadcaster/JointStateBroadcaster'
[gazebo-1] [INFO] [1791375744.995374421] [controller_manager]: Loading controller 'joint_state_broadcaster'
[gazebo-1] [WARN] [1791375745.000384775] [controller_manager]: The use of remapping arguments to the controller_manager node is deprecated. Please use the '--controller-ros-args' argument of the spawner to pass remapping arguments to the controller node.
[gazebo-1] [INFO] [1791375745.000453586] [controller_manager]: Controller 'joint_state_broadcaster' node arguments: --ros-args --params-file /opt/greenhouse_sim/robot/jackal_j100/platform/config/control.yaml --ros-args --remap ~/odom:=platform/odom --remap ~/cmd_vel:=platform/cmd_vel --remap /tf:=tf --remap /tf_static:=tf_static --remap /diagnostics:=diagnostics --remap /dynamic_joint_states:=platform/dynamic_joint_states --remap joint_states:=platform/joint_states --remap ~/reference:=platform/cmd_vel --remap ~/odometry:=platform/odom -p use_sim_time:=true --param use_sim_time:=true 
[spawner-4] [INFO] [1791375745.035847613] [spawner_joint_state_broadcaster]: Loaded joint_state_broadcaster
[gazebo-1] [INFO] [1791375745.037503744] [controller_manager]: Configuring controller: 'joint_state_broadcaster'
[gazebo-1] [INFO] [1791375745.037634536] [joint_state_broadcaster]: 'joints' or 'interfaces' parameter is empty. All available state interfaces will be published
[gazebo-1] [INFO] [1791375745.058586022] [controller_manager]: Activating controllers: [ joint_state_broadcaster ]
[gazebo-1] [INFO] [1791375745.076690077] [controller_manager]: Successfully switched controllers!
[spawner-4] [INFO] [1791375745.099256336] [spawner_joint_state_broadcaster]: Configured and activated joint_state_broadcaster
[INFO] [spawner-4]: process has finished cleanly [pid 17383]
[gazebo-1] [WARN] [1791375745.333646829] [platform_velocity_controller]: Velocity command timed out. Braking.
[simulation_ground_startup.py-13] {"result": "settled", "sim_time_s": 1.782, "stable_sim_s": 1.002, "acceleration_norm_mps2": 9.799966103773995, "angular_speed_radps": 4.2704111487686436e-05, "clock_publishers": 1}
[INFO] [simulation_ground_startup.py-13]: process has finished cleanly [pid 17392]
[INFO] [launch.user]: closed-loop runtime_ready=true hardware_qualified=false mode=simulation
[gazebo-1] [WARN] [1791375746.341332174] [platform_velocity_controller]: Velocity command timed out. Braking.
[INFO] [fastlio_mapping-14]: process started with pid [17691]
[INFO] [greenhouse_cloud_normalizer-15]: process started with pid [17692]
[INFO] [greenhouse_cmd_gate-16]: process started with pid [17693]
[INFO] [fast_lio_super_backend-17]: process started with pid [17694]
[INFO] [static_transform_publisher-18]: process started with pid [17706]
[INFO] [terrainAnalysis-19]: process started with pid [17707]
[INFO] [terrainAnalysisExt-20]: process started with pid [17708]
[INFO] [far_planner-21]: process started with pid [17709]
[INFO] [graph_decoder-22]: process started with pid [17710]
[INFO] [controller_server-23]: process started with pid [17711]
[INFO] [lifecycle_manager-24]: process started with pid [17712]
[INFO] [terrain_grid-25]: process started with pid [17713]
[INFO] [command_adapter-26]: process started with pid [17714]
[INFO] [mission-27]: process started with pid [17715]
[gazebo-1] [WARN] [1791375747.364184363] [platform_velocity_controller]: Velocity command timed out. Braking.
[gazebo-1] [WARN] [1791375748.372218508] [platform_velocity_controller]: Velocity command timed out. Braking.
[gazebo-1] [WARN] [1791375749.380133726] [platform_velocity_controller]: Velocity command timed out. Braking.
[greenhouse_cmd_gate-16] [INFO] [1791375749.425787497] [greenhouse_cmd_gate]: gate source=/cmd_vel/nav output=/cmd_vel scope=simulation_fixture auto_recover_after_watchdog=true
[greenhouse_cloud_normalizer-15] [INFO] [1791375750.849480164] [slam_cloud_to_map]: Transforming /localization/registered_cloud_odom into frame map on /localization/registered_cloud
[fast_lio_super_backend-17] [INFO] [1791375751.529759630] [fast_lio_super_backend]: SLAM frames: map -> odom -> base_link
[static_transform_publisher-18] [INFO] [1791375751.881686060] [static_sensor_tf]: Spinning until stopped - publishing transform
[static_transform_publisher-18] translation: ('0.000000', '0.000000', '0.321700')
[static_transform_publisher-18] rotation: ('0.000000', '0.000000', '0.000000', '1.000000')
[static_transform_publisher-18] from 'base_link' to 'livox_frame'
[graph_decoder-22] [INFO] [1791375752.120054213] [graph_decoder]: Graph Decoder Node Initialized
[fastlio_mapping-14] [INFO] [1791375752.317462308] [laser_mapping]: p_pre->lidar_type 5
[fastlio_mapping-14] ~~~~/build/robot/external/fast_lio/ doesn't exist
[fastlio_mapping-14] [INFO] [1791375752.334853725] [laser_mapping]: Node init finished.
[fastlio_mapping-14] [WARN] [1791375752.377761247] [laser_mapping]: No point, skip this scan!
[fastlio_mapping-14] 
[fastlio_mapping-14] [WARN] [1791375752.428797888] [laser_mapping]: No point, skip this scan!
[fastlio_mapping-14] 
[fastlio_mapping-14] [WARN] [1791375752.476941073] [laser_mapping]: No point, skip this scan!
[fastlio_mapping-14] 
[fastlio_mapping-14] [WARN] [1791375752.536924084] [laser_mapping]: No point, skip this scan!
[fastlio_mapping-14] 
[fastlio_mapping-14] IMU Initial Done
[fastlio_mapping-14] [WARN] [1791375752.579103928] [laser_mapping]: No point, skip this scan!
[fastlio_mapping-14] 
[fastlio_mapping-14] [INFO] [1791375752.628301469] [laser_mapping]: Initialize the map kdtree
[terrainAnalysis-19] [INFO] [1791375752.678938253] [terrainAnalysis]: terrain analysis: odometry=/localization/global_odometry cloud=/localization/registered_cloud output=/perception/terrain_map frame=map
[lifecycle_manager-24] [INFO] [1791375752.965157240] [mppi_lifecycle_manager]: Creating
[lifecycle_manager-24] [INFO] [1791375752.972476805] [mppi_lifecycle_manager]: [34m[1mCreating and initializing lifecycle service clients[0m[0m
[lifecycle_manager-24] [INFO] [1791375753.066720719] [mppi_lifecycle_manager]: [34m[1mStarting managed nodes bringup...[0m[0m
[lifecycle_manager-24] [INFO] [1791375753.066798184] [mppi_lifecycle_manager]: [34m[1mConfiguring controller_server[0m[0m
[controller_server-23] [INFO] [1791375753.069610949] [controller_server]: 
[controller_server-23] 	controller_server lifecycle node launched. 
[controller_server-23] 	Waiting on external lifecycle transitions to activate
[controller_server-23] 	See https://design.ros2.org/articles/node_lifecycle.html for more information.
[controller_server-23] [INFO] [1791375753.071417897] [controller_server]: Creating controller server
[controller_server-23] [INFO] [1791375753.144544650] [local_costmap.local_costmap]: 
[controller_server-23] 	local_costmap lifecycle node launched. 
[controller_server-23] 	Waiting on external lifecycle transitions to activate
[controller_server-23] 	See https://design.ros2.org/articles/node_lifecycle.html for more information.
[controller_server-23] [INFO] [1791375753.145327771] [local_costmap.local_costmap]: Creating Costmap
[controller_server-23] [INFO] [1791375753.153679516] [controller_server]: Configuring controller interface
[controller_server-23] [INFO] [1791375753.153893658] [controller_server]: getting progress checker plugins..
[controller_server-23] [INFO] [1791375753.154052983] [controller_server]: getting goal checker plugins..
[controller_server-23] [INFO] [1791375753.154246129] [controller_server]: Controller frequency set to 20.0000Hz
[controller_server-23] [INFO] [1791375753.154277915] [local_costmap.local_costmap]: Configuring
[far_planner-21] [INFO] [1791375753.214680241] [far_planner]: FAR Planner Node Initiated
[controller_server-23] [INFO] [1791375753.228532063] [local_costmap.local_costmap]: Using plugin "terrain"
[controller_server-23] [INFO] [1791375753.235055420] [local_costmap.local_costmap]: Initialized plugin "terrain"
[controller_server-23] [INFO] [1791375753.235117106] [local_costmap.local_costmap]: Using plugin "inflation"
[controller_server-23] [INFO] [1791375753.241629955] [local_costmap.local_costmap]: Initialized plugin "inflation"
[far_planner-21] [INFO] [1791375753.309067050] [far_planner]: voxel_dim: 0.100000
[far_planner-21] [INFO] [1791375753.317170033] [far_planner]: FAR Planner ROS Params Initiated
[far_planner-21] [INFO] [1791375753.317256847] [far_planner]: FAR Planner Callback Initiated
[controller_server-23] [INFO] [1791375753.342143514] [controller_server]: Created progress_checker : progress_checker of type nav2_controller::SimpleProgressChecker
[controller_server-23] [INFO] [1791375753.343454977] [controller_server]: Controller Server has progress_checker  progress checkers available.
[controller_server-23] [INFO] [1791375753.344818684] [controller_server]: Created goal checker : goal_checker of type nav2_controller::SimpleGoalChecker
[controller_server-23] [INFO] [1791375753.346243905] [controller_server]: Controller Server has goal_checker  goal checkers available.
[controller_server-23] [INFO] [1791375753.348125529] [controller_server]: Created controller : FollowPath of type nav2_mppi_controller::MPPIController
[controller_server-23] [INFO] [1791375753.351116104] [controller_server]: Controller period is equal to model dt. Control sequence shifting is ON
[controller_server-23] [INFO] [1791375753.409374904] [controller_server]: ConstraintCritic instantiated with 1 power and 4.000000 weight.
[controller_server-23] [INFO] [1791375753.409429948] [controller_server]: Critic loaded : mppi::critics::ConstraintCritic
[controller_server-23] [INFO] [1791375753.410520454] [controller_server]: InflationCostCritic instantiated with 1 power and 300.000000 / 0.015000 weights. Critic will collision check based on footprint cost.
[controller_server-23] [INFO] [1791375753.410551578] [controller_server]: Critic loaded : mppi::critics::CostCritic
[controller_server-23] [INFO] [1791375753.410990274] [controller_server]: GoalCritic instantiated with 1 power and 5.000000 weight.
[controller_server-23] [INFO] [1791375753.411011589] [controller_server]: Critic loaded : mppi::critics::GoalCritic
[controller_server-23] [INFO] [1791375753.411533152] [controller_server]: GoalAngleCritic instantiated with 1 power, 3.000000 weight, 0.500000 angular threshold and symmetric_yaw_tolerance disabled
[controller_server-23] [INFO] [1791375753.411555705] [controller_server]: Critic loaded : mppi::critics::GoalAngleCritic
[controller_server-23] [INFO] [1791375753.412690768] [controller_server]: ReferenceTrajectoryCritic instantiated with 1 power and 14.000000 weight
[controller_server-23] [INFO] [1791375753.412723157] [controller_server]: Critic loaded : mppi::critics::PathAlignCritic
[controller_server-23] [INFO] [1791375753.413209588] [controller_server]: Critic loaded : mppi::critics::PathFollowCritic
[controller_server-23] [INFO] [1791375753.414916607] [controller_server]: PathAngleCritic instantiated with 1 power and 2.000000 weight. Mode set to: Forward Preference
[controller_server-23] [INFO] [1791375753.414952691] [controller_server]: Critic loaded : mppi::critics::PathAngleCritic
[controller_server-23] [INFO] [1791375753.415555067] [controller_server]: PreferForwardCritic instantiated with 1 power and 5.000000 weight.
[controller_server-23] [INFO] [1791375753.415580905] [controller_server]: Critic loaded : mppi::critics::PreferForwardCritic
[controller_server-23] [INFO] [1791375753.423855040] [controller_server]: Optimizer reset
[controller_server-23] [INFO] [1791375753.431974391] [MPPIController]: Configured MPPI Controller: FollowPath
[controller_server-23] [INFO] [1791375753.432009232] [controller_server]: Controller Server has FollowPath  controllers available.
[far_planner-21] [INFO] [1791375753.437112989] [far_planner]: FAR Planner Processing Objects Initiated
[lifecycle_manager-24] [INFO] [1791375753.515849112] [mppi_lifecycle_manager]: [34m[1mActivating controller_server[0m[0m
[controller_server-23] [INFO] [1791375753.517732545] [controller_server]: Activating
[controller_server-23] [INFO] [1791375753.517905555] [local_costmap.local_costmap]: Activating
[controller_server-23] [INFO] [1791375753.517968704] [local_costmap.local_costmap]: Checking transform
[controller_server-23] [INFO] [1791375753.518053522] [local_costmap.local_costmap]: Timed out waiting for transform from base_link to odom to become available, tf error: Invalid frame ID "odom" passed to canTransform argument target_frame - frame does not exist
[controller_server-23] [INFO] [1791375754.018375642] [local_costmap.local_costmap]: start
[controller_server-23] [WARN] [1791375754.068667396] [controller_server]: Parameter controller_server.verbose not found
[controller_server-23] [INFO] [1791375754.071461784] [controller_server]: Optimizer reset
[controller_server-23] [INFO] [1791375754.072095916] [MPPIController]: Activated MPPI Controller: FollowPath
[controller_server-23] [INFO] [1791375754.072131299] [controller_server]: Creating bond (controller_server) to lifecycle manager.
[lifecycle_manager-24] [INFO] [1791375754.183148814] [mppi_lifecycle_manager]: Server controller_server connected with bond.
[lifecycle_manager-24] [INFO] [1791375754.183342899] [mppi_lifecycle_manager]: [34m[1mManaged nodes are active[0m[0m
[lifecycle_manager-24] [INFO] [1791375754.183413125] [mppi_lifecycle_manager]: [34m[1mCreating bond timer...[0m[0m
[far_planner-21] [2J[0;0H
[far_planner-21] [1;33m **************** DYNAMIC ENV PLANNING **************** [0m
[far_planner-21] 
[far_planner-21] 
[far_planner-21] 
[far_planner-21] [INFO] [1791375754.437995986] [far_planner]: FAR Planner Initiated Complete
[far_planner-21] [A[A[2K[1;32m V-Graph Initialized [0m
[far_planner-21] 
[far_planner-21] [2K    Adding Goal to V-Graph Time: 0.011ms
[far_planner-21] [2K    Path Search Time: 0.354ms
[far_planner-21] [2K    Local V-Graph Updated. Number of local vertices: 0
[far_planner-21] [2K    Number of new vertices adding to global V-Graph: 0
[far_planner-21]     Total V-Graph Update Time: 0.945ms
[far_planner-21] [2K    Global V-Graph Updated. Number of global vertices: 2
[controller_server-23] [INFO] [1791375754.970545049] [controller_server]: Received a goal, begin computing control effort.
[controller_server-23] [INFO] [1791375754.976008797] [controller_server]: Optimizer reset
[controller_server-23] [INFO] [1791375754.979634125] [controller_server]: Optimizer reset
[controller_server-23] [ERROR] [1791375754.979785189] [controller_server]: Optimizer fail to compute path
[controller_server-23] [INFO] [1791375754.981398886] [controller_server]: Optimizer reset
[controller_server-23] [WARN] [1791375754.981451792] [controller_server]: [follow_path] [ActionServer] Aborting handle.
[far_planner-21] [A[A[A[A[A[A[2K    Adding Goal to V-Graph Time: 0.014ms
[far_planner-21] [2K    Path Search Time: 0.184ms
[far_planner-21] [2K    Local V-Graph Updated. Number of local vertices: 0
[far_planner-21] [2K    Number of new vertices adding to global V-Graph: 0
[far_planner-21]     Total V-Graph Update Time: 0.82ms
[far_planner-21] [2K    Global V-Graph Updated. Number of global vertices: 2
[controller_server-23] [INFO] [1791375755.214847594] [controller_server]: Received a goal, begin computing control effort.
[controller_server-23] [INFO] [1791375755.219159075] [controller_server]: Optimizer reset
[controller_server-23] [INFO] [1791375755.221727719] [controller_server]: Optimizer reset
[controller_server-23] [ERROR] [1791375755.221839541] [controller_server]: Optimizer fail to compute path
[controller_server-23] [INFO] [1791375755.223137511] [controller_server]: Optimizer reset
[controller_server-23] [WARN] [1791375755.223202965] [controller_server]: [follow_path] [ActionServer] Aborting handle.
[far_planner-21] [A[A[A[A[A[A[2K    Adding Goal to V-Graph Time: 0.009ms
[far_planner-21] [2K    Path Search Time: 0.126ms
[far_planner-21] [2K    Local V-Graph Updated. Number of local vertices: 0
[far_planner-21] [2K    Number of new vertices adding to global V-Graph: 0
[far_planner-21]     Total V-Graph Update Time: 0.617ms
[far_planner-21] [2K    Global V-Graph Updated. Number of global vertices: 2
[controller_server-23] [INFO] [1791375755.511243014] [controller_server]: Received a goal, begin computing control effort.
[controller_server-23] [INFO] [1791375755.513033974] [controller_server]: Optimizer reset
[controller_server-23] [INFO] [1791375755.514702126] [controller_server]: Optimizer reset
[controller_server-23] [ERROR] [1791375755.514793336] [controller_server]: Optimizer fail to compute path
[controller_server-23] [INFO] [1791375755.515733582] [controller_server]: Optimizer reset
[controller_server-23] [WARN] [1791375755.515770830] [controller_server]: [follow_path] [ActionServer] Aborting handle.
[far_planner-21] [A[A[A[A[A[A[2K    Adding Goal to V-Graph Time: 0ms
[far_planner-21] [2K    Path Search Time: 0ms
[far_planner-21] [2K    Local V-Graph Updated. Number of local vertices: 0
[far_planner-21] [2K    Number of new vertices adding to global V-Graph: 0
[far_planner-21]     Total V-Graph Update Time: 0.763ms
[far_planner-21] [2K    Global V-Graph Updated. Number of global vertices: 1
[far_planner-21] [A[A[A[A[A[A[2K    Adding Goal to V-Graph Time: 0ms
[far_planner-21] [2K    Path Search Time: 0ms
[far_planner-21] [2K    Local V-Graph Updated. Number of local vertices: 0
[far_planner-21] [2K    Number of new vertices adding to global V-Graph: 0
[far_planner-21]     Total V-Graph Update Time: 1.023ms
[far_planner-21] [2K    Global V-Graph Updated. Number of global vertices: 1
[far_planner-21] [A[A[A[A[A[A[2K    Adding Goal to V-Graph Time: 0ms
[far_planner-21] [2K    Path Search Time: 0ms
[far_planner-21] [2K    Local V-Graph Updated. Number of local vertices: 0
[far_planner-21] [2K    Number of new vertices adding to global V-Graph: 0
[far_planner-21]     Total V-Graph Update Time: 0.639ms
[far_planner-21] [2K    Global V-Graph Updated. Number of global vertices: 1
[far_planner-21] [A[A[A[A[A[A[2K    Adding Goal to V-Graph Time: 0ms
[far_planner-21] [2K    Path Search Time: 0ms
[far_planner-21] [2K    Local V-Graph Updated. Number of local vertices: 0
[far_planner-21] [2K    Number of new vertices adding to global V-Graph: 0
[far_planner-21]     Total V-Graph Update Time: 0.868ms
[far_planner-21] [2K    Global V-Graph Updated. Number of global vertices: 1
[far_planner-21] [A[A[A[A[A[A[2K    Adding Goal to V-Graph Time: 0ms
[far_planner-21] [2K    Path Search Time: 0ms
[far_planner-21] [2K    Local V-Graph Updated. Number of local vertices: 0
[far_planner-21] [2K    Number of new vertices adding to global V-Graph: 0
[far_planner-21]     Total V-Graph Update Time: 0.612ms
[far_planner-21] [2K    Global V-Graph Updated. Number of global vertices: 1
[far_planner-21] [A[A[A[A[A[A[2K    Adding Goal to V-Graph Time: 0ms
[far_planner-21] [2K    Path Search Time: 0ms
[far_planner-21] [2K    Local V-Graph Updated. Number of local vertices: 0
[far_planner-21] [2K    Number of new vertices adding to global V-Graph: 0
[far_planner-21]     Total V-Graph Update Time: 0.494ms
[far_planner-21] [2K    Global V-Graph Updated. Number of global vertices: 1
[far_planner-21] [A[A[A[A[A[A[2K    Adding Goal to V-Graph Time: 0ms
[far_planner-21] [2K    Path Search Time: 0ms
[far_planner-21] [2K    Local V-Graph Updated. Number of local vertices: 0
[far_planner-21] [2K    Number of new vertices adding to global V-Graph: 0
[far_planner-21]     Total V-Graph Update Time: 0.555ms
[far_planner-21] [2K    Global V-Graph Updated. Number of global vertices: 1
[far_planner-21] [A[A[A[A[A[A[2K    Adding Goal to V-Graph Time: 0ms
[far_planner-21] [2K    Path Search Time: 0ms
[far_planner-21] [2K    Local V-Graph Updated. Number of local vertices: 0
[far_planner-21] [2K    Number of new vertices adding to global V-Graph: 0
[far_planner-21]     Total V-Graph Update Time: 0.58ms
[far_planner-21] [2K    Global V-Graph Updated. Number of global vertices: 1
[far_planner-21] [A[A[A[A[A[A[2K    Adding Goal to V-Graph Time: 0ms
[far_planner-21] [2K    Path Search Time: 0ms
[far_planner-21] [2K    Local V-Graph Updated. Number of local vertices: 0
[far_planner-21] [2K    Number of new vertices adding to global V-Graph: 0
[far_planner-21]     Total V-Graph Update Time: 0.562ms
[far_planner-21] [2K    Global V-Graph Updated. Number of global vertices: 1
[far_planner-21] [A[A[A[A[A[A[2K    Adding Goal to V-Graph Time: 0ms
[far_planner-21] [2K    Path Search Time: 0ms
[far_planner-21] [2K    Local V-Graph Updated. Number of local vertices: 0
[far_planner-21] [2K    Number of new vertices adding to global V-Graph: 0
[far_planner-21]     Total V-Graph Update Time: 1.369ms
[far_planner-21] [2K    Global V-Graph Updated. Number of global vertices: 1
[WARNING] [launch]: user interrupted with ctrl-c (SIGINT)
[static_transform_publisher-18] [INFO] [1791375758.026241470] [rclcpp]: signal_handler(SIGINT/SIGTERM)
[graph_decoder-22] [INFO] [1791375758.026238537] [rclcpp]: signal_handler(SIGINT/SIGTERM)
[far_planner-21] [INFO] [1791375758.026239808] [rclcpp]: signal_handler(SIGINT/SIGTERM)
[fastlio_mapping-14] catch sig %d2
[controller_server-23] [INFO] [1791375758.026251197] [rclcpp]: signal_handler(SIGINT/SIGTERM)
[controller_server-23] [INFO] [1791375758.026301734] [controller_server]: Running Nav2 LifecycleNode rcl preshutdown (controller_server)
[controller_server-23] [INFO] [1791375758.026409105] [controller_server]: Deactivating
[controller_server-23] [INFO] [1791375758.026437933] [MPPIController]: Deactivated MPPI Controller: FollowPath
[controller_server-23] [INFO] [1791375758.026451203] [local_costmap.local_costmap]: Deactivating
[lifecycle_manager-24] [INFO] [1791375758.026238077] [rclcpp]: signal_handler(SIGINT/SIGTERM)
[lifecycle_manager-24] [INFO] [1791375758.026332923] [mppi_lifecycle_manager]: Running Nav2 LifecycleManager rcl preshutdown (mppi_lifecycle_manager)
[lifecycle_manager-24] [INFO] [1791375758.026371766] [mppi_lifecycle_manager]: [34m[1mTerminating bond timer...[0m[0m
[mission-27] Traceback (most recent call last):
[mission-27]   File "/opt/greenhouse/lib/greenhouse_mppi_navigation/mission", line 3, in <module>
[fast_lio_super_backend-17] [INFO] [1791375758.026296890] [rclcpp]: signal_handler(SIGINT/SIGTERM)
[terrainAnalysisExt-20] [INFO] [1791375758.026315738] [rclcpp]: signal_handler(SIGINT/SIGTERM)
[greenhouse_cloud_normalizer-15] [INFO] [1791375758.026334194] [rclcpp]: signal_handler(SIGINT/SIGTERM)
[greenhouse_cmd_sink-9] [INFO] [1791375758.026339912] [rclcpp]: signal_handler(SIGINT/SIGTERM)
[parameter_bridge-11] [INFO] [1791375758.026362637] [rclcpp]: signal_handler(SIGINT/SIGTERM)
[INFO] [mission-27]: sending signal 'SIGINT' to process[mission-27]
[INFO] [command_adapter-26]: sending signal 'SIGINT' to process[command_adapter-26]
[INFO] [parameter_bridge-7]: process has finished cleanly [pid 17386]
[INFO] [terrain_grid-25]: sending signal 'SIGINT' to process[terrain_grid-25]
[ERROR] [mission-27]: process has died [pid 17715, exit code -2, cmd '/opt/greenhouse/lib/greenhouse_mppi_navigation/mission --ros-args -r __node:=tracked_mission --params-file /tmp/launch_params_6wsz2zmv'].
[ERROR] [command_adapter-26]: process has died [pid 17714, exit code -2, cmd '/opt/greenhouse/lib/greenhouse_mppi_navigation/command_adapter --ros-args -r __node:=mppi_command_adapter --params-file /tmp/launch_params_5qv6zk1o'].
[INFO] [parameter_bridge-11]: process has finished cleanly [pid 17390]
[INFO] [static_transform_publisher-18]: process has finished cleanly [pid 17706]
[INFO] [lifecycle_manager-24]: sending signal 'SIGINT' to process[lifecycle_manager-24]
[INFO] [parameter_bridge-6]: process has finished cleanly [pid 17385]
[ERROR] [terrain_grid-25]: process has died [pid 17713, exit code -2, cmd '/opt/greenhouse/lib/greenhouse_mppi_navigation/terrain_grid --ros-args -r __node:=terrain_grid --params-file /tmp/launch_params_j7rnzydm'].
[INFO] [controller_server-23]: sending signal 'SIGINT' to process[controller_server-23]
[INFO] [greenhouse_cmd_sink-9]: process has finished cleanly [pid 17388]
[ERROR] [lifecycle_manager-24]: process has died [pid 17712, exit code -2, cmd '/opt/ros/jazzy/lib/nav2_lifecycle_manager/lifecycle_manager --ros-args -r __node:=mppi_lifecycle_manager --params-file /tmp/launch_params_wdxqp238'].
[INFO] [parameter_bridge-2]: process has finished cleanly [pid 17380]
[INFO] [graph_decoder-22]: sending signal 'SIGINT' to process[graph_decoder-22]
[INFO] [far_planner-21]: sending signal 'SIGINT' to process[far_planner-21]
[INFO] [fast_lio_super_backend-17]: process has finished cleanly [pid 17694]
[INFO] [parameter_bridge-8]: process has finished cleanly [pid 17387]
[ERROR] [controller_server-23]: process has died [pid 17711, exit code -2, cmd '/opt/ros/jazzy/lib/nav2_controller/controller_server --ros-args -r __node:=controller_server --params-file /tmp/tmpmtqy1y2h --params-file /tmp/launch_params_nf9l6_69 -r cmd_vel:=/navigation/mppi_cmd'].
[ERROR] [graph_decoder-22]: process has died [pid 17710, exit code -2, cmd '/opt/greenhouse_far/lib/graph_decoder/graph_decoder --ros-args -r __node:=graph_decoder --params-file /tmp/launch_params_8nbb9aka'].
[INFO] [terrainAnalysisExt-20]: sending signal 'SIGINT' to process[terrainAnalysisExt-20]
[INFO] [terrainAnalysis-19]: sending signal 'SIGINT' to process[terrainAnalysis-19]
[ERROR] [far_planner-21]: process has died [pid 17709, exit code -2, cmd '/opt/greenhouse_far/lib/far_planner/far_planner --ros-args -r __node:=far_planner --params-file /opt/greenhouse_far/share/far_planner/config/default.yaml --params-file /tmp/launch_params_fr6b7l1g -r /odom_world:=/localization/global_odometry -r /terrain_cloud:=/perception/terrain_map_ext -r /scan_cloud:=/localization/registered_cloud -r /goal_point:=/planning/global_goal -r /terrain_local_cloud:=/perception/terrain_map -r /way_point:=/planning/way_point'].
[ERROR] [terrainAnalysisExt-20]: process has died [pid 17708, exit code -2, cmd '/opt/greenhouse_far/lib/terrain_analysis_ext/terrainAnalysisExt --ros-args -r __node:=terrain_analysis_ext --params-file /tmp/launch_params_icapai1t -r /state_estimation:=/localization/global_odometry -r /registered_scan:=/localization/registered_cloud -r /terrain_map:=/perception/terrain_map -r /terrain_map_ext:=/perception/terrain_map_ext'].
[INFO] [terrainAnalysis-19]: process has finished cleanly [pid 17707]
[INFO] [greenhouse_cloud_normalizer-15]: process has finished cleanly [pid 17692]
[INFO] [greenhouse_cmd_gate-16]: sending signal 'SIGINT' to process[greenhouse_cmd_gate-16]
[INFO] [fastlio_mapping-14]: sending signal 'SIGINT' to process[fastlio_mapping-14]
[INFO] [simulation_lidar_filter.py-12]: sending signal 'SIGINT' to process[simulation_lidar_filter.py-12]
[ERROR] [fastlio_mapping-14]: process has died [pid 17691, exit code -2, cmd '/opt/greenhouse/lib/fast_lio/fastlio_mapping --ros-args -r __node:=laser_mapping --params-file /opt/greenhouse/share/greenhouse_mppi_navigation/config/fastlio.yaml --params-file /tmp/launch_params_fc96ddok'].
[ERROR] [simulation_lidar_filter.py-12]: process has died [pid 17391, exit code -2, cmd '/opt/greenhouse/lib/greenhouse_nav2_bringup/simulation_lidar_filter.py --ros-args --params-file /tmp/launch_params_6w3zuq97'].
[INFO] [robot_state_publisher-3]: sending signal 'SIGINT' to process[robot_state_publisher-3]
[INFO] [gazebo-1]: sending signal 'SIGINT' to process[gazebo-1]
[ERROR] [robot_state_publisher-3]: process has died [pid 17382, exit code -2, cmd '/opt/ros/jazzy/lib/robot_state_publisher/robot_state_publisher --ros-args --params-file /tmp/launch_params_8jnu5eme -r /tf:=tf -r /tf_static:=tf_static -r joint_states:=platform/joint_states'].
[mission-27]     main()
[mission-27]   File "/opt/greenhouse/lib/python3.12/site-packages/greenhouse_mppi_navigation/mission.py", line 315, in main
[mission-27]     if rclpy.ok(): node.cancel_control()
[mission-27]                    ^^^^^^^^^^^^^^^^^^^^^
[mission-27]   File "/opt/greenhouse/lib/python3.12/site-packages/greenhouse_mppi_navigation/mission.py", line 153, in cancel_control
[mission-27]     self.enabled.publish(Bool(data=False)); self.control_feedback=False
[mission-27]     ^^^^^^^^^^^^^^^^^^^^^^^^^^^^^^^^^^^^^^
[mission-27]   File "/opt/ros/jazzy/lib/python3.12/site-packages/rclpy/publisher.py", line 70, in publish
[mission-27]     self.__publisher.publish(msg)
[mission-27] rclpy._rclpy_pybind11.RCLError: Failed to publish: publisher's context is invalid, at ./src/rcl/publisher.c:423
[parameter_bridge-6] [INFO] [1791375758.026673421] [rclcpp]: signal_handler(SIGINT/SIGTERM)
[parameter_bridge-2] [INFO] [1791375758.027283559] [rclcpp]: signal_handler(SIGINT/SIGTERM)
[robot_state_publisher-3] [INFO] [1791375758.028154564] [rclcpp]: signal_handler(SIGINT/SIGTERM)
[parameter_bridge-7] [INFO] [1791375758.029222067] [rclcpp]: signal_handler(SIGINT/SIGTERM)
[parameter_bridge-8] [INFO] [1791375758.030330853] [rclcpp]: signal_handler(SIGINT/SIGTERM)
[lifecycle_manager-24] [INFO] [1791375758.115781446] [mppi_lifecycle_manager]: Destroying mppi_lifecycle_manager
[controller_server-23] [INFO] [1791375758.119590283] [controller_server]: Destroying bond (controller_server) to lifecycle manager.
[controller_server-23] [INFO] [1791375758.131151519] [controller_server]: Cleaning up
[controller_server-23] [INFO] [1791375758.131289896] [MPPIController]: Cleaned up MPPI Controller: FollowPath
[controller_server-23] [INFO] [1791375758.131559603] [local_costmap.local_costmap]: Cleaning up
[controller_server-23] [INFO] [1791375758.219655953] [controller_server]: Destroying bond (controller_server) to lifecycle manager.
[controller_server-23] [INFO] [1791375758.225330089] [local_costmap.local_costmap]: Destroying
[controller_server-23] [INFO] [1791375758.231777429] [controller_server]: Destroying
[INFO] [greenhouse_cmd_gate-16]: process has finished cleanly [pid 17693]
[ERROR] [gazebo-1]: process[gazebo-1] failed to terminate '5' seconds after receiving 'SIGINT', escalating to 'SIGTERM'
[INFO] [gazebo-1]: sending signal 'SIGTERM' to process[gazebo-1]
[ERROR] [gazebo-1]: process has died [pid 17379, exit code -15, cmd 'ruby /opt/ros/jazzy/opt/gz_tools_vendor/bin/gz sim -r -s --headless-rendering /evidence/capture-supplement/pipeline_jackal_j100_rviz_retry/pipeline-runtime.sdf --force-version 8'].
