[INFO] [launch]: All log files can be found below /root/.ros/log/2026-10-07-12-07-31-775445-DW-7210
[INFO] [launch]: Default logging verbosity is set to INFO
[INFO] [gazebo-1]: process started with pid [7226]
[INFO] [parameter_bridge-2]: process started with pid [7227]
[INFO] [robot_state_publisher-3]: process started with pid [7228]
[INFO] [spawner-4]: process started with pid [7230]
[INFO] [spawner-5]: process started with pid [7231]
[INFO] [parameter_bridge-6]: process started with pid [7232]
[INFO] [parameter_bridge-7]: process started with pid [7233]
[INFO] [parameter_bridge-8]: process started with pid [7234]
[INFO] [greenhouse_cmd_sink-9]: process started with pid [7235]
[INFO] [create-10]: process started with pid [7236]
[INFO] [parameter_bridge-11]: process started with pid [7237]
[INFO] [simulation_lidar_filter.py-12]: process started with pid [7238]
[INFO] [simulation_ground_startup.py-13]: process started with pid [7239]
[robot_state_publisher-3] [INFO] [1791374853.773159728] [robot_state_publisher]: Robot initialized
[create-10] [INFO] [1791374855.051842515] [create_jackal_j100]: Entity creation successful.
[spawner-4] [INFO] [1791374855.114379489] [spawner_joint_state_broadcaster]: waiting for service /controller_manager/list_controllers to become available...
[INFO] [create-10]: process has finished cleanly [pid 7236]
[parameter_bridge-2] [INFO] [1791374855.213389813] [simulation_clock_bridge]: Creating GZ->ROS Bridge: [/clock (gz.msgs.Clock) -> /clock (rosgraph_msgs/msg/Clock)] (Lazy 0)
[gazebo-1] [1;33mWarning [Utils.cc:132][0m [/sdf/model[@name="j100-0000"]/link[@name="base_link"]/sensor[@name="camera_0"]/camera/gz_frame_id:///evidence/candidate-matrix/orchard_jackal_j100_r2/robot-instrumented.sdf:L163]: XML Element[gz_frame_id], child of element[camera], not defined in SDF. Copying[gz_frame_id] as children of [camera].
[gazebo-1] [1;33mWarning [Utils.cc:132][0m [/sdf/model[@name="j100-0000"]/link[@name="base_link"]/sensor[@name="camera_0"]/gz_frame_id:///evidence/candidate-matrix/orchard_jackal_j100_r2/robot-instrumented.sdf:L170]: XML Element[gz_frame_id], child of element[sensor], not defined in SDF. Copying[gz_frame_id] as children of [sensor].
[gazebo-1] [1;33mWarning [Utils.cc:132][0m [/sdf/model[@name="j100-0000"]/link[@name="base_link"]/sensor[@name="lidar3d_0"]/gz_frame_id:///evidence/candidate-matrix/orchard_jackal_j100_r2/robot-instrumented.sdf:L199]: XML Element[gz_frame_id], child of element[sensor], not defined in SDF. Copying[gz_frame_id] as children of [sensor].
[gazebo-1] [1;33mWarning [Utils.cc:132][0m [/sdf/model[@name="j100-0000"]/link[@name="base_link"]/sensor[@name="imu_0"]/gz_frame_id:///evidence/candidate-matrix/orchard_jackal_j100_r2/robot-instrumented.sdf:L207]: XML Element[gz_frame_id], child of element[sensor], not defined in SDF. Copying[gz_frame_id] as children of [sensor].
[gazebo-1] [1;33mWarning [Utils.cc:132][0m [/sdf/model[@name="j100-0000"]/link[@name="base_link"]/sensor[@name="gps_0"]/gz_frame_id:///evidence/candidate-matrix/orchard_jackal_j100_r2/robot-instrumented.sdf:L215]: XML Element[gz_frame_id], child of element[sensor], not defined in SDF. Copying[gz_frame_id] as children of [sensor].
[gazebo-1] [INFO] [1791374855.903534941] [gz_ros_control]: Loading controller_manager
[gazebo-1] [INFO] [1791374855.920794209] [controller_manager]: Using ROS clock for triggering controller manager cycles.
[gazebo-1] [WARN] [1791374855.920848371] [controller_manager]: The resource manager is not yet initialized, will wait for the robot description to initialize it..
[gazebo-1] [INFO] [1791374855.929359255] [controller_manager]: Subscribing to '/robot_description' topic for robot description.
[gazebo-1] [WARN] [1791374855.929432084] [gz_ros_control]: Waiting RM to load and initialize hardware...
[gazebo-1] [INFO] [1791374855.940970905] [controller_manager]: Received robot description from topic.
[gazebo-1] [INFO] [1791374855.941043086] [controller_manager]: Enforcing command limits is disabled. Command limits from URDF will be ignored.
[gazebo-1] [INFO] [1791374855.944378803] [gz_ros_control]: The position_proportional_gain has been set to: 0.1
[gazebo-1] [INFO] [1791374855.944452022] [gz_ros_control]: Loading joint: front_left_wheel_joint
[gazebo-1] [INFO] [1791374855.944457471] [gz_ros_control]: 	State:
[gazebo-1] [INFO] [1791374855.944461580] [gz_ros_control]: 		 position
[gazebo-1] [INFO] [1791374855.944464374] [gz_ros_control]: 		 velocity
[gazebo-1] [INFO] [1791374855.944469407] [gz_ros_control]: 	Command:
[gazebo-1] [INFO] [1791374855.944471468] [gz_ros_control]: 		 velocity
[gazebo-1] [INFO] [1791374855.944480811] [gz_ros_control]: Loading joint: front_right_wheel_joint
[gazebo-1] [INFO] [1791374855.944483039] [gz_ros_control]: 	State:
[gazebo-1] [INFO] [1791374855.944485142] [gz_ros_control]: 		 position
[gazebo-1] [INFO] [1791374855.944487542] [gz_ros_control]: 		 velocity
[gazebo-1] [INFO] [1791374855.944489567] [gz_ros_control]: 	Command:
[gazebo-1] [INFO] [1791374855.944491395] [gz_ros_control]: 		 velocity
[gazebo-1] [INFO] [1791374855.944497573] [gz_ros_control]: Loading joint: rear_left_wheel_joint
[gazebo-1] [INFO] [1791374855.944499682] [gz_ros_control]: 	State:
[gazebo-1] [INFO] [1791374855.944501726] [gz_ros_control]: 		 position
[gazebo-1] [INFO] [1791374855.944504134] [gz_ros_control]: 		 velocity
[gazebo-1] [INFO] [1791374855.944506133] [gz_ros_control]: 	Command:
[gazebo-1] [INFO] [1791374855.944510136] [gz_ros_control]: 		 velocity
[gazebo-1] [INFO] [1791374855.944516311] [gz_ros_control]: Loading joint: rear_right_wheel_joint
[gazebo-1] [INFO] [1791374855.944518368] [gz_ros_control]: 	State:
[gazebo-1] [INFO] [1791374855.944520214] [gz_ros_control]: 		 position
[gazebo-1] [INFO] [1791374855.944522313] [gz_ros_control]: 		 velocity
[gazebo-1] [INFO] [1791374855.944524211] [gz_ros_control]: 	Command:
[gazebo-1] [INFO] [1791374855.944526002] [gz_ros_control]: 		 velocity
[gazebo-1] [INFO] [1791374855.944555096] [gz_ros_control]: Loading sensor: imu_0
[gazebo-1] [INFO] [1791374855.944559028] [gz_ros_control]: 	State:
[gazebo-1] [WARN] [1791374855.944561725] [gz_ros_control]: IMU sensor 'imu_0' not found in hardware_info, skipping.
[gazebo-1] [INFO] [1791374855.944621225] [controller_manager]: Initialize hardware 'j100_hardware' 
[gazebo-1] [WARN] [1791374855.944631148] [controller_manager.hardware_component.system.j100_hardware]: Executor is not available during hardware component initialization for 'j100_hardware'. Skipping node creation!
[gazebo-1] [INFO] [1791374855.944692829] [controller_manager]: Successful initialization of hardware 'j100_hardware'
[gazebo-1] [INFO] [1791374855.944783679] [controller_manager]: Activating component 'j100_hardware'.
[gazebo-1] [INFO] [1791374855.944791505] [resource_manager]: 'configure' hardware 'j100_hardware' 
[gazebo-1] [INFO] [1791374855.944794800] [gz_ros_control]: System Successfully configured!
[gazebo-1] [INFO] [1791374855.944798345] [resource_manager]: Successful 'configure' of hardware 'j100_hardware'
[gazebo-1] [INFO] [1791374855.944803412] [resource_manager]: 'activate' hardware 'j100_hardware' 
[gazebo-1] [INFO] [1791374855.944812998] [resource_manager]: Successful 'activate' of hardware 'j100_hardware'
[gazebo-1] [WARN] [1791374855.944859813] [controller_manager]: Component 'j100_hardware' does not have read or write statistics initialized, skipping registration.
[gazebo-1] [INFO] [1791374855.944864193] [controller_manager]: Resource Manager has been successfully initialized. Starting Controller Manager services...
[parameter_bridge-7] [INFO] [1791374856.037025197] [simulation_lidar_bridge]: Creating GZ->ROS Bridge: [/sensors/lidar3d_0/scan/points (gz.msgs.PointCloudPacked) -> /simulation/lidar/unfiltered (sensor_msgs/msg/PointCloud2)] (Lazy 0)
[gazebo-1] [INFO] [1791374856.117574978] [controller_manager]: Loading controller : 'joint_state_broadcaster' of type 'joint_state_broadcaster/JointStateBroadcaster'
[gazebo-1] [INFO] [1791374856.117662686] [controller_manager]: Loading controller 'joint_state_broadcaster'
[gazebo-1] [WARN] [1791374856.121577351] [controller_manager]: The use of remapping arguments to the controller_manager node is deprecated. Please use the '--controller-ros-args' argument of the spawner to pass remapping arguments to the controller node.
[gazebo-1] [INFO] [1791374856.121619922] [controller_manager]: Controller 'joint_state_broadcaster' node arguments: --ros-args --params-file /opt/greenhouse_sim/robot/jackal_j100/platform/config/control.yaml --ros-args --remap ~/odom:=platform/odom --remap ~/cmd_vel:=platform/cmd_vel --remap /tf:=tf --remap /tf_static:=tf_static --remap /diagnostics:=diagnostics --remap /dynamic_joint_states:=platform/dynamic_joint_states --remap joint_states:=platform/joint_states --remap ~/reference:=platform/cmd_vel --remap ~/odometry:=platform/odom -p use_sim_time:=true --param use_sim_time:=true 
[spawner-4] [INFO] [1791374856.138283661] [spawner_joint_state_broadcaster]: Loaded joint_state_broadcaster
[gazebo-1] [INFO] [1791374856.139781109] [controller_manager]: Configuring controller: 'joint_state_broadcaster'
[gazebo-1] [INFO] [1791374856.140038354] [joint_state_broadcaster]: 'joints' or 'interfaces' parameter is empty. All available state interfaces will be published
[gazebo-1] [INFO] [1791374856.150561544] [controller_manager]: Activating controllers: [ joint_state_broadcaster ]
[parameter_bridge-11] [INFO] [1791374856.351286172] [simulation_contact_bridge]: Creating GZ->ROS Bridge: [/world/orchard/model/robot/link/base_link/sensor/simulation_contact_0/contact (gz.msgs.Contacts) -> /simulation/contacts (ros_gz_interfaces/msg/Contacts)] (Lazy 0)
[parameter_bridge-11] [INFO] [1791374856.353997833] [simulation_contact_bridge]: Creating GZ->ROS Bridge: [/world/orchard/model/robot/link/base_link/sensor/simulation_contact_1/contact (gz.msgs.Contacts) -> /simulation/contacts (ros_gz_interfaces/msg/Contacts)] (Lazy 0)
[parameter_bridge-11] [INFO] [1791374856.354531091] [simulation_contact_bridge]: Creating GZ->ROS Bridge: [/world/orchard/model/robot/link/base_link/sensor/simulation_contact_2/contact (gz.msgs.Contacts) -> /simulation/contacts (ros_gz_interfaces/msg/Contacts)] (Lazy 0)
[parameter_bridge-11] [INFO] [1791374856.355038155] [simulation_contact_bridge]: Creating GZ->ROS Bridge: [/world/orchard/model/robot/link/front_left_wheel_link/sensor/simulation_contact_3/contact (gz.msgs.Contacts) -> /simulation/contacts (ros_gz_interfaces/msg/Contacts)] (Lazy 0)
[parameter_bridge-11] [INFO] [1791374856.355451321] [simulation_contact_bridge]: Creating GZ->ROS Bridge: [/world/orchard/model/robot/link/front_right_wheel_link/sensor/simulation_contact_4/contact (gz.msgs.Contacts) -> /simulation/contacts (ros_gz_interfaces/msg/Contacts)] (Lazy 0)
[parameter_bridge-11] [INFO] [1791374856.355852213] [simulation_contact_bridge]: Creating GZ->ROS Bridge: [/world/orchard/model/robot/link/rear_left_wheel_link/sensor/simulation_contact_5/contact (gz.msgs.Contacts) -> /simulation/contacts (ros_gz_interfaces/msg/Contacts)] (Lazy 0)
[parameter_bridge-11] [INFO] [1791374856.356280489] [simulation_contact_bridge]: Creating GZ->ROS Bridge: [/world/orchard/model/robot/link/rear_right_wheel_link/sensor/simulation_contact_6/contact (gz.msgs.Contacts) -> /simulation/contacts (ros_gz_interfaces/msg/Contacts)] (Lazy 0)
[parameter_bridge-6] [INFO] [1791374856.433748519] [simulation_sensor_bridge]: Creating GZ->ROS Bridge: [/sensors/imu_0/data_raw (gz.msgs.IMU) -> /sensors/imu/data (sensor_msgs/msg/Imu)] (Lazy 0)
[parameter_bridge-8] [INFO] [1791374856.464141000] [simulation_camera_bridge]: Creating GZ->ROS Bridge: [/sensors/camera_0/image (gz.msgs.Image) -> /sensors/camera/color/image (sensor_msgs/msg/Image)] (Lazy 1)
[parameter_bridge-8] [INFO] [1791374856.466250749] [simulation_camera_bridge]: Creating GZ->ROS Bridge: [/sensors/camera_0/points (gz.msgs.PointCloudPacked) -> /sensors/camera/points (sensor_msgs/msg/PointCloud2)] (Lazy 1)
[gazebo-1] [WARN] [1791374858.429500712] [gz_ros_control]:  Desired controller update period (0.02 s) is slower than the gazebo simulation period (0.003 s).
[gazebo-1] [INFO] [1791374860.147990475] [controller_manager]: Successfully switched controllers!
[spawner-4] [INFO] [1791374860.169869094] [spawner_joint_state_broadcaster]: Configured and activated joint_state_broadcaster
[INFO] [spawner-4]: process has finished cleanly [pid 7230]
[spawner-5] [INFO] [1791374860.460589262] [spawner_platform_velocity_controller]: waiting for service /controller_manager/list_controllers to become available...
[gazebo-1] [INFO] [1791374860.713055490] [controller_manager]: Loading controller : 'platform_velocity_controller' of type 'diff_drive_controller/DiffDriveController'
[gazebo-1] [INFO] [1791374860.713114694] [controller_manager]: Loading controller 'platform_velocity_controller'
[gazebo-1] [WARN] [1791374860.716797662] [controller_manager]: The use of remapping arguments to the controller_manager node is deprecated. Please use the '--controller-ros-args' argument of the spawner to pass remapping arguments to the controller node.
[gazebo-1] [INFO] [1791374860.716890310] [controller_manager]: Controller 'platform_velocity_controller' node arguments: --ros-args --params-file /opt/greenhouse_sim/robot/jackal_j100/platform/config/control.yaml --ros-args --remap ~/odom:=platform/odom --remap ~/cmd_vel:=platform/cmd_vel --remap /tf:=tf --remap /tf_static:=tf_static --remap /diagnostics:=diagnostics --remap /dynamic_joint_states:=platform/dynamic_joint_states --remap joint_states:=platform/joint_states --remap ~/reference:=platform/cmd_vel --remap ~/odometry:=platform/odom -p use_sim_time:=true --param use_sim_time:=true 
[spawner-5] [INFO] [1791374860.758375324] [spawner_platform_velocity_controller]: Loaded platform_velocity_controller
[gazebo-1] [INFO] [1791374860.760030882] [controller_manager]: Configuring controller: 'platform_velocity_controller'
[gazebo-1] [INFO] [1791374860.861566300] [controller_manager]: Activating controllers: [ platform_velocity_controller ]
[gazebo-1] [INFO] [1791374860.862253432] [controller_manager]: Successfully switched controllers!
[spawner-5] [INFO] [1791374860.884111986] [spawner_platform_velocity_controller]: Configured and activated platform_velocity_controller
[INFO] [spawner-5]: process has finished cleanly [pid 7231]
[gazebo-1] [WARN] [1791374861.281888131] [platform_velocity_controller]: Velocity command timed out. Braking.
[simulation_ground_startup.py-13] {"result": "settled", "sim_time_s": 1.344, "stable_sim_s": 1.002, "acceleration_norm_mps2": 9.799929399915653, "angular_speed_radps": 0.0029813652318037226, "clock_publishers": 1}
[INFO] [simulation_ground_startup.py-13]: process has finished cleanly [pid 7239]
[INFO] [launch.user]: closed-loop runtime_ready=true hardware_qualified=false mode=simulation
[INFO] [fastlio_mapping-14]: process started with pid [7538]
[INFO] [greenhouse_cloud_normalizer-15]: process started with pid [7539]
[INFO] [greenhouse_cmd_gate-16]: process started with pid [7540]
[INFO] [fast_lio_super_backend-17]: process started with pid [7541]
[INFO] [static_transform_publisher-18]: process started with pid [7549]
[INFO] [terrainAnalysis-19]: process started with pid [7550]
[INFO] [terrainAnalysisExt-20]: process started with pid [7551]
[INFO] [far_planner-21]: process started with pid [7552]
[INFO] [graph_decoder-22]: process started with pid [7553]
[INFO] [controller_server-23]: process started with pid [7554]
[INFO] [lifecycle_manager-24]: process started with pid [7555]
[INFO] [terrain_grid-25]: process started with pid [7556]
[INFO] [command_adapter-26]: process started with pid [7557]
[INFO] [mission-27]: process started with pid [7558]
[gazebo-1] [WARN] [1791374862.307654330] [platform_velocity_controller]: Velocity command timed out. Braking.
[gazebo-1] [WARN] [1791374863.315520828] [platform_velocity_controller]: Velocity command timed out. Braking.
[gazebo-1] [WARN] [1791374864.323643003] [platform_velocity_controller]: Velocity command timed out. Braking.
[greenhouse_cloud_normalizer-15] [INFO] [1791374864.559889181] [slam_cloud_to_map]: Transforming /localization/registered_cloud_odom into frame map on /localization/registered_cloud
[gazebo-1] [WARN] [1791374865.331635984] [platform_velocity_controller]: Velocity command timed out. Braking.
[greenhouse_cmd_gate-16] [INFO] [1791374865.808448305] [greenhouse_cmd_gate]: gate source=/cmd_vel/nav output=/cmd_vel scope=simulation_fixture auto_recover_after_watchdog=true
[fast_lio_super_backend-17] [INFO] [1791374866.413418797] [fast_lio_super_backend]: SLAM frames: map -> odom -> base_link
[static_transform_publisher-18] [INFO] [1791374866.669098124] [static_sensor_tf]: Spinning until stopped - publishing transform
[static_transform_publisher-18] translation: ('0.000000', '0.000000', '0.321700')
[static_transform_publisher-18] rotation: ('0.000000', '0.000000', '0.000000', '1.000000')
[static_transform_publisher-18] from 'base_link' to 'livox_frame'
[graph_decoder-22] [INFO] [1791374866.893320660] [graph_decoder]: Graph Decoder Node Initialized
[terrainAnalysis-19] [INFO] [1791374867.104892309] [terrainAnalysis]: terrain analysis: odometry=/localization/global_odometry cloud=/localization/registered_cloud output=/perception/terrain_map frame=map
[lifecycle_manager-24] [INFO] [1791374867.586505462] [mppi_lifecycle_manager]: Creating
[lifecycle_manager-24] [INFO] [1791374867.593167337] [mppi_lifecycle_manager]: [34m[1mCreating and initializing lifecycle service clients[0m[0m
[lifecycle_manager-24] [INFO] [1791374867.737267897] [mppi_lifecycle_manager]: [34m[1mStarting managed nodes bringup...[0m[0m
[lifecycle_manager-24] [INFO] [1791374867.737358662] [mppi_lifecycle_manager]: [34m[1mConfiguring controller_server[0m[0m
[controller_server-23] [INFO] [1791374867.740345106] [controller_server]: 
[controller_server-23] 	controller_server lifecycle node launched. 
[controller_server-23] 	Waiting on external lifecycle transitions to activate
[controller_server-23] 	See https://design.ros2.org/articles/node_lifecycle.html for more information.
[controller_server-23] [INFO] [1791374867.741831703] [controller_server]: Creating controller server
[controller_server-23] [INFO] [1791374867.768244960] [local_costmap.local_costmap]: 
[controller_server-23] 	local_costmap lifecycle node launched. 
[controller_server-23] 	Waiting on external lifecycle transitions to activate
[controller_server-23] 	See https://design.ros2.org/articles/node_lifecycle.html for more information.
[controller_server-23] [INFO] [1791374867.769078230] [local_costmap.local_costmap]: Creating Costmap
[controller_server-23] [INFO] [1791374867.771029601] [controller_server]: Configuring controller interface
[controller_server-23] [INFO] [1791374867.771058676] [controller_server]: getting progress checker plugins..
[controller_server-23] [INFO] [1791374867.771192575] [controller_server]: getting goal checker plugins..
[controller_server-23] [INFO] [1791374867.771326841] [controller_server]: Controller frequency set to 20.0000Hz
[controller_server-23] [INFO] [1791374867.771362010] [local_costmap.local_costmap]: Configuring
[controller_server-23] [INFO] [1791374867.783324397] [local_costmap.local_costmap]: Using plugin "terrain"
[controller_server-23] [INFO] [1791374867.788579450] [local_costmap.local_costmap]: Initialized plugin "terrain"
[controller_server-23] [INFO] [1791374867.788643163] [local_costmap.local_costmap]: Using plugin "inflation"
[controller_server-23] [INFO] [1791374867.813106311] [local_costmap.local_costmap]: Initialized plugin "inflation"
[controller_server-23] [INFO] [1791374867.845991877] [controller_server]: Created progress_checker : progress_checker of type nav2_controller::SimpleProgressChecker
[controller_server-23] [INFO] [1791374867.846468289] [controller_server]: Controller Server has progress_checker  progress checkers available.
[controller_server-23] [INFO] [1791374867.846959328] [controller_server]: Created goal checker : goal_checker of type nav2_controller::SimpleGoalChecker
[controller_server-23] [INFO] [1791374867.847484433] [controller_server]: Controller Server has goal_checker  goal checkers available.
[controller_server-23] [INFO] [1791374867.849907916] [controller_server]: Created controller : FollowPath of type nav2_mppi_controller::MPPIController
[controller_server-23] [INFO] [1791374867.852707474] [controller_server]: Controller period is equal to model dt. Control sequence shifting is ON
[controller_server-23] [INFO] [1791374867.856087283] [controller_server]: ConstraintCritic instantiated with 1 power and 4.000000 weight.
[controller_server-23] [INFO] [1791374867.856130076] [controller_server]: Critic loaded : mppi::critics::ConstraintCritic
[controller_server-23] [INFO] [1791374867.857355279] [controller_server]: InflationCostCritic instantiated with 1 power and 300.000000 / 0.015000 weights. Critic will collision check based on footprint cost.
[controller_server-23] [INFO] [1791374867.857437894] [controller_server]: Critic loaded : mppi::critics::CostCritic
[controller_server-23] [INFO] [1791374867.858545560] [controller_server]: GoalCritic instantiated with 1 power and 5.000000 weight.
[controller_server-23] [INFO] [1791374867.858575736] [controller_server]: Critic loaded : mppi::critics::GoalCritic
[controller_server-23] [INFO] [1791374867.859539893] [controller_server]: GoalAngleCritic instantiated with 1 power, 3.000000 weight, 0.500000 angular threshold and symmetric_yaw_tolerance disabled
[controller_server-23] [INFO] [1791374867.859577509] [controller_server]: Critic loaded : mppi::critics::GoalAngleCritic
[controller_server-23] [INFO] [1791374867.862646384] [controller_server]: ReferenceTrajectoryCritic instantiated with 1 power and 14.000000 weight
[controller_server-23] [INFO] [1791374867.862762589] [controller_server]: Critic loaded : mppi::critics::PathAlignCritic
[controller_server-23] [INFO] [1791374867.864008247] [controller_server]: Critic loaded : mppi::critics::PathFollowCritic
[controller_server-23] [INFO] [1791374867.864802808] [controller_server]: PathAngleCritic instantiated with 1 power and 2.000000 weight. Mode set to: Forward Preference
[controller_server-23] [INFO] [1791374867.864834118] [controller_server]: Critic loaded : mppi::critics::PathAngleCritic
[fastlio_mapping-14] [INFO] [1791374867.864870087] [laser_mapping]: p_pre->lidar_type 5
[controller_server-23] [INFO] [1791374867.865451524] [controller_server]: PreferForwardCritic instantiated with 1 power and 5.000000 weight.
[controller_server-23] [INFO] [1791374867.865478050] [controller_server]: Critic loaded : mppi::critics::PreferForwardCritic
[fastlio_mapping-14] ~~~~/build/robot/external/fast_lio/ doesn't exist
[controller_server-23] [INFO] [1791374867.913983066] [controller_server]: Optimizer reset
[controller_server-23] [INFO] [1791374867.921570700] [MPPIController]: Configured MPPI Controller: FollowPath
[controller_server-23] [INFO] [1791374867.921604011] [controller_server]: Controller Server has FollowPath  controllers available.
[fastlio_mapping-14] [INFO] [1791374867.936016247] [laser_mapping]: Node init finished.
[lifecycle_manager-24] [INFO] [1791374867.944949037] [mppi_lifecycle_manager]: [34m[1mActivating controller_server[0m[0m
[controller_server-23] [INFO] [1791374867.945856127] [controller_server]: Activating
[controller_server-23] [INFO] [1791374867.945895896] [local_costmap.local_costmap]: Activating
[controller_server-23] [INFO] [1791374867.945904780] [local_costmap.local_costmap]: Checking transform
[controller_server-23] [INFO] [1791374867.945946789] [local_costmap.local_costmap]: Timed out waiting for transform from base_link to odom to become available, tf error: Invalid frame ID "odom" passed to canTransform argument target_frame - frame does not exist
[far_planner-21] [INFO] [1791374868.014825949] [far_planner]: FAR Planner Node Initiated
[far_planner-21] [INFO] [1791374868.052114673] [far_planner]: voxel_dim: 0.100000
[far_planner-21] [INFO] [1791374868.058132673] [far_planner]: FAR Planner ROS Params Initiated
[far_planner-21] [INFO] [1791374868.058217996] [far_planner]: FAR Planner Callback Initiated
[fastlio_mapping-14] [WARN] [1791374868.115373598] [laser_mapping]: No point, skip this scan!
[fastlio_mapping-14] 
[far_planner-21] [INFO] [1791374868.145132133] [far_planner]: FAR Planner Processing Objects Initiated
[fastlio_mapping-14] [WARN] [1791374868.161704779] [laser_mapping]: No point, skip this scan!
[fastlio_mapping-14] 
[fastlio_mapping-14] [WARN] [1791374868.263774517] [laser_mapping]: No point, skip this scan!
[fastlio_mapping-14] 
[fastlio_mapping-14] [WARN] [1791374868.293680427] [laser_mapping]: No point, skip this scan!
[fastlio_mapping-14] 
[fastlio_mapping-14] IMU Initial Done
[fastlio_mapping-14] [WARN] [1791374868.323644128] [laser_mapping]: No point, skip this scan!
[fastlio_mapping-14] 
[fastlio_mapping-14] [INFO] [1791374868.384684214] [laser_mapping]: Initialize the map kdtree
[controller_server-23] [INFO] [1791374868.446174649] [local_costmap.local_costmap]: start
[controller_server-23] [WARN] [1791374868.596427660] [controller_server]: Parameter controller_server.verbose not found
[controller_server-23] [INFO] [1791374868.598077066] [controller_server]: Optimizer reset
[controller_server-23] [INFO] [1791374868.598342804] [MPPIController]: Activated MPPI Controller: FollowPath
[controller_server-23] [INFO] [1791374868.598366511] [controller_server]: Creating bond (controller_server) to lifecycle manager.
[lifecycle_manager-24] [INFO] [1791374868.711940050] [mppi_lifecycle_manager]: Server controller_server connected with bond.
[lifecycle_manager-24] [INFO] [1791374868.712152303] [mppi_lifecycle_manager]: [34m[1mManaged nodes are active[0m[0m
[lifecycle_manager-24] [INFO] [1791374868.712168112] [mppi_lifecycle_manager]: [34m[1mCreating bond timer...[0m[0m
[far_planner-21] [2J[0;0H
[far_planner-21] [1;33m **************** DYNAMIC ENV PLANNING **************** [0m
[far_planner-21] 
[far_planner-21] 
[far_planner-21] 
[far_planner-21] [INFO] [1791374869.145431496] [far_planner]: FAR Planner Initiated Complete
[far_planner-21] [A[A[2K[1;32m V-Graph Initialized [0m
[far_planner-21] 
[far_planner-21] [2K    Adding Goal to V-Graph Time: 0ms
[far_planner-21] [2K    Path Search Time: 0ms
[far_planner-21] [2K    Local V-Graph Updated. Number of local vertices: 0
[far_planner-21] [2K    Number of new vertices adding to global V-Graph: 0
[far_planner-21]     Total V-Graph Update Time: 0.941ms
[far_planner-21] [2K    Global V-Graph Updated. Number of global vertices: 1
[far_planner-21] [A[A[A[A[A[A[2K    Adding Goal to V-Graph Time: 0ms
[far_planner-21] [2K    Path Search Time: 0ms
[far_planner-21] [2K    Local V-Graph Updated. Number of local vertices: 0
[far_planner-21] [2K    Number of new vertices adding to global V-Graph: 0
[far_planner-21]     Total V-Graph Update Time: 0.935ms
[far_planner-21] [2K    Global V-Graph Updated. Number of global vertices: 1
[far_planner-21] [A[A[A[A[A[A[2K    Adding Goal to V-Graph Time: 0.01ms
[far_planner-21] [2K    Path Search Time: 0.338ms
[far_planner-21] [2K    Local V-Graph Updated. Number of local vertices: 0
[far_planner-21] [2K    Number of new vertices adding to global V-Graph: 0
[far_planner-21]     Total V-Graph Update Time: 0.843ms
[far_planner-21] [2K    Global V-Graph Updated. Number of global vertices: 2
[controller_server-23] [INFO] [1791374869.827059238] [controller_server]: Received a goal, begin computing control effort.
[controller_server-23] [INFO] [1791374869.830161439] [controller_server]: Optimizer reset
[controller_server-23] [INFO] [1791374869.832763842] [controller_server]: Optimizer reset
[controller_server-23] [ERROR] [1791374869.832953764] [controller_server]: Optimizer fail to compute path
[controller_server-23] [INFO] [1791374869.834636280] [controller_server]: Optimizer reset
[controller_server-23] [WARN] [1791374869.834687212] [controller_server]: [follow_path] [ActionServer] Aborting handle.
[far_planner-21] [A[A[A[A[A[A[2K    Adding Goal to V-Graph Time: 0.016ms
[far_planner-21] [2K    Path Search Time: 0.291ms
[far_planner-21] [2K    Local V-Graph Updated. Number of local vertices: 0
[far_planner-21] [2K    Number of new vertices adding to global V-Graph: 0
[far_planner-21]     Total V-Graph Update Time: 1.23ms
[far_planner-21] [2K    Global V-Graph Updated. Number of global vertices: 2
[controller_server-23] [INFO] [1791374870.004392152] [controller_server]: Received a goal, begin computing control effort.
[controller_server-23] [INFO] [1791374870.008761909] [controller_server]: Optimizer reset
[controller_server-23] [INFO] [1791374870.010863138] [controller_server]: Optimizer reset
[controller_server-23] [ERROR] [1791374870.010938473] [controller_server]: Optimizer fail to compute path
[controller_server-23] [INFO] [1791374870.012036020] [controller_server]: Optimizer reset
[controller_server-23] [WARN] [1791374870.012078949] [controller_server]: [follow_path] [ActionServer] Aborting handle.
[far_planner-21] [A[A[A[A[A[A[2K    Adding Goal to V-Graph Time: 0.01ms
[far_planner-21] [2K    Path Search Time: 0.283ms
[far_planner-21] [2K    Local V-Graph Updated. Number of local vertices: 0
[far_planner-21] [2K    Number of new vertices adding to global V-Graph: 0
[far_planner-21]     Total V-Graph Update Time: 1.404ms
[far_planner-21] [2K    Global V-Graph Updated. Number of global vertices: 2
[far_planner-21] [A[A[A[A[A[A[2K    Adding Goal to V-Graph Time: 0ms
[far_planner-21] [2K    Path Search Time: 0ms
[far_planner-21] [2K    Local V-Graph Updated. Number of local vertices: 0
[far_planner-21] [2K    Number of new vertices adding to global V-Graph: 0
[far_planner-21]     Total V-Graph Update Time: 0.595ms
[far_planner-21] [2K    Global V-Graph Updated. Number of global vertices: 1
[controller_server-23] [INFO] [1791374870.227482944] [controller_server]: Received a goal, begin computing control effort.
[controller_server-23] [INFO] [1791374870.230498668] [controller_server]: Optimizer reset
[controller_server-23] [INFO] [1791374870.232654483] [controller_server]: Optimizer reset
[controller_server-23] [ERROR] [1791374870.232745222] [controller_server]: Optimizer fail to compute path
[controller_server-23] [INFO] [1791374870.233922718] [controller_server]: Optimizer reset
[controller_server-23] [WARN] [1791374870.233973197] [controller_server]: [follow_path] [ActionServer] Aborting handle.
[WARNING] [launch]: user interrupted with ctrl-c (SIGINT)
[lifecycle_manager-24] [INFO] [1791374870.526532714] [rclcpp]: signal_handler(SIGINT/SIGTERM)
[lifecycle_manager-24] [INFO] [1791374870.526629987] [mppi_lifecycle_manager]: Running Nav2 LifecycleManager rcl preshutdown (mppi_lifecycle_manager)
[lifecycle_manager-24] [INFO] [1791374870.526664624] [mppi_lifecycle_manager]: [34m[1mTerminating bond timer...[0m[0m
[far_planner-21] [INFO] [1791374870.526533884] [rclcpp]: signal_handler(SIGINT/SIGTERM)
[graph_decoder-22] [INFO] [1791374870.526544681] [rclcpp]: signal_handler(SIGINT/SIGTERM)
[fastlio_mapping-14] catch sig %d2
[terrainAnalysisExt-20] [INFO] [1791374870.526575125] [rclcpp]: signal_handler(SIGINT/SIGTERM)
[greenhouse_cloud_normalizer-15] [INFO] [1791374870.526605675] [rclcpp]: signal_handler(SIGINT/SIGTERM)
[parameter_bridge-11] [INFO] [1791374870.526623598] [rclcpp]: signal_handler(SIGINT/SIGTERM)
[fast_lio_super_backend-17] [INFO] [1791374870.526631172] [rclcpp]: signal_handler(SIGINT/SIGTERM)
[greenhouse_cmd_sink-9] [INFO] [1791374870.526667318] [rclcpp]: signal_handler(SIGINT/SIGTERM)
[INFO] [mission-27]: sending signal 'SIGINT' to process[mission-27]
[INFO] [command_adapter-26]: sending signal 'SIGINT' to process[command_adapter-26]
[INFO] [terrain_grid-25]: sending signal 'SIGINT' to process[terrain_grid-25]
[INFO] [lifecycle_manager-24]: sending signal 'SIGINT' to process[lifecycle_manager-24]
[ERROR] [mission-27]: process has died [pid 7558, exit code -2, cmd '/opt/greenhouse/lib/greenhouse_mppi_navigation/mission --ros-args -r __node:=tracked_mission --params-file /tmp/launch_params_x85it45n'].
[INFO] [parameter_bridge-7]: process has finished cleanly [pid 7233]
[INFO] [controller_server-23]: sending signal 'SIGINT' to process[controller_server-23]
[ERROR] [terrain_grid-25]: process has died [pid 7556, exit code -2, cmd '/opt/greenhouse/lib/greenhouse_mppi_navigation/terrain_grid --ros-args -r __node:=terrain_grid --params-file /tmp/launch_params_p9jyz06p'].
[ERROR] [lifecycle_manager-24]: process has died [pid 7555, exit code -2, cmd '/opt/ros/jazzy/lib/nav2_lifecycle_manager/lifecycle_manager --ros-args -r __node:=mppi_lifecycle_manager --params-file /tmp/launch_params_10f8wtj5'].
[INFO] [graph_decoder-22]: sending signal 'SIGINT' to process[graph_decoder-22]
[INFO] [far_planner-21]: sending signal 'SIGINT' to process[far_planner-21]
[INFO] [static_transform_publisher-18]: process has finished cleanly [pid 7549]
[ERROR] [graph_decoder-22]: process has died [pid 7553, exit code -2, cmd '/opt/greenhouse_far/lib/graph_decoder/graph_decoder --ros-args -r __node:=graph_decoder --params-file /tmp/launch_params_5bc2km82'].
[INFO] [terrainAnalysisExt-20]: sending signal 'SIGINT' to process[terrainAnalysisExt-20]
[INFO] [parameter_bridge-8]: process has finished cleanly [pid 7234]
[INFO] [parameter_bridge-2]: process has finished cleanly [pid 7227]
[INFO] [terrainAnalysis-19]: sending signal 'SIGINT' to process[terrainAnalysis-19]
[ERROR] [far_planner-21]: process has died [pid 7552, exit code -2, cmd '/opt/greenhouse_far/lib/far_planner/far_planner --ros-args -r __node:=far_planner --params-file /opt/greenhouse_far/share/far_planner/config/default.yaml --params-file /tmp/launch_params_3_modp6n -r /odom_world:=/localization/global_odometry -r /terrain_cloud:=/perception/terrain_map_ext -r /scan_cloud:=/localization/registered_cloud -r /goal_point:=/planning/global_goal -r /terrain_local_cloud:=/perception/terrain_map -r /way_point:=/planning/way_point'].
[INFO] [parameter_bridge-11]: process has finished cleanly [pid 7237]
[ERROR] [terrainAnalysisExt-20]: process has died [pid 7551, exit code -2, cmd '/opt/greenhouse_far/lib/terrain_analysis_ext/terrainAnalysisExt --ros-args -r __node:=terrain_analysis_ext --params-file /tmp/launch_params_cslh3rq7 -r /state_estimation:=/localization/global_odometry -r /registered_scan:=/localization/registered_cloud -r /terrain_map:=/perception/terrain_map -r /terrain_map_ext:=/perception/terrain_map_ext'].
[INFO] [fast_lio_super_backend-17]: sending signal 'SIGINT' to process[fast_lio_super_backend-17]
[INFO] [greenhouse_cmd_sink-9]: process has finished cleanly [pid 7235]
[INFO] [parameter_bridge-6]: process has finished cleanly [pid 7232]
[INFO] [greenhouse_cmd_gate-16]: sending signal 'SIGINT' to process[greenhouse_cmd_gate-16]
[INFO] [greenhouse_cloud_normalizer-15]: sending signal 'SIGINT' to process[greenhouse_cloud_normalizer-15]
[ERROR] [fast_lio_super_backend-17]: process has died [pid 7541, exit code -2, cmd '/opt/greenhouse/lib/fast_lio_super_ros2/fast_lio_super_backend --ros-args -r __node:=fast_lio_super_backend --params-file /opt/greenhouse/share/fast_lio_super_ros2/config/backend.yaml --params-file /tmp/launch_params_g4yhy9l9 -r odometry:=/localization/odometry -r registered_cloud:=/localization/registered_cloud_odom -r global_odometry:=/localization/global_odometry -r global_pose:=/localization/global_pose -r corrected_path:=/localization/corrected_path -r corrected_map:=/localization/corrected_map -r diagnostics:=/diagnostics'].
[ERROR] [command_adapter-26]: process has died [pid 7557, exit code -2, cmd '/opt/greenhouse/lib/greenhouse_mppi_navigation/command_adapter --ros-args -r __node:=mppi_command_adapter --params-file /tmp/launch_params_7pupgmsx'].
[INFO] [fastlio_mapping-14]: sending signal 'SIGINT' to process[fastlio_mapping-14]
[ERROR] [greenhouse_cloud_normalizer-15]: process has died [pid 7539, exit code -2, cmd '/opt/greenhouse/lib/greenhouse_cloud_normalizer/greenhouse_cloud_normalizer --ros-args -r __node:=slam_cloud_to_map --params-file /tmp/launch_params_25sb2gjg'].
[INFO] [simulation_lidar_filter.py-12]: sending signal 'SIGINT' to process[simulation_lidar_filter.py-12]
[INFO] [greenhouse_cmd_gate-16]: process has finished cleanly [pid 7540]
[ERROR] [fastlio_mapping-14]: process has died [pid 7538, exit code -2, cmd '/opt/greenhouse/lib/fast_lio/fastlio_mapping --ros-args -r __node:=laser_mapping --params-file /opt/greenhouse/share/greenhouse_mppi_navigation/config/fastlio.yaml --params-file /tmp/launch_params_1pa3b5ew'].
[ERROR] [simulation_lidar_filter.py-12]: process has died [pid 7238, exit code -2, cmd '/opt/greenhouse/lib/greenhouse_nav2_bringup/simulation_lidar_filter.py --ros-args --params-file /tmp/launch_params_pd89gv4_'].
[INFO] [terrainAnalysis-19]: process has finished cleanly [pid 7550]
[INFO] [robot_state_publisher-3]: sending signal 'SIGINT' to process[robot_state_publisher-3]
[INFO] [gazebo-1]: sending signal 'SIGINT' to process[gazebo-1]
[ERROR] [robot_state_publisher-3]: process has died [pid 7228, exit code -2, cmd '/opt/ros/jazzy/lib/robot_state_publisher/robot_state_publisher --ros-args --params-file /tmp/launch_params_bfg_sqwc -r /tf:=tf -r /tf_static:=tf_static -r joint_states:=platform/joint_states'].
[parameter_bridge-7] [INFO] [1791374870.526942379] [rclcpp]: signal_handler(SIGINT/SIGTERM)
[parameter_bridge-2] [INFO] [1791374870.527037472] [rclcpp]: signal_handler(SIGINT/SIGTERM)
[parameter_bridge-8] [INFO] [1791374870.526979893] [rclcpp]: signal_handler(SIGINT/SIGTERM)
[controller_server-23] [INFO] [1791374870.527167191] [rclcpp]: signal_handler(SIGINT/SIGTERM)
[controller_server-23] [INFO] [1791374870.527231890] [controller_server]: Running Nav2 LifecycleNode rcl preshutdown (controller_server)
[controller_server-23] [INFO] [1791374870.527302670] [controller_server]: Deactivating
[controller_server-23] [INFO] [1791374870.527342387] [MPPIController]: Deactivated MPPI Controller: FollowPath
[controller_server-23] [INFO] [1791374870.527360055] [local_costmap.local_costmap]: Deactivating
[controller_server-23] [INFO] [1791374870.546573608] [controller_server]: Destroying bond (controller_server) to lifecycle manager.
[terrain_grid-25] [INFO] [1791374870.527223124] [rclcpp]: signal_handler(SIGINT/SIGTERM)
[robot_state_publisher-3] [INFO] [1791374870.527482147] [rclcpp]: signal_handler(SIGINT/SIGTERM)
[parameter_bridge-6] [INFO] [1791374870.528141701] [rclcpp]: signal_handler(SIGINT/SIGTERM)
[static_transform_publisher-18] [INFO] [1791374870.528470123] [rclcpp]: signal_handler(SIGINT/SIGTERM)
[controller_server-23] [INFO] [1791374870.556746404] [controller_server]: Cleaning up
[controller_server-23] [INFO] [1791374870.556828966] [MPPIController]: Cleaned up MPPI Controller: FollowPath
[controller_server-23] [INFO] [1791374870.556966987] [local_costmap.local_costmap]: Cleaning up
[lifecycle_manager-24] [INFO] [1791374870.558578609] [mppi_lifecycle_manager]: Destroying mppi_lifecycle_manager
[command_adapter-26] Traceback (most recent call last):
[command_adapter-26]   File "/opt/greenhouse/lib/greenhouse_mppi_navigation/command_adapter", line 3, in <module>
[command_adapter-26]     main()
[command_adapter-26]   File "/opt/greenhouse/lib/python3.12/site-packages/greenhouse_mppi_navigation/command_adapter.py", line 124, in main
[command_adapter-26]     node.destroy_node()
[command_adapter-26]   File "/opt/ros/jazzy/lib/python3.12/site-packages/rclpy/node.py", line 1968, in destroy_node
[command_adapter-26]     self.__node.destroy_when_not_in_use()
[command_adapter-26] KeyboardInterrupt
[controller_server-23] [INFO] [1791374870.718495816] [controller_server]: Destroying bond (controller_server) to lifecycle manager.
[controller_server-23] [INFO] [1791374870.719794359] [rclcpp]: signal_handler(SIGINT/SIGTERM)
[controller_server-23] [INFO] [1791374870.720895274] [local_costmap.local_costmap]: Destroying
[controller_server-23] [INFO] [1791374870.726146645] [controller_server]: Destroying
[INFO] [controller_server-23]: process has finished cleanly [pid 7554]
[ERROR] [gazebo-1]: process[gazebo-1] failed to terminate '5' seconds after receiving 'SIGINT', escalating to 'SIGTERM'
[INFO] [gazebo-1]: sending signal 'SIGTERM' to process[gazebo-1]
[ERROR] [gazebo-1]: process has died [pid 7226, exit code -15, cmd 'ruby /opt/ros/jazzy/opt/gz_tools_vendor/bin/gz sim -r -s --headless-rendering /evidence/candidate-matrix/orchard_jackal_j100_r2/orchard-runtime.sdf --force-version 8'].
