[INFO] [launch]: All log files can be found below /root/.ros/log/2026-10-07-12-14-48-262900-DW-12637
[INFO] [launch]: Default logging verbosity is set to INFO
[INFO] [gazebo-1]: process started with pid [12653]
[INFO] [parameter_bridge-2]: process started with pid [12654]
[INFO] [robot_state_publisher-3]: process started with pid [12656]
[INFO] [spawner-4]: process started with pid [12657]
[INFO] [spawner-5]: process started with pid [12658]
[INFO] [parameter_bridge-6]: process started with pid [12659]
[INFO] [parameter_bridge-7]: process started with pid [12660]
[INFO] [parameter_bridge-8]: process started with pid [12661]
[INFO] [greenhouse_cmd_sink-9]: process started with pid [12662]
[INFO] [create-10]: process started with pid [12663]
[INFO] [parameter_bridge-11]: process started with pid [12664]
[INFO] [simulation_lidar_filter.py-12]: process started with pid [12665]
[INFO] [simulation_ground_startup.py-13]: process started with pid [12666]
[robot_state_publisher-3] [INFO] [1791375289.939229257] [robot_state_publisher]: Robot initialized
[create-10] [INFO] [1791375291.617079894] [create_jackal_j100]: Entity creation successful.
[spawner-4] [INFO] [1791375291.713562981] [spawner_joint_state_broadcaster]: waiting for service /controller_manager/list_controllers to become available...
[INFO] [create-10]: process has finished cleanly [pid 12663]
[parameter_bridge-2] [INFO] [1791375291.927794529] [simulation_clock_bridge]: Creating GZ->ROS Bridge: [/clock (gz.msgs.Clock) -> /clock (rosgraph_msgs/msg/Clock)] (Lazy 0)
[gazebo-1] [1;33mWarning [Utils.cc:132][0m [/sdf/model[@name="j100-0000"]/link[@name="base_link"]/sensor[@name="camera_0"]/camera/gz_frame_id:///evidence/candidate-matrix/pipeline_jackal_j100_r2/robot-instrumented.sdf:L163]: XML Element[gz_frame_id], child of element[camera], not defined in SDF. Copying[gz_frame_id] as children of [camera].
[gazebo-1] [1;33mWarning [Utils.cc:132][0m [/sdf/model[@name="j100-0000"]/link[@name="base_link"]/sensor[@name="camera_0"]/gz_frame_id:///evidence/candidate-matrix/pipeline_jackal_j100_r2/robot-instrumented.sdf:L170]: XML Element[gz_frame_id], child of element[sensor], not defined in SDF. Copying[gz_frame_id] as children of [sensor].
[gazebo-1] [1;33mWarning [Utils.cc:132][0m [/sdf/model[@name="j100-0000"]/link[@name="base_link"]/sensor[@name="lidar3d_0"]/gz_frame_id:///evidence/candidate-matrix/pipeline_jackal_j100_r2/robot-instrumented.sdf:L199]: XML Element[gz_frame_id], child of element[sensor], not defined in SDF. Copying[gz_frame_id] as children of [sensor].
[gazebo-1] [1;33mWarning [Utils.cc:132][0m [/sdf/model[@name="j100-0000"]/link[@name="base_link"]/sensor[@name="imu_0"]/gz_frame_id:///evidence/candidate-matrix/pipeline_jackal_j100_r2/robot-instrumented.sdf:L207]: XML Element[gz_frame_id], child of element[sensor], not defined in SDF. Copying[gz_frame_id] as children of [sensor].
[gazebo-1] [1;33mWarning [Utils.cc:132][0m [/sdf/model[@name="j100-0000"]/link[@name="base_link"]/sensor[@name="gps_0"]/gz_frame_id:///evidence/candidate-matrix/pipeline_jackal_j100_r2/robot-instrumented.sdf:L215]: XML Element[gz_frame_id], child of element[sensor], not defined in SDF. Copying[gz_frame_id] as children of [sensor].
[gazebo-1] [INFO] [1791375292.473344890] [gz_ros_control]: Loading controller_manager
[gazebo-1] [INFO] [1791375292.492487040] [controller_manager]: Using ROS clock for triggering controller manager cycles.
[gazebo-1] [WARN] [1791375292.492540536] [controller_manager]: The resource manager is not yet initialized, will wait for the robot description to initialize it..
[gazebo-1] [INFO] [1791375292.502607944] [controller_manager]: Subscribing to '/robot_description' topic for robot description.
[gazebo-1] [WARN] [1791375292.502840314] [gz_ros_control]: Waiting RM to load and initialize hardware...
[parameter_bridge-6] [INFO] [1791375292.607333168] [simulation_sensor_bridge]: Creating GZ->ROS Bridge: [/sensors/imu_0/data_raw (gz.msgs.IMU) -> /sensors/imu/data (sensor_msgs/msg/Imu)] (Lazy 0)
[gazebo-1] [INFO] [1791375292.631485591] [controller_manager]: Received robot description from topic.
[gazebo-1] [INFO] [1791375292.631695186] [controller_manager]: Enforcing command limits is disabled. Command limits from URDF will be ignored.
[gazebo-1] [INFO] [1791375292.635073815] [gz_ros_control]: The position_proportional_gain has been set to: 0.1
[gazebo-1] [INFO] [1791375292.635174083] [gz_ros_control]: Loading joint: front_left_wheel_joint
[gazebo-1] [INFO] [1791375292.635180056] [gz_ros_control]: 	State:
[gazebo-1] [INFO] [1791375292.635184012] [gz_ros_control]: 		 position
[gazebo-1] [INFO] [1791375292.635186614] [gz_ros_control]: 		 velocity
[gazebo-1] [INFO] [1791375292.635191616] [gz_ros_control]: 	Command:
[gazebo-1] [INFO] [1791375292.635193572] [gz_ros_control]: 		 velocity
[gazebo-1] [INFO] [1791375292.635202282] [gz_ros_control]: Loading joint: front_right_wheel_joint
[gazebo-1] [INFO] [1791375292.635204436] [gz_ros_control]: 	State:
[gazebo-1] [INFO] [1791375292.635206499] [gz_ros_control]: 		 position
[gazebo-1] [INFO] [1791375292.635208796] [gz_ros_control]: 		 velocity
[gazebo-1] [INFO] [1791375292.635210629] [gz_ros_control]: 	Command:
[gazebo-1] [INFO] [1791375292.635212279] [gz_ros_control]: 		 velocity
[gazebo-1] [INFO] [1791375292.635218234] [gz_ros_control]: Loading joint: rear_left_wheel_joint
[gazebo-1] [INFO] [1791375292.635220210] [gz_ros_control]: 	State:
[gazebo-1] [INFO] [1791375292.635221977] [gz_ros_control]: 		 position
[gazebo-1] [INFO] [1791375292.635224235] [gz_ros_control]: 		 velocity
[gazebo-1] [INFO] [1791375292.635226034] [gz_ros_control]: 	Command:
[gazebo-1] [INFO] [1791375292.635227650] [gz_ros_control]: 		 velocity
[gazebo-1] [INFO] [1791375292.635232948] [gz_ros_control]: Loading joint: rear_right_wheel_joint
[gazebo-1] [INFO] [1791375292.635234789] [gz_ros_control]: 	State:
[gazebo-1] [INFO] [1791375292.635236540] [gz_ros_control]: 		 position
[gazebo-1] [INFO] [1791375292.635238429] [gz_ros_control]: 		 velocity
[gazebo-1] [INFO] [1791375292.635242351] [gz_ros_control]: 	Command:
[gazebo-1] [INFO] [1791375292.635244125] [gz_ros_control]: 		 velocity
[gazebo-1] [INFO] [1791375292.635274768] [gz_ros_control]: Loading sensor: imu_0
[gazebo-1] [INFO] [1791375292.635278759] [gz_ros_control]: 	State:
[gazebo-1] [WARN] [1791375292.635281376] [gz_ros_control]: IMU sensor 'imu_0' not found in hardware_info, skipping.
[gazebo-1] [INFO] [1791375292.635340721] [controller_manager]: Initialize hardware 'j100_hardware' 
[gazebo-1] [WARN] [1791375292.635351167] [controller_manager.hardware_component.system.j100_hardware]: Executor is not available during hardware component initialization for 'j100_hardware'. Skipping node creation!
[gazebo-1] [INFO] [1791375292.635414821] [controller_manager]: Successful initialization of hardware 'j100_hardware'
[gazebo-1] [INFO] [1791375292.635507757] [controller_manager]: Activating component 'j100_hardware'.
[gazebo-1] [INFO] [1791375292.635524468] [resource_manager]: 'configure' hardware 'j100_hardware' 
[gazebo-1] [INFO] [1791375292.635529344] [gz_ros_control]: System Successfully configured!
[gazebo-1] [INFO] [1791375292.635535080] [resource_manager]: Successful 'configure' of hardware 'j100_hardware'
[gazebo-1] [INFO] [1791375292.635540448] [resource_manager]: 'activate' hardware 'j100_hardware' 
[gazebo-1] [INFO] [1791375292.635550339] [resource_manager]: Successful 'activate' of hardware 'j100_hardware'
[gazebo-1] [WARN] [1791375292.635601584] [controller_manager]: Component 'j100_hardware' does not have read or write statistics initialized, skipping registration.
[gazebo-1] [INFO] [1791375292.635605929] [controller_manager]: Resource Manager has been successfully initialized. Starting Controller Manager services...
[gazebo-1] [INFO] [1791375292.717002715] [controller_manager]: Loading controller : 'joint_state_broadcaster' of type 'joint_state_broadcaster/JointStateBroadcaster'
[gazebo-1] [INFO] [1791375292.717098324] [controller_manager]: Loading controller 'joint_state_broadcaster'
[gazebo-1] [WARN] [1791375292.721209841] [controller_manager]: The use of remapping arguments to the controller_manager node is deprecated. Please use the '--controller-ros-args' argument of the spawner to pass remapping arguments to the controller node.
[gazebo-1] [INFO] [1791375292.721255339] [controller_manager]: Controller 'joint_state_broadcaster' node arguments: --ros-args --params-file /opt/greenhouse_sim/robot/jackal_j100/platform/config/control.yaml --ros-args --remap ~/odom:=platform/odom --remap ~/cmd_vel:=platform/cmd_vel --remap /tf:=tf --remap /tf_static:=tf_static --remap /diagnostics:=diagnostics --remap /dynamic_joint_states:=platform/dynamic_joint_states --remap joint_states:=platform/joint_states --remap ~/reference:=platform/cmd_vel --remap ~/odometry:=platform/odom -p use_sim_time:=true --param use_sim_time:=true 
[spawner-4] [INFO] [1791375292.735974114] [spawner_joint_state_broadcaster]: Loaded joint_state_broadcaster
[gazebo-1] [INFO] [1791375292.737200312] [controller_manager]: Configuring controller: 'joint_state_broadcaster'
[gazebo-1] [INFO] [1791375292.737337488] [joint_state_broadcaster]: 'joints' or 'interfaces' parameter is empty. All available state interfaces will be published
[parameter_bridge-7] [INFO] [1791375292.746451432] [simulation_lidar_bridge]: Creating GZ->ROS Bridge: [/sensors/lidar3d_0/scan/points (gz.msgs.PointCloudPacked) -> /simulation/lidar/unfiltered (sensor_msgs/msg/PointCloud2)] (Lazy 0)
[gazebo-1] [INFO] [1791375292.749713824] [controller_manager]: Activating controllers: [ joint_state_broadcaster ]
[parameter_bridge-8] [INFO] [1791375293.006011250] [simulation_camera_bridge]: Creating GZ->ROS Bridge: [/sensors/camera_0/image (gz.msgs.Image) -> /sensors/camera/color/image (sensor_msgs/msg/Image)] (Lazy 1)
[parameter_bridge-8] [INFO] [1791375293.008827278] [simulation_camera_bridge]: Creating GZ->ROS Bridge: [/sensors/camera_0/points (gz.msgs.PointCloudPacked) -> /sensors/camera/points (sensor_msgs/msg/PointCloud2)] (Lazy 1)
[parameter_bridge-11] [INFO] [1791375293.036376061] [simulation_contact_bridge]: Creating GZ->ROS Bridge: [/world/pipeline/model/robot/link/base_link/sensor/simulation_contact_0/contact (gz.msgs.Contacts) -> /simulation/contacts (ros_gz_interfaces/msg/Contacts)] (Lazy 0)
[parameter_bridge-11] [INFO] [1791375293.039431096] [simulation_contact_bridge]: Creating GZ->ROS Bridge: [/world/pipeline/model/robot/link/base_link/sensor/simulation_contact_1/contact (gz.msgs.Contacts) -> /simulation/contacts (ros_gz_interfaces/msg/Contacts)] (Lazy 0)
[parameter_bridge-11] [INFO] [1791375293.039998067] [simulation_contact_bridge]: Creating GZ->ROS Bridge: [/world/pipeline/model/robot/link/base_link/sensor/simulation_contact_2/contact (gz.msgs.Contacts) -> /simulation/contacts (ros_gz_interfaces/msg/Contacts)] (Lazy 0)
[parameter_bridge-11] [INFO] [1791375293.040421647] [simulation_contact_bridge]: Creating GZ->ROS Bridge: [/world/pipeline/model/robot/link/front_left_wheel_link/sensor/simulation_contact_3/contact (gz.msgs.Contacts) -> /simulation/contacts (ros_gz_interfaces/msg/Contacts)] (Lazy 0)
[parameter_bridge-11] [INFO] [1791375293.040835518] [simulation_contact_bridge]: Creating GZ->ROS Bridge: [/world/pipeline/model/robot/link/front_right_wheel_link/sensor/simulation_contact_4/contact (gz.msgs.Contacts) -> /simulation/contacts (ros_gz_interfaces/msg/Contacts)] (Lazy 0)
[parameter_bridge-11] [INFO] [1791375293.041226733] [simulation_contact_bridge]: Creating GZ->ROS Bridge: [/world/pipeline/model/robot/link/rear_left_wheel_link/sensor/simulation_contact_5/contact (gz.msgs.Contacts) -> /simulation/contacts (ros_gz_interfaces/msg/Contacts)] (Lazy 0)
[parameter_bridge-11] [INFO] [1791375293.041603824] [simulation_contact_bridge]: Creating GZ->ROS Bridge: [/world/pipeline/model/robot/link/rear_right_wheel_link/sensor/simulation_contact_6/contact (gz.msgs.Contacts) -> /simulation/contacts (ros_gz_interfaces/msg/Contacts)] (Lazy 0)
[gazebo-1] [WARN] [1791375294.546937105] [gz_ros_control]:  Desired controller update period (0.02 s) is slower than the gazebo simulation period (0.003 s).
[gazebo-1] [INFO] [1791375296.888141902] [controller_manager]: Successfully switched controllers!
[spawner-4] [INFO] [1791375296.909898339] [spawner_joint_state_broadcaster]: Configured and activated joint_state_broadcaster
[INFO] [spawner-4]: process has finished cleanly [pid 12657]
[spawner-5] [INFO] [1791375297.246718698] [spawner_platform_velocity_controller]: waiting for service /controller_manager/list_controllers to become available...
[gazebo-1] [INFO] [1791375298.519600106] [controller_manager]: Loading controller : 'platform_velocity_controller' of type 'diff_drive_controller/DiffDriveController'
[gazebo-1] [INFO] [1791375298.519682696] [controller_manager]: Loading controller 'platform_velocity_controller'
[gazebo-1] [WARN] [1791375298.524289278] [controller_manager]: The use of remapping arguments to the controller_manager node is deprecated. Please use the '--controller-ros-args' argument of the spawner to pass remapping arguments to the controller node.
[gazebo-1] [INFO] [1791375298.524390757] [controller_manager]: Controller 'platform_velocity_controller' node arguments: --ros-args --params-file /opt/greenhouse_sim/robot/jackal_j100/platform/config/control.yaml --ros-args --remap ~/odom:=platform/odom --remap ~/cmd_vel:=platform/cmd_vel --remap /tf:=tf --remap /tf_static:=tf_static --remap /diagnostics:=diagnostics --remap /dynamic_joint_states:=platform/dynamic_joint_states --remap joint_states:=platform/joint_states --remap ~/reference:=platform/cmd_vel --remap ~/odometry:=platform/odom -p use_sim_time:=true --param use_sim_time:=true 
[spawner-5] [INFO] [1791375298.558824264] [spawner_platform_velocity_controller]: Loaded platform_velocity_controller
[gazebo-1] [INFO] [1791375298.648538160] [controller_manager]: Configuring controller: 'platform_velocity_controller'
[gazebo-1] [INFO] [1791375298.670522360] [controller_manager]: Activating controllers: [ platform_velocity_controller ]
[gazebo-1] [INFO] [1791375298.689260574] [controller_manager]: Successfully switched controllers!
[spawner-5] [INFO] [1791375298.711189713] [spawner_platform_velocity_controller]: Configured and activated platform_velocity_controller
[INFO] [spawner-5]: process has finished cleanly [pid 12658]
[gazebo-1] [WARN] [1791375299.151038177] [platform_velocity_controller]: Velocity command timed out. Braking.
[simulation_ground_startup.py-13] {"result": "settled", "sim_time_s": 1.782, "stable_sim_s": 1.002, "acceleration_norm_mps2": 9.799966103773995, "angular_speed_radps": 4.2704111487686436e-05, "clock_publishers": 1}
[INFO] [simulation_ground_startup.py-13]: process has finished cleanly [pid 12666]
[INFO] [launch.user]: closed-loop runtime_ready=true hardware_qualified=false mode=simulation
[INFO] [fastlio_mapping-14]: process started with pid [12965]
[INFO] [greenhouse_cloud_normalizer-15]: process started with pid [12966]
[INFO] [greenhouse_cmd_gate-16]: process started with pid [12967]
[INFO] [fast_lio_super_backend-17]: process started with pid [12968]
[INFO] [static_transform_publisher-18]: process started with pid [12980]
[INFO] [terrainAnalysis-19]: process started with pid [12981]
[INFO] [terrainAnalysisExt-20]: process started with pid [12982]
[INFO] [far_planner-21]: process started with pid [12983]
[INFO] [graph_decoder-22]: process started with pid [12984]
[INFO] [controller_server-23]: process started with pid [12985]
[INFO] [lifecycle_manager-24]: process started with pid [12986]
[INFO] [terrain_grid-25]: process started with pid [12987]
[INFO] [command_adapter-26]: process started with pid [12988]
[INFO] [mission-27]: process started with pid [12989]
[gazebo-1] [WARN] [1791375300.159016720] [platform_velocity_controller]: Velocity command timed out. Braking.
[gazebo-1] [WARN] [1791375301.166949103] [platform_velocity_controller]: Velocity command timed out. Braking.
[gazebo-1] [WARN] [1791375302.174988903] [platform_velocity_controller]: Velocity command timed out. Braking.
[greenhouse_cmd_gate-16] [INFO] [1791375302.735791305] [greenhouse_cmd_gate]: gate source=/cmd_vel/nav output=/cmd_vel scope=simulation_fixture auto_recover_after_watchdog=true
[greenhouse_cloud_normalizer-15] [INFO] [1791375303.980549790] [slam_cloud_to_map]: Transforming /localization/registered_cloud_odom into frame map on /localization/registered_cloud
[fast_lio_super_backend-17] [INFO] [1791375304.560878153] [fast_lio_super_backend]: SLAM frames: map -> odom -> base_link
[static_transform_publisher-18] [INFO] [1791375304.916980816] [static_sensor_tf]: Spinning until stopped - publishing transform
[static_transform_publisher-18] translation: ('0.000000', '0.000000', '0.321700')
[static_transform_publisher-18] rotation: ('0.000000', '0.000000', '0.000000', '1.000000')
[static_transform_publisher-18] from 'base_link' to 'livox_frame'
[fastlio_mapping-14] [INFO] [1791375305.147008084] [laser_mapping]: p_pre->lidar_type 5
[fastlio_mapping-14] ~~~~/build/robot/external/fast_lio/ doesn't exist
[fastlio_mapping-14] [INFO] [1791375305.164169136] [laser_mapping]: Node init finished.
[fastlio_mapping-14] [WARN] [1791375305.213499611] [laser_mapping]: No point, skip this scan!
[fastlio_mapping-14] 
[fastlio_mapping-14] [WARN] [1791375305.272970481] [laser_mapping]: No point, skip this scan!
[fastlio_mapping-14] 
[fastlio_mapping-14] [WARN] [1791375305.324423541] [laser_mapping]: No point, skip this scan!
[fastlio_mapping-14] 
[graph_decoder-22] [INFO] [1791375305.365391804] [graph_decoder]: Graph Decoder Node Initialized
[fastlio_mapping-14] IMU Initial Done
[fastlio_mapping-14] [WARN] [1791375305.384130081] [laser_mapping]: No point, skip this scan!
[fastlio_mapping-14] 
[fastlio_mapping-14] [INFO] [1791375305.423878446] [laser_mapping]: Initialize the map kdtree
[lifecycle_manager-24] [INFO] [1791375305.723583755] [mppi_lifecycle_manager]: Creating
[lifecycle_manager-24] [INFO] [1791375305.731427795] [mppi_lifecycle_manager]: [34m[1mCreating and initializing lifecycle service clients[0m[0m
[terrainAnalysis-19] [INFO] [1791375306.009133207] [terrainAnalysis]: terrain analysis: odometry=/localization/global_odometry cloud=/localization/registered_cloud output=/perception/terrain_map frame=map
[lifecycle_manager-24] [INFO] [1791375306.108079016] [mppi_lifecycle_manager]: [34m[1mStarting managed nodes bringup...[0m[0m
[lifecycle_manager-24] [INFO] [1791375306.108158298] [mppi_lifecycle_manager]: [34m[1mConfiguring controller_server[0m[0m
[controller_server-23] [INFO] [1791375306.112947127] [controller_server]: 
[controller_server-23] 	controller_server lifecycle node launched. 
[controller_server-23] 	Waiting on external lifecycle transitions to activate
[controller_server-23] 	See https://design.ros2.org/articles/node_lifecycle.html for more information.
[controller_server-23] [INFO] [1791375306.114979743] [controller_server]: Creating controller server
[controller_server-23] [INFO] [1791375306.187129879] [local_costmap.local_costmap]: 
[controller_server-23] 	local_costmap lifecycle node launched. 
[controller_server-23] 	Waiting on external lifecycle transitions to activate
[controller_server-23] 	See https://design.ros2.org/articles/node_lifecycle.html for more information.
[controller_server-23] [INFO] [1791375306.188058140] [local_costmap.local_costmap]: Creating Costmap
[controller_server-23] [INFO] [1791375306.193590280] [controller_server]: Configuring controller interface
[controller_server-23] [INFO] [1791375306.193642134] [controller_server]: getting progress checker plugins..
[controller_server-23] [INFO] [1791375306.193835769] [controller_server]: getting goal checker plugins..
[controller_server-23] [INFO] [1791375306.194105753] [controller_server]: Controller frequency set to 20.0000Hz
[controller_server-23] [INFO] [1791375306.194166107] [local_costmap.local_costmap]: Configuring
[controller_server-23] [INFO] [1791375306.216913521] [local_costmap.local_costmap]: Using plugin "terrain"
[controller_server-23] [INFO] [1791375306.223681458] [local_costmap.local_costmap]: Initialized plugin "terrain"
[controller_server-23] [INFO] [1791375306.223732066] [local_costmap.local_costmap]: Using plugin "inflation"
[controller_server-23] [INFO] [1791375306.229762693] [local_costmap.local_costmap]: Initialized plugin "inflation"
[far_planner-21] [INFO] [1791375306.278134228] [far_planner]: FAR Planner Node Initiated
[controller_server-23] [INFO] [1791375306.313271933] [controller_server]: Created progress_checker : progress_checker of type nav2_controller::SimpleProgressChecker
[controller_server-23] [INFO] [1791375306.315146351] [controller_server]: Controller Server has progress_checker  progress checkers available.
[controller_server-23] [INFO] [1791375306.315734953] [controller_server]: Created goal checker : goal_checker of type nav2_controller::SimpleGoalChecker
[controller_server-23] [INFO] [1791375306.316246408] [controller_server]: Controller Server has goal_checker  goal checkers available.
[controller_server-23] [INFO] [1791375306.317810162] [controller_server]: Created controller : FollowPath of type nav2_mppi_controller::MPPIController
[controller_server-23] [INFO] [1791375306.375329020] [controller_server]: Controller period is equal to model dt. Control sequence shifting is ON
[controller_server-23] [INFO] [1791375306.377123696] [controller_server]: ConstraintCritic instantiated with 1 power and 4.000000 weight.
[controller_server-23] [INFO] [1791375306.377162748] [controller_server]: Critic loaded : mppi::critics::ConstraintCritic
[controller_server-23] [INFO] [1791375306.379037123] [controller_server]: InflationCostCritic instantiated with 1 power and 300.000000 / 0.015000 weights. Critic will collision check based on footprint cost.
[controller_server-23] [INFO] [1791375306.379077315] [controller_server]: Critic loaded : mppi::critics::CostCritic
[controller_server-23] [INFO] [1791375306.380054991] [controller_server]: GoalCritic instantiated with 1 power and 5.000000 weight.
[controller_server-23] [INFO] [1791375306.380090276] [controller_server]: Critic loaded : mppi::critics::GoalCritic
[controller_server-23] [INFO] [1791375306.381077653] [controller_server]: GoalAngleCritic instantiated with 1 power, 3.000000 weight, 0.500000 angular threshold and symmetric_yaw_tolerance disabled
[controller_server-23] [INFO] [1791375306.381108212] [controller_server]: Critic loaded : mppi::critics::GoalAngleCritic
[controller_server-23] [INFO] [1791375306.382389297] [controller_server]: ReferenceTrajectoryCritic instantiated with 1 power and 14.000000 weight
[controller_server-23] [INFO] [1791375306.382420966] [controller_server]: Critic loaded : mppi::critics::PathAlignCritic
[controller_server-23] [INFO] [1791375306.383900664] [controller_server]: Critic loaded : mppi::critics::PathFollowCritic
[controller_server-23] [INFO] [1791375306.385641978] [controller_server]: PathAngleCritic instantiated with 1 power and 2.000000 weight. Mode set to: Forward Preference
[controller_server-23] [INFO] [1791375306.385683199] [controller_server]: Critic loaded : mppi::critics::PathAngleCritic
[controller_server-23] [INFO] [1791375306.386567008] [controller_server]: PreferForwardCritic instantiated with 1 power and 5.000000 weight.
[controller_server-23] [INFO] [1791375306.386598696] [controller_server]: Critic loaded : mppi::critics::PreferForwardCritic
[far_planner-21] [INFO] [1791375306.388209803] [far_planner]: voxel_dim: 0.100000
[controller_server-23] [INFO] [1791375306.392098696] [controller_server]: Optimizer reset
[far_planner-21] [INFO] [1791375306.395587489] [far_planner]: FAR Planner ROS Params Initiated
[far_planner-21] [INFO] [1791375306.395648071] [far_planner]: FAR Planner Callback Initiated
[controller_server-23] [INFO] [1791375306.402640285] [MPPIController]: Configured MPPI Controller: FollowPath
[controller_server-23] [INFO] [1791375306.402674894] [controller_server]: Controller Server has FollowPath  controllers available.
[lifecycle_manager-24] [INFO] [1791375306.487599281] [mppi_lifecycle_manager]: [34m[1mActivating controller_server[0m[0m
[controller_server-23] [INFO] [1791375306.488980338] [controller_server]: Activating
[controller_server-23] [INFO] [1791375306.489208660] [local_costmap.local_costmap]: Activating
[controller_server-23] [INFO] [1791375306.489235946] [local_costmap.local_costmap]: Checking transform
[controller_server-23] [INFO] [1791375306.489441714] [local_costmap.local_costmap]: start
[far_planner-21] [INFO] [1791375306.502255806] [far_planner]: FAR Planner Processing Objects Initiated
[controller_server-23] [WARN] [1791375306.572843708] [controller_server]: Parameter controller_server.verbose not found
[controller_server-23] [INFO] [1791375306.577724273] [controller_server]: Optimizer reset
[controller_server-23] [INFO] [1791375306.578021080] [MPPIController]: Activated MPPI Controller: FollowPath
[controller_server-23] [INFO] [1791375306.578051798] [controller_server]: Creating bond (controller_server) to lifecycle manager.
[lifecycle_manager-24] [INFO] [1791375306.682864567] [mppi_lifecycle_manager]: Server controller_server connected with bond.
[lifecycle_manager-24] [INFO] [1791375306.682948975] [mppi_lifecycle_manager]: [34m[1mManaged nodes are active[0m[0m
[lifecycle_manager-24] [INFO] [1791375306.682963608] [mppi_lifecycle_manager]: [34m[1mCreating bond timer...[0m[0m
[far_planner-21] [2J[0;0H
[far_planner-21] [1;33m **************** DYNAMIC ENV PLANNING **************** [0m
[far_planner-21] 
[far_planner-21] 
[far_planner-21] 
[far_planner-21] [INFO] [1791375307.502470368] [far_planner]: FAR Planner Initiated Complete
[far_planner-21] [A[A[2K[1;32m V-Graph Initialized [0m
[far_planner-21] 
[far_planner-21] [2K    Adding Goal to V-Graph Time: 0.011ms
[far_planner-21] [2K    Path Search Time: 0.277ms
[far_planner-21] [2K    Local V-Graph Updated. Number of local vertices: 0
[far_planner-21] [2K    Number of new vertices adding to global V-Graph: 0
[far_planner-21]     Total V-Graph Update Time: 0.655ms
[far_planner-21] [2K    Global V-Graph Updated. Number of global vertices: 2
[controller_server-23] [INFO] [1791375307.800968929] [controller_server]: Received a goal, begin computing control effort.
[controller_server-23] [INFO] [1791375307.805413667] [controller_server]: Optimizer reset
[controller_server-23] [INFO] [1791375307.808011523] [controller_server]: Optimizer reset
[controller_server-23] [ERROR] [1791375307.808168617] [controller_server]: Optimizer fail to compute path
[controller_server-23] [INFO] [1791375307.809818084] [controller_server]: Optimizer reset
[controller_server-23] [WARN] [1791375307.809895256] [controller_server]: [follow_path] [ActionServer] Aborting handle.
[far_planner-21] [A[A[A[A[A[A[2K    Adding Goal to V-Graph Time: 0.014ms
[far_planner-21] [2K    Path Search Time: 0.239ms
[far_planner-21] [2K    Local V-Graph Updated. Number of local vertices: 0
[far_planner-21] [2K    Number of new vertices adding to global V-Graph: 0
[far_planner-21]     Total V-Graph Update Time: 1.037ms
[far_planner-21] [2K    Global V-Graph Updated. Number of global vertices: 2
[controller_server-23] [INFO] [1791375308.026887025] [controller_server]: Received a goal, begin computing control effort.
[controller_server-23] [INFO] [1791375308.030336912] [controller_server]: Optimizer reset
[controller_server-23] [INFO] [1791375308.033441732] [controller_server]: Optimizer reset
[controller_server-23] [ERROR] [1791375308.033552629] [controller_server]: Optimizer fail to compute path
[controller_server-23] [INFO] [1791375308.034733891] [controller_server]: Optimizer reset
[controller_server-23] [WARN] [1791375308.034778569] [controller_server]: [follow_path] [ActionServer] Aborting handle.
[far_planner-21] [A[A[A[A[A[A[2K    Adding Goal to V-Graph Time: 0.011ms
[far_planner-21] [2K    Path Search Time: 0.543ms
[far_planner-21] [2K    Local V-Graph Updated. Number of local vertices: 0
[far_planner-21] [2K    Number of new vertices adding to global V-Graph: 0
[far_planner-21]     Total V-Graph Update Time: 1.518ms
[far_planner-21] [2K    Global V-Graph Updated. Number of global vertices: 2
[controller_server-23] [INFO] [1791375308.242867701] [controller_server]: Received a goal, begin computing control effort.
[controller_server-23] [INFO] [1791375308.244998798] [controller_server]: Optimizer reset
[controller_server-23] [INFO] [1791375308.246894959] [controller_server]: Optimizer reset
[controller_server-23] [ERROR] [1791375308.246993794] [controller_server]: Optimizer fail to compute path
[controller_server-23] [INFO] [1791375308.247934689] [controller_server]: Optimizer reset
[controller_server-23] [WARN] [1791375308.247963229] [controller_server]: [follow_path] [ActionServer] Aborting handle.
[WARNING] [launch]: user interrupted with ctrl-c (SIGINT)
[lifecycle_manager-24] [INFO] [1791375308.375067656] [rclcpp]: signal_handler(SIGINT/SIGTERM)
[lifecycle_manager-24] [INFO] [1791375308.375144704] [mppi_lifecycle_manager]: Running Nav2 LifecycleManager rcl preshutdown (mppi_lifecycle_manager)
[lifecycle_manager-24] [INFO] [1791375308.375170951] [mppi_lifecycle_manager]: [34m[1mTerminating bond timer...[0m[0m
[terrainAnalysisExt-20] [INFO] [1791375308.375078389] [rclcpp]: signal_handler(SIGINT/SIGTERM)
[graph_decoder-22] [INFO] [1791375308.375092883] [rclcpp]: signal_handler(SIGINT/SIGTERM)
[far_planner-21] [INFO] [1791375308.375090938] [rclcpp]: signal_handler(SIGINT/SIGTERM)
[controller_server-23] [INFO] [1791375308.375092034] [rclcpp]: signal_handler(SIGINT/SIGTERM)
[controller_server-23] [INFO] [1791375308.375147861] [controller_server]: Running Nav2 LifecycleNode rcl preshutdown (controller_server)
[controller_server-23] [INFO] [1791375308.375213185] [controller_server]: Deactivating
[controller_server-23] [INFO] [1791375308.375251316] [MPPIController]: Deactivated MPPI Controller: FollowPath
[controller_server-23] [INFO] [1791375308.375272677] [local_costmap.local_costmap]: Deactivating
[static_transform_publisher-18] [INFO] [1791375308.375132145] [rclcpp]: signal_handler(SIGINT/SIGTERM)
[fastlio_mapping-14] catch sig %d2
[fast_lio_super_backend-17] [INFO] [1791375308.375154086] [rclcpp]: signal_handler(SIGINT/SIGTERM)
[INFO] [mission-27]: sending signal 'SIGINT' to process[mission-27]
[INFO] [command_adapter-26]: sending signal 'SIGINT' to process[command_adapter-26]
[INFO] [terrain_grid-25]: sending signal 'SIGINT' to process[terrain_grid-25]
[ERROR] [mission-27]: process has died [pid 12989, exit code -2, cmd '/opt/greenhouse/lib/greenhouse_mppi_navigation/mission --ros-args -r __node:=tracked_mission --params-file /tmp/launch_params_6qvwkv79'].
[INFO] [lifecycle_manager-24]: sending signal 'SIGINT' to process[lifecycle_manager-24]
[ERROR] [command_adapter-26]: process has died [pid 12988, exit code -2, cmd '/opt/greenhouse/lib/greenhouse_mppi_navigation/command_adapter --ros-args -r __node:=mppi_command_adapter --params-file /tmp/launch_params_5mztwhw0'].
[INFO] [parameter_bridge-11]: process has finished cleanly [pid 12664]
[INFO] [parameter_bridge-7]: process has finished cleanly [pid 12660]
[INFO] [controller_server-23]: sending signal 'SIGINT' to process[controller_server-23]
[ERROR] [terrain_grid-25]: process has died [pid 12987, exit code -2, cmd '/opt/greenhouse/lib/greenhouse_mppi_navigation/terrain_grid --ros-args -r __node:=terrain_grid --params-file /tmp/launch_params_scun5zq4'].
[ERROR] [lifecycle_manager-24]: process has died [pid 12986, exit code -2, cmd '/opt/ros/jazzy/lib/nav2_lifecycle_manager/lifecycle_manager --ros-args -r __node:=mppi_lifecycle_manager --params-file /tmp/launch_params_n0t2d9fy'].
[INFO] [graph_decoder-22]: sending signal 'SIGINT' to process[graph_decoder-22]
[INFO] [parameter_bridge-2]: process has finished cleanly [pid 12654]
[ERROR] [controller_server-23]: process has died [pid 12985, exit code -2, cmd '/opt/ros/jazzy/lib/nav2_controller/controller_server --ros-args -r __node:=controller_server --params-file /tmp/tmp3c2pvszi --params-file /tmp/launch_params_z6iq0371 -r cmd_vel:=/navigation/mppi_cmd'].
[INFO] [far_planner-21]: sending signal 'SIGINT' to process[far_planner-21]
[INFO] [parameter_bridge-8]: process has finished cleanly [pid 12661]
[ERROR] [graph_decoder-22]: process has died [pid 12984, exit code -2, cmd '/opt/greenhouse_far/lib/graph_decoder/graph_decoder --ros-args -r __node:=graph_decoder --params-file /tmp/launch_params_wrxa1n6p'].
[INFO] [parameter_bridge-6]: process has finished cleanly [pid 12659]
[INFO] [terrainAnalysisExt-20]: sending signal 'SIGINT' to process[terrainAnalysisExt-20]
[INFO] [terrainAnalysis-19]: sending signal 'SIGINT' to process[terrainAnalysis-19]
[ERROR] [far_planner-21]: process has died [pid 12983, exit code -2, cmd '/opt/greenhouse_far/lib/far_planner/far_planner --ros-args -r __node:=far_planner --params-file /opt/greenhouse_far/share/far_planner/config/default.yaml --params-file /tmp/launch_params_y0lz75e1 -r /odom_world:=/localization/global_odometry -r /terrain_cloud:=/perception/terrain_map_ext -r /scan_cloud:=/localization/registered_cloud -r /goal_point:=/planning/global_goal -r /terrain_local_cloud:=/perception/terrain_map -r /way_point:=/planning/way_point'].
[ERROR] [terrainAnalysisExt-20]: process has died [pid 12982, exit code -2, cmd '/opt/greenhouse_far/lib/terrain_analysis_ext/terrainAnalysisExt --ros-args -r __node:=terrain_analysis_ext --params-file /tmp/launch_params_4559u5t7 -r /state_estimation:=/localization/global_odometry -r /registered_scan:=/localization/registered_cloud -r /terrain_map:=/perception/terrain_map -r /terrain_map_ext:=/perception/terrain_map_ext'].
[INFO] [static_transform_publisher-18]: process has finished cleanly [pid 12980]
[INFO] [fast_lio_super_backend-17]: sending signal 'SIGINT' to process[fast_lio_super_backend-17]
[INFO] [greenhouse_cmd_gate-16]: sending signal 'SIGINT' to process[greenhouse_cmd_gate-16]
[INFO] [greenhouse_cmd_sink-9]: process has finished cleanly [pid 12662]
[INFO] [terrainAnalysis-19]: process has finished cleanly [pid 12981]
[INFO] [greenhouse_cloud_normalizer-15]: sending signal 'SIGINT' to process[greenhouse_cloud_normalizer-15]
[ERROR] [fast_lio_super_backend-17]: process has died [pid 12968, exit code -2, cmd '/opt/greenhouse/lib/fast_lio_super_ros2/fast_lio_super_backend --ros-args -r __node:=fast_lio_super_backend --params-file /opt/greenhouse/share/fast_lio_super_ros2/config/backend.yaml --params-file /tmp/launch_params_84dslhx3 -r odometry:=/localization/odometry -r registered_cloud:=/localization/registered_cloud_odom -r global_odometry:=/localization/global_odometry -r global_pose:=/localization/global_pose -r corrected_path:=/localization/corrected_path -r corrected_map:=/localization/corrected_map -r diagnostics:=/diagnostics'].
[INFO] [fastlio_mapping-14]: sending signal 'SIGINT' to process[fastlio_mapping-14]
[INFO] [robot_state_publisher-3]: process has finished cleanly [pid 12656]
[INFO] [simulation_lidar_filter.py-12]: sending signal 'SIGINT' to process[simulation_lidar_filter.py-12]
[ERROR] [greenhouse_cloud_normalizer-15]: process has died [pid 12966, exit code -2, cmd '/opt/greenhouse/lib/greenhouse_cloud_normalizer/greenhouse_cloud_normalizer --ros-args -r __node:=slam_cloud_to_map --params-file /tmp/launch_params_wjg50uoa'].
[ERROR] [fastlio_mapping-14]: process has died [pid 12965, exit code -2, cmd '/opt/greenhouse/lib/fast_lio/fastlio_mapping --ros-args -r __node:=laser_mapping --params-file /opt/greenhouse/share/greenhouse_mppi_navigation/config/fastlio.yaml --params-file /tmp/launch_params_4ti5aymf'].
[INFO] [greenhouse_cmd_gate-16]: process has finished cleanly [pid 12967]
[ERROR] [simulation_lidar_filter.py-12]: process has died [pid 12665, exit code -2, cmd '/opt/greenhouse/lib/greenhouse_nav2_bringup/simulation_lidar_filter.py --ros-args --params-file /tmp/launch_params_r2g7nw8n'].
[INFO] [gazebo-1]: sending signal 'SIGINT' to process[gazebo-1]
[greenhouse_cmd_sink-9] [INFO] [1791375308.375234229] [rclcpp]: signal_handler(SIGINT/SIGTERM)
[parameter_bridge-7] [INFO] [1791375308.375243633] [rclcpp]: signal_handler(SIGINT/SIGTERM)
[greenhouse_cloud_normalizer-15] [INFO] [1791375308.375269022] [rclcpp]: signal_handler(SIGINT/SIGTERM)
[parameter_bridge-2] [INFO] [1791375308.375288797] [rclcpp]: signal_handler(SIGINT/SIGTERM)
[controller_server-23] [INFO] [1791375308.392109908] [controller_server]: Destroying bond (controller_server) to lifecycle manager.
[controller_server-23] [INFO] [1791375308.402444835] [controller_server]: Cleaning up
[controller_server-23] [INFO] [1791375308.402685463] [MPPIController]: Cleaned up MPPI Controller: FollowPath
[controller_server-23] [INFO] [1791375308.403000468] [local_costmap.local_costmap]: Cleaning up
[robot_state_publisher-3] [INFO] [1791375308.375310067] [rclcpp]: signal_handler(SIGINT/SIGTERM)
[parameter_bridge-11] [INFO] [1791375308.376175087] [rclcpp]: signal_handler(SIGINT/SIGTERM)
[parameter_bridge-8] [INFO] [1791375308.376380701] [rclcpp]: signal_handler(SIGINT/SIGTERM)
[parameter_bridge-6] [INFO] [1791375308.376385088] [rclcpp]: signal_handler(SIGINT/SIGTERM)
[parameter_bridge-6] Failed to delete datawriter, at ./src/publisher.cpp:45 during '__function__'
[lifecycle_manager-24] [INFO] [1791375308.408946803] [mppi_lifecycle_manager]: Destroying mppi_lifecycle_manager
[controller_server-23] [INFO] [1791375308.572781743] [controller_server]: Destroying bond (controller_server) to lifecycle manager.
[controller_server-23] [INFO] [1791375308.576790776] [local_costmap.local_costmap]: Destroying
[ERROR] [gazebo-1]: process[gazebo-1] failed to terminate '5' seconds after receiving 'SIGINT', escalating to 'SIGTERM'
[INFO] [gazebo-1]: sending signal 'SIGTERM' to process[gazebo-1]
[ERROR] [gazebo-1]: process has died [pid 12653, exit code -15, cmd 'ruby /opt/ros/jazzy/opt/gz_tools_vendor/bin/gz sim -r -s --headless-rendering /evidence/candidate-matrix/pipeline_jackal_j100_r2/pipeline-runtime.sdf --force-version 8'].
