[INFO] [launch]: All log files can be found below /root/.ros/log/2026-10-07-11-57-15-525097-DW-2755
[INFO] [launch]: Default logging verbosity is set to INFO
[INFO] [gazebo-1]: process started with pid [2774]
[INFO] [parameter_bridge-2]: process started with pid [2775]
[INFO] [robot_state_publisher-3]: process started with pid [2776]
[INFO] [spawner-4]: process started with pid [2778]
[INFO] [spawner-5]: process started with pid [2779]
[INFO] [parameter_bridge-6]: process started with pid [2780]
[INFO] [parameter_bridge-7]: process started with pid [2781]
[INFO] [parameter_bridge-8]: process started with pid [2782]
[INFO] [greenhouse_cmd_sink-9]: process started with pid [2783]
[INFO] [create-10]: process started with pid [2784]
[INFO] [parameter_bridge-11]: process started with pid [2785]
[INFO] [simulation_lidar_filter.py-12]: process started with pid [2786]
[INFO] [simulation_ground_startup.py-13]: process started with pid [2787]
[INFO] [create-14]: process started with pid [2811]
[INFO] [parameter_bridge-15]: process started with pid [2813]
[robot_state_publisher-3] [INFO] [1791374237.458148066] [robot_state_publisher]: Robot initialized
[parameter_bridge-2] [INFO] [1791374239.946241203] [simulation_clock_bridge]: Creating GZ->ROS Bridge: [/clock (gz.msgs.Clock) -> /clock (rosgraph_msgs/msg/Clock)] (Lazy 0)
[parameter_bridge-15] [INFO] [1791374240.222143863] [sim_camera_bridge]: Creating GZ->ROS Bridge: [/sim_camera/image (gz.msgs.Image) -> /sim_camera/image (sensor_msgs/msg/Image)] (Lazy 0)
[spawner-4] [INFO] [1791374240.247068685] [spawner_joint_state_broadcaster]: waiting for service /controller_manager/list_controllers to become available...
[parameter_bridge-8] [INFO] [1791374240.363310620] [simulation_camera_bridge]: Creating GZ->ROS Bridge: [/sensors/camera_0/image (gz.msgs.Image) -> /sensors/camera/color/image (sensor_msgs/msg/Image)] (Lazy 1)
[parameter_bridge-8] [INFO] [1791374240.365988658] [simulation_camera_bridge]: Creating GZ->ROS Bridge: [/sensors/camera_0/points (gz.msgs.PointCloudPacked) -> /sensors/camera/points (sensor_msgs/msg/PointCloud2)] (Lazy 1)
[parameter_bridge-6] [INFO] [1791374240.608606686] [simulation_sensor_bridge]: Creating GZ->ROS Bridge: [/sensors/imu_0/data (gz.msgs.IMU) -> /sensors/imu/data (sensor_msgs/msg/Imu)] (Lazy 0)
[parameter_bridge-7] [INFO] [1791374240.789096938] [simulation_lidar_bridge]: Creating GZ->ROS Bridge: [/sensors/lidar3d_0/scan/points (gz.msgs.PointCloudPacked) -> /simulation/lidar/unfiltered (sensor_msgs/msg/PointCloud2)] (Lazy 0)
[parameter_bridge-11] [INFO] [1791374241.076877322] [simulation_contact_bridge]: Creating GZ->ROS Bridge: [/world/virtual_maize_field/model/robot/link/base_link/sensor/simulation_contact_0/contact (gz.msgs.Contacts) -> /simulation/contacts (ros_gz_interfaces/msg/Contacts)] (Lazy 0)
[parameter_bridge-11] [INFO] [1791374241.080600261] [simulation_contact_bridge]: Creating GZ->ROS Bridge: [/world/virtual_maize_field/model/robot/link/base_link/sensor/simulation_contact_1/contact (gz.msgs.Contacts) -> /simulation/contacts (ros_gz_interfaces/msg/Contacts)] (Lazy 0)
[parameter_bridge-11] [INFO] [1791374241.081315026] [simulation_contact_bridge]: Creating GZ->ROS Bridge: [/world/virtual_maize_field/model/robot/link/base_link/sensor/simulation_contact_2/contact (gz.msgs.Contacts) -> /simulation/contacts (ros_gz_interfaces/msg/Contacts)] (Lazy 0)
[parameter_bridge-11] [INFO] [1791374241.081859110] [simulation_contact_bridge]: Creating GZ->ROS Bridge: [/world/virtual_maize_field/model/robot/link/base_link/sensor/simulation_contact_3/contact (gz.msgs.Contacts) -> /simulation/contacts (ros_gz_interfaces/msg/Contacts)] (Lazy 0)
[parameter_bridge-11] [INFO] [1791374241.082425307] [simulation_contact_bridge]: Creating GZ->ROS Bridge: [/world/virtual_maize_field/model/robot/link/base_link/sensor/simulation_contact_4/contact (gz.msgs.Contacts) -> /simulation/contacts (ros_gz_interfaces/msg/Contacts)] (Lazy 0)
[parameter_bridge-11] [INFO] [1791374241.083007241] [simulation_contact_bridge]: Creating GZ->ROS Bridge: [/world/virtual_maize_field/model/robot/link/front_left_wheel_link/sensor/simulation_contact_5/contact (gz.msgs.Contacts) -> /simulation/contacts (ros_gz_interfaces/msg/Contacts)] (Lazy 0)
[parameter_bridge-11] [INFO] [1791374241.083797777] [simulation_contact_bridge]: Creating GZ->ROS Bridge: [/world/virtual_maize_field/model/robot/link/front_right_wheel_link/sensor/simulation_contact_6/contact (gz.msgs.Contacts) -> /simulation/contacts (ros_gz_interfaces/msg/Contacts)] (Lazy 0)
[parameter_bridge-11] [INFO] [1791374241.084930433] [simulation_contact_bridge]: Creating GZ->ROS Bridge: [/world/virtual_maize_field/model/robot/link/rear_left_wheel_link/sensor/simulation_contact_7/contact (gz.msgs.Contacts) -> /simulation/contacts (ros_gz_interfaces/msg/Contacts)] (Lazy 0)
[parameter_bridge-11] [INFO] [1791374241.086161871] [simulation_contact_bridge]: Creating GZ->ROS Bridge: [/world/virtual_maize_field/model/robot/link/rear_right_wheel_link/sensor/simulation_contact_8/contact (gz.msgs.Contacts) -> /simulation/contacts (ros_gz_interfaces/msg/Contacts)] (Lazy 0)
[create-10] [WARN] [1791374244.124912221] [create_husky_a200]: Waiting for service [/world/virtual_maize_field/create] to become available ...
[create-14] [WARN] [1791374245.169258340] [create_simulation_camera]: Waiting for service [/world/virtual_maize_field/create] to become available ...
[create-10] [WARN] [1791374249.125436173] [create_husky_a200]: Waiting for service [/world/virtual_maize_field/create] to become available ...
[create-14] [WARN] [1791374250.169629516] [create_simulation_camera]: Waiting for service [/world/virtual_maize_field/create] to become available ...
[create-10] [WARN] [1791374254.125759851] [create_husky_a200]: Waiting for service [/world/virtual_maize_field/create] to become available ...
[create-14] [WARN] [1791374255.169917568] [create_simulation_camera]: Waiting for service [/world/virtual_maize_field/create] to become available ...
[create-10] [INFO] [1791374256.246209558] [create_husky_a200]: Entity creation successful.
[create-14] [INFO] [1791374256.246360578] [create_simulation_camera]: Entity creation successful.
[gazebo-1] [1;33mWarning [Utils.cc:132][0m [/sdf/model[@name="a200-0000"]/link[@name="base_link"]/sensor[@name="camera_0"]/camera/gz_frame_id:///evidence/candidate-matrix/maize_field_husky_a200_r1/robot-instrumented.sdf:L181]: XML Element[gz_frame_id], child of element[camera], not defined in SDF. Copying[gz_frame_id] as children of [camera].
[gazebo-1] [1;33mWarning [Utils.cc:132][0m [/sdf/model[@name="a200-0000"]/link[@name="base_link"]/sensor[@name="camera_0"]/gz_frame_id:///evidence/candidate-matrix/maize_field_husky_a200_r1/robot-instrumented.sdf:L188]: XML Element[gz_frame_id], child of element[sensor], not defined in SDF. Copying[gz_frame_id] as children of [sensor].
[gazebo-1] [1;33mWarning [Utils.cc:132][0m [/sdf/model[@name="a200-0000"]/link[@name="base_link"]/sensor[@name="imu_0"]/gz_frame_id:///evidence/candidate-matrix/maize_field_husky_a200_r1/robot-instrumented.sdf:L196]: XML Element[gz_frame_id], child of element[sensor], not defined in SDF. Copying[gz_frame_id] as children of [sensor].
[gazebo-1] [1;33mWarning [Utils.cc:132][0m [/sdf/model[@name="a200-0000"]/link[@name="base_link"]/sensor[@name="lidar3d_0"]/gz_frame_id:///evidence/candidate-matrix/maize_field_husky_a200_r1/robot-instrumented.sdf:L226]: XML Element[gz_frame_id], child of element[sensor], not defined in SDF. Copying[gz_frame_id] as children of [sensor].
[INFO] [create-10]: process has finished cleanly [pid 2784]
[INFO] [create-14]: process has finished cleanly [pid 2811]
[spawner-5] [WARN] [1791374256.479985155] [ros2_control_controller_spawner_platform_velocity_controller]: Failed to acquire lock in 20 seconds. Attempt 1 of 5 failed. Retrying in 3 seconds...
[gazebo-1] [INFO] [1791374256.581626943] [gz_ros_control]: Loading controller_manager
[gazebo-1] [INFO] [1791374256.592869628] [controller_manager]: Using ROS clock for triggering controller manager cycles.
[gazebo-1] [WARN] [1791374256.592925917] [controller_manager]: The resource manager is not yet initialized, will wait for the robot description to initialize it..
[gazebo-1] [INFO] [1791374256.599537651] [controller_manager]: Subscribing to '/robot_description' topic for robot description.
[gazebo-1] [WARN] [1791374256.599623136] [gz_ros_control]: Waiting RM to load and initialize hardware...
[gazebo-1] [WARN] [1791374257.599785409] [controller_manager]: Waiting for data on 'robot_description' topic to finish initialization
[gazebo-1] [INFO] [1791374257.723707844] [controller_manager]: Received robot description from topic.
[gazebo-1] [INFO] [1791374257.723793221] [controller_manager]: Enforcing command limits is disabled. Command limits from URDF will be ignored.
[gazebo-1] [INFO] [1791374257.727727470] [gz_ros_control]: The position_proportional_gain has been set to: 0.1
[gazebo-1] [INFO] [1791374257.727824992] [gz_ros_control]: Loading joint: front_left_wheel_joint
[gazebo-1] [INFO] [1791374257.727834433] [gz_ros_control]: 	State:
[gazebo-1] [INFO] [1791374257.727873840] [gz_ros_control]: 		 position
[gazebo-1] [INFO] [1791374257.727885197] [gz_ros_control]: 		 velocity
[gazebo-1] [INFO] [1791374257.727894386] [gz_ros_control]: 	Command:
[gazebo-1] [INFO] [1791374257.727898445] [gz_ros_control]: 		 velocity
[gazebo-1] [INFO] [1791374257.727918678] [gz_ros_control]: Loading joint: rear_left_wheel_joint
[gazebo-1] [INFO] [1791374257.727924585] [gz_ros_control]: 	State:
[gazebo-1] [INFO] [1791374257.727928977] [gz_ros_control]: 		 position
[gazebo-1] [INFO] [1791374257.727933577] [gz_ros_control]: 		 velocity
[gazebo-1] [INFO] [1791374257.727942123] [gz_ros_control]: 	Command:
[gazebo-1] [INFO] [1791374257.727945855] [gz_ros_control]: 		 velocity
[gazebo-1] [INFO] [1791374257.727958474] [gz_ros_control]: Loading joint: front_right_wheel_joint
[gazebo-1] [INFO] [1791374257.727962752] [gz_ros_control]: 	State:
[gazebo-1] [INFO] [1791374257.727966551] [gz_ros_control]: 		 position
[gazebo-1] [INFO] [1791374257.727970761] [gz_ros_control]: 		 velocity
[gazebo-1] [INFO] [1791374257.727973247] [gz_ros_control]: 	Command:
[gazebo-1] [INFO] [1791374257.727975442] [gz_ros_control]: 		 velocity
[gazebo-1] [INFO] [1791374257.727982964] [gz_ros_control]: Loading joint: rear_right_wheel_joint
[gazebo-1] [INFO] [1791374257.727985314] [gz_ros_control]: 	State:
[gazebo-1] [INFO] [1791374257.727987382] [gz_ros_control]: 		 position
[gazebo-1] [INFO] [1791374257.727989675] [gz_ros_control]: 		 velocity
[gazebo-1] [INFO] [1791374257.727991837] [gz_ros_control]: 	Command:
[gazebo-1] [INFO] [1791374257.727993930] [gz_ros_control]: 		 velocity
[gazebo-1] [INFO] [1791374257.728760881] [gz_ros_control]: Loading sensor: imu_0
[gazebo-1] [INFO] [1791374257.728784825] [gz_ros_control]: 	State:
[gazebo-1] [WARN] [1791374257.728788335] [gz_ros_control]: IMU sensor 'imu_0' not found in hardware_info, skipping.
[gazebo-1] [INFO] [1791374257.729532775] [controller_manager]: Initialize hardware 'a200_hardware' 
[gazebo-1] [WARN] [1791374257.729565883] [controller_manager.hardware_component.system.a200_hardware]: Executor is not available during hardware component initialization for 'a200_hardware'. Skipping node creation!
[gazebo-1] [INFO] [1791374257.729619418] [controller_manager]: Successful initialization of hardware 'a200_hardware'
[gazebo-1] [INFO] [1791374257.729716824] [controller_manager]: Activating component 'a200_hardware'.
[gazebo-1] [INFO] [1791374257.729725018] [resource_manager]: 'configure' hardware 'a200_hardware' 
[gazebo-1] [INFO] [1791374257.729729402] [gz_ros_control]: System Successfully configured!
[gazebo-1] [INFO] [1791374257.729734059] [resource_manager]: Successful 'configure' of hardware 'a200_hardware'
[gazebo-1] [INFO] [1791374257.729739899] [resource_manager]: 'activate' hardware 'a200_hardware' 
[gazebo-1] [INFO] [1791374257.729752498] [resource_manager]: Successful 'activate' of hardware 'a200_hardware'
[gazebo-1] [WARN] [1791374257.729812537] [controller_manager]: Component 'a200_hardware' does not have read or write statistics initialized, skipping registration.
[gazebo-1] [INFO] [1791374257.729817331] [controller_manager]: Resource Manager has been successfully initialized. Starting Controller Manager services...
[gazebo-1] [INFO] [1791374257.841500869] [controller_manager]: Loading controller : 'joint_state_broadcaster' of type 'joint_state_broadcaster/JointStateBroadcaster'
[gazebo-1] [INFO] [1791374257.841596798] [controller_manager]: Loading controller 'joint_state_broadcaster'
[gazebo-1] [WARN] [1791374257.845513835] [controller_manager]: The use of remapping arguments to the controller_manager node is deprecated. Please use the '--controller-ros-args' argument of the spawner to pass remapping arguments to the controller node.
[gazebo-1] [INFO] [1791374257.845553709] [controller_manager]: Controller 'joint_state_broadcaster' node arguments: --ros-args --params-file /opt/greenhouse_sim/robot/husky_a200/platform/config/control.yaml --ros-args --remap ~/odom:=platform/odom --remap ~/cmd_vel:=platform/cmd_vel --remap /tf:=tf --remap /tf_static:=tf_static --remap /diagnostics:=diagnostics --remap /dynamic_joint_states:=platform/dynamic_joint_states --remap joint_states:=platform/joint_states --remap ~/reference:=platform/cmd_vel --remap ~/odometry:=platform/odom -p use_sim_time:=true --param use_sim_time:=true 
[spawner-4] [INFO] [1791374257.859542554] [spawner_joint_state_broadcaster]: Loaded joint_state_broadcaster
[gazebo-1] [INFO] [1791374257.860811461] [controller_manager]: Configuring controller: 'joint_state_broadcaster'
[gazebo-1] [INFO] [1791374257.860970909] [joint_state_broadcaster]: 'joints' or 'interfaces' parameter is empty. All available state interfaces will be published
[gazebo-1] [INFO] [1791374257.953412348] [controller_manager]: Activating controllers: [ joint_state_broadcaster ]
[gazebo-1] [1;33mWarning [Utils.cc:132][0m [/sdf/model[@name="a200-0000"]/link[@name="base_link"]/sensor[@name="camera_0"]/camera/gz_frame_id:///evidence/candidate-matrix/maize_field_husky_a200_r1/robot-instrumented.sdf:L181]: XML Element[gz_frame_id], child of element[camera], not defined in SDF. Copying[gz_frame_id] as children of [camera].
[gazebo-1] [1;33mWarning [Utils.cc:132][0m [/sdf/model[@name="a200-0000"]/link[@name="base_link"]/sensor[@name="camera_0"]/gz_frame_id:///evidence/candidate-matrix/maize_field_husky_a200_r1/robot-instrumented.sdf:L188]: XML Element[gz_frame_id], child of element[sensor], not defined in SDF. Copying[gz_frame_id] as children of [sensor].
[gazebo-1] [1;33mWarning [Utils.cc:132][0m [/sdf/model[@name="a200-0000"]/link[@name="base_link"]/sensor[@name="imu_0"]/gz_frame_id:///evidence/candidate-matrix/maize_field_husky_a200_r1/robot-instrumented.sdf:L196]: XML Element[gz_frame_id], child of element[sensor], not defined in SDF. Copying[gz_frame_id] as children of [sensor].
[gazebo-1] [1;33mWarning [Utils.cc:132][0m [/sdf/model[@name="a200-0000"]/link[@name="base_link"]/sensor[@name="lidar3d_0"]/gz_frame_id:///evidence/candidate-matrix/maize_field_husky_a200_r1/robot-instrumented.sdf:L226]: XML Element[gz_frame_id], child of element[sensor], not defined in SDF. Copying[gz_frame_id] as children of [sensor].
[gazebo-1] [1;33mWarning [Utils.cc:132][0m [/sdf/model[@name="a200-0000"]/link[@name="base_link"]/sensor[@name="camera_0"]/camera/gz_frame_id:///evidence/candidate-matrix/maize_field_husky_a200_r1/robot-instrumented.sdf:L181]: XML Element[gz_frame_id], child of element[camera], not defined in SDF. Copying[gz_frame_id] as children of [camera].
[gazebo-1] [1;33mWarning [Utils.cc:132][0m [/sdf/model[@name="a200-0000"]/link[@name="base_link"]/sensor[@name="camera_0"]/gz_frame_id:///evidence/candidate-matrix/maize_field_husky_a200_r1/robot-instrumented.sdf:L188]: XML Element[gz_frame_id], child of element[sensor], not defined in SDF. Copying[gz_frame_id] as children of [sensor].
[gazebo-1] [1;33mWarning [Utils.cc:132][0m [/sdf/model[@name="a200-0000"]/link[@name="base_link"]/sensor[@name="imu_0"]/gz_frame_id:///evidence/candidate-matrix/maize_field_husky_a200_r1/robot-instrumented.sdf:L196]: XML Element[gz_frame_id], child of element[sensor], not defined in SDF. Copying[gz_frame_id] as children of [sensor].
[gazebo-1] [1;33mWarning [Utils.cc:132][0m [/sdf/model[@name="a200-0000"]/link[@name="base_link"]/sensor[@name="lidar3d_0"]/gz_frame_id:///evidence/candidate-matrix/maize_field_husky_a200_r1/robot-instrumented.sdf:L226]: XML Element[gz_frame_id], child of element[sensor], not defined in SDF. Copying[gz_frame_id] as children of [sensor].
[gazebo-1] [1;33mWarning [Utils.cc:132][0m [/sdf/model[@name="a200-0000"]/link[@name="base_link"]/sensor[@name="camera_0"]/camera/gz_frame_id:///evidence/candidate-matrix/maize_field_husky_a200_r1/robot-instrumented.sdf:L181]: XML Element[gz_frame_id], child of element[camera], not defined in SDF. Copying[gz_frame_id] as children of [camera].
[gazebo-1] [1;33mWarning [Utils.cc:132][0m [/sdf/model[@name="a200-0000"]/link[@name="base_link"]/sensor[@name="camera_0"]/gz_frame_id:///evidence/candidate-matrix/maize_field_husky_a200_r1/robot-instrumented.sdf:L188]: XML Element[gz_frame_id], child of element[sensor], not defined in SDF. Copying[gz_frame_id] as children of [sensor].
[gazebo-1] [1;33mWarning [Utils.cc:132][0m [/sdf/model[@name="a200-0000"]/link[@name="base_link"]/sensor[@name="imu_0"]/gz_frame_id:///evidence/candidate-matrix/maize_field_husky_a200_r1/robot-instrumented.sdf:L196]: XML Element[gz_frame_id], child of element[sensor], not defined in SDF. Copying[gz_frame_id] as children of [sensor].
[gazebo-1] [1;33mWarning [Utils.cc:132][0m [/sdf/model[@name="a200-0000"]/link[@name="base_link"]/sensor[@name="lidar3d_0"]/gz_frame_id:///evidence/candidate-matrix/maize_field_husky_a200_r1/robot-instrumented.sdf:L226]: XML Element[gz_frame_id], child of element[sensor], not defined in SDF. Copying[gz_frame_id] as children of [sensor].
[gazebo-1] [1;36mDbg[0m ODE Heightfield AABB: min = {-10.1601, -10.1601, -0.0466942} max = {10.1601, 10.1601, 0.4}
[gazebo-1] [WARN] [1791374259.214845665] [gz_ros_control]:  Desired controller update period (0.05 s) is slower than the gazebo simulation period (0.01 s).
[gazebo-1] [INFO] [1791374263.447340230] [controller_manager]: Successfully switched controllers!
[spawner-4] [INFO] [1791374263.639129928] [spawner_joint_state_broadcaster]: Configured and activated joint_state_broadcaster
[INFO] [spawner-4]: process has finished cleanly [pid 2778]
[spawner-5] [INFO] [1791374263.989639913] [spawner_platform_velocity_controller]: Spawner lock acquired!
[spawner-5] [INFO] [1791374263.995043795] [spawner_platform_velocity_controller]: waiting for service /controller_manager/list_controllers to become available...
[gazebo-1] [INFO] [1791374264.248374694] [controller_manager]: Loading controller : 'platform_velocity_controller' of type 'diff_drive_controller/DiffDriveController'
[gazebo-1] [INFO] [1791374264.248425291] [controller_manager]: Loading controller 'platform_velocity_controller'
[gazebo-1] [WARN] [1791374264.252672047] [controller_manager]: The use of remapping arguments to the controller_manager node is deprecated. Please use the '--controller-ros-args' argument of the spawner to pass remapping arguments to the controller node.
[gazebo-1] [INFO] [1791374264.252771414] [controller_manager]: Controller 'platform_velocity_controller' node arguments: --ros-args --params-file /opt/greenhouse_sim/robot/husky_a200/platform/config/control.yaml --ros-args --remap ~/odom:=platform/odom --remap ~/cmd_vel:=platform/cmd_vel --remap /tf:=tf --remap /tf_static:=tf_static --remap /diagnostics:=diagnostics --remap /dynamic_joint_states:=platform/dynamic_joint_states --remap joint_states:=platform/joint_states --remap ~/reference:=platform/cmd_vel --remap ~/odometry:=platform/odom -p use_sim_time:=true --param use_sim_time:=true 
[spawner-5] [INFO] [1791374264.471603498] [spawner_platform_velocity_controller]: Loaded platform_velocity_controller
[gazebo-1] [INFO] [1791374264.473221263] [controller_manager]: Configuring controller: 'platform_velocity_controller'
[gazebo-1] [INFO] [1791374264.668146527] [controller_manager]: Activating controllers: [ platform_velocity_controller ]
[gazebo-1] [INFO] [1791374264.869254424] [controller_manager]: Successfully switched controllers!
[spawner-5] [INFO] [1791374265.071632982] [spawner_platform_velocity_controller]: Configured and activated platform_velocity_controller
[INFO] [spawner-5]: process has finished cleanly [pid 2779]
[gazebo-1] [WARN] [1791374269.043298057] [platform_velocity_controller]: Velocity command timed out. Braking.
[simulation_ground_startup.py-13] {"result": "settled", "sim_time_s": 1.3, "stable_sim_s": 1.0, "acceleration_norm_mps2": 9.79999999996032, "angular_speed_radps": 1.0342514140665531e-05, "clock_publishers": 1}
[INFO] [simulation_ground_startup.py-13]: process has finished cleanly [pid 2787]
[INFO] [launch.user]: closed-loop runtime_ready=true hardware_qualified=false mode=simulation
[INFO] [fastlio_mapping-16]: process started with pid [3125]
[INFO] [greenhouse_cloud_normalizer-17]: process started with pid [3126]
[INFO] [greenhouse_cmd_gate-18]: process started with pid [3127]
[INFO] [fast_lio_super_backend-19]: process started with pid [3128]
[INFO] [static_transform_publisher-20]: process started with pid [3129]
[INFO] [terrainAnalysis-21]: process started with pid [3130]
[INFO] [terrainAnalysisExt-22]: process started with pid [3131]
[INFO] [far_planner-23]: process started with pid [3132]
[INFO] [graph_decoder-24]: process started with pid [3133]
[INFO] [controller_server-25]: process started with pid [3134]
[INFO] [lifecycle_manager-26]: process started with pid [3135]
[INFO] [terrain_grid-27]: process started with pid [3136]
[INFO] [command_adapter-28]: process started with pid [3137]
[INFO] [mission-29]: process started with pid [3138]
[gazebo-1] [WARN] [1791374272.698527019] [platform_velocity_controller]: Velocity command timed out. Braking.
[greenhouse_cmd_gate-18] [INFO] [1791374274.136798007] [greenhouse_cmd_gate]: gate source=/cmd_vel/nav output=/cmd_vel scope=simulation_fixture auto_recover_after_watchdog=true
[greenhouse_cloud_normalizer-17] [INFO] [1791374275.072678864] [slam_cloud_to_map]: Transforming /localization/registered_cloud_odom into frame map on /localization/registered_cloud
[static_transform_publisher-20] [INFO] [1791374275.438468481] [static_sensor_tf]: Spinning until stopped - publishing transform
[static_transform_publisher-20] translation: ('0.000000', '0.000000', '0.382700')
[static_transform_publisher-20] rotation: ('0.000000', '0.000000', '0.000000', '1.000000')
[static_transform_publisher-20] from 'base_link' to 'livox_frame'
[graph_decoder-24] [INFO] [1791374275.701908503] [graph_decoder]: Graph Decoder Node Initialized
[terrainAnalysis-21] [INFO] [1791374276.351786235] [terrainAnalysis]: terrain analysis: odometry=/localization/global_odometry cloud=/localization/registered_cloud output=/perception/terrain_map frame=map
[controller_server-25] [INFO] [1791374276.521973510] [controller_server]: 
[controller_server-25] 	controller_server lifecycle node launched. 
[controller_server-25] 	Waiting on external lifecycle transitions to activate
[controller_server-25] 	See https://design.ros2.org/articles/node_lifecycle.html for more information.
[controller_server-25] [INFO] [1791374276.523494342] [controller_server]: Creating controller server
[controller_server-25] [INFO] [1791374276.544705852] [local_costmap.local_costmap]: 
[controller_server-25] 	local_costmap lifecycle node launched. 
[controller_server-25] 	Waiting on external lifecycle transitions to activate
[controller_server-25] 	See https://design.ros2.org/articles/node_lifecycle.html for more information.
[controller_server-25] [INFO] [1791374276.545317767] [local_costmap.local_costmap]: Creating Costmap
[fast_lio_super_backend-19] [INFO] [1791374276.685327799] [fast_lio_super_backend]: SLAM frames: map -> odom -> base_link
[lifecycle_manager-26] [INFO] [1791374276.794799148] [mppi_lifecycle_manager]: Creating
[lifecycle_manager-26] [INFO] [1791374276.800931348] [mppi_lifecycle_manager]: [34m[1mCreating and initializing lifecycle service clients[0m[0m
[lifecycle_manager-26] [INFO] [1791374276.804873335] [mppi_lifecycle_manager]: [34m[1mStarting managed nodes bringup...[0m[0m
[lifecycle_manager-26] [INFO] [1791374276.804933098] [mppi_lifecycle_manager]: [34m[1mConfiguring controller_server[0m[0m
[controller_server-25] [INFO] [1791374276.805399671] [controller_server]: Configuring controller interface
[controller_server-25] [INFO] [1791374276.805419842] [controller_server]: getting progress checker plugins..
[controller_server-25] [INFO] [1791374276.805570889] [controller_server]: getting goal checker plugins..
[controller_server-25] [INFO] [1791374276.806006356] [controller_server]: Controller frequency set to 20.0000Hz
[controller_server-25] [INFO] [1791374276.806086299] [local_costmap.local_costmap]: Configuring
[controller_server-25] [INFO] [1791374276.817091928] [local_costmap.local_costmap]: Using plugin "terrain"
[controller_server-25] [INFO] [1791374276.820380287] [local_costmap.local_costmap]: Initialized plugin "terrain"
[controller_server-25] [INFO] [1791374276.820419676] [local_costmap.local_costmap]: Using plugin "inflation"
[controller_server-25] [INFO] [1791374276.824068636] [local_costmap.local_costmap]: Initialized plugin "inflation"
[controller_server-25] [INFO] [1791374276.844069085] [controller_server]: Created progress_checker : progress_checker of type nav2_controller::SimpleProgressChecker
[controller_server-25] [INFO] [1791374276.844355216] [controller_server]: Controller Server has progress_checker  progress checkers available.
[controller_server-25] [INFO] [1791374276.844718191] [controller_server]: Created goal checker : goal_checker of type nav2_controller::SimpleGoalChecker
[controller_server-25] [INFO] [1791374276.845073466] [controller_server]: Controller Server has goal_checker  goal checkers available.
[controller_server-25] [INFO] [1791374276.846304523] [controller_server]: Created controller : FollowPath of type nav2_mppi_controller::MPPIController
[controller_server-25] [INFO] [1791374276.851817120] [controller_server]: Controller period is equal to model dt. Control sequence shifting is ON
[controller_server-25] [INFO] [1791374276.853386310] [controller_server]: ConstraintCritic instantiated with 1 power and 4.000000 weight.
[controller_server-25] [INFO] [1791374276.853439505] [controller_server]: Critic loaded : mppi::critics::ConstraintCritic
[controller_server-25] [INFO] [1791374276.855670664] [controller_server]: InflationCostCritic instantiated with 1 power and 300.000000 / 0.015000 weights. Critic will collision check based on footprint cost.
[controller_server-25] [INFO] [1791374276.855820024] [controller_server]: Critic loaded : mppi::critics::CostCritic
[controller_server-25] [INFO] [1791374276.856570683] [controller_server]: GoalCritic instantiated with 1 power and 5.000000 weight.
[controller_server-25] [INFO] [1791374276.856599415] [controller_server]: Critic loaded : mppi::critics::GoalCritic
[controller_server-25] [INFO] [1791374276.857513373] [controller_server]: GoalAngleCritic instantiated with 1 power, 3.000000 weight, 0.500000 angular threshold and symmetric_yaw_tolerance disabled
[controller_server-25] [INFO] [1791374276.857679250] [controller_server]: Critic loaded : mppi::critics::GoalAngleCritic
[controller_server-25] [INFO] [1791374276.858857473] [controller_server]: ReferenceTrajectoryCritic instantiated with 1 power and 14.000000 weight
[controller_server-25] [INFO] [1791374276.858882586] [controller_server]: Critic loaded : mppi::critics::PathAlignCritic
[controller_server-25] [INFO] [1791374276.859709519] [controller_server]: Critic loaded : mppi::critics::PathFollowCritic
[controller_server-25] [INFO] [1791374276.861378309] [controller_server]: PathAngleCritic instantiated with 1 power and 2.000000 weight. Mode set to: Forward Preference
[controller_server-25] [INFO] [1791374276.861431334] [controller_server]: Critic loaded : mppi::critics::PathAngleCritic
[controller_server-25] [INFO] [1791374276.862227867] [controller_server]: PreferForwardCritic instantiated with 1 power and 5.000000 weight.
[controller_server-25] [INFO] [1791374276.862287588] [controller_server]: Critic loaded : mppi::critics::PreferForwardCritic
[controller_server-25] [INFO] [1791374276.865024453] [controller_server]: Optimizer reset
[controller_server-25] [INFO] [1791374276.872140060] [MPPIController]: Configured MPPI Controller: FollowPath
[controller_server-25] [INFO] [1791374276.872321844] [controller_server]: Controller Server has FollowPath  controllers available.
[lifecycle_manager-26] [INFO] [1791374276.906822446] [mppi_lifecycle_manager]: [34m[1mActivating controller_server[0m[0m
[controller_server-25] [INFO] [1791374276.907530440] [controller_server]: Activating
[controller_server-25] [INFO] [1791374276.907644022] [local_costmap.local_costmap]: Activating
[controller_server-25] [INFO] [1791374276.907667315] [local_costmap.local_costmap]: Checking transform
[controller_server-25] [INFO] [1791374276.907708607] [local_costmap.local_costmap]: Timed out waiting for transform from base_link to odom to become available, tf error: Invalid frame ID "odom" passed to canTransform argument target_frame - frame does not exist
[fastlio_mapping-16] [INFO] [1791374276.928063084] [laser_mapping]: p_pre->lidar_type 5
[fastlio_mapping-16] ~~~~/build/robot/external/fast_lio/ doesn't exist
[fastlio_mapping-16] [INFO] [1791374276.943776420] [laser_mapping]: Node init finished.
[far_planner-23] [INFO] [1791374277.018347085] [far_planner]: FAR Planner Node Initiated
[far_planner-23] [INFO] [1791374277.053769461] [far_planner]: voxel_dim: 0.100000
[far_planner-23] [INFO] [1791374277.057604733] [far_planner]: FAR Planner ROS Params Initiated
[far_planner-23] [INFO] [1791374277.057671051] [far_planner]: FAR Planner Callback Initiated
[far_planner-23] [INFO] [1791374277.127198318] [far_planner]: FAR Planner Processing Objects Initiated
[fastlio_mapping-16] [WARN] [1791374277.297296703] [laser_mapping]: No point, skip this scan!
[fastlio_mapping-16] 
[controller_server-25] [INFO] [1791374277.407754989] [local_costmap.local_costmap]: Timed out waiting for transform from base_link to odom to become available, tf error: Invalid frame ID "odom" passed to canTransform argument target_frame - frame does not exist
[fastlio_mapping-16] [WARN] [1791374277.583916134] [laser_mapping]: No point, skip this scan!
[fastlio_mapping-16] 
[fastlio_mapping-16] [WARN] [1791374277.657369650] [laser_mapping]: No point, skip this scan!
[fastlio_mapping-16] 
[fastlio_mapping-16] [WARN] [1791374277.848635556] [laser_mapping]: No point, skip this scan!
[fastlio_mapping-16] 
[controller_server-25] [INFO] [1791374277.907744233] [local_costmap.local_costmap]: Timed out waiting for transform from base_link to odom to become available, tf error: Invalid frame ID "odom" passed to canTransform argument target_frame - frame does not exist
[fastlio_mapping-16] [WARN] [1791374278.126100798] [laser_mapping]: No point, skip this scan!
[fastlio_mapping-16] 
[far_planner-23] [2J[0;0H
[far_planner-23] [1;33m **************** DYNAMIC ENV PLANNING **************** [0m
[far_planner-23] 
[far_planner-23] 
[far_planner-23] 
[far_planner-23] [INFO] [1791374278.127388698] [far_planner]: FAR Planner Initiated Complete
[fastlio_mapping-16] [WARN] [1791374278.201812294] [laser_mapping]: No point, skip this scan!
[fastlio_mapping-16] 
[controller_server-25] [INFO] [1791374278.407724465] [local_costmap.local_costmap]: Timed out waiting for transform from base_link to odom to become available, tf error: Invalid frame ID "odom" passed to canTransform argument target_frame - frame does not exist
[fastlio_mapping-16] [WARN] [1791374278.491459088] [laser_mapping]: No point, skip this scan!
[fastlio_mapping-16] 
[fastlio_mapping-16] [WARN] [1791374278.563849703] [laser_mapping]: No point, skip this scan!
[fastlio_mapping-16] 
[fastlio_mapping-16] [WARN] [1791374278.741753410] [laser_mapping]: No point, skip this scan!
[fastlio_mapping-16] 
[controller_server-25] [INFO] [1791374278.907778209] [local_costmap.local_costmap]: Timed out waiting for transform from base_link to odom to become available, tf error: Invalid frame ID "odom" passed to canTransform argument target_frame - frame does not exist
[fastlio_mapping-16] IMU Initial Done
[fastlio_mapping-16] [WARN] [1791374279.031254713] [laser_mapping]: No point, skip this scan!
[fastlio_mapping-16] 
[fastlio_mapping-16] [WARN] [1791374279.104401382] [laser_mapping]: No point, skip this scan!
[fastlio_mapping-16] 
[fastlio_mapping-16] [INFO] [1791374279.390599468] [laser_mapping]: Initialize the map kdtree
[controller_server-25] [INFO] [1791374279.407750113] [local_costmap.local_costmap]: Timed out waiting for transform from base_link to odom to become available, tf error: Invalid frame ID "odom" passed to canTransform argument target_frame - frame does not exist
[far_planner-23] [pcl::fromPCLPointCloud2] No data to copy.
[far_planner-23] [A[A[2K[1;32m V-Graph Initialized [0m
[far_planner-23] 
[controller_server-25] [INFO] [1791374279.907857749] [local_costmap.local_costmap]: start
[controller_server-25] [WARN] [1791374279.958039006] [controller_server]: Parameter controller_server.verbose not found
[controller_server-25] [INFO] [1791374279.959154411] [controller_server]: Optimizer reset
[controller_server-25] [INFO] [1791374279.959365669] [MPPIController]: Activated MPPI Controller: FollowPath
[controller_server-25] [INFO] [1791374279.959385651] [controller_server]: Creating bond (controller_server) to lifecycle manager.
[lifecycle_manager-26] [INFO] [1791374280.065584540] [mppi_lifecycle_manager]: Server controller_server connected with bond.
[lifecycle_manager-26] [INFO] [1791374280.065645069] [mppi_lifecycle_manager]: [34m[1mManaged nodes are active[0m[0m
[lifecycle_manager-26] [INFO] [1791374280.065650319] [mppi_lifecycle_manager]: [34m[1mCreating bond timer...[0m[0m
[far_planner-23] [2K    Adding Goal to V-Graph Time: 0ms
[far_planner-23] [2K    Path Search Time: 0ms
[far_planner-23] [2K    Local V-Graph Updated. Number of local vertices: 0
[far_planner-23] [2K    Number of new vertices adding to global V-Graph: 0
[far_planner-23]     Total V-Graph Update Time: 0.617ms
[far_planner-23] [2K    Global V-Graph Updated. Number of global vertices: 1
[far_planner-23] [A[A[A[A[A[A[2K    Adding Goal to V-Graph Time: 0.007ms
[far_planner-23] [2K    Path Search Time: 0.228ms
[far_planner-23] [2K    Local V-Graph Updated. Number of local vertices: 0
[far_planner-23] [2K    Number of new vertices adding to global V-Graph: 0
[far_planner-23]     Total V-Graph Update Time: 0.821ms
[far_planner-23] [2K    Global V-Graph Updated. Number of global vertices: 2
[controller_server-25] [INFO] [1791374281.351830500] [controller_server]: Received a goal, begin computing control effort.
[controller_server-25] [INFO] [1791374281.354956806] [controller_server]: Optimizer reset
[controller_server-25] [INFO] [1791374281.357330238] [controller_server]: Optimizer reset
[controller_server-25] [ERROR] [1791374281.357487054] [controller_server]: Optimizer fail to compute path
[controller_server-25] [INFO] [1791374281.358901490] [controller_server]: Optimizer reset
[controller_server-25] [WARN] [1791374281.358940216] [controller_server]: [follow_path] [ActionServer] Aborting handle.
[far_planner-23] [A[A[A[A[A[A[2K    Adding Goal to V-Graph Time: 0.015ms
[far_planner-23] [2K    Path Search Time: 0.216ms
[far_planner-23] [2K    Local V-Graph Updated. Number of local vertices: 0
[far_planner-23] [2K    Number of new vertices adding to global V-Graph: 0
[far_planner-23]     Total V-Graph Update Time: 0.621ms
[far_planner-23] [2K    Global V-Graph Updated. Number of global vertices: 2
[controller_server-25] [INFO] [1791374282.079515422] [controller_server]: Received a goal, begin computing control effort.
[controller_server-25] [ERROR] [1791374282.079696888] [tf_help]: Transform data too old when converting from map to odom
[controller_server-25] [ERROR] [1791374282.079735409] [tf_help]: Data time: 4s 400000000ns, Transform time: 4s 299999999ns
[controller_server-25] [ERROR] [1791374282.079755097] [controller_server]: Failed to transform end pose to global frame
[controller_server-25] [INFO] [1791374282.080515721] [controller_server]: Optimizer reset
[controller_server-25] [WARN] [1791374282.080550237] [controller_server]: [follow_path] [ActionServer] Aborting handle.
[far_planner-23] [A[A[A[A[A[A[2K    Adding Goal to V-Graph Time: 0.012ms
[far_planner-23] [2K    Path Search Time: 0.11ms
[far_planner-23] [2K    Local V-Graph Updated. Number of local vertices: 0
[far_planner-23] [2K    Number of new vertices adding to global V-Graph: 0
[far_planner-23]     Total V-Graph Update Time: 0.454ms
[far_planner-23] [2K    Global V-Graph Updated. Number of global vertices: 2
[controller_server-25] [INFO] [1791374282.871791219] [controller_server]: Received a goal, begin computing control effort.
[controller_server-25] [INFO] [1791374282.873782067] [controller_server]: Optimizer reset
[controller_server-25] [INFO] [1791374282.875304014] [controller_server]: Optimizer reset
[controller_server-25] [ERROR] [1791374282.875378802] [controller_server]: Optimizer fail to compute path
[controller_server-25] [INFO] [1791374282.876061031] [controller_server]: Optimizer reset
[controller_server-25] [WARN] [1791374282.876079604] [controller_server]: [follow_path] [ActionServer] Aborting handle.
[far_planner-23] [A[A[A[A[A[A[2K    Adding Goal to V-Graph Time: 0ms
[far_planner-23] [2K    Path Search Time: 0ms
[far_planner-23] [2K    Local V-Graph Updated. Number of local vertices: 0
[far_planner-23] [2K    Number of new vertices adding to global V-Graph: 0
[far_planner-23]     Total V-Graph Update Time: 0.839ms
[far_planner-23] [2K    Global V-Graph Updated. Number of global vertices: 1
[far_planner-23] [A[A[A[A[A[A[2K    Adding Goal to V-Graph Time: 0ms
[far_planner-23] [2K    Path Search Time: 0ms
[far_planner-23] [2K    Local V-Graph Updated. Number of local vertices: 0
[far_planner-23] [2K    Number of new vertices adding to global V-Graph: 0
[far_planner-23]     Total V-Graph Update Time: 0.804ms
[far_planner-23] [2K    Global V-Graph Updated. Number of global vertices: 1
[far_planner-23] [A[A[A[A[A[A[2K    Adding Goal to V-Graph Time: 0ms
[far_planner-23] [2K    Path Search Time: 0ms
[far_planner-23] [2K    Local V-Graph Updated. Number of local vertices: 0
[far_planner-23] [2K    Number of new vertices adding to global V-Graph: 0
[far_planner-23]     Total V-Graph Update Time: 0.56ms
[far_planner-23] [2K    Global V-Graph Updated. Number of global vertices: 1
[far_planner-23] [A[A[A[A[A[A[2K    Adding Goal to V-Graph Time: 0ms
[far_planner-23] [2K    Path Search Time: 0ms
[far_planner-23] [2K    Local V-Graph Updated. Number of local vertices: 0
[far_planner-23] [2K    Number of new vertices adding to global V-Graph: 0
[far_planner-23]     Total V-Graph Update Time: 0.467ms
[far_planner-23] [2K    Global V-Graph Updated. Number of global vertices: 1
[far_planner-23] [A[A[A[A[A[A[2K    Adding Goal to V-Graph Time: 0ms
[far_planner-23] [2K    Path Search Time: 0ms
[far_planner-23] [2K    Local V-Graph Updated. Number of local vertices: 0
[far_planner-23] [2K    Number of new vertices adding to global V-Graph: 0
[far_planner-23]     Total V-Graph Update Time: 0.503ms
[far_planner-23] [2K    Global V-Graph Updated. Number of global vertices: 1
[far_planner-23] [A[A[A[A[A[A[2K    Adding Goal to V-Graph Time: 0ms
[far_planner-23] [2K    Path Search Time: 0ms
[far_planner-23] [2K    Local V-Graph Updated. Number of local vertices: 0
[far_planner-23] [2K    Number of new vertices adding to global V-Graph: 0
[far_planner-23]     Total V-Graph Update Time: 0.505ms
[far_planner-23] [2K    Global V-Graph Updated. Number of global vertices: 1
[far_planner-23] [A[A[A[A[A[A[2K    Adding Goal to V-Graph Time: 0ms
[far_planner-23] [2K    Path Search Time: 0ms
[far_planner-23] [2K    Local V-Graph Updated. Number of local vertices: 0
[far_planner-23] [2K    Number of new vertices adding to global V-Graph: 0
[far_planner-23]     Total V-Graph Update Time: 0.663ms
[far_planner-23] [2K    Global V-Graph Updated. Number of global vertices: 1
[WARNING] [launch]: user interrupted with ctrl-c (SIGINT)
[controller_server-25] [INFO] [1791374288.794947670] [controller_server]: Deactivating
[controller_server-25] [INFO] [1791374288.795111454] [MPPIController]: Deactivated MPPI Controller: FollowPath
[controller_server-25] [INFO] [1791374288.795145918] [local_costmap.local_costmap]: Deactivating
[terrainAnalysisExt-22] [INFO] [1791374288.794882631] [rclcpp]: signal_handler(SIGINT/SIGTERM)
[far_planner-23] [INFO] [1791374288.794895203] [rclcpp]: signal_handler(SIGINT/SIGTERM)
[static_transform_publisher-20] [INFO] [1791374288.794901507] [rclcpp]: signal_handler(SIGINT/SIGTERM)
[lifecycle_manager-26] [INFO] [1791374288.794897737] [rclcpp]: signal_handler(SIGINT/SIGTERM)
[lifecycle_manager-26] [INFO] [1791374288.795025474] [mppi_lifecycle_manager]: Running Nav2 LifecycleManager rcl preshutdown (mppi_lifecycle_manager)
[lifecycle_manager-26] [INFO] [1791374288.795067892] [mppi_lifecycle_manager]: [34m[1mTerminating bond timer...[0m[0m
[fastlio_mapping-16] catch sig %d2
[graph_decoder-24] [INFO] [1791374288.794897606] [rclcpp]: signal_handler(SIGINT/SIGTERM)
[fast_lio_super_backend-19] [INFO] [1791374288.794937963] [rclcpp]: signal_handler(SIGINT/SIGTERM)
[greenhouse_cloud_normalizer-17] [INFO] [1791374288.794956978] [rclcpp]: signal_handler(SIGINT/SIGTERM)
[terrain_grid-27] [INFO] [1791374288.794865595] [rclcpp]: signal_handler(SIGINT/SIGTERM)
[INFO] [mission-29]: sending signal 'SIGINT' to process[mission-29]
[INFO] [command_adapter-28]: sending signal 'SIGINT' to process[command_adapter-28]
[INFO] [terrain_grid-27]: sending signal 'SIGINT' to process[terrain_grid-27]
[INFO] [lifecycle_manager-26]: sending signal 'SIGINT' to process[lifecycle_manager-26]
[INFO] [controller_server-25]: sending signal 'SIGINT' to process[controller_server-25]
[INFO] [graph_decoder-24]: sending signal 'SIGINT' to process[graph_decoder-24]
[ERROR] [lifecycle_manager-26]: process has died [pid 3135, exit code -2, cmd '/opt/ros/jazzy/lib/nav2_lifecycle_manager/lifecycle_manager --ros-args -r __node:=mppi_lifecycle_manager --params-file /tmp/launch_params_p0yxa7ax'].
[INFO] [far_planner-23]: sending signal 'SIGINT' to process[far_planner-23]
[INFO] [parameter_bridge-7]: process has finished cleanly [pid 2781]
[ERROR] [graph_decoder-24]: process has died [pid 3133, exit code -2, cmd '/opt/greenhouse_far/lib/graph_decoder/graph_decoder --ros-args -r __node:=graph_decoder --params-file /tmp/launch_params_4ud04b51'].
[INFO] [terrainAnalysisExt-22]: sending signal 'SIGINT' to process[terrainAnalysisExt-22]
[INFO] [terrainAnalysis-21]: sending signal 'SIGINT' to process[terrainAnalysis-21]
[ERROR] [far_planner-23]: process has died [pid 3132, exit code -2, cmd '/opt/greenhouse_far/lib/far_planner/far_planner --ros-args -r __node:=far_planner --params-file /opt/greenhouse_far/share/far_planner/config/default.yaml --params-file /tmp/launch_params_0kwr07y3 -r /odom_world:=/localization/global_odometry -r /terrain_cloud:=/perception/terrain_map_ext -r /scan_cloud:=/localization/registered_cloud -r /goal_point:=/planning/global_goal -r /terrain_local_cloud:=/perception/terrain_map -r /way_point:=/planning/way_point'].
[INFO] [parameter_bridge-6]: process has finished cleanly [pid 2780]
[INFO] [static_transform_publisher-20]: sending signal 'SIGINT' to process[static_transform_publisher-20]
[ERROR] [terrainAnalysisExt-22]: process has died [pid 3131, exit code -2, cmd '/opt/greenhouse_far/lib/terrain_analysis_ext/terrainAnalysisExt --ros-args -r __node:=terrain_analysis_ext --params-file /tmp/launch_params_1ybdj7xj -r /state_estimation:=/localization/global_odometry -r /registered_scan:=/localization/registered_cloud -r /terrain_map:=/perception/terrain_map -r /terrain_map_ext:=/perception/terrain_map_ext'].
[INFO] [static_transform_publisher-20]: process has finished cleanly [pid 3129]
[INFO] [parameter_bridge-2]: process has finished cleanly [pid 2775]
[INFO] [fast_lio_super_backend-19]: sending signal 'SIGINT' to process[fast_lio_super_backend-19]
[INFO] [parameter_bridge-15]: process has finished cleanly [pid 2813]
[INFO] [parameter_bridge-11]: process has finished cleanly [pid 2785]
[INFO] [greenhouse_cmd_gate-18]: sending signal 'SIGINT' to process[greenhouse_cmd_gate-18]
[ERROR] [fast_lio_super_backend-19]: process has died [pid 3128, exit code -2, cmd '/opt/greenhouse/lib/fast_lio_super_ros2/fast_lio_super_backend --ros-args -r __node:=fast_lio_super_backend --params-file /opt/greenhouse/share/fast_lio_super_ros2/config/backend.yaml --params-file /tmp/launch_params_teu07pjl -r odometry:=/localization/odometry -r registered_cloud:=/localization/registered_cloud_odom -r global_odometry:=/localization/global_odometry -r global_pose:=/localization/global_pose -r corrected_path:=/localization/corrected_path -r corrected_map:=/localization/corrected_map -r diagnostics:=/diagnostics'].
[INFO] [greenhouse_cloud_normalizer-17]: sending signal 'SIGINT' to process[greenhouse_cloud_normalizer-17]
[INFO] [fastlio_mapping-16]: sending signal 'SIGINT' to process[fastlio_mapping-16]
child process pid 3125 exit status already read:  will report returncode 255
[ERROR] [greenhouse_cloud_normalizer-17]: process has died [pid 3126, exit code -2, cmd '/opt/greenhouse/lib/greenhouse_cloud_normalizer/greenhouse_cloud_normalizer --ros-args -r __node:=slam_cloud_to_map --params-file /tmp/launch_params_nynv5k61'].
[ERROR] [fastlio_mapping-16]: process has died [pid 3125, exit code 255, cmd '/opt/greenhouse/lib/fast_lio/fastlio_mapping --ros-args -r __node:=laser_mapping --params-file /opt/greenhouse/share/greenhouse_mppi_navigation/config/fastlio.yaml --params-file /tmp/launch_params_uvl3jers'].
[INFO] [greenhouse_cmd_sink-9]: process has finished cleanly [pid 2783]
[INFO] [terrainAnalysis-21]: process has finished cleanly [pid 3130]
[ERROR] [mission-29]: process has died [pid 3138, exit code -2, cmd '/opt/greenhouse/lib/greenhouse_mppi_navigation/mission --ros-args -r __node:=tracked_mission --params-file /tmp/launch_params_ycbmln9m'].
[INFO] [terrain_grid-27]: process has finished cleanly [pid 3136]
[INFO] [parameter_bridge-8]: process has finished cleanly [pid 2782]
[ERROR] [command_adapter-28]: process has died [pid 3137, exit code -2, cmd '/opt/greenhouse/lib/greenhouse_mppi_navigation/command_adapter --ros-args -r __node:=mppi_command_adapter --params-file /tmp/launch_params_dlbh50ba'].
[INFO] [simulation_lidar_filter.py-12]: sending signal 'SIGINT' to process[simulation_lidar_filter.py-12]
[INFO] [robot_state_publisher-3]: process has finished cleanly [pid 2776]
[INFO] [greenhouse_cmd_gate-18]: process has finished cleanly [pid 3127]
[ERROR] [simulation_lidar_filter.py-12]: process has died [pid 2786, exit code -2, cmd '/opt/greenhouse/lib/greenhouse_nav2_bringup/simulation_lidar_filter.py --ros-args --params-file /tmp/launch_params_v9m598li'].
[INFO] [gazebo-1]: sending signal 'SIGINT' to process[gazebo-1]
[parameter_bridge-6] [INFO] [1791374288.795055141] [rclcpp]: signal_handler(SIGINT/SIGTERM)
[parameter_bridge-7] [INFO] [1791374288.795067905] [rclcpp]: signal_handler(SIGINT/SIGTERM)
[parameter_bridge-11] [INFO] [1791374288.795179861] [rclcpp]: signal_handler(SIGINT/SIGTERM)
[parameter_bridge-8] [INFO] [1791374288.795570291] [rclcpp]: signal_handler(SIGINT/SIGTERM)
[parameter_bridge-15] [INFO] [1791374288.794982179] [rclcpp]: signal_handler(SIGINT/SIGTERM)
[parameter_bridge-2] [INFO] [1791374288.796388663] [rclcpp]: signal_handler(SIGINT/SIGTERM)
[greenhouse_cmd_sink-9] [INFO] [1791374288.796425544] [rclcpp]: signal_handler(SIGINT/SIGTERM)
[robot_state_publisher-3] [INFO] [1791374288.797464826] [rclcpp]: signal_handler(SIGINT/SIGTERM)
[controller_server-25] [INFO] [1791374288.808136995] [controller_server]: Destroying bond (controller_server) to lifecycle manager.
[controller_server-25] [INFO] [1791374288.829215248] [controller_server]: Cleaning up
[controller_server-25] [INFO] [1791374288.829525222] [MPPIController]: Cleaned up MPPI Controller: FollowPath
[controller_server-25] [INFO] [1791374288.829778800] [local_costmap.local_costmap]: Cleaning up
[mission-29] Traceback (most recent call last):
[mission-29]   File "/opt/greenhouse/lib/greenhouse_mppi_navigation/mission", line 3, in <module>
[mission-29]     main()
[mission-29]   File "/opt/greenhouse/lib/python3.12/site-packages/greenhouse_mppi_navigation/mission.py", line 316, in main
[mission-29]     executor.shutdown(timeout_sec=2); node.destroy_node()
[mission-29]                                       ^^^^^^^^^^^^^^^^^^^
[mission-29]   File "/opt/ros/jazzy/lib/python3.12/site-packages/rclpy/node.py", line 1958, in destroy_node
[mission-29]     self.destroy_subscription(self._subscriptions[0])
[mission-29]   File "/opt/ros/jazzy/lib/python3.12/site-packages/rclpy/node.py", line 1854, in destroy_subscription
[mission-29]     subscription.destroy()
[mission-29]   File "/opt/ros/jazzy/lib/python3.12/site-packages/rclpy/subscription.py", line 101, in destroy
[mission-29]     self.handle.destroy_when_not_in_use()
[mission-29] KeyboardInterrupt
[command_adapter-28] Traceback (most recent call last):
[command_adapter-28]   File "/opt/greenhouse/lib/greenhouse_mppi_navigation/command_adapter", line 3, in <module>
[command_adapter-28]     main()
[command_adapter-28]   File "/opt/greenhouse/lib/python3.12/site-packages/greenhouse_mppi_navigation/command_adapter.py", line 124, in main
[command_adapter-28]     node.destroy_node()
[command_adapter-28]   File "/opt/ros/jazzy/lib/python3.12/site-packages/rclpy/node.py", line 1962, in destroy_node
[command_adapter-28]     self.destroy_service(self._services[0])
[command_adapter-28]   File "/opt/ros/jazzy/lib/python3.12/site-packages/rclpy/node.py", line 1886, in destroy_service
[command_adapter-28]     service.destroy()
[command_adapter-28]   File "/opt/ros/jazzy/lib/python3.12/site-packages/rclpy/service.py", line 123, in destroy
[command_adapter-28]     self.__service.destroy_when_not_in_use()
[command_adapter-28] KeyboardInterrupt
[lifecycle_manager-26] [INFO] [1791374288.907355832] [mppi_lifecycle_manager]: Destroying mppi_lifecycle_manager
[terrain_grid-27] [INFO] [1791374288.919837297] [rclcpp]: signal_handler(SIGINT/SIGTERM)
[controller_server-25] [INFO] [1791374289.011788303] [controller_server]: Destroying bond (controller_server) to lifecycle manager.
[controller_server-25] [INFO] [1791374289.014579323] [rclcpp]: signal_handler(SIGINT/SIGTERM)
[controller_server-25] [INFO] [1791374289.016700861] [local_costmap.local_costmap]: Destroying
[controller_server-25] [INFO] [1791374289.024226505] [controller_server]: Destroying
[INFO] [controller_server-25]: process has finished cleanly [pid 3134]
[ERROR] [gazebo-1]: process[gazebo-1] failed to terminate '5' seconds after receiving 'SIGINT', escalating to 'SIGTERM'
[INFO] [gazebo-1]: sending signal 'SIGTERM' to process[gazebo-1]
[ERROR] [gazebo-1]: process has died [pid 2774, exit code -15, cmd 'ruby /opt/ros/jazzy/opt/gz_tools_vendor/bin/gz sim -r -s --headless-rendering /evidence/candidate-matrix/maize_field_husky_a200_r1/maize_field-runtime.sdf --force-version 8'].
