[INFO] [launch]: All log files can be found below /root/.ros/log/2026-10-07-12-09-40-801843-DW-9561
[INFO] [launch]: Default logging verbosity is set to INFO
[INFO] [gazebo-1]: process started with pid [9577]
[INFO] [parameter_bridge-2]: process started with pid [9578]
[INFO] [robot_state_publisher-3]: process started with pid [9580]
[INFO] [spawner-4]: process started with pid [9581]
[INFO] [spawner-5]: process started with pid [9582]
[INFO] [parameter_bridge-6]: process started with pid [9583]
[INFO] [parameter_bridge-7]: process started with pid [9584]
[INFO] [parameter_bridge-8]: process started with pid [9585]
[INFO] [greenhouse_cmd_sink-9]: process started with pid [9586]
[INFO] [create-10]: process started with pid [9587]
[INFO] [parameter_bridge-11]: process started with pid [9588]
[INFO] [simulation_lidar_filter.py-12]: process started with pid [9589]
[INFO] [simulation_ground_startup.py-13]: process started with pid [9590]
[robot_state_publisher-3] [INFO] [1791374984.365071045] [robot_state_publisher]: Robot initialized
[parameter_bridge-2] [INFO] [1791374986.023882960] [simulation_clock_bridge]: Creating GZ->ROS Bridge: [/clock (gz.msgs.Clock) -> /clock (rosgraph_msgs/msg/Clock)] (Lazy 0)
[create-10] [INFO] [1791374986.029941526] [create_husky_a200]: Entity creation successful.
[spawner-4] [INFO] [1791374986.110516463] [spawner_joint_state_broadcaster]: waiting for service /controller_manager/list_controllers to become available...
[INFO] [create-10]: process has finished cleanly [pid 9587]
[gazebo-1] [1;33mWarning [Utils.cc:132][0m [/sdf/model[@name="a200-0000"]/link[@name="base_link"]/sensor[@name="camera_0"]/camera/gz_frame_id:///evidence/candidate-matrix/orchard_husky_a200_r3/robot-instrumented.sdf:L181]: XML Element[gz_frame_id], child of element[camera], not defined in SDF. Copying[gz_frame_id] as children of [camera].
[gazebo-1] [1;33mWarning [Utils.cc:132][0m [/sdf/model[@name="a200-0000"]/link[@name="base_link"]/sensor[@name="camera_0"]/gz_frame_id:///evidence/candidate-matrix/orchard_husky_a200_r3/robot-instrumented.sdf:L188]: XML Element[gz_frame_id], child of element[sensor], not defined in SDF. Copying[gz_frame_id] as children of [sensor].
[gazebo-1] [1;33mWarning [Utils.cc:132][0m [/sdf/model[@name="a200-0000"]/link[@name="base_link"]/sensor[@name="imu_0"]/gz_frame_id:///evidence/candidate-matrix/orchard_husky_a200_r3/robot-instrumented.sdf:L196]: XML Element[gz_frame_id], child of element[sensor], not defined in SDF. Copying[gz_frame_id] as children of [sensor].
[gazebo-1] [1;33mWarning [Utils.cc:132][0m [/sdf/model[@name="a200-0000"]/link[@name="base_link"]/sensor[@name="lidar3d_0"]/gz_frame_id:///evidence/candidate-matrix/orchard_husky_a200_r3/robot-instrumented.sdf:L226]: XML Element[gz_frame_id], child of element[sensor], not defined in SDF. Copying[gz_frame_id] as children of [sensor].
[gazebo-1] [INFO] [1791374986.855141052] [gz_ros_control]: Loading controller_manager
[gazebo-1] [INFO] [1791374986.869664434] [controller_manager]: Using ROS clock for triggering controller manager cycles.
[gazebo-1] [WARN] [1791374986.869725914] [controller_manager]: The resource manager is not yet initialized, will wait for the robot description to initialize it..
[gazebo-1] [INFO] [1791374986.877735695] [controller_manager]: Subscribing to '/robot_description' topic for robot description.
[gazebo-1] [WARN] [1791374986.877822507] [gz_ros_control]: Waiting RM to load and initialize hardware...
[gazebo-1] [INFO] [1791374986.889451168] [controller_manager]: Received robot description from topic.
[gazebo-1] [INFO] [1791374986.889538995] [controller_manager]: Enforcing command limits is disabled. Command limits from URDF will be ignored.
[gazebo-1] [INFO] [1791374986.893185865] [gz_ros_control]: The position_proportional_gain has been set to: 0.1
[gazebo-1] [INFO] [1791374986.893267447] [gz_ros_control]: Loading joint: front_left_wheel_joint
[gazebo-1] [INFO] [1791374986.893273612] [gz_ros_control]: 	State:
[gazebo-1] [INFO] [1791374986.893279687] [gz_ros_control]: 		 position
[gazebo-1] [INFO] [1791374986.893282688] [gz_ros_control]: 		 velocity
[gazebo-1] [INFO] [1791374986.893288037] [gz_ros_control]: 	Command:
[gazebo-1] [INFO] [1791374986.893290296] [gz_ros_control]: 		 velocity
[gazebo-1] [INFO] [1791374986.893300113] [gz_ros_control]: Loading joint: rear_left_wheel_joint
[gazebo-1] [INFO] [1791374986.893302734] [gz_ros_control]: 	State:
[gazebo-1] [INFO] [1791374986.893304863] [gz_ros_control]: 		 position
[gazebo-1] [INFO] [1791374986.893307566] [gz_ros_control]: 		 velocity
[gazebo-1] [INFO] [1791374986.893309772] [gz_ros_control]: 	Command:
[gazebo-1] [INFO] [1791374986.893311656] [gz_ros_control]: 		 velocity
[gazebo-1] [INFO] [1791374986.893317878] [gz_ros_control]: Loading joint: front_right_wheel_joint
[gazebo-1] [INFO] [1791374986.893320178] [gz_ros_control]: 	State:
[gazebo-1] [INFO] [1791374986.893322238] [gz_ros_control]: 		 position
[gazebo-1] [INFO] [1791374986.893324825] [gz_ros_control]: 		 velocity
[gazebo-1] [INFO] [1791374986.893326911] [gz_ros_control]: 	Command:
[gazebo-1] [INFO] [1791374986.893328975] [gz_ros_control]: 		 velocity
[gazebo-1] [INFO] [1791374986.893335623] [gz_ros_control]: Loading joint: rear_right_wheel_joint
[gazebo-1] [INFO] [1791374986.893337885] [gz_ros_control]: 	State:
[gazebo-1] [INFO] [1791374986.893339914] [gz_ros_control]: 		 position
[gazebo-1] [INFO] [1791374986.893341990] [gz_ros_control]: 		 velocity
[gazebo-1] [INFO] [1791374986.893344056] [gz_ros_control]: 	Command:
[gazebo-1] [INFO] [1791374986.893346011] [gz_ros_control]: 		 velocity
[gazebo-1] [INFO] [1791374986.893377225] [gz_ros_control]: Loading sensor: imu_0
[gazebo-1] [INFO] [1791374986.893383727] [gz_ros_control]: 	State:
[gazebo-1] [WARN] [1791374986.893386475] [gz_ros_control]: IMU sensor 'imu_0' not found in hardware_info, skipping.
[gazebo-1] [INFO] [1791374986.893453589] [controller_manager]: Initialize hardware 'a200_hardware' 
[gazebo-1] [WARN] [1791374986.893465597] [controller_manager.hardware_component.system.a200_hardware]: Executor is not available during hardware component initialization for 'a200_hardware'. Skipping node creation!
[gazebo-1] [INFO] [1791374986.893545023] [controller_manager]: Successful initialization of hardware 'a200_hardware'
[gazebo-1] [INFO] [1791374986.893646457] [controller_manager]: Activating component 'a200_hardware'.
[gazebo-1] [INFO] [1791374986.893655264] [resource_manager]: 'configure' hardware 'a200_hardware' 
[gazebo-1] [INFO] [1791374986.893659142] [gz_ros_control]: System Successfully configured!
[gazebo-1] [INFO] [1791374986.893662886] [resource_manager]: Successful 'configure' of hardware 'a200_hardware'
[gazebo-1] [INFO] [1791374986.893668280] [resource_manager]: 'activate' hardware 'a200_hardware' 
[gazebo-1] [INFO] [1791374986.893678486] [resource_manager]: Successful 'activate' of hardware 'a200_hardware'
[gazebo-1] [WARN] [1791374986.893731545] [controller_manager]: Component 'a200_hardware' does not have read or write statistics initialized, skipping registration.
[gazebo-1] [INFO] [1791374986.893736425] [controller_manager]: Resource Manager has been successfully initialized. Starting Controller Manager services...
[gazebo-1] [INFO] [1791374987.114110413] [controller_manager]: Loading controller : 'joint_state_broadcaster' of type 'joint_state_broadcaster/JointStateBroadcaster'
[gazebo-1] [INFO] [1791374987.114181211] [controller_manager]: Loading controller 'joint_state_broadcaster'
[gazebo-1] [WARN] [1791374987.118383763] [controller_manager]: The use of remapping arguments to the controller_manager node is deprecated. Please use the '--controller-ros-args' argument of the spawner to pass remapping arguments to the controller node.
[gazebo-1] [INFO] [1791374987.118424169] [controller_manager]: Controller 'joint_state_broadcaster' node arguments: --ros-args --params-file /opt/greenhouse_sim/robot/husky_a200/platform/config/control.yaml --ros-args --remap ~/odom:=platform/odom --remap ~/cmd_vel:=platform/cmd_vel --remap /tf:=tf --remap /tf_static:=tf_static --remap /diagnostics:=diagnostics --remap /dynamic_joint_states:=platform/dynamic_joint_states --remap joint_states:=platform/joint_states --remap ~/reference:=platform/cmd_vel --remap ~/odometry:=platform/odom -p use_sim_time:=true --param use_sim_time:=true 
[spawner-4] [INFO] [1791374987.132227575] [spawner_joint_state_broadcaster]: Loaded joint_state_broadcaster
[gazebo-1] [INFO] [1791374987.133528644] [controller_manager]: Configuring controller: 'joint_state_broadcaster'
[gazebo-1] [INFO] [1791374987.133704225] [joint_state_broadcaster]: 'joints' or 'interfaces' parameter is empty. All available state interfaces will be published
[gazebo-1] [INFO] [1791374987.144525665] [controller_manager]: Activating controllers: [ joint_state_broadcaster ]
[parameter_bridge-7] [INFO] [1791374987.177213597] [simulation_lidar_bridge]: Creating GZ->ROS Bridge: [/sensors/lidar3d_0/scan/points (gz.msgs.PointCloudPacked) -> /simulation/lidar/unfiltered (sensor_msgs/msg/PointCloud2)] (Lazy 0)
[parameter_bridge-6] [INFO] [1791374987.297143753] [simulation_sensor_bridge]: Creating GZ->ROS Bridge: [/sensors/imu_0/data (gz.msgs.IMU) -> /sensors/imu/data (sensor_msgs/msg/Imu)] (Lazy 0)
[parameter_bridge-8] [INFO] [1791374987.372590394] [simulation_camera_bridge]: Creating GZ->ROS Bridge: [/sensors/camera_0/image (gz.msgs.Image) -> /sensors/camera/color/image (sensor_msgs/msg/Image)] (Lazy 1)
[parameter_bridge-8] [INFO] [1791374987.375321322] [simulation_camera_bridge]: Creating GZ->ROS Bridge: [/sensors/camera_0/points (gz.msgs.PointCloudPacked) -> /sensors/camera/points (sensor_msgs/msg/PointCloud2)] (Lazy 1)
[parameter_bridge-11] [INFO] [1791374987.402684912] [simulation_contact_bridge]: Creating GZ->ROS Bridge: [/world/orchard/model/robot/link/base_link/sensor/simulation_contact_0/contact (gz.msgs.Contacts) -> /simulation/contacts (ros_gz_interfaces/msg/Contacts)] (Lazy 0)
[parameter_bridge-11] [INFO] [1791374987.405429970] [simulation_contact_bridge]: Creating GZ->ROS Bridge: [/world/orchard/model/robot/link/base_link/sensor/simulation_contact_1/contact (gz.msgs.Contacts) -> /simulation/contacts (ros_gz_interfaces/msg/Contacts)] (Lazy 0)
[parameter_bridge-11] [INFO] [1791374987.406071756] [simulation_contact_bridge]: Creating GZ->ROS Bridge: [/world/orchard/model/robot/link/base_link/sensor/simulation_contact_2/contact (gz.msgs.Contacts) -> /simulation/contacts (ros_gz_interfaces/msg/Contacts)] (Lazy 0)
[parameter_bridge-11] [INFO] [1791374987.406513277] [simulation_contact_bridge]: Creating GZ->ROS Bridge: [/world/orchard/model/robot/link/base_link/sensor/simulation_contact_3/contact (gz.msgs.Contacts) -> /simulation/contacts (ros_gz_interfaces/msg/Contacts)] (Lazy 0)
[parameter_bridge-11] [INFO] [1791374987.406927239] [simulation_contact_bridge]: Creating GZ->ROS Bridge: [/world/orchard/model/robot/link/base_link/sensor/simulation_contact_4/contact (gz.msgs.Contacts) -> /simulation/contacts (ros_gz_interfaces/msg/Contacts)] (Lazy 0)
[parameter_bridge-11] [INFO] [1791374987.407346298] [simulation_contact_bridge]: Creating GZ->ROS Bridge: [/world/orchard/model/robot/link/front_left_wheel_link/sensor/simulation_contact_5/contact (gz.msgs.Contacts) -> /simulation/contacts (ros_gz_interfaces/msg/Contacts)] (Lazy 0)
[parameter_bridge-11] [INFO] [1791374987.407845763] [simulation_contact_bridge]: Creating GZ->ROS Bridge: [/world/orchard/model/robot/link/front_right_wheel_link/sensor/simulation_contact_6/contact (gz.msgs.Contacts) -> /simulation/contacts (ros_gz_interfaces/msg/Contacts)] (Lazy 0)
[parameter_bridge-11] [INFO] [1791374987.408281037] [simulation_contact_bridge]: Creating GZ->ROS Bridge: [/world/orchard/model/robot/link/rear_left_wheel_link/sensor/simulation_contact_7/contact (gz.msgs.Contacts) -> /simulation/contacts (ros_gz_interfaces/msg/Contacts)] (Lazy 0)
[parameter_bridge-11] [INFO] [1791374987.408718182] [simulation_contact_bridge]: Creating GZ->ROS Bridge: [/world/orchard/model/robot/link/rear_right_wheel_link/sensor/simulation_contact_8/contact (gz.msgs.Contacts) -> /simulation/contacts (ros_gz_interfaces/msg/Contacts)] (Lazy 0)
[gazebo-1] [WARN] [1791374989.399770306] [gz_ros_control]:  Desired controller update period (0.05 s) is slower than the gazebo simulation period (0.003 s).
[gazebo-1] [INFO] [1791374991.372960522] [controller_manager]: Successfully switched controllers!
[spawner-4] [INFO] [1791374991.424685993] [spawner_joint_state_broadcaster]: Configured and activated joint_state_broadcaster
[INFO] [spawner-4]: process has finished cleanly [pid 9581]
[spawner-5] [INFO] [1791374991.733196049] [spawner_platform_velocity_controller]: waiting for service /controller_manager/list_controllers to become available...
[gazebo-1] [INFO] [1791374991.986022480] [controller_manager]: Loading controller : 'platform_velocity_controller' of type 'diff_drive_controller/DiffDriveController'
[gazebo-1] [INFO] [1791374991.986128191] [controller_manager]: Loading controller 'platform_velocity_controller'
[gazebo-1] [WARN] [1791374991.991755392] [controller_manager]: The use of remapping arguments to the controller_manager node is deprecated. Please use the '--controller-ros-args' argument of the spawner to pass remapping arguments to the controller node.
[gazebo-1] [INFO] [1791374991.991809553] [controller_manager]: Controller 'platform_velocity_controller' node arguments: --ros-args --params-file /opt/greenhouse_sim/robot/husky_a200/platform/config/control.yaml --ros-args --remap ~/odom:=platform/odom --remap ~/cmd_vel:=platform/cmd_vel --remap /tf:=tf --remap /tf_static:=tf_static --remap /diagnostics:=diagnostics --remap /dynamic_joint_states:=platform/dynamic_joint_states --remap joint_states:=platform/joint_states --remap ~/reference:=platform/cmd_vel --remap ~/odometry:=platform/odom -p use_sim_time:=true --param use_sim_time:=true 
[spawner-5] [INFO] [1791374992.037097858] [spawner_platform_velocity_controller]: Loaded platform_velocity_controller
[gazebo-1] [INFO] [1791374992.038848474] [controller_manager]: Configuring controller: 'platform_velocity_controller'
[gazebo-1] [INFO] [1791374992.171583810] [controller_manager]: Activating controllers: [ platform_velocity_controller ]
[gazebo-1] [INFO] [1791374992.188890447] [controller_manager]: Successfully switched controllers!
[spawner-5] [INFO] [1791374992.240963850] [spawner_platform_velocity_controller]: Configured and activated platform_velocity_controller
[INFO] [spawner-5]: process has finished cleanly [pid 9582]
[gazebo-1] [WARN] [1791374992.549527377] [platform_velocity_controller]: Velocity command timed out. Braking.
[simulation_ground_startup.py-13] {"result": "settled", "sim_time_s": 1.254, "stable_sim_s": 1.002, "acceleration_norm_mps2": 9.800005958489738, "angular_speed_radps": 0.01260023030845076, "clock_publishers": 1}
[INFO] [simulation_ground_startup.py-13]: process has finished cleanly [pid 9590]
[INFO] [launch.user]: closed-loop runtime_ready=true hardware_qualified=false mode=simulation
[INFO] [fastlio_mapping-14]: process started with pid [9889]
[INFO] [greenhouse_cloud_normalizer-15]: process started with pid [9890]
[INFO] [greenhouse_cmd_gate-16]: process started with pid [9891]
[INFO] [fast_lio_super_backend-17]: process started with pid [9892]
[INFO] [static_transform_publisher-18]: process started with pid [9904]
[INFO] [terrainAnalysis-19]: process started with pid [9905]
[INFO] [terrainAnalysisExt-20]: process started with pid [9906]
[INFO] [far_planner-21]: process started with pid [9907]
[INFO] [graph_decoder-22]: process started with pid [9908]
[INFO] [controller_server-23]: process started with pid [9909]
[INFO] [lifecycle_manager-24]: process started with pid [9910]
[INFO] [terrain_grid-25]: process started with pid [9913]
[INFO] [command_adapter-26]: process started with pid [9914]
[INFO] [mission-27]: process started with pid [9915]
[gazebo-1] [WARN] [1791374993.577786820] [platform_velocity_controller]: Velocity command timed out. Braking.
[gazebo-1] [WARN] [1791374994.597795652] [platform_velocity_controller]: Velocity command timed out. Braking.
[greenhouse_cmd_gate-16] [INFO] [1791374995.579530625] [greenhouse_cmd_gate]: gate source=/cmd_vel/nav output=/cmd_vel scope=simulation_fixture auto_recover_after_watchdog=true
[gazebo-1] [WARN] [1791374995.617812493] [platform_velocity_controller]: Velocity command timed out. Braking.
[greenhouse_cloud_normalizer-15] [INFO] [1791374996.869028999] [slam_cloud_to_map]: Transforming /localization/registered_cloud_odom into frame map on /localization/registered_cloud
[fast_lio_super_backend-17] [INFO] [1791374997.452046172] [fast_lio_super_backend]: SLAM frames: map -> odom -> base_link
[static_transform_publisher-18] [INFO] [1791374997.829875261] [static_sensor_tf]: Spinning until stopped - publishing transform
[static_transform_publisher-18] translation: ('0.000000', '0.000000', '0.382700')
[static_transform_publisher-18] rotation: ('0.000000', '0.000000', '0.000000', '1.000000')
[static_transform_publisher-18] from 'base_link' to 'livox_frame'
[fastlio_mapping-14] [INFO] [1791374998.060609947] [laser_mapping]: p_pre->lidar_type 5
[fastlio_mapping-14] ~~~~/build/robot/external/fast_lio/ doesn't exist
[fastlio_mapping-14] [INFO] [1791374998.078015579] [laser_mapping]: Node init finished.
[fastlio_mapping-14] [WARN] [1791374998.145593425] [laser_mapping]: No point, skip this scan!
[fastlio_mapping-14] 
[fastlio_mapping-14] [WARN] [1791374998.193474799] [laser_mapping]: No point, skip this scan!
[fastlio_mapping-14] 
[fastlio_mapping-14] [WARN] [1791374998.244682687] [laser_mapping]: No point, skip this scan!
[fastlio_mapping-14] 
[graph_decoder-22] [INFO] [1791374998.271712943] [graph_decoder]: Graph Decoder Node Initialized
[fastlio_mapping-14] [WARN] [1791374998.304605800] [laser_mapping]: No point, skip this scan!
[fastlio_mapping-14] 
[fastlio_mapping-14] [WARN] [1791374998.364500935] [laser_mapping]: No point, skip this scan!
[fastlio_mapping-14] 
[fastlio_mapping-14] [WARN] [1791374998.415457382] [laser_mapping]: No point, skip this scan!
[fastlio_mapping-14] 
[fastlio_mapping-14] [WARN] [1791374998.464674682] [laser_mapping]: No point, skip this scan!
[fastlio_mapping-14] 
[fastlio_mapping-14] [WARN] [1791374998.514471506] [laser_mapping]: No point, skip this scan!
[fastlio_mapping-14] 
[fastlio_mapping-14] [WARN] [1791374998.546127607] [laser_mapping]: No point, skip this scan!
[fastlio_mapping-14] 
[fastlio_mapping-14] IMU Initial Done
[fastlio_mapping-14] [WARN] [1791374998.595798190] [laser_mapping]: No point, skip this scan!
[fastlio_mapping-14] 
[fastlio_mapping-14] [WARN] [1791374998.655455104] [laser_mapping]: No point, skip this scan!
[fastlio_mapping-14] 
[fastlio_mapping-14] [INFO] [1791374998.716535104] [laser_mapping]: Initialize the map kdtree
[terrainAnalysis-19] [INFO] [1791374998.779284494] [terrainAnalysis]: terrain analysis: odometry=/localization/global_odometry cloud=/localization/registered_cloud output=/perception/terrain_map frame=map
[lifecycle_manager-24] [INFO] [1791374998.889627880] [mppi_lifecycle_manager]: Creating
[lifecycle_manager-24] [INFO] [1791374998.894804393] [mppi_lifecycle_manager]: [34m[1mCreating and initializing lifecycle service clients[0m[0m
[lifecycle_manager-24] [INFO] [1791374999.000276120] [mppi_lifecycle_manager]: [34m[1mStarting managed nodes bringup...[0m[0m
[lifecycle_manager-24] [INFO] [1791374999.000358474] [mppi_lifecycle_manager]: [34m[1mConfiguring controller_server[0m[0m
[controller_server-23] [INFO] [1791374999.001712202] [controller_server]: 
[controller_server-23] 	controller_server lifecycle node launched. 
[controller_server-23] 	Waiting on external lifecycle transitions to activate
[controller_server-23] 	See https://design.ros2.org/articles/node_lifecycle.html for more information.
[controller_server-23] [INFO] [1791374999.003217779] [controller_server]: Creating controller server
[controller_server-23] [INFO] [1791374999.035656454] [local_costmap.local_costmap]: 
[controller_server-23] 	local_costmap lifecycle node launched. 
[controller_server-23] 	Waiting on external lifecycle transitions to activate
[controller_server-23] 	See https://design.ros2.org/articles/node_lifecycle.html for more information.
[controller_server-23] [INFO] [1791374999.037254827] [local_costmap.local_costmap]: Creating Costmap
[controller_server-23] [INFO] [1791374999.040728142] [controller_server]: Configuring controller interface
[controller_server-23] [INFO] [1791374999.040772625] [controller_server]: getting progress checker plugins..
[controller_server-23] [INFO] [1791374999.040918799] [controller_server]: getting goal checker plugins..
[controller_server-23] [INFO] [1791374999.041114444] [controller_server]: Controller frequency set to 20.0000Hz
[controller_server-23] [INFO] [1791374999.041155000] [local_costmap.local_costmap]: Configuring
[controller_server-23] [INFO] [1791374999.057741526] [local_costmap.local_costmap]: Using plugin "terrain"
[controller_server-23] [INFO] [1791374999.100169640] [local_costmap.local_costmap]: Initialized plugin "terrain"
[controller_server-23] [INFO] [1791374999.100235669] [local_costmap.local_costmap]: Using plugin "inflation"
[controller_server-23] [INFO] [1791374999.103972765] [local_costmap.local_costmap]: Initialized plugin "inflation"
[far_planner-21] [INFO] [1791374999.204781813] [far_planner]: FAR Planner Node Initiated
[controller_server-23] [INFO] [1791374999.206861801] [controller_server]: Created progress_checker : progress_checker of type nav2_controller::SimpleProgressChecker
[controller_server-23] [INFO] [1791374999.207224757] [controller_server]: Controller Server has progress_checker  progress checkers available.
[controller_server-23] [INFO] [1791374999.207658996] [controller_server]: Created goal checker : goal_checker of type nav2_controller::SimpleGoalChecker
[controller_server-23] [INFO] [1791374999.208114526] [controller_server]: Controller Server has goal_checker  goal checkers available.
[controller_server-23] [INFO] [1791374999.209794371] [controller_server]: Created controller : FollowPath of type nav2_mppi_controller::MPPIController
[controller_server-23] [INFO] [1791374999.215002087] [controller_server]: Controller period is equal to model dt. Control sequence shifting is ON
[controller_server-23] [INFO] [1791374999.219860767] [controller_server]: ConstraintCritic instantiated with 1 power and 4.000000 weight.
[controller_server-23] [INFO] [1791374999.219932594] [controller_server]: Critic loaded : mppi::critics::ConstraintCritic
[controller_server-23] [INFO] [1791374999.221620648] [controller_server]: InflationCostCritic instantiated with 1 power and 300.000000 / 0.015000 weights. Critic will collision check based on footprint cost.
[controller_server-23] [INFO] [1791374999.221740317] [controller_server]: Critic loaded : mppi::critics::CostCritic
[controller_server-23] [INFO] [1791374999.223068853] [controller_server]: GoalCritic instantiated with 1 power and 5.000000 weight.
[controller_server-23] [INFO] [1791374999.223109562] [controller_server]: Critic loaded : mppi::critics::GoalCritic
[controller_server-23] [INFO] [1791374999.225317928] [controller_server]: GoalAngleCritic instantiated with 1 power, 3.000000 weight, 0.500000 angular threshold and symmetric_yaw_tolerance disabled
[controller_server-23] [INFO] [1791374999.225374203] [controller_server]: Critic loaded : mppi::critics::GoalAngleCritic
[controller_server-23] [INFO] [1791374999.226434550] [controller_server]: ReferenceTrajectoryCritic instantiated with 1 power and 14.000000 weight
[controller_server-23] [INFO] [1791374999.226467778] [controller_server]: Critic loaded : mppi::critics::PathAlignCritic
[controller_server-23] [INFO] [1791374999.228064334] [controller_server]: Critic loaded : mppi::critics::PathFollowCritic
[controller_server-23] [INFO] [1791374999.230606436] [controller_server]: PathAngleCritic instantiated with 1 power and 2.000000 weight. Mode set to: Forward Preference
[controller_server-23] [INFO] [1791374999.230653322] [controller_server]: Critic loaded : mppi::critics::PathAngleCritic
[controller_server-23] [INFO] [1791374999.231316580] [controller_server]: PreferForwardCritic instantiated with 1 power and 5.000000 weight.
[controller_server-23] [INFO] [1791374999.231348074] [controller_server]: Critic loaded : mppi::critics::PreferForwardCritic
[controller_server-23] [INFO] [1791374999.235581074] [controller_server]: Optimizer reset
[controller_server-23] [INFO] [1791374999.301043397] [MPPIController]: Configured MPPI Controller: FollowPath
[controller_server-23] [INFO] [1791374999.301074878] [controller_server]: Controller Server has FollowPath  controllers available.
[far_planner-21] [INFO] [1791374999.323240476] [far_planner]: voxel_dim: 0.100000
[far_planner-21] [INFO] [1791374999.331796113] [far_planner]: FAR Planner ROS Params Initiated
[far_planner-21] [INFO] [1791374999.331927747] [far_planner]: FAR Planner Callback Initiated
[lifecycle_manager-24] [INFO] [1791374999.333617856] [mppi_lifecycle_manager]: [34m[1mActivating controller_server[0m[0m
[controller_server-23] [INFO] [1791374999.334164961] [controller_server]: Activating
[controller_server-23] [INFO] [1791374999.334313774] [local_costmap.local_costmap]: Activating
[controller_server-23] [INFO] [1791374999.334329833] [local_costmap.local_costmap]: Checking transform
[controller_server-23] [INFO] [1791374999.334629086] [local_costmap.local_costmap]: start
[controller_server-23] [WARN] [1791374999.399381900] [controller_server]: Parameter controller_server.verbose not found
[controller_server-23] [INFO] [1791374999.402000646] [controller_server]: Optimizer reset
[controller_server-23] [INFO] [1791374999.402551017] [MPPIController]: Activated MPPI Controller: FollowPath
[controller_server-23] [INFO] [1791374999.402639625] [controller_server]: Creating bond (controller_server) to lifecycle manager.
[far_planner-21] [INFO] [1791374999.447927443] [far_planner]: FAR Planner Processing Objects Initiated
[lifecycle_manager-24] [INFO] [1791374999.518551113] [mppi_lifecycle_manager]: Server controller_server connected with bond.
[lifecycle_manager-24] [INFO] [1791374999.518624406] [mppi_lifecycle_manager]: [34m[1mManaged nodes are active[0m[0m
[lifecycle_manager-24] [INFO] [1791374999.518633623] [mppi_lifecycle_manager]: [34m[1mCreating bond timer...[0m[0m
[far_planner-21] [2J[0;0H
[far_planner-21] [1;33m **************** DYNAMIC ENV PLANNING **************** [0m
[far_planner-21] 
[far_planner-21] 
[far_planner-21] 
[far_planner-21] [INFO] [1791375000.448128329] [far_planner]: FAR Planner Initiated Complete
[far_planner-21] [A[A[2K[1;32m V-Graph Initialized [0m
[far_planner-21] 
[far_planner-21] [2K    Adding Goal to V-Graph Time: 0ms
[far_planner-21] [2K    Path Search Time: 0ms
[far_planner-21] [2K    Local V-Graph Updated. Number of local vertices: 7
[far_planner-21] [2K    Number of new vertices adding to global V-Graph: 0
[far_planner-21]     Total V-Graph Update Time: 1.187ms
[far_planner-21] [2K    Global V-Graph Updated. Number of global vertices: 7
[far_planner-21] [A[A[A[A[A[A[2K    Adding Goal to V-Graph Time: 0ms
[far_planner-21] [2K    Path Search Time: 0ms
[far_planner-21] [2K    Local V-Graph Updated. Number of local vertices: 7
[far_planner-21] [2K    Number of new vertices adding to global V-Graph: 0
[far_planner-21]     Total V-Graph Update Time: 0.908ms
[far_planner-21] [2K    Global V-Graph Updated. Number of global vertices: 7
[far_planner-21] [A[A[A[A[A[A[2K    Adding Goal to V-Graph Time: 0ms
[far_planner-21] [2K    Path Search Time: 0ms
[far_planner-21] [2K    Local V-Graph Updated. Number of local vertices: 7
[far_planner-21] [2K    Number of new vertices adding to global V-Graph: 0
[far_planner-21]     Total V-Graph Update Time: 0.987ms
[far_planner-21] [2K    Global V-Graph Updated. Number of global vertices: 7
[far_planner-21] [A[A[A[A[A[A[2K    Adding Goal to V-Graph Time: 0.016ms
[far_planner-21] [2K    Path Search Time: 2.25ms
[far_planner-21] [2K    Local V-Graph Updated. Number of local vertices: 7
[far_planner-21] [2K    Number of new vertices adding to global V-Graph: 0
[far_planner-21]     Total V-Graph Update Time: 0.766ms
[far_planner-21] [2K    Global V-Graph Updated. Number of global vertices: 8
[controller_server-23] [INFO] [1791375001.329766647] [controller_server]: Received a goal, begin computing control effort.
[controller_server-23] [INFO] [1791375001.335980498] [controller_server]: Optimizer reset
[controller_server-23] [INFO] [1791375001.340603006] [controller_server]: Optimizer reset
[controller_server-23] [ERROR] [1791375001.340856877] [controller_server]: Optimizer fail to compute path
[controller_server-23] [INFO] [1791375001.343135002] [controller_server]: Optimizer reset
[controller_server-23] [WARN] [1791375001.343193262] [controller_server]: [follow_path] [ActionServer] Aborting handle.
[far_planner-21] [A[A[A[A[A[A[2K    Adding Goal to V-Graph Time: 0.018ms
[far_planner-21] [2K    Path Search Time: 0.249ms
[far_planner-21] [2K    Local V-Graph Updated. Number of local vertices: 7
[far_planner-21] [2K    Number of new vertices adding to global V-Graph: 0
[far_planner-21]     Total V-Graph Update Time: 0.874ms
[far_planner-21] [2K    Global V-Graph Updated. Number of global vertices: 8
[controller_server-23] [INFO] [1791375001.511184850] [controller_server]: Received a goal, begin computing control effort.
[controller_server-23] [INFO] [1791375001.514085375] [controller_server]: Optimizer reset
[controller_server-23] [INFO] [1791375001.516538246] [controller_server]: Optimizer reset
[controller_server-23] [ERROR] [1791375001.516632772] [controller_server]: Optimizer fail to compute path
[controller_server-23] [INFO] [1791375001.517825157] [controller_server]: Optimizer reset
[controller_server-23] [WARN] [1791375001.517885624] [controller_server]: [follow_path] [ActionServer] Aborting handle.
[far_planner-21] [A[A[A[A[A[A[2K    Adding Goal to V-Graph Time: 0.018ms
[far_planner-21] [2K    Path Search Time: 0.25ms
[far_planner-21] [2K    Local V-Graph Updated. Number of local vertices: 7
[far_planner-21] [2K    Number of new vertices adding to global V-Graph: 0
[far_planner-21]     Total V-Graph Update Time: 1.185ms
[far_planner-21] [2K    Global V-Graph Updated. Number of global vertices: 8
[controller_server-23] [INFO] [1791375001.751282841] [controller_server]: Received a goal, begin computing control effort.
[controller_server-23] [INFO] [1791375001.753868398] [controller_server]: Optimizer reset
[controller_server-23] [INFO] [1791375001.756401815] [controller_server]: Optimizer reset
[controller_server-23] [ERROR] [1791375001.756513799] [controller_server]: Optimizer fail to compute path
[controller_server-23] [INFO] [1791375001.758065142] [controller_server]: Optimizer reset
[controller_server-23] [WARN] [1791375001.758119506] [controller_server]: [follow_path] [ActionServer] Aborting handle.
[WARNING] [launch]: user interrupted with ctrl-c (SIGINT)
[terrainAnalysisExt-20] [INFO] [1791375001.846312764] [rclcpp]: signal_handler(SIGINT/SIGTERM)
[lifecycle_manager-24] [INFO] [1791375001.846320826] [rclcpp]: signal_handler(SIGINT/SIGTERM)
[lifecycle_manager-24] [INFO] [1791375001.846406132] [mppi_lifecycle_manager]: Running Nav2 LifecycleManager rcl preshutdown (mppi_lifecycle_manager)
[far_planner-21] [INFO] [1791375001.846325872] [rclcpp]: signal_handler(SIGINT/SIGTERM)
[lifecycle_manager-24] [INFO] [1791375001.846441438] [mppi_lifecycle_manager]: [34m[1mTerminating bond timer...[0m[0m
[static_transform_publisher-18] [INFO] [1791375001.846347649] [rclcpp]: signal_handler(SIGINT/SIGTERM)
[graph_decoder-22] [INFO] [1791375001.846321823] [rclcpp]: signal_handler(SIGINT/SIGTERM)
[fast_lio_super_backend-17] [INFO] [1791375001.846357764] [rclcpp]: signal_handler(SIGINT/SIGTERM)
[mission-27] Traceback (most recent call last):
[mission-27]   File "/opt/greenhouse/lib/greenhouse_mppi_navigation/mission", line 3, in <module>
[greenhouse_cloud_normalizer-15] [INFO] [1791375001.846370961] [rclcpp]: signal_handler(SIGINT/SIGTERM)
[controller_server-23] [INFO] [1791375001.846319815] [rclcpp]: signal_handler(SIGINT/SIGTERM)
[controller_server-23] [INFO] [1791375001.846601568] [controller_server]: Running Nav2 LifecycleNode rcl preshutdown (controller_server)
[fastlio_mapping-14] catch sig %d2
[controller_server-23] [INFO] [1791375001.846660185] [controller_server]: Deactivating
[controller_server-23] [INFO] [1791375001.846946833] [MPPIController]: Deactivated MPPI Controller: FollowPath
[controller_server-23] [INFO] [1791375001.846969481] [local_costmap.local_costmap]: Deactivating
[mission-27]     main()
[mission-27]   File "/opt/greenhouse/lib/python3.12/site-packages/greenhouse_mppi_navigation/mission.py", line 315, in main
[mission-27]     if rclpy.ok(): node.cancel_control()
[mission-27]                    ^^^^^^^^^^^^^^^^^^^^^
[mission-27]   File "/opt/greenhouse/lib/python3.12/site-packages/greenhouse_mppi_navigation/mission.py", line 153, in cancel_control
[mission-27]     self.enabled.publish(Bool(data=False)); self.control_feedback=False
[mission-27]     ^^^^^^^^^^^^^^^^^^^^^^^^^^^^^^^^^^^^^^
[mission-27]   File "/opt/ros/jazzy/lib/python3.12/site-packages/rclpy/publisher.py", line 70, in publish
[mission-27]     self.__publisher.publish(msg)
[mission-27] rclpy._rclpy_pybind11.RCLError: Failed to publish: publisher's context is invalid, at ./src/rcl/publisher.c:423
[parameter_bridge-7] [INFO] [1791375001.847752158] [rclcpp]: signal_handler(SIGINT/SIGTERM)
[robot_state_publisher-3] [INFO] [1791375001.848027211] [rclcpp]: signal_handler(SIGINT/SIGTERM)
[parameter_bridge-11] [INFO] [1791375001.849120473] [rclcpp]: signal_handler(SIGINT/SIGTERM)
[INFO] [parameter_bridge-7]: process has finished cleanly [pid 9584]
[parameter_bridge-2] [INFO] [1791375001.850104469] [rclcpp]: signal_handler(SIGINT/SIGTERM)
[parameter_bridge-8] [INFO] [1791375001.852290520] [rclcpp]: signal_handler(SIGINT/SIGTERM)
[INFO] [parameter_bridge-2]: process has finished cleanly [pid 9578]
[parameter_bridge-6] [INFO] [1791375001.853798009] [rclcpp]: signal_handler(SIGINT/SIGTERM)
[greenhouse_cmd_sink-9] [INFO] [1791375001.856544710] [rclcpp]: signal_handler(SIGINT/SIGTERM)
[INFO] [mission-27]: sending signal 'SIGINT' to process[mission-27]
[INFO] [command_adapter-26]: sending signal 'SIGINT' to process[command_adapter-26]
[INFO] [terrain_grid-25]: sending signal 'SIGINT' to process[terrain_grid-25]
[ERROR] [mission-27]: process has died [pid 9915, exit code -2, cmd '/opt/greenhouse/lib/greenhouse_mppi_navigation/mission --ros-args -r __node:=tracked_mission --params-file /tmp/launch_params_inqwee22'].
[INFO] [parameter_bridge-6]: process has finished cleanly [pid 9583]
[INFO] [parameter_bridge-8]: process has finished cleanly [pid 9585]
[INFO] [lifecycle_manager-24]: sending signal 'SIGINT' to process[lifecycle_manager-24]
[ERROR] [command_adapter-26]: process has died [pid 9914, exit code -2, cmd '/opt/greenhouse/lib/greenhouse_mppi_navigation/command_adapter --ros-args -r __node:=mppi_command_adapter --params-file /tmp/launch_params_u9a_0wmc'].
[ERROR] [terrain_grid-25]: process has died [pid 9913, exit code -2, cmd '/opt/greenhouse/lib/greenhouse_mppi_navigation/terrain_grid --ros-args -r __node:=terrain_grid --params-file /tmp/launch_params_xpqmjq7l'].
[INFO] [parameter_bridge-11]: process has finished cleanly [pid 9588]
[INFO] [controller_server-23]: sending signal 'SIGINT' to process[controller_server-23]
[ERROR] [lifecycle_manager-24]: process has died [pid 9910, exit code -2, cmd '/opt/ros/jazzy/lib/nav2_lifecycle_manager/lifecycle_manager --ros-args -r __node:=mppi_lifecycle_manager --params-file /tmp/launch_params_1m4n6r9y'].
[INFO] [graph_decoder-22]: sending signal 'SIGINT' to process[graph_decoder-22]
[INFO] [far_planner-21]: sending signal 'SIGINT' to process[far_planner-21]
[ERROR] [controller_server-23]: process has died [pid 9909, exit code -2, cmd '/opt/ros/jazzy/lib/nav2_controller/controller_server --ros-args -r __node:=controller_server --params-file /tmp/tmp2lmyhcg8 --params-file /tmp/launch_params_pyhew6ur -r cmd_vel:=/navigation/mppi_cmd'].
[INFO] [terrainAnalysisExt-20]: sending signal 'SIGINT' to process[terrainAnalysisExt-20]
[ERROR] [graph_decoder-22]: process has died [pid 9908, exit code -2, cmd '/opt/greenhouse_far/lib/graph_decoder/graph_decoder --ros-args -r __node:=graph_decoder --params-file /tmp/launch_params_ojp23kfk'].
[INFO] [terrainAnalysis-19]: sending signal 'SIGINT' to process[terrainAnalysis-19]
[ERROR] [far_planner-21]: process has died [pid 9907, exit code -2, cmd '/opt/greenhouse_far/lib/far_planner/far_planner --ros-args -r __node:=far_planner --params-file /opt/greenhouse_far/share/far_planner/config/default.yaml --params-file /tmp/launch_params_oc59_1eb -r /odom_world:=/localization/global_odometry -r /terrain_cloud:=/perception/terrain_map_ext -r /scan_cloud:=/localization/registered_cloud -r /goal_point:=/planning/global_goal -r /terrain_local_cloud:=/perception/terrain_map -r /way_point:=/planning/way_point'].
[ERROR] [terrainAnalysisExt-20]: process has died [pid 9906, exit code -2, cmd '/opt/greenhouse_far/lib/terrain_analysis_ext/terrainAnalysisExt --ros-args -r __node:=terrain_analysis_ext --params-file /tmp/launch_params_hcegd7ae -r /state_estimation:=/localization/global_odometry -r /registered_scan:=/localization/registered_cloud -r /terrain_map:=/perception/terrain_map -r /terrain_map_ext:=/perception/terrain_map_ext'].
[INFO] [static_transform_publisher-18]: sending signal 'SIGINT' to process[static_transform_publisher-18]
[INFO] [fast_lio_super_backend-17]: sending signal 'SIGINT' to process[fast_lio_super_backend-17]
[INFO] [greenhouse_cmd_gate-16]: sending signal 'SIGINT' to process[greenhouse_cmd_gate-16]
[ERROR] [static_transform_publisher-18]: process has died [pid 9904, exit code -2, cmd '/opt/ros/jazzy/lib/tf2_ros/static_transform_publisher --frame-id base_link --child-frame-id livox_frame --x 0.0 --y 0.0 --z 0.3827 --roll 0.0 --pitch 0.0 --yaw 0.0 --ros-args -r __node:=static_sensor_tf --params-file /tmp/launch_params_c1g9c0o4'].
[INFO] [greenhouse_cloud_normalizer-15]: sending signal 'SIGINT' to process[greenhouse_cloud_normalizer-15]
[ERROR] [fast_lio_super_backend-17]: process has died [pid 9892, exit code -2, cmd '/opt/greenhouse/lib/fast_lio_super_ros2/fast_lio_super_backend --ros-args -r __node:=fast_lio_super_backend --params-file /opt/greenhouse/share/fast_lio_super_ros2/config/backend.yaml --params-file /tmp/launch_params_71xnq6zy -r odometry:=/localization/odometry -r registered_cloud:=/localization/registered_cloud_odom -r global_odometry:=/localization/global_odometry -r global_pose:=/localization/global_pose -r corrected_path:=/localization/corrected_path -r corrected_map:=/localization/corrected_map -r diagnostics:=/diagnostics'].
[INFO] [fastlio_mapping-14]: sending signal 'SIGINT' to process[fastlio_mapping-14]
[INFO] [simulation_lidar_filter.py-12]: sending signal 'SIGINT' to process[simulation_lidar_filter.py-12]
[ERROR] [greenhouse_cloud_normalizer-15]: process has died [pid 9890, exit code -2, cmd '/opt/greenhouse/lib/greenhouse_cloud_normalizer/greenhouse_cloud_normalizer --ros-args -r __node:=slam_cloud_to_map --params-file /tmp/launch_params_nwc2ntj5'].
[INFO] [greenhouse_cmd_sink-9]: sending signal 'SIGINT' to process[greenhouse_cmd_sink-9]
[ERROR] [simulation_lidar_filter.py-12]: process has died [pid 9589, exit code -2, cmd '/opt/greenhouse/lib/greenhouse_nav2_bringup/simulation_lidar_filter.py --ros-args --params-file /tmp/launch_params_isa_q891'].
[ERROR] [greenhouse_cmd_sink-9]: process has died [pid 9586, exit code -2, cmd '/opt/greenhouse/lib/greenhouse_cmd_gate/greenhouse_cmd_sink --ros-args -r __node:=greenhouse_sim_cmd_sink --params-file /opt/greenhouse/share/greenhouse_nav2_bringup/config/simulation/command-gate.yaml --params-file /tmp/launch_params_7jjxih1f'].
[INFO] [robot_state_publisher-3]: sending signal 'SIGINT' to process[robot_state_publisher-3]
[INFO] [gazebo-1]: sending signal 'SIGINT' to process[gazebo-1]
[ERROR] [robot_state_publisher-3]: process has died [pid 9580, exit code -2, cmd '/opt/ros/jazzy/lib/robot_state_publisher/robot_state_publisher --ros-args --params-file /tmp/launch_params_u4wzv8jb -r /tf:=tf -r /tf_static:=tf_static -r joint_states:=platform/joint_states'].
[controller_server-23] [INFO] [1791375001.935034808] [controller_server]: Destroying bond (controller_server) to lifecycle manager.
[controller_server-23] [INFO] [1791375001.945311960] [controller_server]: Cleaning up
[controller_server-23] [INFO] [1791375001.945384911] [MPPIController]: Cleaned up MPPI Controller: FollowPath
[controller_server-23] [INFO] [1791375001.945544698] [local_costmap.local_costmap]: Cleaning up
[lifecycle_manager-24] [INFO] [1791375002.003300327] [mppi_lifecycle_manager]: Destroying mppi_lifecycle_manager
[controller_server-23] [INFO] [1791375002.037813240] [controller_server]: Destroying bond (controller_server) to lifecycle manager.
[controller_server-23] [INFO] [1791375002.045236260] [local_costmap.local_costmap]: Destroying
[fastlio_mapping-14] catch sig %d2
[INFO] [terrainAnalysis-19]: process has finished cleanly [pid 9905]
[INFO] [greenhouse_cmd_gate-16]: process has finished cleanly [pid 9891]
[gazebo-1] Stack trace (most recent call last) in thread 9684:
[gazebo-1] #0    Object "[0x74af5833db10]", at 0x74af5833db10, in 
[gazebo-1] Segmentation fault (Invalid permissions for mapped object [0x74af5833db10])
[ERROR] [fastlio_mapping-14]: process[fastlio_mapping-14] failed to terminate '5' seconds after receiving 'SIGINT', escalating to 'SIGTERM'
[ERROR] [gazebo-1]: process[gazebo-1] failed to terminate '5' seconds after receiving 'SIGINT', escalating to 'SIGTERM'
[INFO] [fastlio_mapping-14]: sending signal 'SIGTERM' to process[fastlio_mapping-14]
[INFO] [gazebo-1]: sending signal 'SIGTERM' to process[gazebo-1]
[fastlio_mapping-14] [INFO] [1791375007.009072569] [rclcpp]: signal_handler(SIGINT/SIGTERM)
[ERROR] [gazebo-1]: process has died [pid 9577, exit code -15, cmd 'ruby /opt/ros/jazzy/opt/gz_tools_vendor/bin/gz sim -r -s --headless-rendering /evidence/candidate-matrix/orchard_husky_a200_r3/orchard-runtime.sdf --force-version 8'].
[ERROR] [fastlio_mapping-14]: process[fastlio_mapping-14] failed to terminate '10.0' seconds after receiving 'SIGTERM', escalating to 'SIGKILL'
[INFO] [fastlio_mapping-14]: sending signal 'SIGKILL' to process[fastlio_mapping-14]
[ERROR] [fastlio_mapping-14]: process has died [pid 9889, exit code -9, cmd '/opt/greenhouse/lib/fast_lio/fastlio_mapping --ros-args -r __node:=laser_mapping --params-file /opt/greenhouse/share/greenhouse_mppi_navigation/config/fastlio.yaml --params-file /tmp/launch_params_3tzuicby'].
