[INFO] [launch]: All log files can be found below /root/.ros/log/2026-10-07-12-15-48-398420-DW-13747
[INFO] [launch]: Default logging verbosity is set to INFO
[INFO] [gazebo-1]: process started with pid [13766]
[INFO] [parameter_bridge-2]: process started with pid [13767]
[INFO] [robot_state_publisher-3]: process started with pid [13768]
[INFO] [spawner-4]: process started with pid [13770]
[INFO] [spawner-5]: process started with pid [13771]
[INFO] [parameter_bridge-6]: process started with pid [13772]
[INFO] [parameter_bridge-7]: process started with pid [13773]
[INFO] [parameter_bridge-8]: process started with pid [13774]
[INFO] [greenhouse_cmd_sink-9]: process started with pid [13775]
[INFO] [create-10]: process started with pid [13776]
[INFO] [parameter_bridge-11]: process started with pid [13777]
[INFO] [simulation_lidar_filter.py-12]: process started with pid [13778]
[INFO] [simulation_ground_startup.py-13]: process started with pid [13779]
[INFO] [create-14]: process started with pid [13808]
[INFO] [parameter_bridge-15]: process started with pid [13809]
[robot_state_publisher-3] [INFO] [1791375350.688165655] [robot_state_publisher]: Robot initialized
[create-10] [INFO] [1791375352.217087504] [create_husky_a200]: Entity creation successful.
[parameter_bridge-2] [INFO] [1791375352.241114398] [simulation_clock_bridge]: Creating GZ->ROS Bridge: [/clock (gz.msgs.Clock) -> /clock (rosgraph_msgs/msg/Clock)] (Lazy 0)
[INFO] [create-10]: process has finished cleanly [pid 13776]
[gazebo-1] [1;33mWarning [Utils.cc:132][0m [/sdf/model[@name="a200-0000"]/link[@name="base_link"]/sensor[@name="camera_0"]/camera/gz_frame_id:///evidence/candidate-matrix/pipeline_husky_a200_r1/robot-instrumented.sdf:L181]: XML Element[gz_frame_id], child of element[camera], not defined in SDF. Copying[gz_frame_id] as children of [camera].
[gazebo-1] [1;33mWarning [Utils.cc:132][0m [/sdf/model[@name="a200-0000"]/link[@name="base_link"]/sensor[@name="camera_0"]/gz_frame_id:///evidence/candidate-matrix/pipeline_husky_a200_r1/robot-instrumented.sdf:L188]: XML Element[gz_frame_id], child of element[sensor], not defined in SDF. Copying[gz_frame_id] as children of [sensor].
[gazebo-1] [1;33mWarning [Utils.cc:132][0m [/sdf/model[@name="a200-0000"]/link[@name="base_link"]/sensor[@name="imu_0"]/gz_frame_id:///evidence/candidate-matrix/pipeline_husky_a200_r1/robot-instrumented.sdf:L196]: XML Element[gz_frame_id], child of element[sensor], not defined in SDF. Copying[gz_frame_id] as children of [sensor].
[gazebo-1] [1;33mWarning [Utils.cc:132][0m [/sdf/model[@name="a200-0000"]/link[@name="base_link"]/sensor[@name="lidar3d_0"]/gz_frame_id:///evidence/candidate-matrix/pipeline_husky_a200_r1/robot-instrumented.sdf:L226]: XML Element[gz_frame_id], child of element[sensor], not defined in SDF. Copying[gz_frame_id] as children of [sensor].
[spawner-5] [INFO] [1791375353.118122766] [spawner_platform_velocity_controller]: waiting for service /controller_manager/list_controllers to become available...
[parameter_bridge-15] [INFO] [1791375353.133394864] [sim_camera_bridge]: Creating GZ->ROS Bridge: [/sim_camera/image (gz.msgs.Image) -> /sim_camera/image (sensor_msgs/msg/Image)] (Lazy 0)
[create-14] [INFO] [1791375353.248855401] [create_simulation_camera]: Entity creation successful.
[gazebo-1] [INFO] [1791375353.298089388] [gz_ros_control]: Loading controller_manager
[gazebo-1] [INFO] [1791375353.316298811] [controller_manager]: Using ROS clock for triggering controller manager cycles.
[gazebo-1] [WARN] [1791375353.316422265] [controller_manager]: The resource manager is not yet initialized, will wait for the robot description to initialize it..
[gazebo-1] [INFO] [1791375353.326342807] [controller_manager]: Subscribing to '/robot_description' topic for robot description.
[gazebo-1] [WARN] [1791375353.326447509] [gz_ros_control]: Waiting RM to load and initialize hardware...
[INFO] [create-14]: process has finished cleanly [pid 13808]
[gazebo-1] [INFO] [1791375353.409537433] [controller_manager]: Received robot description from topic.
[gazebo-1] [INFO] [1791375353.409623841] [controller_manager]: Enforcing command limits is disabled. Command limits from URDF will be ignored.
[gazebo-1] [INFO] [1791375353.413541606] [gz_ros_control]: The position_proportional_gain has been set to: 0.1
[gazebo-1] [INFO] [1791375353.413634323] [gz_ros_control]: Loading joint: front_left_wheel_joint
[gazebo-1] [INFO] [1791375353.413640995] [gz_ros_control]: 	State:
[gazebo-1] [INFO] [1791375353.413648092] [gz_ros_control]: 		 position
[gazebo-1] [INFO] [1791375353.413651741] [gz_ros_control]: 		 velocity
[gazebo-1] [INFO] [1791375353.413657830] [gz_ros_control]: 	Command:
[gazebo-1] [INFO] [1791375353.413662498] [gz_ros_control]: 		 velocity
[gazebo-1] [INFO] [1791375353.413673603] [gz_ros_control]: Loading joint: rear_left_wheel_joint
[gazebo-1] [INFO] [1791375353.413676450] [gz_ros_control]: 	State:
[gazebo-1] [INFO] [1791375353.413678901] [gz_ros_control]: 		 position
[gazebo-1] [INFO] [1791375353.413681799] [gz_ros_control]: 		 velocity
[gazebo-1] [INFO] [1791375353.413684208] [gz_ros_control]: 	Command:
[gazebo-1] [INFO] [1791375353.413686310] [gz_ros_control]: 		 velocity
[gazebo-1] [INFO] [1791375353.413695006] [gz_ros_control]: Loading joint: front_right_wheel_joint
[gazebo-1] [INFO] [1791375353.413697455] [gz_ros_control]: 	State:
[gazebo-1] [INFO] [1791375353.413699756] [gz_ros_control]: 		 position
[gazebo-1] [INFO] [1791375353.413702651] [gz_ros_control]: 		 velocity
[gazebo-1] [INFO] [1791375353.413704890] [gz_ros_control]: 	Command:
[gazebo-1] [INFO] [1791375353.413707227] [gz_ros_control]: 		 velocity
[gazebo-1] [INFO] [1791375353.413714467] [gz_ros_control]: Loading joint: rear_right_wheel_joint
[gazebo-1] [INFO] [1791375353.413716816] [gz_ros_control]: 	State:
[gazebo-1] [INFO] [1791375353.413719117] [gz_ros_control]: 		 position
[gazebo-1] [INFO] [1791375353.413721420] [gz_ros_control]: 		 velocity
[gazebo-1] [INFO] [1791375353.413723657] [gz_ros_control]: 	Command:
[gazebo-1] [INFO] [1791375353.413725822] [gz_ros_control]: 		 velocity
[gazebo-1] [INFO] [1791375353.413760721] [gz_ros_control]: Loading sensor: imu_0
[gazebo-1] [INFO] [1791375353.413765602] [gz_ros_control]: 	State:
[gazebo-1] [WARN] [1791375353.413768578] [gz_ros_control]: IMU sensor 'imu_0' not found in hardware_info, skipping.
[gazebo-1] [INFO] [1791375353.413837442] [controller_manager]: Initialize hardware 'a200_hardware' 
[gazebo-1] [WARN] [1791375353.413850391] [controller_manager.hardware_component.system.a200_hardware]: Executor is not available during hardware component initialization for 'a200_hardware'. Skipping node creation!
[gazebo-1] [INFO] [1791375353.413898666] [controller_manager]: Successful initialization of hardware 'a200_hardware'
[gazebo-1] [INFO] [1791375353.413994475] [controller_manager]: Activating component 'a200_hardware'.
[gazebo-1] [INFO] [1791375353.414003042] [resource_manager]: 'configure' hardware 'a200_hardware' 
[gazebo-1] [INFO] [1791375353.414006944] [gz_ros_control]: System Successfully configured!
[gazebo-1] [INFO] [1791375353.414010384] [resource_manager]: Successful 'configure' of hardware 'a200_hardware'
[gazebo-1] [INFO] [1791375353.414016335] [resource_manager]: 'activate' hardware 'a200_hardware' 
[gazebo-1] [INFO] [1791375353.414027638] [resource_manager]: Successful 'activate' of hardware 'a200_hardware'
[gazebo-1] [WARN] [1791375353.414104055] [controller_manager]: Component 'a200_hardware' does not have read or write statistics initialized, skipping registration.
[gazebo-1] [INFO] [1791375353.414114576] [controller_manager]: Resource Manager has been successfully initialized. Starting Controller Manager services...
[parameter_bridge-6] [INFO] [1791375353.474315358] [simulation_sensor_bridge]: Creating GZ->ROS Bridge: [/sensors/imu_0/data (gz.msgs.IMU) -> /sensors/imu/data (sensor_msgs/msg/Imu)] (Lazy 0)
[parameter_bridge-7] [INFO] [1791375353.658709747] [simulation_lidar_bridge]: Creating GZ->ROS Bridge: [/sensors/lidar3d_0/scan/points (gz.msgs.PointCloudPacked) -> /simulation/lidar/unfiltered (sensor_msgs/msg/PointCloud2)] (Lazy 0)
[gazebo-1] [WARN] [1791375353.719634580] [controller_manager.rclcpp]: failed to send response to /controller_manager/list_controllers (timeout): client will not receive response, at ./src/rmw_response.cpp:153, at ./src/rcl/service.c:400
[parameter_bridge-11] [INFO] [1791375353.807012825] [simulation_contact_bridge]: Creating GZ->ROS Bridge: [/world/pipeline/model/robot/link/base_link/sensor/simulation_contact_0/contact (gz.msgs.Contacts) -> /simulation/contacts (ros_gz_interfaces/msg/Contacts)] (Lazy 0)
[parameter_bridge-11] [INFO] [1791375353.810257170] [simulation_contact_bridge]: Creating GZ->ROS Bridge: [/world/pipeline/model/robot/link/base_link/sensor/simulation_contact_1/contact (gz.msgs.Contacts) -> /simulation/contacts (ros_gz_interfaces/msg/Contacts)] (Lazy 0)
[parameter_bridge-11] [INFO] [1791375353.810903582] [simulation_contact_bridge]: Creating GZ->ROS Bridge: [/world/pipeline/model/robot/link/base_link/sensor/simulation_contact_2/contact (gz.msgs.Contacts) -> /simulation/contacts (ros_gz_interfaces/msg/Contacts)] (Lazy 0)
[parameter_bridge-11] [INFO] [1791375353.811488582] [simulation_contact_bridge]: Creating GZ->ROS Bridge: [/world/pipeline/model/robot/link/base_link/sensor/simulation_contact_3/contact (gz.msgs.Contacts) -> /simulation/contacts (ros_gz_interfaces/msg/Contacts)] (Lazy 0)
[parameter_bridge-11] [INFO] [1791375353.812171698] [simulation_contact_bridge]: Creating GZ->ROS Bridge: [/world/pipeline/model/robot/link/base_link/sensor/simulation_contact_4/contact (gz.msgs.Contacts) -> /simulation/contacts (ros_gz_interfaces/msg/Contacts)] (Lazy 0)
[parameter_bridge-11] [INFO] [1791375353.812680323] [simulation_contact_bridge]: Creating GZ->ROS Bridge: [/world/pipeline/model/robot/link/front_left_wheel_link/sensor/simulation_contact_5/contact (gz.msgs.Contacts) -> /simulation/contacts (ros_gz_interfaces/msg/Contacts)] (Lazy 0)
[parameter_bridge-11] [INFO] [1791375353.813742288] [simulation_contact_bridge]: Creating GZ->ROS Bridge: [/world/pipeline/model/robot/link/front_right_wheel_link/sensor/simulation_contact_6/contact (gz.msgs.Contacts) -> /simulation/contacts (ros_gz_interfaces/msg/Contacts)] (Lazy 0)
[parameter_bridge-11] [INFO] [1791375353.814437416] [simulation_contact_bridge]: Creating GZ->ROS Bridge: [/world/pipeline/model/robot/link/rear_left_wheel_link/sensor/simulation_contact_7/contact (gz.msgs.Contacts) -> /simulation/contacts (ros_gz_interfaces/msg/Contacts)] (Lazy 0)
[parameter_bridge-11] [INFO] [1791375353.814981125] [simulation_contact_bridge]: Creating GZ->ROS Bridge: [/world/pipeline/model/robot/link/rear_right_wheel_link/sensor/simulation_contact_8/contact (gz.msgs.Contacts) -> /simulation/contacts (ros_gz_interfaces/msg/Contacts)] (Lazy 0)
[parameter_bridge-8] [INFO] [1791375353.950838021] [simulation_camera_bridge]: Creating GZ->ROS Bridge: [/sensors/camera_0/image (gz.msgs.Image) -> /sensors/camera/color/image (sensor_msgs/msg/Image)] (Lazy 1)
[parameter_bridge-8] [INFO] [1791375353.953844049] [simulation_camera_bridge]: Creating GZ->ROS Bridge: [/sensors/camera_0/points (gz.msgs.PointCloudPacked) -> /sensors/camera/points (sensor_msgs/msg/PointCloud2)] (Lazy 1)
[gazebo-1] [WARN] [1791375355.413066496] [gz_ros_control]:  Desired controller update period (0.05 s) is slower than the gazebo simulation period (0.003 s).
[simulation_ground_startup.py-13] {"result": "settled", "sim_time_s": 1.452, "stable_sim_s": 1.002, "acceleration_norm_mps2": 9.799952899338335, "angular_speed_radps": 0.0018948345328438825, "clock_publishers": 1}
[INFO] [simulation_ground_startup.py-13]: process has finished cleanly [pid 13779]
[INFO] [launch.user]: closed-loop runtime_ready=true hardware_qualified=false mode=simulation
[INFO] [fastlio_mapping-16]: process started with pid [14102]
[INFO] [greenhouse_cloud_normalizer-17]: process started with pid [14103]
[INFO] [greenhouse_cmd_gate-18]: process started with pid [14104]
[INFO] [fast_lio_super_backend-19]: process started with pid [14105]
[INFO] [static_transform_publisher-20]: process started with pid [14106]
[INFO] [terrainAnalysis-21]: process started with pid [14107]
[INFO] [terrainAnalysisExt-22]: process started with pid [14108]
[INFO] [far_planner-23]: process started with pid [14109]
[INFO] [graph_decoder-24]: process started with pid [14110]
[INFO] [controller_server-25]: process started with pid [14111]
[INFO] [lifecycle_manager-26]: process started with pid [14112]
[INFO] [terrain_grid-27]: process started with pid [14113]
[INFO] [command_adapter-28]: process started with pid [14114]
[INFO] [mission-29]: process started with pid [14115]
[greenhouse_cmd_gate-18] [INFO] [1791375366.433587174] [greenhouse_cmd_gate]: gate source=/cmd_vel/nav output=/cmd_vel scope=simulation_fixture auto_recover_after_watchdog=true
[greenhouse_cloud_normalizer-17] [INFO] [1791375367.272650096] [slam_cloud_to_map]: Transforming /localization/registered_cloud_odom into frame map on /localization/registered_cloud
[graph_decoder-24] [INFO] [1791375367.759796836] [graph_decoder]: Graph Decoder Node Initialized
[static_transform_publisher-20] [INFO] [1791375368.016243478] [static_sensor_tf]: Spinning until stopped - publishing transform
[static_transform_publisher-20] translation: ('0.000000', '0.000000', '0.382700')
[static_transform_publisher-20] rotation: ('0.000000', '0.000000', '0.000000', '1.000000')
[static_transform_publisher-20] from 'base_link' to 'livox_frame'
[terrainAnalysis-21] [INFO] [1791375368.487154422] [terrainAnalysis]: terrain analysis: odometry=/localization/global_odometry cloud=/localization/registered_cloud output=/perception/terrain_map frame=map
[controller_server-25] [INFO] [1791375368.832534401] [controller_server]: 
[controller_server-25] 	controller_server lifecycle node launched. 
[controller_server-25] 	Waiting on external lifecycle transitions to activate
[controller_server-25] 	See https://design.ros2.org/articles/node_lifecycle.html for more information.
[controller_server-25] [INFO] [1791375368.833868465] [controller_server]: Creating controller server
[controller_server-25] [INFO] [1791375368.858763615] [local_costmap.local_costmap]: 
[controller_server-25] 	local_costmap lifecycle node launched. 
[controller_server-25] 	Waiting on external lifecycle transitions to activate
[controller_server-25] 	See https://design.ros2.org/articles/node_lifecycle.html for more information.
[controller_server-25] [INFO] [1791375368.859416918] [local_costmap.local_costmap]: Creating Costmap
[lifecycle_manager-26] [INFO] [1791375368.979678662] [mppi_lifecycle_manager]: Creating
[lifecycle_manager-26] [INFO] [1791375368.986261542] [mppi_lifecycle_manager]: [34m[1mCreating and initializing lifecycle service clients[0m[0m
[lifecycle_manager-26] [INFO] [1791375368.990549991] [mppi_lifecycle_manager]: [34m[1mStarting managed nodes bringup...[0m[0m
[lifecycle_manager-26] [INFO] [1791375368.990645402] [mppi_lifecycle_manager]: [34m[1mConfiguring controller_server[0m[0m
[controller_server-25] [INFO] [1791375368.991322293] [controller_server]: Configuring controller interface
[controller_server-25] [INFO] [1791375368.991343582] [controller_server]: getting progress checker plugins..
[controller_server-25] [INFO] [1791375368.991522223] [controller_server]: getting goal checker plugins..
[controller_server-25] [INFO] [1791375368.991731611] [controller_server]: Controller frequency set to 20.0000Hz
[controller_server-25] [INFO] [1791375368.991769016] [local_costmap.local_costmap]: Configuring
[controller_server-25] [INFO] [1791375369.006536876] [local_costmap.local_costmap]: Using plugin "terrain"
[controller_server-25] [INFO] [1791375369.011404544] [local_costmap.local_costmap]: Initialized plugin "terrain"
[controller_server-25] [INFO] [1791375369.011500537] [local_costmap.local_costmap]: Using plugin "inflation"
[controller_server-25] [INFO] [1791375369.015962478] [local_costmap.local_costmap]: Initialized plugin "inflation"
[controller_server-25] [INFO] [1791375369.041171998] [controller_server]: Created progress_checker : progress_checker of type nav2_controller::SimpleProgressChecker
[controller_server-25] [INFO] [1791375369.041784522] [controller_server]: Controller Server has progress_checker  progress checkers available.
[controller_server-25] [INFO] [1791375369.042313885] [controller_server]: Created goal checker : goal_checker of type nav2_controller::SimpleGoalChecker
[controller_server-25] [INFO] [1791375369.042743576] [controller_server]: Controller Server has goal_checker  goal checkers available.
[controller_server-25] [INFO] [1791375369.044825835] [controller_server]: Created controller : FollowPath of type nav2_mppi_controller::MPPIController
[controller_server-25] [INFO] [1791375369.048523052] [controller_server]: Controller period is equal to model dt. Control sequence shifting is ON
[controller_server-25] [INFO] [1791375369.051215142] [controller_server]: ConstraintCritic instantiated with 1 power and 4.000000 weight.
[controller_server-25] [INFO] [1791375369.051295220] [controller_server]: Critic loaded : mppi::critics::ConstraintCritic
[controller_server-25] [INFO] [1791375369.052956781] [controller_server]: InflationCostCritic instantiated with 1 power and 300.000000 / 0.015000 weights. Critic will collision check based on footprint cost.
[controller_server-25] [INFO] [1791375369.053030793] [controller_server]: Critic loaded : mppi::critics::CostCritic
[controller_server-25] [INFO] [1791375369.053507215] [controller_server]: GoalCritic instantiated with 1 power and 5.000000 weight.
[controller_server-25] [INFO] [1791375369.053530119] [controller_server]: Critic loaded : mppi::critics::GoalCritic
[controller_server-25] [INFO] [1791375369.054151717] [controller_server]: GoalAngleCritic instantiated with 1 power, 3.000000 weight, 0.500000 angular threshold and symmetric_yaw_tolerance disabled
[controller_server-25] [INFO] [1791375369.054179479] [controller_server]: Critic loaded : mppi::critics::GoalAngleCritic
[controller_server-25] [INFO] [1791375369.054966733] [controller_server]: ReferenceTrajectoryCritic instantiated with 1 power and 14.000000 weight
[controller_server-25] [INFO] [1791375369.055004204] [controller_server]: Critic loaded : mppi::critics::PathAlignCritic
[controller_server-25] [INFO] [1791375369.055519913] [controller_server]: Critic loaded : mppi::critics::PathFollowCritic
[controller_server-25] [INFO] [1791375369.058709337] [controller_server]: PathAngleCritic instantiated with 1 power and 2.000000 weight. Mode set to: Forward Preference
[controller_server-25] [INFO] [1791375369.058775824] [controller_server]: Critic loaded : mppi::critics::PathAngleCritic
[controller_server-25] [INFO] [1791375369.059640998] [controller_server]: PreferForwardCritic instantiated with 1 power and 5.000000 weight.
[controller_server-25] [INFO] [1791375369.059673226] [controller_server]: Critic loaded : mppi::critics::PreferForwardCritic
[controller_server-25] [INFO] [1791375369.063268290] [controller_server]: Optimizer reset
[controller_server-25] [INFO] [1791375369.070984476] [MPPIController]: Configured MPPI Controller: FollowPath
[controller_server-25] [INFO] [1791375369.071042037] [controller_server]: Controller Server has FollowPath  controllers available.
[lifecycle_manager-26] [INFO] [1791375369.113259190] [mppi_lifecycle_manager]: [34m[1mActivating controller_server[0m[0m
[controller_server-25] [INFO] [1791375369.113848284] [controller_server]: Activating
[controller_server-25] [INFO] [1791375369.113895234] [local_costmap.local_costmap]: Activating
[controller_server-25] [INFO] [1791375369.113908295] [local_costmap.local_costmap]: Checking transform
[controller_server-25] [INFO] [1791375369.113958788] [local_costmap.local_costmap]: Timed out waiting for transform from base_link to odom to become available, tf error: Invalid frame ID "odom" passed to canTransform argument target_frame - frame does not exist
[fast_lio_super_backend-19] [INFO] [1791375369.128913778] [fast_lio_super_backend]: SLAM frames: map -> odom -> base_link
[fastlio_mapping-16] [INFO] [1791375369.235560330] [laser_mapping]: p_pre->lidar_type 5
[fastlio_mapping-16] ~~~~/build/robot/external/fast_lio/ doesn't exist
[fastlio_mapping-16] [INFO] [1791375369.258232484] [laser_mapping]: Node init finished.
[fastlio_mapping-16] [WARN] [1791375369.305540141] [laser_mapping]: No point, skip this scan!
[fastlio_mapping-16] 
[far_planner-23] [INFO] [1791375369.330746181] [far_planner]: FAR Planner Node Initiated
[far_planner-23] [INFO] [1791375369.363798959] [far_planner]: voxel_dim: 0.100000
[far_planner-23] [INFO] [1791375369.398674105] [far_planner]: FAR Planner ROS Params Initiated
[far_planner-23] [INFO] [1791375369.398748827] [far_planner]: FAR Planner Callback Initiated
[fastlio_mapping-16] [WARN] [1791375369.416175317] [laser_mapping]: No point, skip this scan!
[fastlio_mapping-16] 
[far_planner-23] [INFO] [1791375369.440622511] [far_planner]: FAR Planner Processing Objects Initiated
[fastlio_mapping-16] [WARN] [1791375369.503568425] [laser_mapping]: No point, skip this scan!
[fastlio_mapping-16] 
[fastlio_mapping-16] [WARN] [1791375369.542620773] [laser_mapping]: No point, skip this scan!
[fastlio_mapping-16] 
[controller_server-25] [INFO] [1791375369.614028307] [local_costmap.local_costmap]: Timed out waiting for transform from base_link to odom to become available, tf error: Invalid frame ID "odom" passed to canTransform argument target_frame - frame does not exist
[fastlio_mapping-16] [WARN] [1791375369.615836469] [laser_mapping]: No point, skip this scan!
[fastlio_mapping-16] 
[fastlio_mapping-16] [WARN] [1791375369.646482773] [laser_mapping]: No point, skip this scan!
[fastlio_mapping-16] 
[fastlio_mapping-16] [WARN] [1791375369.714369134] [laser_mapping]: No point, skip this scan!
[fastlio_mapping-16] 
[fastlio_mapping-16] [WARN] [1791375369.765517101] [laser_mapping]: No point, skip this scan!
[fastlio_mapping-16] 
[fastlio_mapping-16] [WARN] [1791375369.825465618] [laser_mapping]: No point, skip this scan!
[fastlio_mapping-16] 
[fastlio_mapping-16] IMU Initial Done
[fastlio_mapping-16] [WARN] [1791375369.864569984] [laser_mapping]: No point, skip this scan!
[fastlio_mapping-16] 
[fastlio_mapping-16] [INFO] [1791375369.916312139] [laser_mapping]: Initialize the map kdtree
[controller_server-25] [INFO] [1791375370.114253791] [local_costmap.local_costmap]: start
[controller_server-25] [WARN] [1791375370.264792972] [controller_server]: Parameter controller_server.verbose not found
[controller_server-25] [INFO] [1791375370.267567017] [controller_server]: Optimizer reset
[controller_server-25] [INFO] [1791375370.268037817] [MPPIController]: Activated MPPI Controller: FollowPath
[controller_server-25] [INFO] [1791375370.268099498] [controller_server]: Creating bond (controller_server) to lifecycle manager.
[spawner-4] [WARN] [1791375370.314915089] [ros2_control_controller_spawner_joint_state_broadcaster]: Failed to acquire lock in 20 seconds. Attempt 1 of 5 failed. Retrying in 3 seconds...
[lifecycle_manager-26] [INFO] [1791375370.398170783] [mppi_lifecycle_manager]: Server controller_server connected with bond.
[lifecycle_manager-26] [INFO] [1791375370.398234814] [mppi_lifecycle_manager]: [34m[1mManaged nodes are active[0m[0m
[lifecycle_manager-26] [INFO] [1791375370.398243084] [mppi_lifecycle_manager]: [34m[1mCreating bond timer...[0m[0m
[far_planner-23] [2J[0;0H
[far_planner-23] [1;33m **************** DYNAMIC ENV PLANNING **************** [0m
[far_planner-23] 
[far_planner-23] 
[far_planner-23] 
[far_planner-23] [INFO] [1791375370.440897607] [far_planner]: FAR Planner Initiated Complete
[far_planner-23] [A[A[2K[1;32m V-Graph Initialized [0m
[far_planner-23] 
[far_planner-23] [2K    Adding Goal to V-Graph Time: 0ms
[far_planner-23] [2K    Path Search Time: 0ms
[far_planner-23] [2K    Local V-Graph Updated. Number of local vertices: 0
[far_planner-23] [2K    Number of new vertices adding to global V-Graph: 0
[far_planner-23]     Total V-Graph Update Time: 0.957ms
[far_planner-23] [2K    Global V-Graph Updated. Number of global vertices: 1
[far_planner-23] [A[A[A[A[A[A[2K    Adding Goal to V-Graph Time: 0.011ms
[far_planner-23] [2K    Path Search Time: 0.538ms
[far_planner-23] [2K    Local V-Graph Updated. Number of local vertices: 0
[far_planner-23] [2K    Number of new vertices adding to global V-Graph: 0
[far_planner-23]     Total V-Graph Update Time: 1.046ms
[far_planner-23] [2K    Global V-Graph Updated. Number of global vertices: 2
[controller_server-25] [INFO] [1791375371.166007870] [controller_server]: Received a goal, begin computing control effort.
[controller_server-25] [INFO] [1791375371.170573843] [controller_server]: Optimizer reset
[controller_server-25] [INFO] [1791375371.193778023] [controller_server]: Optimizer reset
[controller_server-25] [ERROR] [1791375371.193928377] [controller_server]: Optimizer fail to compute path
[controller_server-25] [INFO] [1791375371.195779290] [controller_server]: Optimizer reset
[controller_server-25] [WARN] [1791375371.195847697] [controller_server]: [follow_path] [ActionServer] Aborting handle.
[far_planner-23] [A[A[A[A[A[A[2K    Adding Goal to V-Graph Time: 0.013ms
[far_planner-23] [2K    Path Search Time: 0.151ms
[far_planner-23] [2K    Local V-Graph Updated. Number of local vertices: 0
[far_planner-23] [2K    Number of new vertices adding to global V-Graph: 0
[far_planner-23]     Total V-Graph Update Time: 0.669ms
[far_planner-23] [2K    Global V-Graph Updated. Number of global vertices: 2
[controller_server-25] [INFO] [1791375371.431274924] [controller_server]: Received a goal, begin computing control effort.
[controller_server-25] [ERROR] [1791375371.431562311] [tf_help]: Transform data too old when converting from map to odom
[controller_server-25] [ERROR] [1791375371.431661437] [tf_help]: Data time: 10s 53000000ns, Transform time: 9s 951000000ns
[controller_server-25] [ERROR] [1791375371.431701931] [controller_server]: Failed to transform end pose to global frame
[controller_server-25] [INFO] [1791375371.433123661] [controller_server]: Optimizer reset
[controller_server-25] [WARN] [1791375371.433174532] [controller_server]: [follow_path] [ActionServer] Aborting handle.
[far_planner-23] [A[A[A[A[A[A[2K    Adding Goal to V-Graph Time: 0.015ms
[far_planner-23] [2K    Path Search Time: 0.248ms
[far_planner-23] [2K    Local V-Graph Updated. Number of local vertices: 0
[far_planner-23] [2K    Number of new vertices adding to global V-Graph: 0
[far_planner-23]     Total V-Graph Update Time: 1.033ms
[far_planner-23] [2K    Global V-Graph Updated. Number of global vertices: 2
[controller_server-25] [INFO] [1791375371.699194207] [controller_server]: Received a goal, begin computing control effort.
[controller_server-25] [INFO] [1791375371.701749018] [controller_server]: Optimizer reset
[controller_server-25] [INFO] [1791375371.704055488] [controller_server]: Optimizer reset
[controller_server-25] [ERROR] [1791375371.704208429] [controller_server]: Optimizer fail to compute path
[controller_server-25] [INFO] [1791375371.705691334] [controller_server]: Optimizer reset
[controller_server-25] [WARN] [1791375371.705744366] [controller_server]: [follow_path] [ActionServer] Aborting handle.
[far_planner-23] [A[A[A[A[A[A[2K    Adding Goal to V-Graph Time: 0ms
[far_planner-23] [2K    Path Search Time: 0ms
[far_planner-23] [2K    Local V-Graph Updated. Number of local vertices: 0
[far_planner-23] [2K    Number of new vertices adding to global V-Graph: 0
[far_planner-23]     Total V-Graph Update Time: 0.989ms
[far_planner-23] [2K    Global V-Graph Updated. Number of global vertices: 1
[far_planner-23] [A[A[A[A[A[A[2K    Adding Goal to V-Graph Time: 0ms
[far_planner-23] [2K    Path Search Time: 0ms
[far_planner-23] [2K    Local V-Graph Updated. Number of local vertices: 0
[far_planner-23] [2K    Number of new vertices adding to global V-Graph: 0
[far_planner-23]     Total V-Graph Update Time: 0.85ms
[far_planner-23] [2K    Global V-Graph Updated. Number of global vertices: 1
[far_planner-23] [A[A[A[A[A[A[2K    Adding Goal to V-Graph Time: 0ms
[far_planner-23] [2K    Path Search Time: 0ms
[far_planner-23] [2K    Local V-Graph Updated. Number of local vertices: 0
[far_planner-23] [2K    Number of new vertices adding to global V-Graph: 0
[far_planner-23]     Total V-Graph Update Time: 0.759ms
[far_planner-23] [2K    Global V-Graph Updated. Number of global vertices: 1
[far_planner-23] [A[A[A[A[A[A[2K    Adding Goal to V-Graph Time: 0ms
[far_planner-23] [2K    Path Search Time: 0ms
[far_planner-23] [2K    Local V-Graph Updated. Number of local vertices: 0
[far_planner-23] [2K    Number of new vertices adding to global V-Graph: 0
[far_planner-23]     Total V-Graph Update Time: 0.764ms
[far_planner-23] [2K    Global V-Graph Updated. Number of global vertices: 1
[far_planner-23] [A[A[A[A[A[A[2K    Adding Goal to V-Graph Time: 0ms
[far_planner-23] [2K    Path Search Time: 0ms
[far_planner-23] [2K    Local V-Graph Updated. Number of local vertices: 0
[far_planner-23] [2K    Number of new vertices adding to global V-Graph: 0
[far_planner-23]     Total V-Graph Update Time: 1.22ms
[far_planner-23] [2K    Global V-Graph Updated. Number of global vertices: 1
[far_planner-23] [A[A[A[A[A[A[2K    Adding Goal to V-Graph Time: 0ms
[far_planner-23] [2K    Path Search Time: 0ms
[far_planner-23] [2K    Local V-Graph Updated. Number of local vertices: 0
[far_planner-23] [2K    Number of new vertices adding to global V-Graph: 0
[far_planner-23]     Total V-Graph Update Time: 0.703ms
[far_planner-23] [2K    Global V-Graph Updated. Number of global vertices: 1
[far_planner-23] [A[A[A[A[A[A[2K    Adding Goal to V-Graph Time: 0ms
[far_planner-23] [2K    Path Search Time: 0ms
[far_planner-23] [2K    Local V-Graph Updated. Number of local vertices: 0
[far_planner-23] [2K    Number of new vertices adding to global V-Graph: 0
[far_planner-23]     Total V-Graph Update Time: 0.764ms
[far_planner-23] [2K    Global V-Graph Updated. Number of global vertices: 1
[far_planner-23] [A[A[A[A[A[A[2K    Adding Goal to V-Graph Time: 0ms
[far_planner-23] [2K    Path Search Time: 0ms
[far_planner-23] [2K    Local V-Graph Updated. Number of local vertices: 0
[far_planner-23] [2K    Number of new vertices adding to global V-Graph: 0
[far_planner-23]     Total V-Graph Update Time: 0.718ms
[far_planner-23] [2K    Global V-Graph Updated. Number of global vertices: 1
[far_planner-23] [A[A[A[A[A[A[2K    Adding Goal to V-Graph Time: 0ms
[far_planner-23] [2K    Path Search Time: 0ms
[far_planner-23] [2K    Local V-Graph Updated. Number of local vertices: 0
[far_planner-23] [2K    Number of new vertices adding to global V-Graph: 0
[far_planner-23]     Total V-Graph Update Time: 0.596ms
[far_planner-23] [2K    Global V-Graph Updated. Number of global vertices: 1
[far_planner-23] [A[A[A[A[A[A[2K    Adding Goal to V-Graph Time: 0ms
[far_planner-23] [2K    Path Search Time: 0ms
[far_planner-23] [2K    Local V-Graph Updated. Number of local vertices: 0
[far_planner-23] [2K    Number of new vertices adding to global V-Graph: 0
[far_planner-23]     Total V-Graph Update Time: 1.628ms
[far_planner-23] [2K    Global V-Graph Updated. Number of global vertices: 1
[far_planner-23] [A[A[A[A[A[A[2K    Adding Goal to V-Graph Time: 0ms
[far_planner-23] [2K    Path Search Time: 0ms
[far_planner-23] [2K    Local V-Graph Updated. Number of local vertices: 0
[far_planner-23] [2K    Number of new vertices adding to global V-Graph: 0
[far_planner-23]     Total V-Graph Update Time: 0.717ms
[far_planner-23] [2K    Global V-Graph Updated. Number of global vertices: 1
[far_planner-23] [A[A[A[A[A[A[2K    Adding Goal to V-Graph Time: 0ms
[far_planner-23] [2K    Path Search Time: 0ms
[far_planner-23] [2K    Local V-Graph Updated. Number of local vertices: 0
[far_planner-23] [2K    Number of new vertices adding to global V-Graph: 0
[far_planner-23]     Total V-Graph Update Time: 0.554ms
[far_planner-23] [2K    Global V-Graph Updated. Number of global vertices: 1
[far_planner-23] [A[A[A[A[A[A[2K    Adding Goal to V-Graph Time: 0ms
[far_planner-23] [2K    Path Search Time: 0ms
[far_planner-23] [2K    Local V-Graph Updated. Number of local vertices: 0
[far_planner-23] [2K    Number of new vertices adding to global V-Graph: 0
[far_planner-23]     Total V-Graph Update Time: 0.776ms
[far_planner-23] [2K    Global V-Graph Updated. Number of global vertices: 1
[far_planner-23] [A[A[A[A[A[A[2K    Adding Goal to V-Graph Time: 0ms
[far_planner-23] [2K    Path Search Time: 0ms
[far_planner-23] [2K    Local V-Graph Updated. Number of local vertices: 0
[far_planner-23] [2K    Number of new vertices adding to global V-Graph: 0
[far_planner-23]     Total V-Graph Update Time: 0.761ms
[far_planner-23] [2K    Global V-Graph Updated. Number of global vertices: 1
[far_planner-23] [A[A[A[A[A[A[2K    Adding Goal to V-Graph Time: 0ms
[far_planner-23] [2K    Path Search Time: 0ms
[far_planner-23] [2K    Local V-Graph Updated. Number of local vertices: 0
[far_planner-23] [2K    Number of new vertices adding to global V-Graph: 0
[far_planner-23]     Total V-Graph Update Time: 0.525ms
[far_planner-23] [2K    Global V-Graph Updated. Number of global vertices: 1
[far_planner-23] [A[A[A[A[A[A[2K    Adding Goal to V-Graph Time: 0ms
[far_planner-23] [2K    Path Search Time: 0ms
[far_planner-23] [2K    Local V-Graph Updated. Number of local vertices: 0
[far_planner-23] [2K    Number of new vertices adding to global V-Graph: 0
[far_planner-23]     Total V-Graph Update Time: 0.644ms
[far_planner-23] [2K    Global V-Graph Updated. Number of global vertices: 1
[far_planner-23] [A[A[A[A[A[A[2K    Adding Goal to V-Graph Time: 0ms
[far_planner-23] [2K    Path Search Time: 0ms
[far_planner-23] [2K    Local V-Graph Updated. Number of local vertices: 0
[far_planner-23] [2K    Number of new vertices adding to global V-Graph: 0
[far_planner-23]     Total V-Graph Update Time: 0.766ms
[far_planner-23] [2K    Global V-Graph Updated. Number of global vertices: 1
[WARNING] [launch]: user interrupted with ctrl-c (SIGINT)
[controller_server-25] [INFO] [1791375375.567155829] [rclcpp]: signal_handler(SIGINT/SIGTERM)
[controller_server-25] [INFO] [1791375375.567235736] [controller_server]: Running Nav2 LifecycleNode rcl preshutdown (controller_server)
[controller_server-25] [INFO] [1791375375.567340489] [controller_server]: Deactivating
[controller_server-25] [INFO] [1791375375.567370157] [MPPIController]: Deactivated MPPI Controller: FollowPath
[controller_server-25] [INFO] [1791375375.567382135] [local_costmap.local_costmap]: Deactivating
[greenhouse_cloud_normalizer-17] [INFO] [1791375375.567165793] [rclcpp]: signal_handler(SIGINT/SIGTERM)
[fastlio_mapping-16] catch sig %d2
[lifecycle_manager-26] [INFO] [1791375375.567170533] [rclcpp]: signal_handler(SIGINT/SIGTERM)
[lifecycle_manager-26] [INFO] [1791375375.567287988] [mppi_lifecycle_manager]: Running Nav2 LifecycleManager rcl preshutdown (mppi_lifecycle_manager)
[lifecycle_manager-26] [INFO] [1791375375.567315859] [mppi_lifecycle_manager]: [34m[1mTerminating bond timer...[0m[0m
[graph_decoder-24] [INFO] [1791375375.567159104] [rclcpp]: signal_handler(SIGINT/SIGTERM)
[parameter_bridge-7] [INFO] [1791375375.567191148] [rclcpp]: signal_handler(SIGINT/SIGTERM)
[greenhouse_cmd_sink-9] [INFO] [1791375375.567194315] [rclcpp]: signal_handler(SIGINT/SIGTERM)
[fast_lio_super_backend-19] [INFO] [1791375375.567218919] [rclcpp]: signal_handler(SIGINT/SIGTERM)
[parameter_bridge-11] [INFO] [1791375375.567278552] [rclcpp]: signal_handler(SIGINT/SIGTERM)
[robot_state_publisher-3] [INFO] [1791375375.567342696] [rclcpp]: signal_handler(SIGINT/SIGTERM)
[far_planner-23] [INFO] [1791375375.567413011] [rclcpp]: signal_handler(SIGINT/SIGTERM)
[static_transform_publisher-20] [INFO] [1791375375.567473891] [rclcpp]: signal_handler(SIGINT/SIGTERM)
[terrainAnalysisExt-22] [INFO] [1791375375.567470457] [rclcpp]: signal_handler(SIGINT/SIGTERM)
[terrain_grid-27] [INFO] [1791375375.567746755] [rclcpp]: signal_handler(SIGINT/SIGTERM)
[parameter_bridge-15] [INFO] [1791375375.568088738] [rclcpp]: signal_handler(SIGINT/SIGTERM)
[parameter_bridge-2] [INFO] [1791375375.568118881] [rclcpp]: signal_handler(SIGINT/SIGTERM)
[INFO] [mission-29]: sending signal 'SIGINT' to process[mission-29]
[INFO] [command_adapter-28]: sending signal 'SIGINT' to process[command_adapter-28]
[INFO] [terrain_grid-27]: sending signal 'SIGINT' to process[terrain_grid-27]
[ERROR] [mission-29]: process has died [pid 14115, exit code -2, cmd '/opt/greenhouse/lib/greenhouse_mppi_navigation/mission --ros-args -r __node:=tracked_mission --params-file /tmp/launch_params_nesqtylt'].
[INFO] [lifecycle_manager-26]: sending signal 'SIGINT' to process[lifecycle_manager-26]
[ERROR] [terrain_grid-27]: process has died [pid 14113, exit code -2, cmd '/opt/greenhouse/lib/greenhouse_mppi_navigation/terrain_grid --ros-args -r __node:=terrain_grid --params-file /tmp/launch_params_j7023pnl'].
[INFO] [parameter_bridge-15]: process has finished cleanly [pid 13809]
[ERROR] [command_adapter-28]: process has died [pid 14114, exit code -2, cmd '/opt/greenhouse/lib/greenhouse_mppi_navigation/command_adapter --ros-args -r __node:=mppi_command_adapter --params-file /tmp/launch_params_g_ptsyjd'].
[INFO] [controller_server-25]: sending signal 'SIGINT' to process[controller_server-25]
[INFO] [parameter_bridge-7]: process has finished cleanly [pid 13773]
[ERROR] [lifecycle_manager-26]: process has died [pid 14112, exit code -2, cmd '/opt/ros/jazzy/lib/nav2_lifecycle_manager/lifecycle_manager --ros-args -r __node:=mppi_lifecycle_manager --params-file /tmp/launch_params_vyvfduac'].
[INFO] [parameter_bridge-8]: process has finished cleanly [pid 13774]
[INFO] [graph_decoder-24]: sending signal 'SIGINT' to process[graph_decoder-24]
[INFO] [parameter_bridge-6]: process has finished cleanly [pid 13772]
[INFO] [parameter_bridge-11]: process has finished cleanly [pid 13777]
[INFO] [greenhouse_cmd_sink-9]: process has finished cleanly [pid 13775]
[INFO] [parameter_bridge-2]: process has finished cleanly [pid 13767]
[INFO] [static_transform_publisher-20]: process has finished cleanly [pid 14106]
[INFO] [spawner-4]: process has finished cleanly [pid 13770]
[ERROR] [controller_server-25]: process has died [pid 14111, exit code -2, cmd '/opt/ros/jazzy/lib/nav2_controller/controller_server --ros-args -r __node:=controller_server --params-file /tmp/tmpk4wqaztq --params-file /tmp/launch_params_nb4txnuj -r cmd_vel:=/navigation/mppi_cmd'].
[INFO] [far_planner-23]: sending signal 'SIGINT' to process[far_planner-23]
[ERROR] [graph_decoder-24]: process has died [pid 14110, exit code -2, cmd '/opt/greenhouse_far/lib/graph_decoder/graph_decoder --ros-args -r __node:=graph_decoder --params-file /tmp/launch_params_00k18wp1'].
[INFO] [terrainAnalysisExt-22]: sending signal 'SIGINT' to process[terrainAnalysisExt-22]
[INFO] [terrainAnalysis-21]: sending signal 'SIGINT' to process[terrainAnalysis-21]
[ERROR] [far_planner-23]: process has died [pid 14109, exit code -2, cmd '/opt/greenhouse_far/lib/far_planner/far_planner --ros-args -r __node:=far_planner --params-file /opt/greenhouse_far/share/far_planner/config/default.yaml --params-file /tmp/launch_params_5yrw7ous -r /odom_world:=/localization/global_odometry -r /terrain_cloud:=/perception/terrain_map_ext -r /scan_cloud:=/localization/registered_cloud -r /goal_point:=/planning/global_goal -r /terrain_local_cloud:=/perception/terrain_map -r /way_point:=/planning/way_point'].
[ERROR] [terrainAnalysisExt-22]: process has died [pid 14108, exit code -2, cmd '/opt/greenhouse_far/lib/terrain_analysis_ext/terrainAnalysisExt --ros-args -r __node:=terrain_analysis_ext --params-file /tmp/launch_params_hnkjivjz -r /state_estimation:=/localization/global_odometry -r /registered_scan:=/localization/registered_cloud -r /terrain_map:=/perception/terrain_map -r /terrain_map_ext:=/perception/terrain_map_ext'].
[INFO] [fast_lio_super_backend-19]: sending signal 'SIGINT' to process[fast_lio_super_backend-19]
[INFO] [greenhouse_cmd_gate-18]: sending signal 'SIGINT' to process[greenhouse_cmd_gate-18]
[INFO] [greenhouse_cloud_normalizer-17]: sending signal 'SIGINT' to process[greenhouse_cloud_normalizer-17]
[ERROR] [fast_lio_super_backend-19]: process has died [pid 14105, exit code -2, cmd '/opt/greenhouse/lib/fast_lio_super_ros2/fast_lio_super_backend --ros-args -r __node:=fast_lio_super_backend --params-file /opt/greenhouse/share/fast_lio_super_ros2/config/backend.yaml --params-file /tmp/launch_params_dabp_3l5 -r odometry:=/localization/odometry -r registered_cloud:=/localization/registered_cloud_odom -r global_odometry:=/localization/global_odometry -r global_pose:=/localization/global_pose -r corrected_path:=/localization/corrected_path -r corrected_map:=/localization/corrected_map -r diagnostics:=/diagnostics'].
[INFO] [fastlio_mapping-16]: sending signal 'SIGINT' to process[fastlio_mapping-16]
[ERROR] [greenhouse_cloud_normalizer-17]: process has died [pid 14103, exit code -2, cmd '/opt/greenhouse/lib/greenhouse_cloud_normalizer/greenhouse_cloud_normalizer --ros-args -r __node:=slam_cloud_to_map --params-file /tmp/launch_params_flcg3whk'].
[INFO] [simulation_lidar_filter.py-12]: sending signal 'SIGINT' to process[simulation_lidar_filter.py-12]
[ERROR] [fastlio_mapping-16]: process has died [pid 14102, exit code -2, cmd '/opt/greenhouse/lib/fast_lio/fastlio_mapping --ros-args -r __node:=laser_mapping --params-file /opt/greenhouse/share/greenhouse_mppi_navigation/config/fastlio.yaml --params-file /tmp/launch_params_lgfxlb6b'].
[ERROR] [simulation_lidar_filter.py-12]: process has died [pid 13778, exit code -2, cmd '/opt/greenhouse/lib/greenhouse_nav2_bringup/simulation_lidar_filter.py --ros-args --params-file /tmp/launch_params_1t0b4ha9'].
[INFO] [spawner-5]: sending signal 'SIGINT' to process[spawner-5]
[INFO] [robot_state_publisher-3]: sending signal 'SIGINT' to process[robot_state_publisher-3]
[INFO] [gazebo-1]: sending signal 'SIGINT' to process[gazebo-1]
[ERROR] [robot_state_publisher-3]: process has died [pid 13768, exit code -2, cmd '/opt/ros/jazzy/lib/robot_state_publisher/robot_state_publisher --ros-args --params-file /tmp/launch_params_ozx06yxm -r /tf:=tf -r /tf_static:=tf_static -r joint_states:=platform/joint_states'].
[parameter_bridge-8] [INFO] [1791375375.573049680] [rclcpp]: signal_handler(SIGINT/SIGTERM)
[spawner-4] [INFO] [1791375375.576463830] [ros2_control_controller_spawner_joint_state_broadcaster]: KeyboardInterrupt received! Exiting....
[parameter_bridge-6] [INFO] [1791375375.595517459] [rclcpp]: signal_handler(SIGINT/SIGTERM)
[controller_server-25] [INFO] [1791375375.614682510] [controller_server]: Destroying bond (controller_server) to lifecycle manager.
[controller_server-25] [INFO] [1791375375.624928085] [controller_server]: Cleaning up
[controller_server-25] [INFO] [1791375375.625665873] [MPPIController]: Cleaned up MPPI Controller: FollowPath
[controller_server-25] [INFO] [1791375375.626220172] [local_costmap.local_costmap]: Cleaning up
[lifecycle_manager-26] [INFO] [1791375375.625631240] [mppi_lifecycle_manager]: Destroying mppi_lifecycle_manager
[controller_server-25] [INFO] [1791375375.805944893] [controller_server]: Destroying bond (controller_server) to lifecycle manager.
[controller_server-25] [INFO] [1791375375.809684668] [local_costmap.local_costmap]: Destroying
[INFO] [terrainAnalysis-21]: process has finished cleanly [pid 14107]
[INFO] [greenhouse_cmd_gate-18]: process has finished cleanly [pid 14104]
[ERROR] [spawner-5]: process[spawner-5] failed to terminate '5' seconds after receiving 'SIGINT', escalating to 'SIGTERM'
[ERROR] [gazebo-1]: process[gazebo-1] failed to terminate '5' seconds after receiving 'SIGINT', escalating to 'SIGTERM'
[INFO] [spawner-5]: sending signal 'SIGTERM' to process[spawner-5]
[INFO] [gazebo-1]: sending signal 'SIGTERM' to process[gazebo-1]
[ERROR] [gazebo-1]: process has died [pid 13766, exit code -15, cmd 'ruby /opt/ros/jazzy/opt/gz_tools_vendor/bin/gz sim -r -s --headless-rendering /evidence/candidate-matrix/pipeline_husky_a200_r1/pipeline-runtime.sdf --force-version 8'].
[ERROR] [spawner-5]: process[spawner-5] failed to terminate '10.0' seconds after receiving 'SIGTERM', escalating to 'SIGKILL'
[INFO] [spawner-5]: sending signal 'SIGKILL' to process[spawner-5]
[ERROR] [spawner-5]: process has died [pid 13771, exit code -9, cmd '/opt/ros/jazzy/lib/controller_manager/spawner --controller-manager-timeout 120 --switch-timeout 120 --service-call-timeout 120 platform_velocity_controller --ros-args -r __node:=spawner_platform_velocity_controller'].
