[INFO] [launch]: All log files can be found below /root/.ros/log/2026-10-07-12-10-15-805510-DW-10130
[INFO] [launch]: Default logging verbosity is set to INFO
[INFO] [gazebo-1]: process started with pid [10146]
[INFO] [parameter_bridge-2]: process started with pid [10147]
[INFO] [px4_sitl-3]: process started with pid [10149]
[INFO] [micro_xrce_agent-4]: process started with pid [10150]
[INFO] [simulation_gcs-5]: process started with pid [10151]
[INFO] [create-6]: process started with pid [10152]
[INFO] [parameter_bridge-7]: process started with pid [10153]
[px4_sitl-3] INFO  [px4] instance: 0
[px4_sitl-3] INFO  [px4] assuming working directory is rootfs, no symlinks needed.
[px4_sitl-3] 
[px4_sitl-3] ______  __   __    ___ 
[px4_sitl-3] | ___ \ \ \ / /   /   |
[px4_sitl-3] | |_/ /  \ V /   / /| |
[px4_sitl-3] |  __/   /   \  / /_| |
[px4_sitl-3] | |     / /^\ \ \___  |
[px4_sitl-3] \_|     \/   \/     |_/
[px4_sitl-3] 
[px4_sitl-3] px4 starting.
[px4_sitl-3] 
[px4_sitl-3] INFO  [px4] startup script: /bin/sh etc/init.d-posix/rcS 0
[px4_sitl-3] INFO  [init] found model autostart file as SYS_AUTOSTART=4002
[px4_sitl-3] INFO  [param] selected parameter default file parameters.bson
[px4_sitl-3] INFO  [param] selected parameter backup file parameters_backup.bson
[px4_sitl-3]   SYS_AUTOCONFIG: curr: 0 -> new: 1
[micro_xrce_agent-4] [35m[1791375016.768829][m info     | [34mUDPv4AgentLinux.cpp[m | [37minit                    [m | [32mrunning...[m             | port: 8888
[micro_xrce_agent-4] [35m[1791375016.769188][m info     | [34mRoot.cpp          [m | [37mset_verbose_level       [m | [32mlogger setup[m           | verbose_level: 4
[px4_sitl-3]   SYS_AUTOSTART: curr: 0 -> new: 4002
[px4_sitl-3]   CAL_ACC0_ID: curr: 0 -> new: 1310988
[px4_sitl-3]   CAL_GYRO0_ID: curr: 0 -> new: 1310988
[px4_sitl-3]   CAL_ACC1_ID: curr: 0 -> new: 1310996
[px4_sitl-3]   CAL_GYRO1_ID: curr: 0 -> new: 1310996
[px4_sitl-3]   CAL_ACC2_ID: curr: 0 -> new: 1311004
[px4_sitl-3]   CAL_GYRO2_ID: curr: 0 -> new: 1311004
[px4_sitl-3]   CAL_MAG0_ID: curr: 0 -> new: 197388
[px4_sitl-3]   CAL_MAG0_PRIO: curr: -1 -> new: 50
[px4_sitl-3]   CAL_MAG1_ID: curr: 0 -> new: 197644
[px4_sitl-3]   CAL_MAG1_PRIO: curr: -1 -> new: 50
[px4_sitl-3]   SENS_BOARD_X_OFF: curr: 0.0000 -> new: 0.0000
[px4_sitl-3]   SENS_DPRES_OFF: curr: 0.0000 -> new: 0.0010
[parameter_bridge-7] [INFO] [1791375017.405267391] [sim_camera_bridge]: Creating GZ->ROS Bridge: [/sim_camera/image (gz.msgs.Image) -> /sim_camera/image (sensor_msgs/msg/Image)] (Lazy 0)
[parameter_bridge-2] [INFO] [1791375017.436119348] [simulation_clock_bridge]: Creating GZ->ROS Bridge: [/clock (gz.msgs.Clock) -> /clock (rosgraph_msgs/msg/Clock)] (Lazy 0)
[create-6] [INFO] [1791375017.514992714] [create_simulation_camera]: Entity creation successful.
[INFO] [create-6]: process has finished cleanly [pid 10152]
[px4_sitl-3] INFO  [dataman] data manager file './dataman' size is 1208528 bytes
[px4_sitl-3] INFO  [init] Gazebo simulator 8.15.0
[px4_sitl-3] INFO  [init] Standalone PX4 launch, waiting for Gazebo
[px4_sitl-3] INFO  [init] Gazebo world is ready
[px4_sitl-3] INFO  [init] Gazebo model pose: -3.0 -3.0 0.15 0.0 0 0
[px4_sitl-3] INFO  [init] Spawning Gazebo model
[gazebo-1] [1;33mWarning [Utils.cc:132][0m [/sdf/model[@name="x500_base"]/link[@name="base_link"]/sensor[@name="air_pressure_sensor"]/gz_frame_id:///opt/px4/Tools/simulation/gz/models/x500_base/model.sdf:L219]: XML Element[gz_frame_id], child of element[sensor], not defined in SDF. Copying[gz_frame_id] as children of [sensor].
[gazebo-1] [1;33mWarning [Utils.cc:132][0m [/sdf/model[@name="x500_base"]/link[@name="base_link"]/sensor[@name="magnetometer_sensor"]/gz_frame_id:///opt/px4/Tools/simulation/gz/models/x500_base/model.sdf:L233]: XML Element[gz_frame_id], child of element[sensor], not defined in SDF. Copying[gz_frame_id] as children of [sensor].
[gazebo-1] [1;33mWarning [Utils.cc:132][0m [/sdf/model[@name="x500_base"]/link[@name="base_link"]/sensor[@name="imu_sensor"]/gz_frame_id:///opt/px4/Tools/simulation/gz/models/x500_base/model.sdf:L259]: XML Element[gz_frame_id], child of element[sensor], not defined in SDF. Copying[gz_frame_id] as children of [sensor].
[gazebo-1] [1;33mWarning [Utils.cc:132][0m [/sdf/model[@name="x500_base"]/link[@name="base_link"]/sensor[@name="navsat_sensor"]/gz_frame_id:///opt/px4/Tools/simulation/gz/models/x500_base/model.sdf:L311]: XML Element[gz_frame_id], child of element[sensor], not defined in SDF. Copying[gz_frame_id] as children of [sensor].
[gazebo-1] [1;33mWarning [Utils.cc:132][0m [/sdf/model[@name="OakD-Lite"]/link[@name="camera_link"]/sensor[@name="IMX214"]/gz_frame_id:///opt/px4/Tools/simulation/gz/models/OakD-Lite/model.sdf:L38]: XML Element[gz_frame_id], child of element[sensor], not defined in SDF. Copying[gz_frame_id] as children of [sensor].
[gazebo-1] [1;33mWarning [Utils.cc:132][0m [/sdf/model[@name="OakD-Lite"]/link[@name="camera_link"]/sensor[@name="StereoOV7251"]/gz_frame_id:///opt/px4/Tools/simulation/gz/models/OakD-Lite/model.sdf:L56]: XML Element[gz_frame_id], child of element[sensor], not defined in SDF. Copying[gz_frame_id] as children of [sensor].
[px4_sitl-3] INFO  [lockstep_scheduler] setting initial absolute time to 2208000 us
[px4_sitl-3] INFO  [gz_bridge] world: orchard, model: x500_depth_0
[px4_sitl-3] INFO  [commander] LED: open /dev/led0 failed (22)
[px4_sitl-3] WARN  [health_and_arming_checks] Preflight Fail: ekf2 missing data
[px4_sitl-3] WARN  [health_and_arming_checks] Preflight Fail: system power unavailable
[px4_sitl-3] WARN  [health_and_arming_checks] Preflight Fail: No connection to the GCS
[px4_sitl-3]   UXRCE_DDS_DOM_ID: curr: 0 -> new: 67
[px4_sitl-3] INFO  [uxrce_dds_client] init UDP agent IP:127.0.0.1, port:8888
[micro_xrce_agent-4] [35m[1791375025.092936][m info     | [34mRoot.cpp          [m | [37mcreate_client           [m | [32mcreate[m                 | client_key: 0x00000001, session_id: 0x81
[micro_xrce_agent-4] [35m[1791375025.093008][m info     | [34mSessionManager.hpp[m | [37mestablish_session       [m | [32msession established[m    | client_key: 0x00000001, address: 127.0.0.1:2963
[px4_sitl-3] INFO  [mavlink] mode: Normal, data rate: 4000000 B/s on udp port 18570 remote port 14550
[micro_xrce_agent-4] [35m[1791375025.298142][m info     | [34mProxyClient.cpp   [m | [37mcreate_participant      [m | [32mparticipant created[m    | client_key: 0x00000001, participant_id: 0x001(1)
[px4_sitl-3] INFO  [mavlink] mode: Onboard, data rate: 4000000 B/s on udp port 14580 remote port 14540
[px4_sitl-3] INFO  [mavlink] mode: Onboard, data rate: 4000 B/s on udp port 14280 remote port 14030
[px4_sitl-3] INFO  [mavlink] mode: Gimbal, data rate: 400000 B/s on udp port 13030 remote port 13280
[px4_sitl-3] INFO  [logger] logger started (mode=all)
[px4_sitl-3] INFO  [logger] Start file log (type: full)
[px4_sitl-3] INFO  [logger] [logger] ./log/2026-10-07/12_10_25.ulg	
[px4_sitl-3] INFO  [logger] Opened full log file: ./log/2026-10-07/12_10_25.ulg
[px4_sitl-3] INFO  [mavlink] MAVLink only on localhost (set param MAV_{i}_BROADCAST = 1 to enable network)
[px4_sitl-3] INFO  [mavlink] MAVLink only on localhost (set param MAV_{i}_BROADCAST = 1 to enable network)
[px4_sitl-3] INFO  [px4] Startup script returned successfully
[px4_sitl-3] pxh> INFO  [tone_alarm] home set
[px4_sitl-3] INFO  [mavlink] partner IP: 127.0.0.1
[simulation_gcs-5] PX4 severity=4: Preflight Fail: No connection to the GCS
[simulation_gcs-5] PX4 severity=6: [logger] ./log/2026-10-07/12_10_25.ulg	
[px4_sitl-3] INFO  [commander] [32mReady for takeoff![0m
[px4_sitl-3] INFO  [uxrce_dds_client] synchronized with time offset 1791375022571366us
[micro_xrce_agent-4] [35m[1791375031.286663][m info     | [34mProxyClient.cpp   [m | [37mcreate_topic            [m | [32mtopic created[m          | client_key: 0x00000001, topic_id: 0x800(2), participant_id: 0x001(1)
[micro_xrce_agent-4] [35m[1791375031.286765][m info     | [34mProxyClient.cpp   [m | [37mcreate_subscriber       [m | [32msubscriber created[m     | client_key: 0x00000001, subscriber_id: 0x800(4), participant_id: 0x001(1)
[micro_xrce_agent-4] [35m[1791375031.287656][m info     | [34mProxyClient.cpp   [m | [37mcreate_datareader       [m | [32mdatareader created[m     | client_key: 0x00000001, datareader_id: 0x800(6), subscriber_id: 0x800(4)
[micro_xrce_agent-4] [35m[1791375031.288150][m info     | [34mProxyClient.cpp   [m | [37mcreate_topic            [m | [32mtopic created[m          | client_key: 0x00000001, topic_id: 0x801(2), participant_id: 0x001(1)
[micro_xrce_agent-4] [35m[1791375031.288180][m info     | [34mProxyClient.cpp   [m | [37mcreate_subscriber       [m | [32msubscriber created[m     | client_key: 0x00000001, subscriber_id: 0x801(4), participant_id: 0x001(1)
[micro_xrce_agent-4] [35m[1791375031.288327][m info     | [34mProxyClient.cpp   [m | [37mcreate_datareader       [m | [32mdatareader created[m     | client_key: 0x00000001, datareader_id: 0x801(6), subscriber_id: 0x801(4)
[micro_xrce_agent-4] [35m[1791375031.288609][m info     | [34mProxyClient.cpp   [m | [37mcreate_topic            [m | [32mtopic created[m          | client_key: 0x00000001, topic_id: 0x802(2), participant_id: 0x001(1)
[micro_xrce_agent-4] [35m[1791375031.288636][m info     | [34mProxyClient.cpp   [m | [37mcreate_subscriber       [m | [32msubscriber created[m     | client_key: 0x00000001, subscriber_id: 0x802(4), participant_id: 0x001(1)
[micro_xrce_agent-4] [35m[1791375031.288770][m info     | [34mProxyClient.cpp   [m | [37mcreate_datareader       [m | [32mdatareader created[m     | client_key: 0x00000001, datareader_id: 0x802(6), subscriber_id: 0x802(4)
[micro_xrce_agent-4] [35m[1791375031.289404][m info     | [34mProxyClient.cpp   [m | [37mcreate_topic            [m | [32mtopic created[m          | client_key: 0x00000001, topic_id: 0x803(2), participant_id: 0x001(1)
[micro_xrce_agent-4] [35m[1791375031.289435][m info     | [34mProxyClient.cpp   [m | [37mcreate_subscriber       [m | [32msubscriber created[m     | client_key: 0x00000001, subscriber_id: 0x803(4), participant_id: 0x001(1)
[micro_xrce_agent-4] [35m[1791375031.289591][m info     | [34mProxyClient.cpp   [m | [37mcreate_datareader       [m | [32mdatareader created[m     | client_key: 0x00000001, datareader_id: 0x803(6), subscriber_id: 0x803(4)
[micro_xrce_agent-4] [35m[1791375031.289998][m info     | [34mProxyClient.cpp   [m | [37mcreate_topic            [m | [32mtopic created[m          | client_key: 0x00000001, topic_id: 0x804(2), participant_id: 0x001(1)
[micro_xrce_agent-4] [35m[1791375031.290030][m info     | [34mProxyClient.cpp   [m | [37mcreate_subscriber       [m | [32msubscriber created[m     | client_key: 0x00000001, subscriber_id: 0x804(4), participant_id: 0x001(1)
[micro_xrce_agent-4] [35m[1791375031.290201][m info     | [34mProxyClient.cpp   [m | [37mcreate_datareader       [m | [32mdatareader created[m     | client_key: 0x00000001, datareader_id: 0x804(6), subscriber_id: 0x804(4)
[micro_xrce_agent-4] [35m[1791375031.290545][m info     | [34mProxyClient.cpp   [m | [37mcreate_topic            [m | [32mtopic created[m          | client_key: 0x00000001, topic_id: 0x805(2), participant_id: 0x001(1)
[micro_xrce_agent-4] [35m[1791375031.290574][m info     | [34mProxyClient.cpp   [m | [37mcreate_subscriber       [m | [32msubscriber created[m     | client_key: 0x00000001, subscriber_id: 0x805(4), participant_id: 0x001(1)
[micro_xrce_agent-4] [35m[1791375031.290736][m info     | [34mProxyClient.cpp   [m | [37mcreate_datareader       [m | [32mdatareader created[m     | client_key: 0x00000001, datareader_id: 0x805(6), subscriber_id: 0x805(4)
[micro_xrce_agent-4] [35m[1791375031.291105][m info     | [34mProxyClient.cpp   [m | [37mcreate_topic            [m | [32mtopic created[m          | client_key: 0x00000001, topic_id: 0x806(2), participant_id: 0x001(1)
[micro_xrce_agent-4] [35m[1791375031.291133][m info     | [34mProxyClient.cpp   [m | [37mcreate_subscriber       [m | [32msubscriber created[m     | client_key: 0x00000001, subscriber_id: 0x806(4), participant_id: 0x001(1)
[micro_xrce_agent-4] [35m[1791375031.291300][m info     | [34mProxyClient.cpp   [m | [37mcreate_datareader       [m | [32mdatareader created[m     | client_key: 0x00000001, datareader_id: 0x806(6), subscriber_id: 0x806(4)
[micro_xrce_agent-4] [35m[1791375031.291625][m info     | [34mProxyClient.cpp   [m | [37mcreate_topic            [m | [32mtopic created[m          | client_key: 0x00000001, topic_id: 0x807(2), participant_id: 0x001(1)
[micro_xrce_agent-4] [35m[1791375031.291651][m info     | [34mProxyClient.cpp   [m | [37mcreate_subscriber       [m | [32msubscriber created[m     | client_key: 0x00000001, subscriber_id: 0x807(4), participant_id: 0x001(1)
[micro_xrce_agent-4] [35m[1791375031.291808][m info     | [34mProxyClient.cpp   [m | [37mcreate_datareader       [m | [32mdatareader created[m     | client_key: 0x00000001, datareader_id: 0x807(6), subscriber_id: 0x807(4)
[micro_xrce_agent-4] [35m[1791375031.292136][m info     | [34mProxyClient.cpp   [m | [37mcreate_topic            [m | [32mtopic created[m          | client_key: 0x00000001, topic_id: 0x808(2), participant_id: 0x001(1)
[micro_xrce_agent-4] [35m[1791375031.292168][m info     | [34mProxyClient.cpp   [m | [37mcreate_subscriber       [m | [32msubscriber created[m     | client_key: 0x00000001, subscriber_id: 0x808(4), participant_id: 0x001(1)
[micro_xrce_agent-4] [35m[1791375031.292309][m info     | [34mProxyClient.cpp   [m | [37mcreate_datareader       [m | [32mdatareader created[m     | client_key: 0x00000001, datareader_id: 0x808(6), subscriber_id: 0x808(4)
[micro_xrce_agent-4] [35m[1791375031.292709][m info     | [34mProxyClient.cpp   [m | [37mcreate_topic            [m | [32mtopic created[m          | client_key: 0x00000001, topic_id: 0x809(2), participant_id: 0x001(1)
[micro_xrce_agent-4] [35m[1791375031.292739][m info     | [34mProxyClient.cpp   [m | [37mcreate_subscriber       [m | [32msubscriber created[m     | client_key: 0x00000001, subscriber_id: 0x809(4), participant_id: 0x001(1)
[micro_xrce_agent-4] [35m[1791375031.292883][m info     | [34mProxyClient.cpp   [m | [37mcreate_datareader       [m | [32mdatareader created[m     | client_key: 0x00000001, datareader_id: 0x809(6), subscriber_id: 0x809(4)
[micro_xrce_agent-4] [35m[1791375031.293421][m info     | [34mProxyClient.cpp   [m | [37mcreate_topic            [m | [32mtopic created[m          | client_key: 0x00000001, topic_id: 0x80A(2), participant_id: 0x001(1)
[micro_xrce_agent-4] [35m[1791375031.293448][m info     | [34mProxyClient.cpp   [m | [37mcreate_subscriber       [m | [32msubscriber created[m     | client_key: 0x00000001, subscriber_id: 0x80A(4), participant_id: 0x001(1)
[micro_xrce_agent-4] [35m[1791375031.293592][m info     | [34mProxyClient.cpp   [m | [37mcreate_datareader       [m | [32mdatareader created[m     | client_key: 0x00000001, datareader_id: 0x80A(6), subscriber_id: 0x80A(4)
[micro_xrce_agent-4] [35m[1791375031.293913][m info     | [34mProxyClient.cpp   [m | [37mcreate_topic            [m | [32mtopic created[m          | client_key: 0x00000001, topic_id: 0x80B(2), participant_id: 0x001(1)
[micro_xrce_agent-4] [35m[1791375031.293940][m info     | [34mProxyClient.cpp   [m | [37mcreate_subscriber       [m | [32msubscriber created[m     | client_key: 0x00000001, subscriber_id: 0x80B(4), participant_id: 0x001(1)
[micro_xrce_agent-4] [35m[1791375031.294093][m info     | [34mProxyClient.cpp   [m | [37mcreate_datareader       [m | [32mdatareader created[m     | client_key: 0x00000001, datareader_id: 0x80B(6), subscriber_id: 0x80B(4)
[micro_xrce_agent-4] [35m[1791375031.294431][m info     | [34mProxyClient.cpp   [m | [37mcreate_topic            [m | [32mtopic created[m          | client_key: 0x00000001, topic_id: 0x80C(2), participant_id: 0x001(1)
[micro_xrce_agent-4] [35m[1791375031.294461][m info     | [34mProxyClient.cpp   [m | [37mcreate_subscriber       [m | [32msubscriber created[m     | client_key: 0x00000001, subscriber_id: 0x80C(4), participant_id: 0x001(1)
[micro_xrce_agent-4] [35m[1791375031.294604][m info     | [34mProxyClient.cpp   [m | [37mcreate_datareader       [m | [32mdatareader created[m     | client_key: 0x00000001, datareader_id: 0x80C(6), subscriber_id: 0x80C(4)
[micro_xrce_agent-4] [35m[1791375031.294907][m info     | [34mProxyClient.cpp   [m | [37mcreate_topic            [m | [32mtopic created[m          | client_key: 0x00000001, topic_id: 0x80D(2), participant_id: 0x001(1)
[micro_xrce_agent-4] [35m[1791375031.294934][m info     | [34mProxyClient.cpp   [m | [37mcreate_subscriber       [m | [32msubscriber created[m     | client_key: 0x00000001, subscriber_id: 0x80D(4), participant_id: 0x001(1)
[micro_xrce_agent-4] [35m[1791375031.295074][m info     | [34mProxyClient.cpp   [m | [37mcreate_datareader       [m | [32mdatareader created[m     | client_key: 0x00000001, datareader_id: 0x80D(6), subscriber_id: 0x80D(4)
[micro_xrce_agent-4] [35m[1791375031.295500][m info     | [34mProxyClient.cpp   [m | [37mcreate_topic            [m | [32mtopic created[m          | client_key: 0x00000001, topic_id: 0x80E(2), participant_id: 0x001(1)
[micro_xrce_agent-4] [35m[1791375031.295528][m info     | [34mProxyClient.cpp   [m | [37mcreate_subscriber       [m | [32msubscriber created[m     | client_key: 0x00000001, subscriber_id: 0x80E(4), participant_id: 0x001(1)
[micro_xrce_agent-4] [35m[1791375031.295673][m info     | [34mProxyClient.cpp   [m | [37mcreate_datareader       [m | [32mdatareader created[m     | client_key: 0x00000001, datareader_id: 0x80E(6), subscriber_id: 0x80E(4)
[micro_xrce_agent-4] [35m[1791375031.296267][m info     | [34mProxyClient.cpp   [m | [37mcreate_topic            [m | [32mtopic created[m          | client_key: 0x00000001, topic_id: 0x80F(2), participant_id: 0x001(1)
[micro_xrce_agent-4] [35m[1791375031.296315][m info     | [34mProxyClient.cpp   [m | [37mcreate_subscriber       [m | [32msubscriber created[m     | client_key: 0x00000001, subscriber_id: 0x80F(4), participant_id: 0x001(1)
[micro_xrce_agent-4] [35m[1791375031.296548][m info     | [34mProxyClient.cpp   [m | [37mcreate_datareader       [m | [32mdatareader created[m     | client_key: 0x00000001, datareader_id: 0x80F(6), subscriber_id: 0x80F(4)
[micro_xrce_agent-4] [35m[1791375031.296896][m info     | [34mProxyClient.cpp   [m | [37mcreate_topic            [m | [32mtopic created[m          | client_key: 0x00000001, topic_id: 0x810(2), participant_id: 0x001(1)
[micro_xrce_agent-4] [35m[1791375031.296930][m info     | [34mProxyClient.cpp   [m | [37mcreate_subscriber       [m | [32msubscriber created[m     | client_key: 0x00000001, subscriber_id: 0x810(4), participant_id: 0x001(1)
[micro_xrce_agent-4] [35m[1791375031.297096][m info     | [34mProxyClient.cpp   [m | [37mcreate_datareader       [m | [32mdatareader created[m     | client_key: 0x00000001, datareader_id: 0x810(6), subscriber_id: 0x810(4)
[micro_xrce_agent-4] [35m[1791375031.297489][m info     | [34mProxyClient.cpp   [m | [37mcreate_topic            [m | [32mtopic created[m          | client_key: 0x00000001, topic_id: 0x811(2), participant_id: 0x001(1)
[micro_xrce_agent-4] [35m[1791375031.297517][m info     | [34mProxyClient.cpp   [m | [37mcreate_subscriber       [m | [32msubscriber created[m     | client_key: 0x00000001, subscriber_id: 0x811(4), participant_id: 0x001(1)
[micro_xrce_agent-4] [35m[1791375031.297683][m info     | [34mProxyClient.cpp   [m | [37mcreate_datareader       [m | [32mdatareader created[m     | client_key: 0x00000001, datareader_id: 0x811(6), subscriber_id: 0x811(4)
[micro_xrce_agent-4] [35m[1791375031.298237][m info     | [34mProxyClient.cpp   [m | [37mcreate_topic            [m | [32mtopic created[m          | client_key: 0x00000001, topic_id: 0x812(2), participant_id: 0x001(1)
[micro_xrce_agent-4] [35m[1791375031.298280][m info     | [34mProxyClient.cpp   [m | [37mcreate_subscriber       [m | [32msubscriber created[m     | client_key: 0x00000001, subscriber_id: 0x812(4), participant_id: 0x001(1)
[micro_xrce_agent-4] [35m[1791375031.298504][m info     | [34mProxyClient.cpp   [m | [37mcreate_datareader       [m | [32mdatareader created[m     | client_key: 0x00000001, datareader_id: 0x812(6), subscriber_id: 0x812(4)
[micro_xrce_agent-4] [35m[1791375031.298890][m info     | [34mProxyClient.cpp   [m | [37mcreate_topic            [m | [32mtopic created[m          | client_key: 0x00000001, topic_id: 0x813(2), participant_id: 0x001(1)
[micro_xrce_agent-4] [35m[1791375031.298929][m info     | [34mProxyClient.cpp   [m | [37mcreate_subscriber       [m | [32msubscriber created[m     | client_key: 0x00000001, subscriber_id: 0x813(4), participant_id: 0x001(1)
[micro_xrce_agent-4] [35m[1791375031.299081][m info     | [34mProxyClient.cpp   [m | [37mcreate_datareader       [m | [32mdatareader created[m     | client_key: 0x00000001, datareader_id: 0x813(6), subscriber_id: 0x813(4)
[micro_xrce_agent-4] [35m[1791375031.299506][m info     | [34mProxyClient.cpp   [m | [37mcreate_topic            [m | [32mtopic created[m          | client_key: 0x00000001, topic_id: 0x814(2), participant_id: 0x001(1)
[micro_xrce_agent-4] [35m[1791375031.299534][m info     | [34mProxyClient.cpp   [m | [37mcreate_subscriber       [m | [32msubscriber created[m     | client_key: 0x00000001, subscriber_id: 0x814(4), participant_id: 0x001(1)
[micro_xrce_agent-4] [35m[1791375031.299686][m info     | [34mProxyClient.cpp   [m | [37mcreate_datareader       [m | [32mdatareader created[m     | client_key: 0x00000001, datareader_id: 0x814(6), subscriber_id: 0x814(4)
[micro_xrce_agent-4] [35m[1791375031.300034][m info     | [34mProxyClient.cpp   [m | [37mcreate_topic            [m | [32mtopic created[m          | client_key: 0x00000001, topic_id: 0x815(2), participant_id: 0x001(1)
[micro_xrce_agent-4] [35m[1791375031.300068][m info     | [34mProxyClient.cpp   [m | [37mcreate_subscriber       [m | [32msubscriber created[m     | client_key: 0x00000001, subscriber_id: 0x815(4), participant_id: 0x001(1)
[micro_xrce_agent-4] [35m[1791375031.300229][m info     | [34mProxyClient.cpp   [m | [37mcreate_datareader       [m | [32mdatareader created[m     | client_key: 0x00000001, datareader_id: 0x815(6), subscriber_id: 0x815(4)
[micro_xrce_agent-4] [35m[1791375031.300527][m info     | [34mProxyClient.cpp   [m | [37mcreate_topic            [m | [32mtopic created[m          | client_key: 0x00000001, topic_id: 0x816(2), participant_id: 0x001(1)
[micro_xrce_agent-4] [35m[1791375031.300558][m info     | [34mProxyClient.cpp   [m | [37mcreate_subscriber       [m | [32msubscriber created[m     | client_key: 0x00000001, subscriber_id: 0x816(4), participant_id: 0x001(1)
[micro_xrce_agent-4] [35m[1791375031.300713][m info     | [34mProxyClient.cpp   [m | [37mcreate_datareader       [m | [32mdatareader created[m     | client_key: 0x00000001, datareader_id: 0x816(6), subscriber_id: 0x816(4)
[micro_xrce_agent-4] [35m[1791375031.301041][m info     | [34mProxyClient.cpp   [m | [37mcreate_topic            [m | [32mtopic created[m          | client_key: 0x00000001, topic_id: 0x817(2), participant_id: 0x001(1)
[micro_xrce_agent-4] [35m[1791375031.301070][m info     | [34mProxyClient.cpp   [m | [37mcreate_subscriber       [m | [32msubscriber created[m     | client_key: 0x00000001, subscriber_id: 0x817(4), participant_id: 0x001(1)
[micro_xrce_agent-4] [35m[1791375031.301221][m info     | [34mProxyClient.cpp   [m | [37mcreate_datareader       [m | [32mdatareader created[m     | client_key: 0x00000001, datareader_id: 0x817(6), subscriber_id: 0x817(4)
[micro_xrce_agent-4] [35m[1791375031.301531][m info     | [34mProxyClient.cpp   [m | [37mcreate_topic            [m | [32mtopic created[m          | client_key: 0x00000001, topic_id: 0x818(2), participant_id: 0x001(1)
[micro_xrce_agent-4] [35m[1791375031.301568][m info     | [34mProxyClient.cpp   [m | [37mcreate_subscriber       [m | [32msubscriber created[m     | client_key: 0x00000001, subscriber_id: 0x818(4), participant_id: 0x001(1)
[micro_xrce_agent-4] [35m[1791375031.301721][m info     | [34mProxyClient.cpp   [m | [37mcreate_datareader       [m | [32mdatareader created[m     | client_key: 0x00000001, datareader_id: 0x818(6), subscriber_id: 0x818(4)
[micro_xrce_agent-4] [35m[1791375031.302074][m info     | [34mProxyClient.cpp   [m | [37mcreate_topic            [m | [32mtopic created[m          | client_key: 0x00000001, topic_id: 0x819(2), participant_id: 0x001(1)
[micro_xrce_agent-4] [35m[1791375031.302103][m info     | [34mProxyClient.cpp   [m | [37mcreate_subscriber       [m | [32msubscriber created[m     | client_key: 0x00000001, subscriber_id: 0x819(4), participant_id: 0x001(1)
[micro_xrce_agent-4] [35m[1791375031.302267][m info     | [34mProxyClient.cpp   [m | [37mcreate_datareader       [m | [32mdatareader created[m     | client_key: 0x00000001, datareader_id: 0x819(6), subscriber_id: 0x819(4)
[micro_xrce_agent-4] [35m[1791375031.302549][m info     | [34mProxyClient.cpp   [m | [37mcreate_topic            [m | [32mtopic created[m          | client_key: 0x00000001, topic_id: 0x81A(2), participant_id: 0x001(1)
[micro_xrce_agent-4] [35m[1791375031.302582][m info     | [34mProxyClient.cpp   [m | [37mcreate_subscriber       [m | [32msubscriber created[m     | client_key: 0x00000001, subscriber_id: 0x81A(4), participant_id: 0x001(1)
[micro_xrce_agent-4] [35m[1791375031.302734][m info     | [34mProxyClient.cpp   [m | [37mcreate_datareader       [m | [32mdatareader created[m     | client_key: 0x00000001, datareader_id: 0x81A(6), subscriber_id: 0x81A(4)
[micro_xrce_agent-4] [35m[1791375031.303210][m info     | [34mProxyClient.cpp   [m | [37mcreate_topic            [m | [32mtopic created[m          | client_key: 0x00000001, topic_id: 0x81B(2), participant_id: 0x001(1)
[micro_xrce_agent-4] [35m[1791375031.303241][m info     | [34mProxyClient.cpp   [m | [37mcreate_subscriber       [m | [32msubscriber created[m     | client_key: 0x00000001, subscriber_id: 0x81B(4), participant_id: 0x001(1)
[micro_xrce_agent-4] [35m[1791375031.303397][m info     | [34mProxyClient.cpp   [m | [37mcreate_datareader       [m | [32mdatareader created[m     | client_key: 0x00000001, datareader_id: 0x81B(6), subscriber_id: 0x81B(4)
[micro_xrce_agent-4] [35m[1791375031.303779][m info     | [34mProxyClient.cpp   [m | [37mcreate_topic            [m | [32mtopic created[m          | client_key: 0x00000001, topic_id: 0x81C(2), participant_id: 0x001(1)
[micro_xrce_agent-4] [35m[1791375031.303808][m info     | [34mProxyClient.cpp   [m | [37mcreate_subscriber       [m | [32msubscriber created[m     | client_key: 0x00000001, subscriber_id: 0x81C(4), participant_id: 0x001(1)
[micro_xrce_agent-4] [35m[1791375031.303986][m info     | [34mProxyClient.cpp   [m | [37mcreate_datareader       [m | [32mdatareader created[m     | client_key: 0x00000001, datareader_id: 0x81C(6), subscriber_id: 0x81C(4)
[micro_xrce_agent-4] [35m[1791375031.304451][m info     | [34mProxyClient.cpp   [m | [37mcreate_topic            [m | [32mtopic created[m          | client_key: 0x00000001, topic_id: 0x81D(2), participant_id: 0x001(1)
[micro_xrce_agent-4] [35m[1791375031.304485][m info     | [34mProxyClient.cpp   [m | [37mcreate_subscriber       [m | [32msubscriber created[m     | client_key: 0x00000001, subscriber_id: 0x81D(4), participant_id: 0x001(1)
[micro_xrce_agent-4] [35m[1791375031.304653][m info     | [34mProxyClient.cpp   [m | [37mcreate_datareader       [m | [32mdatareader created[m     | client_key: 0x00000001, datareader_id: 0x81D(6), subscriber_id: 0x81D(4)
[micro_xrce_agent-4] [35m[1791375031.305030][m info     | [34mProxyClient.cpp   [m | [37mcreate_topic            [m | [32mtopic created[m          | client_key: 0x00000001, topic_id: 0x81E(2), participant_id: 0x001(1)
[micro_xrce_agent-4] [35m[1791375031.305064][m info     | [34mProxyClient.cpp   [m | [37mcreate_subscriber       [m | [32msubscriber created[m     | client_key: 0x00000001, subscriber_id: 0x81E(4), participant_id: 0x001(1)
[micro_xrce_agent-4] [35m[1791375031.305231][m info     | [34mProxyClient.cpp   [m | [37mcreate_datareader       [m | [32mdatareader created[m     | client_key: 0x00000001, datareader_id: 0x81E(6), subscriber_id: 0x81E(4)
[micro_xrce_agent-4] [35m[1791375031.305622][m info     | [34mProxyClient.cpp   [m | [37mcreate_topic            [m | [32mtopic created[m          | client_key: 0x00000001, topic_id: 0x81F(2), participant_id: 0x001(1)
[micro_xrce_agent-4] [35m[1791375031.305653][m info     | [34mProxyClient.cpp   [m | [37mcreate_subscriber       [m | [32msubscriber created[m     | client_key: 0x00000001, subscriber_id: 0x81F(4), participant_id: 0x001(1)
[micro_xrce_agent-4] [35m[1791375031.305820][m info     | [34mProxyClient.cpp   [m | [37mcreate_datareader       [m | [32mdatareader created[m     | client_key: 0x00000001, datareader_id: 0x81F(6), subscriber_id: 0x81F(4)
[micro_xrce_agent-4] [35m[1791375031.306123][m info     | [34mProxyClient.cpp   [m | [37mcreate_topic            [m | [32mtopic created[m          | client_key: 0x00000001, topic_id: 0x820(2), participant_id: 0x001(1)
[micro_xrce_agent-4] [35m[1791375031.306152][m info     | [34mProxyClient.cpp   [m | [37mcreate_subscriber       [m | [32msubscriber created[m     | client_key: 0x00000001, subscriber_id: 0x820(4), participant_id: 0x001(1)
[micro_xrce_agent-4] [35m[1791375031.306311][m info     | [34mProxyClient.cpp   [m | [37mcreate_datareader       [m | [32mdatareader created[m     | client_key: 0x00000001, datareader_id: 0x820(6), subscriber_id: 0x820(4)
[micro_xrce_agent-4] [35m[1791375031.306594][m info     | [34mProxyClient.cpp   [m | [37mcreate_topic            [m | [32mtopic created[m          | client_key: 0x00000001, topic_id: 0x821(2), participant_id: 0x001(1)
[micro_xrce_agent-4] [35m[1791375031.306621][m info     | [34mProxyClient.cpp   [m | [37mcreate_subscriber       [m | [32msubscriber created[m     | client_key: 0x00000001, subscriber_id: 0x821(4), participant_id: 0x001(1)
[micro_xrce_agent-4] [35m[1791375031.306830][m info     | [34mProxyClient.cpp   [m | [37mcreate_datareader       [m | [32mdatareader created[m     | client_key: 0x00000001, datareader_id: 0x821(6), subscriber_id: 0x821(4)
[micro_xrce_agent-4] [35m[1791375031.307225][m info     | [34mProxyClient.cpp   [m | [37mcreate_topic            [m | [32mtopic created[m          | client_key: 0x00000001, topic_id: 0x822(2), participant_id: 0x001(1)
[micro_xrce_agent-4] [35m[1791375031.307254][m info     | [34mProxyClient.cpp   [m | [37mcreate_subscriber       [m | [32msubscriber created[m     | client_key: 0x00000001, subscriber_id: 0x822(4), participant_id: 0x001(1)
[micro_xrce_agent-4] [35m[1791375031.307425][m info     | [34mProxyClient.cpp   [m | [37mcreate_datareader       [m | [32mdatareader created[m     | client_key: 0x00000001, datareader_id: 0x822(6), subscriber_id: 0x822(4)
[micro_xrce_agent-4] [35m[1791375031.307769][m info     | [34mProxyClient.cpp   [m | [37mcreate_topic            [m | [32mtopic created[m          | client_key: 0x00000001, topic_id: 0x823(2), participant_id: 0x001(1)
[micro_xrce_agent-4] [35m[1791375031.307799][m info     | [34mProxyClient.cpp   [m | [37mcreate_subscriber       [m | [32msubscriber created[m     | client_key: 0x00000001, subscriber_id: 0x823(4), participant_id: 0x001(1)
[micro_xrce_agent-4] [35m[1791375031.307992][m info     | [34mProxyClient.cpp   [m | [37mcreate_datareader       [m | [32mdatareader created[m     | client_key: 0x00000001, datareader_id: 0x823(6), subscriber_id: 0x823(4)
[micro_xrce_agent-4] [35m[1791375031.308252][m info     | [34mProxyClient.cpp   [m | [37mcreate_topic            [m | [32mtopic created[m          | client_key: 0x00000001, topic_id: 0x824(2), participant_id: 0x001(1)
[micro_xrce_agent-4] [35m[1791375031.308282][m info     | [34mProxyClient.cpp   [m | [37mcreate_subscriber       [m | [32msubscriber created[m     | client_key: 0x00000001, subscriber_id: 0x824(4), participant_id: 0x001(1)
[micro_xrce_agent-4] [35m[1791375031.308436][m info     | [34mProxyClient.cpp   [m | [37mcreate_datareader       [m | [32mdatareader created[m     | client_key: 0x00000001, datareader_id: 0x824(6), subscriber_id: 0x824(4)
[micro_xrce_agent-4] [35m[1791375031.308756][m info     | [34mProxyClient.cpp   [m | [37mcreate_topic            [m | [32mtopic created[m          | client_key: 0x00000001, topic_id: 0x825(2), participant_id: 0x001(1)
[micro_xrce_agent-4] [35m[1791375031.308784][m info     | [34mProxyClient.cpp   [m | [37mcreate_subscriber       [m | [32msubscriber created[m     | client_key: 0x00000001, subscriber_id: 0x825(4), participant_id: 0x001(1)
[micro_xrce_agent-4] [35m[1791375031.308945][m info     | [34mProxyClient.cpp   [m | [37mcreate_datareader       [m | [32mdatareader created[m     | client_key: 0x00000001, datareader_id: 0x825(6), subscriber_id: 0x825(4)
[micro_xrce_agent-4] [35m[1791375031.309489][m info     | [34mProxyClient.cpp   [m | [37mcreate_topic            [m | [32mtopic created[m          | client_key: 0x00000001, topic_id: 0x0CD(2), participant_id: 0x001(1)
[micro_xrce_agent-4] [35m[1791375031.309537][m info     | [34mProxyClient.cpp   [m | [37mcreate_publisher        [m | [32mpublisher created[m      | client_key: 0x00000001, publisher_id: 0x0CD(3), participant_id: 0x001(1)
[micro_xrce_agent-4] [35m[1791375031.309804][m info     | [34mProxyClient.cpp   [m | [37mcreate_datawriter       [m | [32mdatawriter created[m     | client_key: 0x00000001, datawriter_id: 0x0CD(5), publisher_id: 0x0CD(3)
[micro_xrce_agent-4] [35m[1791375031.310316][m info     | [34mProxyClient.cpp   [m | [37mcreate_topic            [m | [32mtopic created[m          | client_key: 0x00000001, topic_id: 0x010(2), participant_id: 0x001(1)
[micro_xrce_agent-4] [35m[1791375031.310362][m info     | [34mProxyClient.cpp   [m | [37mcreate_publisher        [m | [32mpublisher created[m      | client_key: 0x00000001, publisher_id: 0x010(3), participant_id: 0x001(1)
[micro_xrce_agent-4] [35m[1791375031.310501][m info     | [34mProxyClient.cpp   [m | [37mcreate_datawriter       [m | [32mdatawriter created[m     | client_key: 0x00000001, datawriter_id: 0x010(5), publisher_id: 0x010(3)
[micro_xrce_agent-4] [35m[1791375031.310968][m info     | [34mProxyClient.cpp   [m | [37mcreate_topic            [m | [32mtopic created[m          | client_key: 0x00000001, topic_id: 0x09D(2), participant_id: 0x001(1)
[micro_xrce_agent-4] [35m[1791375031.311004][m info     | [34mProxyClient.cpp   [m | [37mcreate_publisher        [m | [32mpublisher created[m      | client_key: 0x00000001, publisher_id: 0x09D(3), participant_id: 0x001(1)
[micro_xrce_agent-4] [35m[1791375031.311136][m info     | [34mProxyClient.cpp   [m | [37mcreate_datawriter       [m | [32mdatawriter created[m     | client_key: 0x00000001, datawriter_id: 0x09D(5), publisher_id: 0x09D(3)
[micro_xrce_agent-4] [35m[1791375031.311546][m info     | [34mProxyClient.cpp   [m | [37mcreate_topic            [m | [32mtopic created[m          | client_key: 0x00000001, topic_id: 0x014(2), participant_id: 0x001(1)
[micro_xrce_agent-4] [35m[1791375031.311588][m info     | [34mProxyClient.cpp   [m | [37mcreate_publisher        [m | [32mpublisher created[m      | client_key: 0x00000001, publisher_id: 0x014(3), participant_id: 0x001(1)
[micro_xrce_agent-4] [35m[1791375031.311723][m info     | [34mProxyClient.cpp   [m | [37mcreate_datawriter       [m | [32mdatawriter created[m     | client_key: 0x00000001, datawriter_id: 0x014(5), publisher_id: 0x014(3)
[px4_sitl-3] INFO  [uxrce_dds_client] successfully created rt/fmu/out/register_ext_component_reply data writer, topic id: 205
[px4_sitl-3] INFO  [uxrce_dds_client] successfully created rt/fmu/out/arming_check_request_v1 data writer, topic id: 16
[px4_sitl-3] INFO  [uxrce_dds_client] successfully created rt/fmu/out/mode_completed data writer, topic id: 157
[px4_sitl-3] INFO  [uxrce_dds_client] successfully created rt/fmu/out/battery_status_v1 data writer, topic id: 20
[micro_xrce_agent-4] [35m[1791375031.312156][m info     | [34mProxyClient.cpp   [m | [37mcreate_topic            [m | [32mtopic created[m          | client_key: 0x00000001, topic_id: 0x01B(2), participant_id: 0x001(1)
[micro_xrce_agent-4] [35m[1791375031.312191][m info     | [34mProxyClient.cpp   [m | [37mcreate_publisher        [m | [32mpublisher created[m      | client_key: 0x00000001, publisher_id: 0x01B(3), participant_id: 0x001(1)
[micro_xrce_agent-4] [35m[1791375031.312301][m info     | [34mProxyClient.cpp   [m | [37mcreate_datawriter       [m | [32mdatawriter created[m     | client_key: 0x00000001, datawriter_id: 0x01B(5), publisher_id: 0x01B(3)
[micro_xrce_agent-4] [35m[1791375031.312603][m info     | [34mProxyClient.cpp   [m | [37mcreate_topic            [m | [32mtopic created[m          | client_key: 0x00000001, topic_id: 0x055(2), participant_id: 0x001(1)
[micro_xrce_agent-4] [35m[1791375031.312646][m info     | [34mProxyClient.cpp   [m | [37mcreate_publisher        [m | [32mpublisher created[m      | client_key: 0x00000001, publisher_id: 0x055(3), participant_id: 0x001(1)
[micro_xrce_agent-4] [35m[1791375031.312768][m info     | [34mProxyClient.cpp   [m | [37mcreate_datawriter       [m | [32mdatawriter created[m     | client_key: 0x00000001, datawriter_id: 0x055(5), publisher_id: 0x055(3)
[micro_xrce_agent-4] [35m[1791375031.313179][m info     | [34mProxyClient.cpp   [m | [37mcreate_topic            [m | [32mtopic created[m          | client_key: 0x00000001, topic_id: 0x05B(2), participant_id: 0x001(1)
[micro_xrce_agent-4] [35m[1791375031.313256][m info     | [34mProxyClient.cpp   [m | [37mcreate_publisher        [m | [32mpublisher created[m      | client_key: 0x00000001, publisher_id: 0x05B(3), participant_id: 0x001(1)
[micro_xrce_agent-4] [35m[1791375031.313480][m info     | [34mProxyClient.cpp   [m | [37mcreate_datawriter       [m | [32mdatawriter created[m     | client_key: 0x00000001, datawriter_id: 0x05B(5), publisher_id: 0x05B(3)
[micro_xrce_agent-4] [35m[1791375031.313902][m info     | [34mProxyClient.cpp   [m | [37mcreate_topic            [m | [32mtopic created[m          | client_key: 0x00000001, topic_id: 0x094(2), participant_id: 0x001(1)
[micro_xrce_agent-4] [35m[1791375031.313936][m info     | [34mProxyClient.cpp   [m | [37mcreate_publisher        [m | [32mpublisher created[m      | client_key: 0x00000001, publisher_id: 0x094(3), participant_id: 0x001(1)
[micro_xrce_agent-4] [35m[1791375031.314058][m info     | [34mProxyClient.cpp   [m | [37mcreate_datawriter       [m | [32mdatawriter created[m     | client_key: 0x00000001, datawriter_id: 0x094(5), publisher_id: 0x094(3)
[micro_xrce_agent-4] [35m[1791375031.314323][m info     | [34mProxyClient.cpp   [m | [37mcreate_topic            [m | [32mtopic created[m          | client_key: 0x00000001, topic_id: 0x09A(2), participant_id: 0x001(1)
[micro_xrce_agent-4] [35m[1791375031.314357][m info     | [34mProxyClient.cpp   [m | [37mcreate_publisher        [m | [32mpublisher created[m      | client_key: 0x00000001, publisher_id: 0x09A(3), participant_id: 0x001(1)
[micro_xrce_agent-4] [35m[1791375031.314493][m info     | [34mProxyClient.cpp   [m | [37mcreate_datawriter       [m | [32mdatawriter created[m     | client_key: 0x00000001, datawriter_id: 0x09A(5), publisher_id: 0x09A(3)
[micro_xrce_agent-4] [35m[1791375031.314849][m info     | [34mProxyClient.cpp   [m | [37mcreate_topic            [m | [32mtopic created[m          | client_key: 0x00000001, topic_id: 0x0C0(2), participant_id: 0x001(1)
[micro_xrce_agent-4] [35m[1791375031.314897][m info     | [34mProxyClient.cpp   [m | [37mcreate_publisher        [m | [32mpublisher created[m      | client_key: 0x00000001, publisher_id: 0x0C0(3), participant_id: 0x001(1)
[micro_xrce_agent-4] [35m[1791375031.315021][m info     | [34mProxyClient.cpp   [m | [37mcreate_datawriter       [m | [32mdatawriter created[m     | client_key: 0x00000001, datawriter_id: 0x0C0(5), publisher_id: 0x0C0(3)
[micro_xrce_agent-4] [35m[1791375031.315330][m info     | [34mProxyClient.cpp   [m | [37mcreate_topic            [m | [32mtopic created[m          | client_key: 0x00000001, topic_id: 0x0E1(2), participant_id: 0x001(1)
[micro_xrce_agent-4] [35m[1791375031.315361][m info     | [34mProxyClient.cpp   [m | [37mcreate_publisher        [m | [32mpublisher created[m      | client_key: 0x00000001, publisher_id: 0x0E1(3), participant_id: 0x001(1)
[micro_xrce_agent-4] [35m[1791375031.315469][m info     | [34mProxyClient.cpp   [m | [37mcreate_datawriter       [m | [32mdatawriter created[m     | client_key: 0x00000001, datawriter_id: 0x0E1(5), publisher_id: 0x0E1(3)
[micro_xrce_agent-4] [35m[1791375031.316249][m info     | [34mProxyClient.cpp   [m | [37mcreate_topic            [m | [32mtopic created[m          | client_key: 0x00000001, topic_id: 0x0F9(2), participant_id: 0x001(1)
[micro_xrce_agent-4] [35m[1791375031.316315][m info     | [34mProxyClient.cpp   [m | [37mcreate_publisher        [m | [32mpublisher created[m      | client_key: 0x00000001, publisher_id: 0x0F9(3), participant_id: 0x001(1)
[micro_xrce_agent-4] [35m[1791375031.316459][m info     | [34mProxyClient.cpp   [m | [37mcreate_datawriter       [m | [32mdatawriter created[m     | client_key: 0x00000001, datawriter_id: 0x0F9(5), publisher_id: 0x0F9(3)
[micro_xrce_agent-4] [35m[1791375031.316813][m info     | [34mProxyClient.cpp   [m | [37mcreate_topic            [m | [32mtopic created[m          | client_key: 0x00000001, topic_id: 0x0FC(2), participant_id: 0x001(1)
[micro_xrce_agent-4] [35m[1791375031.316847][m info     | [34mProxyClient.cpp   [m | [37mcreate_publisher        [m | [32mpublisher created[m      | client_key: 0x00000001, publisher_id: 0x0FC(3), participant_id: 0x001(1)
[micro_xrce_agent-4] [35m[1791375031.316965][m info     | [34mProxyClient.cpp   [m | [37mcreate_datawriter       [m | [32mdatawriter created[m     | client_key: 0x00000001, datawriter_id: 0x0FC(5), publisher_id: 0x0FC(3)
[micro_xrce_agent-4] [35m[1791375031.317230][m info     | [34mProxyClient.cpp   [m | [37mcreate_topic            [m | [32mtopic created[m          | client_key: 0x00000001, topic_id: 0x115(2), participant_id: 0x001(1)
[micro_xrce_agent-4] [35m[1791375031.317263][m info     | [34mProxyClient.cpp   [m | [37mcreate_publisher        [m | [32mpublisher created[m      | client_key: 0x00000001, publisher_id: 0x115(3), participant_id: 0x001(1)
[micro_xrce_agent-4] [35m[1791375031.317390][m info     | [34mProxyClient.cpp   [m | [37mcreate_datawriter       [m | [32mdatawriter created[m     | client_key: 0x00000001, datawriter_id: 0x115(5), publisher_id: 0x115(3)
[micro_xrce_agent-4] [35m[1791375031.317618][m info     | [34mProxyClient.cpp   [m | [37mcreate_topic            [m | [32mtopic created[m          | client_key: 0x00000001, topic_id: 0x108(2), participant_id: 0x001(1)
[micro_xrce_agent-4] [35m[1791375031.317665][m info     | [34mProxyClient.cpp   [m | [37mcreate_publisher        [m | [32mpublisher created[m      | client_key: 0x00000001, publisher_id: 0x108(3), participant_id: 0x001(1)
[micro_xrce_agent-4] [35m[1791375031.317782][m info     | [34mProxyClient.cpp   [m | [37mcreate_datawriter       [m | [32mdatawriter created[m     | client_key: 0x00000001, datawriter_id: 0x108(5), publisher_id: 0x108(3)
[micro_xrce_agent-4] [35m[1791375031.318036][m info     | [34mProxyClient.cpp   [m | [37mcreate_topic            [m | [32mtopic created[m          | client_key: 0x00000001, topic_id: 0x10F(2), participant_id: 0x001(1)
[micro_xrce_agent-4] [35m[1791375031.318067][m info     | [34mProxyClient.cpp   [m | [37mcreate_publisher        [m | [32mpublisher created[m      | client_key: 0x00000001, publisher_id: 0x10F(3), participant_id: 0x001(1)
[micro_xrce_agent-4] [35m[1791375031.318192][m info     | [34mProxyClient.cpp   [m | [37mcreate_datawriter       [m | [32mdatawriter created[m     | client_key: 0x00000001, datawriter_id: 0x10F(5), publisher_id: 0x10F(3)
[micro_xrce_agent-4] [35m[1791375031.318523][m info     | [34mProxyClient.cpp   [m | [37mcreate_topic            [m | [32mtopic created[m          | client_key: 0x00000001, topic_id: 0x10C(2), participant_id: 0x001(1)
[micro_xrce_agent-4] [35m[1791375031.318572][m info     | [34mProxyClient.cpp   [m | [37mcreate_publisher        [m | [32mpublisher created[m      | client_key: 0x00000001, publisher_id: 0x10C(3), participant_id: 0x001(1)
[micro_xrce_agent-4] [35m[1791375031.318691][m info     | [34mProxyClient.cpp   [m | [37mcreate_datawriter       [m | [32mdatawriter created[m     | client_key: 0x00000001, datawriter_id: 0x10C(5), publisher_id: 0x10C(3)
[micro_xrce_agent-4] [35m[1791375031.319158][m info     | [34mProxyClient.cpp   [m | [37mcreate_topic            [m | [32mtopic created[m          | client_key: 0x00000001, topic_id: 0x110(2), participant_id: 0x001(1)
[micro_xrce_agent-4] [35m[1791375031.319190][m info     | [34mProxyClient.cpp   [m | [37mcreate_publisher        [m | [32mpublisher created[m      | client_key: 0x00000001, publisher_id: 0x110(3), participant_id: 0x001(1)
[micro_xrce_agent-4] [35m[1791375031.319308][m info     | [34mProxyClient.cpp   [m | [37mcreate_datawriter       [m | [32mdatawriter created[m     | client_key: 0x00000001, datawriter_id: 0x110(5), publisher_id: 0x110(3)
[micro_xrce_agent-4] [35m[1791375031.319674][m info     | [34mProxyClient.cpp   [m | [37mcreate_topic            [m | [32mtopic created[m          | client_key: 0x00000001, topic_id: 0x112(2), participant_id: 0x001(1)
[micro_xrce_agent-4] [35m[1791375031.319711][m info     | [34mProxyClient.cpp   [m | [37mcreate_publisher        [m | [32mpublisher created[m      | client_key: 0x00000001, publisher_id: 0x112(3), participant_id: 0x001(1)
[micro_xrce_agent-4] [35m[1791375031.319830][m info     | [34mProxyClient.cpp   [m | [37mcreate_datawriter       [m | [32mdatawriter created[m     | client_key: 0x00000001, datawriter_id: 0x112(5), publisher_id: 0x112(3)
[micro_xrce_agent-4] [35m[1791375031.320093][m info     | [34mProxyClient.cpp   [m | [37mcreate_topic            [m | [32mtopic created[m          | client_key: 0x00000001, topic_id: 0x116(2), participant_id: 0x001(1)
[micro_xrce_agent-4] [35m[1791375031.320129][m info     | [34mProxyClient.cpp   [m | [37mcreate_publisher        [m | [32mpublisher created[m      | client_key: 0x00000001, publisher_id: 0x116(3), participant_id: 0x001(1)
[micro_xrce_agent-4] [35m[1791375031.320317][m info     | [34mProxyClient.cpp   [m | [37mcreate_datawriter       [m | [32mdatawriter created[m     | client_key: 0x00000001, datawriter_id: 0x116(5), publisher_id: 0x116(3)
[micro_xrce_agent-4] [35m[1791375031.320532][m info     | [34mProxyClient.cpp   [m | [37mcreate_topic            [m | [32mtopic created[m          | client_key: 0x00000001, topic_id: 0x11B(2), participant_id: 0x001(1)
[micro_xrce_agent-4] [35m[1791375031.320580][m info     | [34mProxyClient.cpp   [m | [37mcreate_publisher        [m | [32mpublisher created[m      | client_key: 0x00000001, publisher_id: 0x11B(3), participant_id: 0x001(1)
[micro_xrce_agent-4] [35m[1791375031.320703][m info     | [34mProxyClient.cpp   [m | [37mcreate_datawriter       [m | [32mdatawriter created[m     | client_key: 0x00000001, datawriter_id: 0x11B(5), publisher_id: 0x11B(3)
[micro_xrce_agent-4] [35m[1791375031.320977][m info     | [34mProxyClient.cpp   [m | [37mcreate_topic            [m | [32mtopic created[m          | client_key: 0x00000001, topic_id: 0x120(2), participant_id: 0x001(1)
[micro_xrce_agent-4] [35m[1791375031.321025][m info     | [34mProxyClient.cpp   [m | [37mcreate_publisher        [m | [32mpublisher created[m      | client_key: 0x00000001, publisher_id: 0x120(3), participant_id: 0x001(1)
[micro_xrce_agent-4] [35m[1791375031.321149][m info     | [34mProxyClient.cpp   [m | [37mcreate_datawriter       [m | [32mdatawriter created[m     | client_key: 0x00000001, datawriter_id: 0x120(5), publisher_id: 0x120(3)
[micro_xrce_agent-4] [35m[1791375031.321760][m info     | [34mProxyClient.cpp   [m | [37mcreate_topic            [m | [32mtopic created[m          | client_key: 0x00000001, topic_id: 0x00D(2), participant_id: 0x001(1)
[micro_xrce_agent-4] [35m[1791375031.321781][m info     | [34mProxyClient.cpp   [m | [37mcreate_publisher        [m | [32mpublisher created[m      | client_key: 0x00000001, publisher_id: 0x00D(3), participant_id: 0x001(1)
[micro_xrce_agent-4] [35m[1791375031.321906][m info     | [34mProxyClient.cpp   [m | [37mcreate_datawriter       [m | [32mdatawriter created[m     | client_key: 0x00000001, datawriter_id: 0x00D(5), publisher_id: 0x00D(3)
[micro_xrce_agent-4] [35m[1791375031.322382][m info     | [34mProxyClient.cpp   [m | [37mcreate_topic            [m | [32mtopic created[m          | client_key: 0x00000001, topic_id: 0x129(2), participant_id: 0x001(1)
[micro_xrce_agent-4] [35m[1791375031.322421][m info     | [34mProxyClient.cpp   [m | [37mcreate_publisher        [m | [32mpublisher created[m      | client_key: 0x00000001, publisher_id: 0x129(3), participant_id: 0x001(1)
[micro_xrce_agent-4] [35m[1791375031.322542][m info     | [34mProxyClient.cpp   [m | [37mcreate_datawriter       [m | [32mdatawriter created[m     | client_key: 0x00000001, datawriter_id: 0x129(5), publisher_id: 0x129(3)
[micro_xrce_agent-4] [35m[1791375031.322883][m info     | [34mProxyClient.cpp   [m | [37mcreate_topic            [m | [32mtopic created[m          | client_key: 0x00000001, topic_id: 0x080(2), participant_id: 0x001(1)
[micro_xrce_agent-4] [35m[1791375031.322915][m info     | [34mProxyClient.cpp   [m | [37mcreate_publisher        [m | [32mpublisher created[m      | client_key: 0x00000001, publisher_id: 0x080(3), participant_id: 0x001(1)
[micro_xrce_agent-4] [35m[1791375031.323037][m info     | [34mProxyClient.cpp   [m | [37mcreate_datawriter       [m | [32mdatawriter created[m     | client_key: 0x00000001, datawriter_id: 0x080(5), publisher_id: 0x080(3)
[micro_xrce_agent-4] [35m[1791375031.323290][m info     | [34mProxyClient.cpp   [m | [37mcreate_topic            [m | [32mtopic created[m          | client_key: 0x00000001, topic_id: 0x12B(2), participant_id: 0x001(1)
[micro_xrce_agent-4] [35m[1791375031.323327][m info     | [34mProxyClient.cpp   [m | [37mcreate_publisher        [m | [32mpublisher created[m      | client_key: 0x00000001, publisher_id: 0x12B(3), participant_id: 0x001(1)
[micro_xrce_agent-4] [35m[1791375031.323451][m info     | [34mProxyClient.cpp   [m | [37mcreate_datawriter       [m | [32mdatawriter created[m     | client_key: 0x00000001, datawriter_id: 0x12B(5), publisher_id: 0x12B(3)
[micro_xrce_agent-4] [35m[1791375031.323731][m info     | [34mProxyClient.cpp   [m | [37mcreate_topic            [m | [32mtopic created[m          | client_key: 0x00000001, topic_id: 0x06E(2), participant_id: 0x001(1)
[micro_xrce_agent-4] [35m[1791375031.323762][m info     | [34mProxyClient.cpp   [m | [37mcreate_publisher        [m | [32mpublisher created[m      | client_key: 0x00000001, publisher_id: 0x06E(3), participant_id: 0x001(1)
[micro_xrce_agent-4] [35m[1791375031.323902][m info     | [34mProxyClient.cpp   [m | [37mcreate_datawriter       [m | [32mdatawriter created[m     | client_key: 0x00000001, datawriter_id: 0x06E(5), publisher_id: 0x06E(3)
[micro_xrce_agent-4] [35m[1791375031.324542][m info     | [34mProxyClient.cpp   [m | [37mcreate_replier          [m | [32mreplier created[m        | client_key: 0x00000001, requester_id: 0x800(7), participant_id: 0x001(1)
[px4_sitl-3] INFO  [uxrce_dds_client] successfully created rt/fmu/out/collision_constraints data writer, topic id: 27
[px4_sitl-3] INFO  [uxrce_dds_client] successfully created rt/fmu/out/estimator_status_flags data writer, topic id: 85
[px4_sitl-3] INFO  [uxrce_dds_client] successfully created rt/fmu/out/failsafe_flags data writer, topic id: 91
[px4_sitl-3] INFO  [uxrce_dds_client] successfully created rt/fmu/out/manual_control_setpoint data writer, topic id: 148
[px4_sitl-3] INFO  [uxrce_dds_client] successfully created rt/fmu/out/message_format_response data writer, topic id: 154
[px4_sitl-3] INFO  [uxrce_dds_client] successfully created rt/fmu/out/position_setpoint_triplet data writer, topic id: 192
[px4_sitl-3] INFO  [uxrce_dds_client] successfully created rt/fmu/out/sensor_combined data writer, topic id: 225
[px4_sitl-3] INFO  [uxrce_dds_client] successfully created rt/fmu/out/timesync_status data writer, topic id: 249
[px4_sitl-3] INFO  [uxrce_dds_client] successfully created rt/fmu/out/transponder_report data writer, topic id: 252
[px4_sitl-3] INFO  [uxrce_dds_client] successfully created rt/fmu/out/vehicle_land_detected data writer, topic id: 277
[px4_sitl-3] INFO  [uxrce_dds_client] successfully created rt/fmu/out/vehicle_attitude data writer, topic id: 264
[px4_sitl-3] INFO  [uxrce_dds_client] successfully created rt/fmu/out/vehicle_control_mode data writer, topic id: 271
[px4_sitl-3] INFO  [uxrce_dds_client] successfully created rt/fmu/out/vehicle_command_ack data writer, topic id: 268
[px4_sitl-3] INFO  [uxrce_dds_client] successfully created rt/fmu/out/vehicle_global_position data writer, topic id: 272
[px4_sitl-3] INFO  [uxrce_dds_client] successfully created rt/fmu/out/vehicle_gps_position data writer, topic id: 274
[px4_sitl-3] INFO  [uxrce_dds_client] successfully created rt/fmu/out/vehicle_local_position_v1 data writer, topic id: 278
[px4_sitl-3] INFO  [uxrce_dds_client] successfully created rt/fmu/out/vehicle_odometry data writer, topic id: 283
[px4_sitl-3] INFO  [uxrce_dds_client] successfully created rt/fmu/out/vehicle_status_v1 data writer, topic id: 288
[px4_sitl-3] INFO  [uxrce_dds_client] successfully created rt/fmu/out/airspeed_validated_v1 data writer, topic id: 13
[px4_sitl-3] INFO  [uxrce_dds_client] successfully created rt/fmu/out/vtol_vehicle_status data writer, topic id: 297
[px4_sitl-3] INFO  [uxrce_dds_client] successfully created rt/fmu/out/home_position_v1 data writer, topic id: 128
[px4_sitl-3] INFO  [uxrce_dds_client] successfully created rt/fmu/out/wind data writer, topic id: 299
[px4_sitl-3] INFO  [uxrce_dds_client] successfully created rt/fmu/out/gimbal_device_attitude_status data writer, topic id: 110
[px4_sitl-3] WARN  [health_and_arming_checks] Preflight Fail: height estimate not stable
[simulation_gcs-5] PX4 severity=2: Preflight Fail: height estimate not stable
[px4_sitl-3] INFO  [commander] Armed by external command	
[simulation_gcs-5] PX4 severity=6: Armed by external command	
[px4_sitl-3] INFO  [tone_alarm] arming warning
[px4_sitl-3] INFO  [commander] Takeoff detected	
[simulation_gcs-5] PX4 severity=6: Takeoff detected	
[px4_sitl-3] INFO  [commander] Landing detected	
[simulation_gcs-5] PX4 severity=6: Landing detected	
[px4_sitl-3] INFO  [commander] Disarmed by landing	
[px4_sitl-3] INFO  [tone_alarm] notify neutral
[simulation_gcs-5] PX4 severity=6: Disarmed by landing	
[WARNING] [launch]: user interrupted with ctrl-c (SIGINT)
[px4_sitl-3] 
[px4_sitl-3] PX4 Exiting...
[px4_sitl-3] [2Kpxh> Exiting NOW.
[parameter_bridge-7] [INFO] [1791375075.901933202] [rclcpp]: signal_handler(SIGINT/SIGTERM)
[INFO] [px4_sitl-3]: process has finished cleanly [pid 10149]
[INFO] [parameter_bridge-7]: sending signal 'SIGINT' to process[parameter_bridge-7]
[INFO] [simulation_gcs-5]: sending signal 'SIGINT' to process[simulation_gcs-5]
[INFO] [micro_xrce_agent-4]: sending signal 'SIGINT' to process[micro_xrce_agent-4]
[ERROR] [micro_xrce_agent-4]: process has died [pid 10150, exit code -2, cmd '/opt/greenhouse_air/lib/greenhouse_sim_air/micro_xrce_agent --ros-args -r __node:=micro_xrce_agent'].
[INFO] [parameter_bridge-2]: sending signal 'SIGINT' to process[parameter_bridge-2]
[INFO] [gazebo-1]: sending signal 'SIGINT' to process[gazebo-1]
[ERROR] [simulation_gcs-5]: process has died [pid 10151, exit code -2, cmd '/opt/greenhouse_air/lib/greenhouse_sim_air/simulation_gcs --ros-args -r __node:=simulation_gcs'].
[parameter_bridge-2] [INFO] [1791375075.902039066] [rclcpp]: signal_handler(SIGINT/SIGTERM)
[micro_xrce_agent-4] Traceback (most recent call last):
[micro_xrce_agent-4]   File "/opt/greenhouse_air/lib/greenhouse_sim_air/micro_xrce_agent", line 33, in <module>
[micro_xrce_agent-4]     sys.exit(load_entry_point('greenhouse-sim-air==0.1.0', 'console_scripts', 'micro_xrce_agent')())
[micro_xrce_agent-4]              ^^^^^^^^^^^^^^^^^^^^^^^^^^^^^^^^^^^^^^^^^^^^^^^^^^^^^^^^^^^^^^^^^^^^^^^^^^^^^^^^^^^^^^
[micro_xrce_agent-4]   File "/opt/greenhouse_air/lib/python3.12/site-packages/greenhouse_sim_air/micro_xrce_agent.py", line 14, in main
[micro_xrce_agent-4]     return subprocess.call([agent, 'udp4', '-p', '8888'])
[micro_xrce_agent-4]            ^^^^^^^^^^^^^^^^^^^^^^^^^^^^^^^^^^^^^^^^^^^^^^
[micro_xrce_agent-4]   File "/usr/lib/python3.12/subprocess.py", line 391, in call
[micro_xrce_agent-4]     return p.wait(timeout=timeout)
[micro_xrce_agent-4]            ^^^^^^^^^^^^^^^^^^^^^^^
[micro_xrce_agent-4]   File "/usr/lib/python3.12/subprocess.py", line 1264, in wait
[micro_xrce_agent-4]     return self._wait(timeout=timeout)
[micro_xrce_agent-4]            ^^^^^^^^^^^^^^^^^^^^^^^^^^^
[micro_xrce_agent-4]   File "/usr/lib/python3.12/subprocess.py", line 2053, in _wait
[micro_xrce_agent-4]     (pid, sts) = self._try_wait(0)
[micro_xrce_agent-4]                  ^^^^^^^^^^^^^^^^^
[micro_xrce_agent-4]   File "/usr/lib/python3.12/subprocess.py", line 2011, in _try_wait
[micro_xrce_agent-4]     (pid, sts) = os.waitpid(self.pid, wait_flags)
[micro_xrce_agent-4]                  ^^^^^^^^^^^^^^^^^^^^^^^^^^^^^^^^
[micro_xrce_agent-4] KeyboardInterrupt
[parameter_bridge-7] [INFO] [1791375075.913849816] [rclcpp]: signal_handler(SIGINT/SIGTERM)
[parameter_bridge-2] [INFO] [1791375075.917426215] [rclcpp]: signal_handler(SIGINT/SIGTERM)
[gazebo-1] Stack trace (most recent call last) in thread 10377:
[gazebo-1] #0    Object "[0x73c579dc3b10]", at 0x73c579dc3b10, in 
[gazebo-1] Segmentation fault (Invalid permissions for mapped object [0x73c579dc3b10])
[INFO] [parameter_bridge-2]: process has finished cleanly [pid 10147]
[INFO] [parameter_bridge-7]: process has finished cleanly [pid 10153]
[ERROR] [gazebo-1]: process[gazebo-1] failed to terminate '5' seconds after receiving 'SIGINT', escalating to 'SIGTERM'
[INFO] [gazebo-1]: sending signal 'SIGTERM' to process[gazebo-1]
[ERROR] [gazebo-1]: process has died [pid 10146, exit code -15, cmd 'ruby /opt/ros/jazzy/opt/gz_tools_vendor/bin/gz sim -r -s --headless-rendering /evidence/candidate-matrix/orchard_x500_r1/orchard-runtime.sdf --force-version 8'].
